[connected]
Jun  8 17:49:33 kernel(ApplePPMCPMS)[0] <Notice>: ApplePPMCPMS::admissionCheckOfValue:client 4, timescale 1, level 0
Jun  8 17:49:33 kernel(ApplePPMCPMS)[0] <Notice>: ApplePPMPolicyCPMS::resolveClientBudgets:Budget Trace: clientId 4, Timescale 1, Requested Budget 0, Granted Budget 0, Thermal Budget 4294967295, PowerBudgetUPO 0
Jun  8 17:49:33 kernel(ApplePPMCPMS)[0] <Notice>: ApplePPMCPMS::admissionCheckOfValue:granted client 4, timescale 1, level 0 budget 0
Jun  8 17:49:33 kernel(AppleH13CameraInterface)[0] <Notice>: AppleH13CamIn::ISP_PPMAdmissionCheck_gated - admission check: clientIndex=0, subClientID=1; budgetReq=0; budgetAlloc=0; result=0x00000000
Jun  8 17:49:33 kernel(AppleH13CameraInterface)[0] <Notice>: AppleH13CamIn::ISP_StopCamera_gated - subClientID=1; channelMask=0x8; budgetReq=0; budgetAlloc=0; result=0x00000000; numPreviewFrames=3; numStillCaptureFrames=0
Jun  8 17:49:33 kernel(AppleH13CameraInterface)[0] <Notice>: AppleH13CamIn::UpdateSensorStateInIORegForChannel - channel: 3, state: 0, priority: 0
Jun  8 17:49:33 kernel(AppleH13CameraInterface)[0] <Notice>: AppleH13CamIn::ISP_FlushInactiveDARTMappings_gated - result: 0x00000000
Jun  8 17:49:33 kernel(AppleH13CameraInterface)[0] <Notice>: AppleH13CamIn::ISP_ReleasePreMappedClientSurface_gated - surfaceID = 151
Jun  8 17:49:33 kernel(AppleH13CameraInterface)[0] <Notice>: AppleH13CamIn::ISP_ReleasePreMappedClientSurface_gated - surfaceID = 177
Jun  8 17:49:33 kernel(AppleH13CameraInterface)[0] <Notice>: AppleH13CamIn::ISP_ReleasePreMappedClientSurface_gated - surfaceID = 141
Jun  8 17:49:33 kernel(AppleH13CameraInterface)[0] <Notice>: AppleH13CamIn::ISP_ReleasePreMappedClientSurface_gated - surfaceID = 171
Jun  8 17:49:33 kernel(AppleH13CameraInterface)[0] <Notice>: AppleH13CamIn::ISP_ReleasePreMappedClientSurface_gated - surfaceID = 179
Jun  8 17:49:33 kernel(AppleH13CameraInterface)[0] <Notice>: AppleH13CamIn::ISP_ReleasePreMappedClientSurface_gated - surfaceID = 156
Jun  8 17:49:33 kernel(AppleH13CameraInterface)[0] <Notice>: AppleH13CamIn::ISP_ReleasePreMappedClientSurface_gated - surfaceID = 155
Jun  8 17:49:33 kernel(AppleH13CameraInterface)[0] <Notice>: AppleH13CamIn::ISP_ReleasePreMappedClientSurface_gated - surfaceID = 148
Jun  8 17:49:33 kernel(AppleH13CameraInterface)[0] <Notice>: AppleH13CamIn::ISP_ReleasePreMappedClientSurface_gated - surfaceID = 173
Jun  8 17:49:33 kernel(AppleH13CameraInterface)[0] <Notice>: AppleH13CamIn::ISP_ReleasePreMappedClientSurface_gated - surfaceID = 175
Jun  8 17:49:33 kernel(AppleH13CameraInterface)[0] <Notice>: AppleH13CamIn::ISP_ReleasePreMappedClientSurface_gated - surfaceID = 154
Jun  8 17:49:33 kernel(AppleH13CameraInterface)[0] <Notice>: AppleH13CamIn::ISP_ReleasePreMappedClientSurface_gated - surfaceID = 159
Jun  8 17:49:33 kernel(AppleH13CameraInterface)[0] <Notice>: AppleH13CamIn::ISP_ReleasePreMappedClientSurface_gated - surfaceID = 153
Jun  8 17:49:33 kernel(AppleH13CameraInterface)[0] <Notice>: AppleH13CamIn::ISP_ReleasePreMappedClientSurface_gated - surfaceID = 174
Jun  8 17:49:33 kernel(AppleH13CameraInterface)[0] <Notice>: AppleH13CamIn::ISP_ReleasePreMappedClientSurface_gated - surfaceID = 166
Jun  8 17:49:33 kernel(AppleH13CameraInterface)[0] <Notice>: AppleH13CamIn::ISP_ReleasePreMappedClientSurface_gated - surfaceID = 158
Jun  8 17:49:33 kernel(AppleH13CameraInterface)[0] <Notice>: AppleH13CamIn::ISP_ReleasePreMappedClientSurface_gated - surfaceID = 160
Jun  8 17:49:33 kernel(AppleH13CameraInterface)[0] <Notice>: AppleH13CamIn::ISP_ReleasePreMappedClientSurface_gated - surfaceID = 167
Jun  8 17:49:33 kernel(AppleH13CameraInterface)[0] <Notice>: AppleH13CamIn::ISP_ReleasePreMappedClientSurface_gated - surfaceID = 196
Jun  8 17:49:33 kernel(AppleH13CameraInterface)[0] <Notice>: AppleH13CamIn::ISP_ReleasePreMappedClientSurface_gated - surfaceID = 218
Jun  8 17:49:33 kernel(AppleH13CameraInterface)[0] <Notice>: AppleH13CamIn::ISP_ReleasePreMappedClientSurface_gated - surfaceID = 181
Jun  8 17:49:33 kernel(AppleH13CameraInterface)[0] <Notice>: AppleH13CamIn::ISP_ReleasePreMappedClientSurface_gated - surfaceID = 214
Jun  8 17:49:33 kernel(AppleH13CameraInterface)[0] <Notice>: AppleH13CamIn::ISP_ReleasePreMappedClientSurface_gated - surfaceID = 223
Jun  8 17:49:33 kernel(AppleH13CameraInterface)[0] <Notice>: AppleH13CamIn::ISP_ReleasePreMappedClientSurface_gated - surfaceID = 205
Jun  8 17:49:33 kernel(AppleH13CameraInterface)[0] <Notice>: AppleH13CamIn::ISP_ReleasePreMappedClientSurface_gated - surfaceID = 201
Jun  8 17:49:33 kernel(AppleH13CameraInterface)[0] <Notice>: AppleH13CamIn::ISP_ReleasePreMappedClientSurface_gated - surfaceID = 182
Jun  8 17:49:33 kernel(AppleH13CameraInterface)[0] <Notice>: AppleH13CamIn::ISP_ReleasePreMappedClientSurface_gated - surfaceID = 215
Jun  8 17:49:33 kernel(AppleH13CameraInterface)[0] <Notice>: AppleH13CamIn::ISP_ReleasePreMappedClientSurface_gated - surfaceID = 217
Jun  8 17:49:33 kernel(AppleH13CameraInterface)[0] <Notice>: AppleH13CamIn::ISP_ReleasePreMappedClientSurface_gated - surfaceID = 200
Jun  8 17:49:33 kernel(AppleH13CameraInterface)[0] <Notice>: AppleH13CamIn::ISP_ReleasePreMappedClientSurface_gated - surfaceID = 207
Jun  8 17:49:33 kernel(AppleH13CameraInterface)[0] <Notice>: AppleH13CamIn::ISP_ReleasePreMappedClientSurface_gated - surfaceID = 199
Jun  8 17:49:33 kernel(AppleH13CameraInterface)[0] <Notice>: AppleH13CamIn::ISP_ReleasePreMappedClientSurface_gated - surfaceID = 216
Jun  8 17:49:33 kernel(AppleH13CameraInterface)[0] <Notice>: AppleH13CamIn::ISP_ReleasePreMappedClientSurface_gated - surfaceID = 212
Jun  8 17:49:33 kernel(AppleH13CameraInterface)[0] <Notice>: AppleH13CamIn::ISP_ReleasePreMappedClientSurface_gated - surfaceID = 206
Jun  8 17:49:33 kernel(AppleH13CameraInterface)[0] <Notice>: AppleH13CamIn::ISP_ReleasePreMappedClientSurface_gated - surfaceID = 210
Jun  8 17:49:33 kernel(AppleH13CameraInterface)[0] <Notice>: AppleH13CamIn::ISP_ReleasePreMappedClientSurface_gated - surfaceID = 213
Jun  8 17:49:33 kernel(AppleH13CameraInterface)[0] <Notice>: AppleH13CamIn::ISP_DestroyMultiCameraSession_gated - Destroying multicam session: Client=Kernel (numClientsWithSession=0)
Jun  8 17:49:33 kernel(AppleH13CameraInterface)[0] <Notice>: AppleH13CamIn::ISP_ReleaseChannel_gated - channel: 2 (process: Kernel)
Jun  8 17:49:33 kernel(AppleH13CameraInterface)[0] <Notice>: AppleH13CamIn::ISP_ReleaseChannel_gated - channel: 0 (process: Kernel)
Jun  8 17:49:33 kernel(AppleH13CameraInterface)[0] <Notice>: AppleH13CamIn::ISP_ReleaseChannel_gated - channel: 4 (process: Kernel)
Jun  8 17:49:33 kernel(AppleH13CameraInterface)[0] <Notice>: AppleH13CamIn::ISP_ReleaseChannel_gated - channel: 3 (process: Kernel)
Jun  8 17:49:33 kernel(AppleH13CameraInterface)[0] <Notice>: AppleH13PearlCam::SendNotificationMessageToClient - Sending 3 notification to client
Jun  8 17:49:33 kernel(AppleH13CameraInterface)[0] <Notice>: AppleH13PearlCam::PearlCamStateEntryProc_IDLE
Jun  8 17:49:33 kernel(AppleH13CameraInterface)[0] <Notice>: AppleH13PearlCam::checkForWork - dequeued PearlCamPowerOffMessage
Jun  8 17:49:33 kernel(AppleH13CameraInterface)[0] <Notice>: AppleH13PearlCam::PearlCamMessageHandler_PowerOff
Jun  8 17:49:33 kernel(AppleH13CameraInterface)[0] <Notice>: AppleH13PearlCam::PearlCamPowerOffCamera - flow execution time was 339471 usec
Jun  8 17:49:33 kernel(AppleH13CameraInterface)[0] <Notice>: AppleH13CamIn::ISP_PowerOffCamera_gated (fPowerEvent=0, fOutstandingPowerUpRequests=0)
Jun  8 17:49:33 kernel(AppleH13CameraInterface)[0] <Notice>: AppleH13CamIn::ISP_PowerOffCamera_gated - requesting ISP power down
Jun  8 17:49:33 kernel(AppleH13CameraInterface)[0] <Notice>: AppleH13CamIn::ISP_PowerOffCamera_gated - set fPowerEvent from 0 to kH13ISPPowerEventType_PowerOffPending, fOutstandingPowerUpRequests = 0 isPowered: 1
Jun  8 17:49:33 kernel(ApplePPMCPMS)[0] <Notice>: ApplePPMCPMS::admissionCheckOfValue:client 3, timescale 1, level 0
Jun  8 17:49:33 kernel(ApplePPMCPMS)[0] <Notice>: ApplePPMPolicyCPMS::resolveClientBudgets:Budget Trace: clientId 3, Timescale 1, Requested Budget 0, Granted Budget 0, Thermal Budget 4294967295, PowerBudgetUPO 16247
Jun  8 17:49:33 kernel(AppleH11ANEInterface)[0] <Notice>: ANE0: IOReturn H11ANEIn::powerStateWillChangeTo_gated(IOPMPowerFlags, unsigned long, IOService *) :H11ANEIn:: IPC peer ISP will power down
Jun  8 17:49:33 kernel(ApplePPMCPMS)[0] <Notice>: ApplePPMCPMS::admissionCheckOfValue:granted client 3, timescale 1, level 0 budget 0
Jun  8 17:49:33 kernel(AppleH13CameraInterface)[0] <Notice>: AppleH13CamIn::ISP_PPMActivityStopped_gated - activity stopped: clientIndex=0, subClientID=0; budgetAlloc=2; result=0x00000000
Jun  8 17:49:33 kernel(AppleH13CameraInterface)[0] <Notice>: AppleH13PearlCam::PearlCamStateEntryProc_OFF
Jun  8 17:49:33 kernel(AppleH13CameraInterface)[0] <Notice>: AppleH13CamIn::setPowerStateGated - 0
Jun  8 17:49:33 kernel(AppleH13CameraInterface)[0] <Notice>: AppleH13CamIn::setPowerStateGated (turn off) - change fPowerEvent from 2 to PowerOffPending, HasActiveKernelClients=0
Jun  8 17:49:33 kernel(AppleH13CameraInterface)[0] <Notice>: AppleH13CamIn::power_off_hardware
Jun  8 17:49:33 kernel(AppleH13CameraInterface)[0] <Notice>: AppleH13CamIn::ISP_Suspend
Jun  8 17:49:33 kernel[0] <Notice>: Couldn't alloc class "AppleKeyStoreTest"
Jun  8 17:49:33 kernel(AppleH13CameraInterface)[0] <Notice>: AppleH13CamIn::ISP_updatePearlMetrics - ProjUse: D=0, DLP=0, S=0, SLP=0, F=5976, PA=0, PB=0, SB=0, CD100=0, CD250=0, CD400=0, FAE=1992
Jun  8 17:49:33 kernel(AppleH13CameraInterface)[0] <Notice>: AppleH13PearlCam::PearlCam_GetBufferBufferUseStatistics - fInUseBufferHighWaterMark=13
Jun  8 17:49:33 kernel(AppleH13CameraInterface)[0] <Notice>: AppleH13CamIn::ISP_Suspend - disable timer
Jun  8 17:49:33 kernel(AppleH13CameraInterface)[0] <Notice>: AppleH13CamIn::ISP_Suspend - disable self IPC EP
Jun  8 17:49:33 kernel(AppleH13CameraInterface)[0] <Notice>: IspAneIPCEndPoints::enableFWIPCEP_gated - send CISP_CMD_IPC_ENDPOINT_UNSET2 to FW, self state: 4
Jun  8 17:49:33 appleh13camerad[141] <Error>: Removing client: kernel
Jun  8 17:49:33 appleh13camerad[141] <Error>: Total number of connections: 0
Jun  8 17:49:33 lockdownd[27614] <Notice>: main_block_invoke_2: <private>
Jun  8 17:49:33 appleh13camerad[141] <Notice>: Failed to send the com.apple.applecamerad.PearlMemoryUsage event into the diagnostics system 00000000
Jun  8 17:49:33 appleh13camerad[141] <Notice>: Failed to send Pearl Statistics into the diagnostics system 00000000
Jun  8 17:49:33 appleh13camerad[141] <Error>: Failed to report the ISP Pearl statistics to analyticsd: E00002BC
Jun  8 17:49:33 appleh13camerad[141] <Notice>: Failed to send the com.apple.applecamerad.S2RPowerStatus event into the diagnostics system 00000000
Jun  8 17:49:33 appleh13camerad[141] <Error>: Failed to report the ISP Power status to analyticsd: E00002BC
Jun  8 17:49:33 kernel(AppleH13CameraInterface)[0] <Notice>: AppleH13CamIn::ISP_Suspend - CISP_CMD_SUSPEND command completed: res=0x00000000
Jun  8 17:49:33 kernel(AppleH13CameraInterface)[0] <Notice>: AppleH13CamIn::ISP_Suspend - retries=0 ASCWRAP_IDLE_STATUS = 0x2
Jun  8 17:49:33 kernel(AppleH13CameraInterface)[0] <Notice>: AppleH13CamIn::ISP_FlushInactiveDARTMappings_gated - result: 0x00000000
Jun  8 17:49:33 kernel(AppleH13CameraInterface)[0] <Notice>: AppleH13CamIn::ISP_Suspend - 0x00000000
Jun  8 17:49:33 kernel(AppleH13CameraInterface)[0] <Notice>: AppleH13CamIn::drainIOProcessorChannelMessageQueues - Received 1 messages on channel IO after Suspend is completed
Jun  8 17:49:33 kernel(AppleH13CameraInterface)[0] <Notice>: AppleH13CamIn::ISP_Suspend - Succeeded! (didDeInit=No!)
Jun  8 17:49:33 kernel(AppleH13CameraInterface)[0] <Notice>: AppleH13CamIn::ISP_Suspend - Statistics: Starts:4, Resumes:4752, SuspendSuccesses:4754, SuspendFails:2, ResumeFails:0, DeInits:3
Jun  8 17:49:33 kernel(AppleH13CameraInterface)[0] <Notice>: AppleH13CamIn::ISP_Suspend - Statistics: NonPersistentMemory:126615552, PersistentMemory:56837521, DeletionPendingMemory:0, NonPersistentMemoryMax:644726784, PersistentMemoryMax:56837521
Jun  8 17:49:33 kernel(AppleH13CameraInterface)[0] <Notice>: AppleH13CamIn::MotionDataDisable - MotionStateSet(false)
Jun  8 17:49:33 kernel(AppleH13CameraInterface)[0] <Notice>: ISPCPU (Print:3171484:39639:1): MSCSysConfiguratorSpmi00: ConfigAndBaseAddressSet H13 conf 0x000000023c260000 base 0x000000023c280000
Jun  8 17:49:33 kernel(AppleH13CameraInterface)[0] <Notice>: ISPCPU (Print:3171485:39640:2): MSCSysConfiguratorSpmi00: ConfigAndBaseAddressSet H13 SPMI_SOC_ISP_CFG set to 0x0
Jun  8 17:49:33 kernel(AppleH13CameraInterface)[0] <Notice>: ISPCPU (Print:3171486:39641:3): MSCSysConfiguratorSpmi00: ConfigAndBaseAddressSet H13 SPMI_SOC_ISP_CFG done
Jun  8 17:49:33 kernel(AppleH13CameraInterface)[0] <Notice>: ISPCPU (Print:3171487:39642:4): GPIODrvPMU1: Initialize TS: 167.594681 ADAMS to idle
Jun  8 17:49:33 kernel(AppleH13CameraInterface)[0] <Notice>: ISPCPU (Print:3171488:39643:5): MSCSysConfiguratorSpmi00:FaultProcess FAULT! Type 0x1 cmdId 0x38 slaveId 0x09 addr 0x03 err 0x05 qId 5
Jun  8 17:49:33 kernel(AppleH13CameraInterface)[0] <Notice>: ISPCPU (Print:3171489:39644:6): Requested Vnom (533MHz) to PMP
Jun  8 17:49:33 kernel(AppleH13CameraInterface)[0] <Notice>: ISPCPU (Print:3171490:39645:7): Boost clock timer started.
Jun  8 17:49:33 kernel(AppleH13CameraInterface)[0] <Notice>: ISPCPU (Print:3171491:39646:8): GPIODrvPMU1: Initialize ADAMS B0 chip rev code 0x10
Jun  8 17:49:33 kernel(AppleH13CameraInterface)[0] <Notice>: ISPCPU (Print:3171492:39647:9): GPIODrvPMU1: Initialize TS: 167.612350 Setting ADAMS to active
Jun  8 17:49:33 kernel(AppleH13CameraInterface)[0] <Notice>: ISPCPU (Print:3171493:39648:10): GPIODrvPMU1: Initialize ADAMS OTP trim value - 0x4
Jun  8 17:49:33 kernel(AppleH13CameraInterface)[0] <Notice>: ISPCPU (Error:3171494:39649:11): WRN: CSMBusControllerAdamsBridgeB0.cpp, 191: MSCSysConfiguratorSmb07: NackProcess EVENT 0x08, INFO 0xf5, Valid NACK.
Jun  8 17:49:33 kernel(AppleH13CameraInterface)[0] <Notice>: ISPCPU (Print:3171689:39844:206): FrontIR SensorBootDone. ictask 1 @ 960271847695
Jun  8 17:49:33 kernel(AppleH13CameraInterface)[0] <Notice>: ISPCPU (Print:3171690:39845:207): IMX514 bootseq syscfg 0402002a000004bc 960271808243 ~ 42410
Jun  8 17:49:33 kernel(AppleH13CameraInterface)[0] <Notice>: ISPCPU (Error:3171691:39846:208): WRN: ./h10isp/filters/FESTAT/H13/CFEStatH13.cpp, 311: FlowFEStat03, need some delay ?
Jun  8 17:49:33 kernel(AppleH13CameraInterface)[0] <Notice>: ISPCPU (Print:3171692:39847:209): [Flow]Start VisionRes...
Jun  8 17:49:33 kernel(AppleH13CameraInterface)[0] <Notice>: ISPCPU (Print:3171693:39848:210): [Flow]VisionRes start done! total 0.01 ms
Jun  8 17:49:33 kernel(AppleH13CameraInterface)[0] <Notice>: ISPCPU (Print:3171694:39849:211): FD ChannelStarted 3 at 0xdf94a9bf21
Jun  8 17:49:33 kernel(AppleH13CameraInterface)[0] <Notice>: ISPCPU (Print:3171695:39850:212): AD ChannelStarted 3 at 0x14f5efe9ecc2
Jun  8 17:49:33 kernel(AppleH13CameraInterface)[0] <Notice>: ISPCPU (Print:3171696:39851:213): ER ChannelStarted 3 at 0xdf94a9bf58
Jun  8 17:49:33 kernel(AppleH13CameraInterface)[0] <Notice>: ISPCPU (Print:3171697:39852:214): [Flow]Start AICamProc...
Jun  8 17:49:33 kernel(AppleH13CameraInterface)[0] <Notice>: ISPCPU (Print:3171698:39853:215): [Flow]AICamProc start done! total 5.79 ms
Jun  8 17:49:33 kernel(AppleH13CameraInterface)[0] <Notice>: ISPCPU (Print:3171699:39854:216): [Flow]Start AlgoControl...
Jun  8 17:49:33 kernel(AppleH13CameraInterface)[0] <Notice>: ISPCPU (Print:3171700:39855:217): [Flow]AlgoControl start done! total 0.22 ms
Jun  8 17:49:33 kernel(AppleH13CameraInterface)[0] <Notice>: ISPCPU (Print:3171701:39856:218): [Flow]Start VideoFlow...
Jun  8 17:49:33 kernel(AppleH13CameraInterface)[0] <Notice>: ISPCPU (Print:3171702:39857:219): [Flow]VideoFlow start done! total 0.09 ms
Jun  8 17:49:33 kernel(AppleH13CameraInterface)[0] <Notice>: ISPCPU (Print:3171703:39858:220): [Flow]Start NccProc...
Jun  8 17:49:33 kernel(AppleH13CameraInterface)[0] <Notice>: ISPCPU (Print:3171838:39993:355): Requested Vnom (533MHz) to PMP
Jun  8 17:49:33 kernel(AppleH13CameraInterface)[0] <Notice>: ISPCPU (Print:3171839:39994:356): [ISP: 960272.125000] CH = 0x2 CMD = 0x0101 [CISP_CMD_CH_STOP]
Jun  8 17:49:33 kernel(AppleH13CameraInterface)[0] <Notice>: ISPCPU (Print:3171840:39995:357): [ISP] Channel 2 Stop takes total 0.0130ms
Jun  8 17:49:33 kernel(AppleH13CameraInterface)[0] <Notice>: ISPCPU (Print:3171841:39996:358): Requested Vmin (300MHz) to PMP
Jun  8 17:49:33 kernel(AppleH13CameraInterface)[0] <Notice>: ISPCPU (Print:3171842:39997:359): CH = 0x2, CMD = 0x0101 [CISP_CMD_CH_STOP], receive at 960272064.000 ms, delta: 0 ms.
Jun  8 17:49:33 kernel(AppleH13CameraInterface)[0] <Notice>: ISPCPU (Print:3171843:39998:360): CH = 0x2, CMD = 0x0104 [CISP_CMD_CH_BUFFER_RETURN], receive at 960272064.000 ms, delta: 0 ms.
Jun  8 17:49:33 kernel(AppleH13CameraInterface)[0] <Notice>: ISPCPU (Print:3171844:39999:361): Requested Vnom (533MHz) to PMP
Jun  8 17:49:33 kernel(AppleH13CameraInterface)[0] <Notice>: ISPCPU (Print:3171845:40000:362): [ISP: 960272.125000] CH = 0x1 CMD = 0x0101 [CISP_CMD_CH_STOP]
Jun  8 17:49:33 kernel(AppleH13CameraInterface)[0] <Notice>: ISPCPU (Print:3171846:40001:363): [ISP] Channel 1 Stop takes total 0.0126ms
Jun  8 17:49:33 kernel(AppleH13CameraInterface)[0] <Notice>: ISPCPU (Print:3171847:40002:364): Requested Vmin (300MHz) to PMP
Jun  8 17:49:33 kernel(AppleH13CameraInterface)[0] <Notice>: ISPCPU (Print:3171848:40003:365): CH = 0x1, CMD = 0x0101 [CISP_CMD_CH_STOP], receive at 960272064.000 ms, delta: 0 ms.
Jun  8 17:49:33 kernel(AppleH13CameraInterface)[0] <Notice>: ISPCPU (Print:3171849:40004:366): CH = 0x1, CMD = 0x0104 [CISP_CMD_CH_BUFFER_RETURN], receive at 960272064.000 ms, delta: 0 ms.
Jun  8 17:49:33 kernel(AppleH13CameraInterface)[0] <Notice>: ISPCPU (Print:3171850:40005:367): Requested Vnom (533MHz) to PMP
Jun  8 17:49:33 kernel(AppleH13CameraInterface)[0] <Notice>: ISPCPU (Print:3171851:40006:368): [ISP: 960272.125000] CH = 0x0 CMD = 0x0101 [CISP_CMD_CH_STOP]
Jun  8 17:49:33 kernel(AppleH13CameraInterface)[0] <Notice>: ISPCPU (Print:3171852:40007:369): [ISP] Channel 0 Stop takes total 0.0132ms
Jun  8 17:49:33 kernel(AppleH13CameraInterface)[0] <Notice>: ISPCPU (Print:3171853:40008:370): Requested Vmin (300MHz) to PMP
Jun  8 17:49:33 kernel(AppleH13CameraInterface)[0] <Notice>: ISPCPU (Print:3171854:40009:371): CH = 0x0, CMD = 0x0101 [CISP_CMD_CH_STOP], receive at 960272064.000 ms, delta: 0 ms.
Jun  8 17:49:33 kernel(AppleH13CameraInterface)[0] <Notice>: ISPCPU (Print:3171855:40010:372): CH = 0x0, CMD = 0x0104 [CISP_CMD_CH_BUFFER_RETURN], receive at 960272064.000 ms, delta: 0 ms.
Jun  8 17:49:33 kernel(AppleH13CameraInterface)[0] <Notice>: ISPCPU (Print:3171856:40011:373): [MSC] CH = 0x3 dh 0 dl 0 sh 0 sl 0, fl 5976,pa 0, pb 0, sd 0, Mn 36.29, Av 39.88, AE 1992, cd {0 0 0 0}
Jun  8 17:49:33 kernel(AppleH13CameraInterface)[0] <Notice>: ISPCPU (Print:3171857:40012:374): CH = 0x3, CMD = 0x0625 [CISP_CMD_CH_PROJECTOR_USAGE_GET], receive at 960272064.000 ms, delta: 0 ms.
Jun  8 17:49:33 kernel(AppleH13CameraInterface)[0] <Notice>: ISPCPU (Print:3171858:40013:375): CmdTurnOnDevicePower: ch 3 0x:0 TS: 167.922089
Jun  8 17:49:33 kernel(AppleH13CameraInterface)[0] <Notice>: ISPCPU (Print:3171859:40014:376): Mamabear Capacitance: 0
Jun  8 17:49:33 kernel(AppleH13CameraInterface)[0] <Notice>: ISPCPU (Print:3171860:40015:377): Last MB Status: 0x15
Jun  8 17:49:33 kernel(AppleH13CameraInterface)[0] <Notice>: ISPCPU (Print:3171861:40016:378): CmdTurnOffDevicePower: ch 3 0x:0 TS: 167.922150
Jun  8 17:49:33 kernel(AppleH13CameraInterface)[0] <Notice>: ISPCPU (Print:3171862:40017:379): CH = 0x3, CMD = 0x0622 [CISP_CMD_CH_PROJECTOR_REQUEST], receive at 960272064.000 ms, delta: 0 ms.
Jun  8 17:49:33 kernel(AppleH13CameraInterface)[0] <Notice>: ISPCPU (Print:3171863:40018:380): RIGEL - SN: 000288633f484275661a
Jun  8 17:49:33 kernel(AppleH13CameraInterface)[0] <Notice>: ISPCPU (Print:3171864:40019:381): H8[MSC] CH = 0x3   Projector Spec Get v7 c0 2500 [1825000, 1529000, 1759000, 1754000],
Jun  8 17:49:33 kernel(AppleH13CameraInterface)[0] <Notice>: ISPCPU (Print:3171865:40020:382): CH = 0x3, CMD = 0x061d [CISP_CMD_CH_PROJECTOR_SPEC_GET], receive at 960272064.000 ms, delta: 0 ms.
Jun  8 17:49:33 kernel(AppleH13CameraInterface)[0] <Notice>: ISPCPU (Print:3171866:40021:383): IPC: Endpoint Config Unset **********
Jun  8 17:49:33 kernel(AppleH13CameraInterface)[0] <Notice>: ISPCPU (Print:3171867:40022:384): [ISP] CMD = 0x300d [CISP_CMD_IPC_ENDPOINT_UNSET2]
Jun  8 17:49:33 kernel(AppleH13CameraInterface)[0] <Notice>: ISPCPU (Print:3171868:40023:385): [ISP] CMD = 0x300d readRingBuffer Addr 0x4ab4000 len 0x4000
Jun  8 17:49:33 kernel(AppleH13CameraInterface)[0] <Notice>: ISPCPU (Print:3171869:40024:386): [ISP] CMD = 0x300d writeRingBuffer Addr 0x4abc000 len 0x4000
Jun  8 17:49:33 kernel(AppleH13CameraInterface)[0] <Notice>: ISPCPU (Print:3171870:40025:387): [ISP] CMD = 0x300d mappedWriteNogtifierRegiterAddr 0x26b460000 value 1
Jun  8 17:49:33 kernel(AppleH13CameraInterface)[0] <Notice>: ISPCPU (Print:3171871:40026:388): CH = 0x0, CMD = 0x300d [CISP_CMD_IPC_ENDPOINT_UNSET2], receive at 960272064.000 ms, delta: 0 ms.
Jun  8 17:49:33 kernel(AppleH13CameraInterface)[0] <Notice>: ISPCPU (Print:3171872:40027:389): [ISP] CMD = 0x0021 [CISP_CMD_SUSPEND]
Jun  8 17:49:33 kernel(AppleH13CameraInterface)[0] <Notice>: ISPCPU (Error:3171873:40028:390): WRN: ./h10isp/filters/IC/CImageCaptureH6FSM.cpp, 340: MIPI ErrCnt 4, ch 3
Jun  8 17:49:33 kernel(AppleH13CameraInterface)[0] <Notice>: ISPCPU (Print:3171874:40029:391): CmdTurnOffDevicePower: ch 0 0x:d TS: 167.929413
Jun  8 17:49:33 kernel(AppleH13CameraInterface)[0] <Notice>: ISPCPU (Print:3171875:40030:392): CmdTurnOffDevicePower: ch 1 0x:0 TS: 167.929428
Jun  8 17:49:33 kernel(AppleH13CameraInterface)[0] <Notice>: ISPCPU (Print:3171876:40031:393): CmdTurnOffDevicePower: ch 2 0x:1 TS: 167.929428
Jun  8 17:49:33 kernel(AppleH13CameraInterface)[0] <Notice>: ISPCPU (Print:3171877:40032:394): CmdTurnOffDevicePower: ch 3 0x:1 TS: 167.929428
Jun  8 17:49:33 kernel(AppleH13CameraInterface)[0] <Notice>: ISPCPU (Print:3171878:40033:395): CmdTurnOffDevicePower: ch 4 0x:9 TS: 167.929443
Jun  8 17:49:33 kernel(AppleH13CameraInterface)[0] <Notice>: ISPCPU (Print:3171879:40034:396): CmdTurnOffDevicePower: ch 5 0x:0 TS: 167.929443
Jun  8 17:49:33 kernel(AppleH13CameraInterface)[0] <Notice>: ISPCPU (Print:3171880:40035:397): WRN: ffwTimerStop() called without start from FlowMotionCaptureAOP
Jun  8 17:49:33 kernel(AppleH13CameraInterface)[0] <Notice>: AppleH13CamIn::UpdateSensorStateInIORegForChannel - channel: 4, state: 0, priority: 0
Jun  8 17:49:33 kernel(AppleH13CameraInterface)[0] <Notice>: ISPCPU (Print:3171881:40036:398): LensDrv0: ApsInitParameter: Pixel size 1.400000
Jun  8 17:49:33 kernel(AppleH13CameraInterface)[0] <Notice>: ISPCPU (Print:3171882:40037:399): sending grp 4
Jun  8 17:49:33 kernel(AppleH13CameraInterface)[0] <Notice>: ISPCPU (Print:3171883:40038:400): Night mode ABWC HPFs initialized
Jun  8 17:49:33 kernel(AppleH13CameraInterface)[0] <Notice>: ISPCPU (Print:3171884:40039:401): ch 0: Bootstrap FDR not valid(0)/enable(0), ref temperature 34.656250
Jun  8 17:49:33 kernel(AppleH13CameraInterface)[0] <Notice>: ISPCPU (Print:3171885:40040:402): ch 0: restricted scan range (OOB) 15.000000 (15.000000, DAC/um 0.94)
Jun  8 17:49:33 kernel(AppleH13CameraInterface)[0] <Notice>: ISPCPU (Print:3171886:40041:403): ch 0 Rectangle DEFAULT [375 375] <--> [625 625] max 0 min 0 mean 0
Jun  8 17:49:33 kernel(AppleH13CameraInterface)[0] <Notice>: ISPCPU (Print:3171887:40042:404): [ISP] Destroy Session
Jun  8 17:49:33 kernel(AppleH13CameraInterface)[0] <Notice>: ISPCPU (Print:3171888:40043:405): free heap size=10678432
Jun  8 17:49:33 kernel(AppleH13CameraInterface)[0] <Notice>: AppleH13CamIn::ISP_FlushInactiveDARTMappings_gated - result: 0x00000000
Jun  8 17:49:33 kernel(AppleH13CameraInterface)[0] <Notice>: AppleH13CamIn::ForceISPDPEIdle - DPE control: 0x101
Jun  8 17:49:33 kernel(AppleH13CameraInterface)[0] <Notice>: AppleH13CamIn::ForceISPDPEIdle - DPE control: 0xc01
Jun  8 17:49:33 kernel(AppleH13CameraInterface)[0] <Notice>: AppleH13CamIn::setPowerStateGated (turn off) - change fPowerEvent from 2 to None
Jun  8 17:49:33 kernel(AppleH11ANEInterface)[0] <Notice>: ANE0: IOReturn H11ANEIn::powerStateDidChangeTo_gated(IOPMPowerFlags, unsigned long, IOService *) :H11ANEIn::powerStateDidChangeTo_gated peer down, diable IPC EP
Jun  8 17:49:33 kernel(AppleH11ANEInterface)[0] <Notice>: ANE0: virtual IOReturn AneIspIPCEndPoints::enableFWIPCEP_gated(AneIspEndpointIndex, bool) :H11ANEIn:: send CSNE_CMD_IPC_ENDPOINT_UNSET2(index: 0) to FW!
Jun  8 17:49:33 kernel(AppleH11ANEInterface)[0] <Notice>: ANE0: virtual IOReturn AneIspIPCEndPoints::enableFWIPCEP_gated(AneIspEndpointIndex, bool) :H11ANEIn::Send CSNE_CMD_UNLOAD_AFPP FD  networks with phy:0x2004000, size:0x0000000000c548e0
Jun  8 17:49:33 kernel(AppleH11ANEInterface)[0] <Notice>: ANE0: virtual IOReturn AneIspIPCEndPoints::enableFWIPCEP_gated(AneIspEndpointIndex, bool) :H11ANEIn::fISPEndpoints[1] is not ready
Jun  8 17:49:33 kernel(AppleH11ANEInterface)[0] <Notice>: ANE0 IOReturn H11ANEIn::ANE_PowerOff_gated(void *)
Jun  8 17:49:33 kernel(AppleH11ANEInterface)[0] <Notice>: ANE0: IOReturn H11ANEIn::ANE_PowerOff_gated(void *) :H11ANEIn::clientname:aned isPowered: 1 Programs Open:1
Jun  8 17:49:33 kernel(AppleH11ANEInterface)[0] <Notice>: ANE0: IOReturn H11ANEIn::ANE_PowerOff_gated(void *) :H11ANEIn::clientname:AccessibilityUIS isPowered: 1 Programs Open:1
Jun  8 17:49:33 WirelessRadioManagerd[50] <Notice>: <private>
Jun  8 17:49:33 locationd[26469] <Notice>: Toggle stairs escalation, enable : <private>
Jun  8 17:49:33 locationd[26469] <Notice>: os_transaction created: (<private>) <private>
Jun  8 17:49:33 locationd[26469] <Notice>: os_transaction released: (<private>) <private>
Jun  8 17:49:33 locationd[26469] <Notice>: {"msg":"onAvengerAdvertisementDetected: got avenger advertisement", "subHarvester":"Avenger"}
Jun  8 17:49:33 locationd[26469] <Notice>: {"msg":"convertToSPAdvertisement", "address":<private>, "data":<private>, "date":<private>, "rssi":<private>, "status":<private>, "reserved":<private>, "subHarvester":"Avenger"}
Jun  8 17:49:33 locationd[26469] <Notice>: {"msg":"derivedPruneHarvest", "cacheSize":1, "beaconPayloadCacheSize":0, "subHarvester":"Avenger"}
Jun  8 17:49:33 locationd[26469] <Notice>: {"msg":"geotagSingleAdvertisement: advertisement within valid time window for location", "timeOffset":"-26.569756", "fCurrentTimeOffsetThreshold":"45.000000", "subHarvester":"Avenger"}
Jun  8 17:49:33 locationd[26469] <Notice>: {"msg":"prepareAdvertisementsForSPFinder", "avengerPublicKey":"56c6a87869ec", "subHarvester":"Avenger"}
Jun  8 17:49:33 locationd(TrackingAvoidance)[26469] <Notice>: <private>
Jun  8 17:49:33 locationd(SPFinder)[26469] <Notice>: saveBeaconPayload: 1
Jun  8 17:49:33 locationd[26469] <Notice>: {"msg":"processAdvertisementCache: completed process", "Remaining fAdvertisementCache.count":0, "fBeaconPayloadCache.count":1, "subHarvester":"Avenger"}
Jun  8 17:49:33 locationd(SPFinder)[26469] <Notice>: saveBeaconPayload: 1
Jun  8 17:49:33 searchpartyd[27484] <Notice>: Publishing 1 advertisements to subscribers.
Jun  8 17:49:33 searchpartyd[27484] <Notice>: Publishing 1 advertisements to subscribers.
Jun  8 17:49:33 searchpartyd[27484] <Notice>: Skipping saving payload for near-owner self-beacon: <mask.hash: 'AR2aFjXMURkLuQychbmKDA=='>.
Jun  8 17:49:33 searchpartyd[27484] <Notice>: Skipping saving payload for near-owner self-beacon: <mask.hash: 'AR2aFjXMURkLuQychbmKDA=='>.
Jun  8 17:49:33 searchpartyd(libsqlite3.dylib)[27484] <Notice>: automatic index on KeyGenerationBeaconKeys(beaconIdentifier)
Jun  8 17:49:33 searchpartyd(libsqlite3.dylib)[27484] <Notice>: automatic index on KeyGenerationBeaconKeys(beaconIdentifier)
Jun  8 17:49:34 backupd(MobileBackup)[28978] <Error>: unmount failed at /.mb: [22: Invalid argument]
Jun  8 17:49:34 accountsd(AccountsDaemon)[13075] <Notice>: "<private> (<private>) received"
Jun  8 17:49:34 backupd[28978] <Notice>: Found 1 system accounts
Jun  8 17:49:34 identityservicesd[64] <Notice>: calling continuityDidDiscoverType:Activity withData:<private> fromPeer:<private>
Jun  8 17:49:34 backupd[28978] <Notice>: Found 1 system accounts
Jun  8 17:49:34 backupd(MobileBackup)[28978] <Error>: unmount failed at /.mb: [22: Invalid argument]
Jun  8 17:49:34 CommCenter[102] <Notice>: Client [<private>] disconnected (conn=0x77cb40a80), client list size 58
Jun  8 17:49:34 runningboardd(AppServerSupport)[33] <Notice>: 0E0AAA1C-9F31-4835-A2F1-C0AF5696BBE0 monitor: got an update with info exited, wait4() status=0
Jun  8 17:49:34 runningboardd(RunningBoard)[33] <Notice>: [osservice<com.apple.backupd>:28978] termination reported by launchd (0, 0, 0)
Jun  8 17:49:34 runningboardd(RunningBoard)[33] <Notice>: Removing process: [osservice<com.apple.backupd>:28978]
Jun  8 17:49:34 runningboardd(RunningBoard)[33] <Notice>: removeJobWithInstance called for identity without existing job [osservice<com.apple.backupd>:28978]
Jun  8 17:49:34 runningboardd(RunningBoard)[33] <Notice>: Removing assertions for terminated process: [osservice<com.apple.backupd>:28978]
Jun  8 17:49:34 SpringBoard(RunningBoardServices)[34] <Notice>: Received state update for 28978
Jun  8 17:49:34 UserEventAgent(RunningBoardServices)[28742] <Notice>: Received state update for 28978
Jun  8 17:49:34 WirelessRadioManagerd[50] <Notice>: <private>
Jun  8 17:49:34 CommCenter(libATCommandStudioDynamic.dylib)[102] <Notice>: #I qmux: <private>
Jun  8 17:49:34 CommCenter(libATCommandStudioDynamic.dylib)[102] <Notice>: QMI: Svc=0xe2(BSP) Req MsgId=0xe002 Bin=[<private>]
Jun  8 17:49:34 CommCenter(libATCommandStudioDynamic.dylib)[102] <Notice>: QMI: Svc=0xe2(BSP) Resp MsgId=0xe002 Bin=[<private>]
Jun  8 17:49:34 kernel()[0] <Notice>: wlan0:com.apple.p2p: isInfraRealtimePacketThresholdAllowed allowed:0 option:0 threshold:50 noRegistrations:1 cachedPeerCount:0 fastDiscoveryInactive:1 fastDiscoveryOnSince:430389798
Jun  8 17:49:34 WirelessRadioManagerd[50] <Notice>: <private>
Jun  8 17:49:34 suggestd(PersonalizationPortraitInternals)[27503] <Notice>: PPConnectionsServer: recentLocationsForConsumer: 2 criteria: <private> limit: 1
Jun  8 17:49:34 suggestd(PersonalizationPortraitInternals)[27503] <Notice>: PPConnectionsPredictionStore: recentLocationsForConsumer: c:2 cr:<private> l:1 t:3.000000
Jun  8 17:49:34 coreduetd(CoreDuet)[137] <Notice>: [Storage] Starting executeQuery for 'suggestd' with query type _DKEventQuery.
Jun  8 17:49:34 coreduetd(CoreDuet)[137] <Error>: [end]   id=72565 name=executeQuery client=<private> warning: operation peaked near limit of 25MB (start: 23.8MB, peak: 23.8MB, end: 23.8MB)
Jun  8 17:49:34 coreduetd(CoreDuet)[137] <Notice>: [Storage] Completed executeQuery for 'suggestd' with success=1, count=0. Error: (null). Elapsed: 0.012s.
Jun  8 17:49:34 suggestd(PersonalizationPortraitInternals)[27503] <Notice>: PPConnectionsDuetSource: no activities found in Duet after date Thu Jun  8 17:39:34 2023
Jun  8 17:49:34 suggestd(PersonalizationPortraitInternals)[27503] <Notice>: PPConnectionsPredictionStore: duet: returned nil
Jun  8 17:49:34 suggestd(PersonalizationPortraitInternals)[27503] <Notice>: PPConnectionsPredictionStore: calendar: returned nil
Jun  8 17:49:34 suggestd(PersonalizationPortraitInternals)[27503] <Notice>: iterNamedEntityRecordsWithQuery called with limit 18446744073709551615 and date range: <private> - (null)
Jun  8 17:49:34 suggestd(PersonalizationPortraitInternals)[27503] <Notice>: PPConnectionsPredictionStore: namedentity: 0 items
Jun  8 17:49:34 suggestd(CoreSuggestionsInternals)[27503] <Notice>: SGDSuggestManager-recentURLsWithLimit:32 called
Jun  8 17:49:34 suggestd(CoreSuggestionsInternals)[27503] <Notice>: SGDSuggestManager-recentURLsWithLimit returning 32 URLs
Jun  8 17:49:34 suggestd(PersonalizationPortraitInternals)[27503] <Notice>: PPConnectionsFoundInAppsSource found 0 urls
Jun  8 17:49:34 suggestd(PersonalizationPortraitInternals)[27503] <Notice>: PPConnectionsPredictionStore: foundinapps: 0 items
Jun  8 17:49:34 suggestd(PersonalizationPortraitInternals)[27503] <Notice>: PPConnectionsPasteboardSource: pasteboard is empty
Jun  8 17:49:34 suggestd(PersonalizationPortraitInternals)[27503] <Notice>: PPConnectionsPredictionStore: pasteboard: returned nil
Jun  8 17:49:34 suggestd(PersonalizationPortraitInternals)[27503] <Notice>: PPConnectionsPredictionStore: recentLocationsForConsumer: 0 items total.
Jun  8 17:49:34 suggestd(PersonalizationPortraitInternals)[27503] <Notice>: PPConnectionsPredictionStore: recentLocationsForConsumer: returning items from:
Jun  8 17:49:34 CommCenter(libATCommandStudioDynamic.dylib)[102] <Notice>: QMI: Svc=0x03(NAS) Ind MsgId=0x5571 Bin=[<private>]
Jun  8 17:49:34 CommCenter(libATCommandStudioDynamic.dylib)[102] <Notice>: QMI: Svc=0x03(NAS) Ind MsgId=0x5571 Bin=[<private>]
Jun  8 17:49:34 CommCenter(libATCommandStudioDynamic.dylib)[102] <Notice>: QMI: Svc=0x03(NAS) Ind MsgId=0x0051 Sim=2 Bin=['01 48 00 80 03 01 04 F7 25 51 00 3C 00 14 06 00 CA F5 AB FF 2E 00 17 04 00 9D FF 91 00 18 02 00 F5 FF A2 01 00 32 A4 20 00 02 64 00 01 56 00 00 00 36 02 00 00 00 00 00 00 7B 00 00 00 AB FF FF FF AE 23 00 00 00 00 00 00']
Jun  8 17:49:34 CommCenter(libATCommandStudioDynamic.dylib)[102] <Notice>: QMI: Svc=0x03(NAS) Ind MsgId=0x0051 Bin=['01 48 00 80 03 15 04 27 00 51 00 3C 00 14 06 00 CA F5 AB FF 2E 00 17 04 00 9D FF 91 00 18 02 00 F5 FF A2 01 00 32 A4 20 00 02 64 00 01 56 00 00 00 36 02 00 00 00 00 00 00 7B 00 00 00 AB FF FF FF AE 23 00 00 00 00 00 00']
Jun  8 17:49:34 CommCenter[102] <Notice>: Sent notification to 1 (of 58) clients: <private>
Jun  8 17:49:34 CommCenter(libATCommandStudioDynamic.dylib)[102] <Notice>: QMI: Svc=0x03(NAS) Ind MsgId=0x004e Sim=2 Bin=[<private>]
Jun  8 17:49:34 CommCenter(libCommCenterMCommandDrivers.dylib)[102] <Notice>: #I Received sys info update from baseband
Jun  8 17:49:34 CommCenter(libCommCenterMCommandDrivers.dylib)[102] <Notice>: #I LTE system is present, processing it
Jun  8 17:49:34 CommCenter(libATCommandStudioDynamic.dylib)[102] <Notice>: QMI: Svc=0x03(NAS) Ind MsgId=0x0061 Sim=2 Bin=[<private>]
Jun  8 17:49:34 CommCenter(libCommCenterMCommandDrivers.dylib)[102] <Notice>: #I Mapping the registration state to kRegisteredHome
Jun  8 17:49:34 CommCenter(libCommCenterMCommandDrivers.dylib)[102] <Notice>: #I Serving System: MCC: 405 MNC: 52 Registration Status: kRegisteredHome
Jun  8 17:49:34 CommCenter(libCommCenterMCommandDrivers.dylib)[102] <Notice>: #I kRatLTE system: CS attach - true
Jun  8 17:49:34 CommCenter(libCommCenterMCommandDrivers.dylib)[102] <Notice>: #I kRatLTE system: PS attach - true
Jun  8 17:49:34 CommCenter(libCommCenterMCommandDrivers.dylib)[102] <Notice>: #I kRatLTE system: Data mode - kLTE
Jun  8 17:49:34 CommCenter(libCommCenterMCommandDrivers.dylib)[102] <Notice>: #I kRatLTE Cell ID: <private>
Jun  8 17:49:34 CommCenter(libCommCenterMCommandDrivers.dylib)[102] <Notice>: #I kRatLTE PLMN: 405-52
Jun  8 17:49:34 CommCenter(libCommCenterMCommandDrivers.dylib)[102] <Notice>: #I LTE Area code: <private>
Jun  8 17:49:34 CommCenter[102] <Notice>: #I Set MCC to 405
Jun  8 17:49:34 CommCenter[102] <Notice>: #I Set MNC to 52
Jun  8 17:49:34 CommCenter[102] <Notice>: #I Set PLMN to 405-52
Jun  8 17:49:34 CommCenter[102] <Notice>: #I Received LTE cell information in Serving System Update
Jun  8 17:49:34 CommCenter(libCommCenterBase.dylib)[102] <Notice>: #I Index: 0, MCC: 405, MNC: 52, Band info: 0, Area code: 8000, Cell ID: <private>, EARFCN: 0, PID: 0, Latitude: <private>, Longitude: <private>, Bandwidth: 0, Deployment Type: -1, Throughput: 0, CSG Indication: 0, CSG ID: 0, PMax: 0
Jun  8 17:49:34 CommCenter[102] <Notice>: #I Received serving system update with current RAT set to kRatLTE and current DataMode set to kLTE
Jun  8 17:49:34 CommCenter[102] <Notice>: #I Is device roaming: kNotRoaming, with overrides: kNotRoaming
Jun  8 17:49:34 CommCenter[102] <Notice>: #I Serving cell has changed since cell monitor update: false, updating with the latest from Serving System Update
Jun  8 17:49:34 CommCenter[102] <Notice>: #I Key <private> is not present
Jun  8 17:49:34 CommCenter[102] <Notice>: #I Network presence in Carrier Bundle: kKeyNotPresent, for key: <private>, for PLMN: 405-52
Jun  8 17:49:34 CommCenter[102] <Notice>: #I Serving system cell refresh complete
Jun  8 17:49:34 CommCenter[102] <Notice>: #I PLMN 405-52's presence in data roaming exception: kKeyNotPresent, In Home Country: True
Jun  8 17:49:34 CommCenter[102] <Notice>: #I Timestamping current TAC <private> with 28434304
Jun  8 17:49:34 CommCenter[102] <Notice>: #I Intermediate result for is in home country: True
Jun  8 17:49:34 CommCenter[102] <Notice>: #I Final result for is in home country: True
Jun  8 17:49:34 CommCenter(libATCommandStudioDynamic.dylib)[102] <Notice>: #I qmux: <private>
Jun  8 17:49:34 CommCenter[102] <Notice>: #I computeIsInHomeCountry: inHome=true, result=kNotRoaming
Jun  8 17:49:34 CommCenter[102] <Notice>: #I reported data mode adjusted to kNRNSA (ui modifier)
Jun  8 17:49:34 CommCenter[102] <Notice>: #I CS call not active, data mode is kNRNSA
Jun  8 17:49:34 CommCenter[102] <Notice>: #I reported data mode adjusted to kNRNSA (ui modifier)
Jun  8 17:49:34 CommCenter(libATCommandStudioDynamic.dylib)[102] <Notice>: QMI: Svc=0x03(NAS) Req MsgId=0x5556 Sim=2 Bin=[<private>]
Jun  8 17:49:34 CommCenter(libCommCenterMCommandDrivers.dylib)[102] <Notice>: #I Received current PLMN indication from baseband
Jun  8 17:49:34 CommCenter(libCommCenterMCommandDrivers.dylib)[102] <Notice>: #I Received long name (airtel) short name (airtel) service provider name (airtel) TOE () and name source (kNITZ)
Jun  8 17:49:34 CommCenter[102] <Notice>: #I Using PLMN (405-52) from model
Jun  8 17:49:34 CommCenter[102] <Notice>: #I Not overriding the operator name for 40552, kRatLTE and source kNITZ
Jun  8 17:49:34 CommCenter(libATCommandStudioDynamic.dylib)[102] <Notice>: QMI: Svc=0x03(NAS) Resp MsgId=0x5556 Sim=2 Bin=[<private>]
Jun  8 17:49:34 CommCenter[102] <Notice>: #I Received cell info update for kServingSystem
Jun  8 17:49:34 CommCenter(libCommCenterBase.dylib)[102] <Notice>: #I LTE Serving Cells:
Jun  8 17:49:34 CommCenter(libCommCenterBase.dylib)[102] <Notice>: #I Index: 0, MCC: 405, MNC: 52, Band info: 3, Area code: 8000, Cell ID: <private>, EARFCN: 1510, PID: 291, Latitude: <private>, Longitude: <private>, Bandwidth: 75, Deployment Type: 4, Throughput: 0, CSG Indication: 0, CSG ID: 0, PMax: 0
Jun  8 17:49:34 CommCenter(libCommCenterBase.dylib)[102] <Notice>: #I NR Neighbor cells:
Jun  8 17:49:34 CommCenter(libCommCenterBase.dylib)[102] <Notice>: #I NRARFCN: 629952, PCI: 726, RSRP: 4294967197, RSRQ: 4294967285, SCS: 0, Is SA: 0, Bandwidth: 100000000, BWP Support: 0, Neighbor Type: 0, Throughput: 0
Jun  8 17:49:34 locationd[26469] <Notice>: #clct,CLCTCellInfo, cellList size,<private>
Jun  8 17:49:34 locationd[26469] <Notice>: #ca,onTelephonyServiceNotification,kCellInfoNotification
Jun  8 17:49:34 locationd[26469] <Notice>: #clct,CLCTCellInfo, received cellList size,<private>
Jun  8 17:49:34 locationd[26469] <Notice>: #clct,CLCTCellInfo, received cellList size,<private>
Jun  8 17:49:34 locationd[26469] <Notice>: CellService, convertCells, 1, neighbors, 1
Jun  8 17:49:34 locationd[26469] <Notice>: CellService, convert, add, LTE, <private>
Jun  8 17:49:34 CommCenter[102] <Notice>: Sent notification to 8 (of 58) clients: <private>
Jun  8 17:49:34 locationd[26469] <Notice>: #clct,CLCTCellInfo, received cellList size,<private>
Jun  8 17:49:34 locationd[26469] <Notice>: #clct,CLCTCellInfo, received cellList size,<private>
Jun  8 17:49:34 locationd[26469] <Notice>: CellService, convertCells, 1, neighbors, 1
Jun  8 17:49:34 locationd[26469] <Notice>: {"msg":"#ca,handleCellInfoNotification", "inst":0, "OperatorMCC":<private>, "OperatorMNC":<private>, "OperatorSID":<private>, "OperatorNID":<private>}
Jun  8 17:49:34 locationd[26469] <Notice>: CellService, convert, add, LTE, <private>
Jun  8 17:49:34 locationd[26469] <Notice>: {"msg":"#awd,handleCellInfoNotification", "inst":0, "RAT":"kRadioAccessTechnologyLTE", "MCC":<private>, "MNC":<private>, "SID":<private>, "NID":<private>}
Jun  8 17:49:34 locationd[26469] <Notice>: #clct,CLCTCellInfo, received cellList size,<private>
Jun  8 17:49:34 locationd[26469] <Notice>: #clct,CLCTCellInfo, received cellList size,<private>
Jun  8 17:49:34 locationd[26469] <Notice>: CellService, convertCells, 1, neighbors, 1
Jun  8 17:49:34 locationd[26469] <Notice>: #EmergCon,EMERGENCY:notification,kCellInfoNotification
Jun  8 17:49:34 locationd[26469] <Notice>: CellService, convertCells, 2, neighbors, 1
Jun  8 17:49:34 locationd[26469] <Notice>: CellService, convertCells, 2, neighbors, 1
Jun  8 17:49:34 locationd[26469] <Notice>: CellService, convert, add, LTE, <private>
Jun  8 17:49:34 locationd[26469] <Notice>: #clct,CLCTCellInfo, received cellList size,<private>
Jun  8 17:49:34 locationd[26469] <Notice>: {"msg":"onTelephonyNotification gps location not eligible - skip harvetsing", "subHarvester":"Cell"}
Jun  8 17:49:34 locationd[26469] <Notice>: CellService, convert, add, NSA, <private>
Jun  8 17:49:34 locationd[26469] <Notice>: @CellFlow, ctnotify, kCellInfoNotification, havedata, 1
Jun  8 17:49:34 locationd[26469] <Notice>: #clct,CLCTCellInfo, received cellList size,<private>
Jun  8 17:49:34 locationd[26469] <Notice>: CellService, convert, add, NSA, <private>
Jun  8 17:49:34 locationd[26469] <Notice>: #clct,CLCTCellInfo, received cellList size,<private>
Jun  8 17:49:34 locationd[26469] <Notice>: #clct,CLCTCellInfo, received cellList size,<private>
Jun  8 17:49:34 locationd[26469] <Notice>: {"msg":"#CLConfig,handleCellInfoChange,operator mcc and mnc updated", "inst":0, "MCC":<private>, "MNC":<private>, "SID":<private>, "NID":<private>}
Jun  8 17:49:34 locationd[26469] <Notice>: CellService, convert, add, NR, <private>
Jun  8 17:49:34 locationd[26469] <Notice>: CellService, convert, add, NR, <private>
Jun  8 17:49:34 locationd[26469] <Notice>: #clct,CLCTCellInfo, received cellList size,<private>
Jun  8 17:49:34 locationd[26469] <Notice>: #clct,CLCTCellInfo, received cellList size,<private>
Jun  8 17:49:34 locationd[26469] <Notice>: {"msg":"#ca,handleCellInfoNotification", "inst":1, "OperatorMCC":<private>, "OperatorMNC":<private>, "OperatorSID":<private>, "OperatorNID":<private>}
Jun  8 17:49:34 locationd[26469] <Notice>: CellService, convertCells, 2, neighbors, 1
Jun  8 17:49:34 locationd[26469] <Notice>: CellService, convertCells, 1, neighbors, 1
Jun  8 17:49:34 locationd[26469] <Notice>: CellService, convert, add, NSA, <private>
Jun  8 17:49:34 locationd[26469] <Notice>: CellService, convert, add, NR, <private>
Jun  8 17:49:34 locationd[26469] <Notice>: {"msg":"#CLConfig,handleCellInfoChange,operator mcc and mnc updated", "inst":1, "MCC":<private>, "MNC":<private>, "SID":<private>, "NID":<private>}
Jun  8 17:49:34 locationd[26469] <Notice>: {"msg":"#awd,handleCellInfoNotification", "inst":1, "RAT":"kRadioAccessTechnologyLTE", "MCC":<private>, "MNC":<private>, "SID":<private>, "NID":<private>}
Jun  8 17:49:34 locationd[26469] <Notice>: CellService, convertCells, 1, neighbors, 1
Jun  8 17:49:34 locationd[26469] <Notice>: {"msg":"#CLConfig,handleServingMccMncChange,operator mcc and mnc updated", "inst":0, "MCC":405, "MNC":52, "is3DigitMnc":0}
Jun  8 17:49:34 locationd[26469] <Notice>: CellService, convertCells, 1, neighbors, 1
Jun  8 17:49:34 locationd[26469] <Notice>: CellService, convert, add, LTE, <private>
Jun  8 17:49:34 locationd[26469] <Notice>: {"msg":"#CLConfig,handleServingMccMncChange,operator mcc and mnc updated", "inst":1, "MCC":405, "MNC":52, "is3DigitMnc":0}
Jun  8 17:49:34 locationd[26469] <Notice>: CellService, convert, add, LTE, <private>
Jun  8 17:49:34 locationd[26469] <Notice>: CellService, convert, add, LTE, <private>
Jun  8 17:49:34 locationd[26469] <Notice>: @CellFlow, infonotify, inst, 1, cells, 1, empty, 0
Jun  8 17:49:34 locationd[26469] <Notice>: @CellService, selection, inst, 1, count, 1
Jun  8 17:49:34 locationd[26469] <Notice>: @CellService, selection, inst, 1, <private>
Jun  8 17:49:34 locationd[26469] <Notice>: #clct,CLCTCellInfo, received cellList size,<private>
Jun  8 17:49:34 locationd[26469] <Notice>: CellService, convertCells, 2, neighbors, 1
Jun  8 17:49:34 locationd[26469] <Notice>: CellFlow, selectsize, 2, thisslot, 0, 1, valid, 1, serving, 1, slotcells, 1, 1
Jun  8 17:49:34 locationd[26469] <Notice>: #clct,CLCTCellInfo, received cellList size,<private>
Jun  8 17:49:34 locationd[26469] <Notice>: {"msg":"#awd,handleCellInfoNotification", "inst":0, "RAT":"kRadioAccessTechnologyLTE", "MCC":<private>, "MNC":<private>, "SID":<private>, "NID":<private>}
Jun  8 17:49:34 locationd[26469] <Notice>: CellService, convertCells, 2, neighbors, 1
Jun  8 17:49:34 locationd[26469] <Notice>: CellService, convert, add, NSA, <private>
Jun  8 17:49:34 locationd[26469] <Notice>: CellService, convert, add, NSA, <private>
Jun  8 17:49:34 locationd[26469] <Notice>: CellService, convert, add, NR, <private>
Jun  8 17:49:34 locationd[26469] <Notice>: @CellFlow, infonotify, inst, 2, cells, 2, empty, 0
Jun  8 17:49:34 locationd[26469] <Notice>: @CellService, selection, inst, 2, count, 2
Jun  8 17:49:34 locationd[26469] <Notice>: CellService, convertCells, 2, neighbors, 1
Jun  8 17:49:34 locationd[26469] <Notice>: @CellService, selection, inst, 2, <private>
Jun  8 17:49:34 locationd[26469] <Notice>: CellFlow, selectsize, 2, thisslot, 1, 2, valid, 1, serving, 1, slotcells, 1, 1
Jun  8 17:49:34 locationd[26469] <Notice>: CellFlow, compute, cells, 2, spectators, 1, last, 462685.1, type, 6
Jun  8 17:49:34 locationd[26469] <Notice>: CellService, convertCells, 1, neighbors, 1
Jun  8 17:49:34 locationd[26469] <Notice>: CellService, convert, add, LTE, <private>
Jun  8 17:49:34 locationd[26469] <Notice>: @CellFlow, match, <private>, exact, network, rat, LTE, needsAls, 0
Jun  8 17:49:34 locationd[26469] <Notice>: CellService, convertCells, 2, neighbors, 1
Jun  8 17:49:34 locationd[26469] <Notice>: CellService, convert, add, NR, <private>
Jun  8 17:49:34 locationd[26469] <Notice>: CellService, convert, add, NSA, <private>
Jun  8 17:49:34 locationd[26469] <Notice>: CellService, convert, add, NSA, <private>
Jun  8 17:49:34 locationd[26469] <Notice>: CellService, convert, add, NR, <private>
Jun  8 17:49:34 locationd[26469] <Notice>: CellService, convert, add, NR, <private>
Jun  8 17:49:34 locationd[26469] <Notice>: @CellFlow, match, <private>, exact, network, rat, NSA, needsAls, 0
Jun  8 17:49:34 locationd[26469] <Notice>: @CellFlow, counts, in, 2, sortIn, 2, sortOut, 2, shouldQuery, 0
Jun  8 17:49:34 locationd[26469] <Notice>: CellFlow, fix, <private>, acc, <private>, network, exact, NSA, Serving, notify, 0, deploymentType, 4, cellinfo
Jun  8 17:49:34 locationd[26469] <Notice>: @CellFlow, outcome, fix, UclpMetric
Jun  8 17:49:34 locationd[26469] <Notice>: @CellLoc, tiledl, cells, 2, gsm, 0, cdma, 0, lte, 1
Jun  8 17:49:34 locationd[26469] <Notice>: CellFlow, timer, recalc, 300
Jun  8 17:49:34 locationd(PersistentConnection)[26469] <Notice>: <PCPersistentTimer: 0xa44d8d180> created <PCSimpleTimer: 0xa44d42c90>
Jun  8 17:49:34 locationd(PersistentConnection)[26469] <Notice>: Started simple timer <PCSimpleTimer: 0xa44d42c90> with fire date [2023-06-08 17:54:34 +0530]
Jun  8 17:49:34 locationd[26469] <Notice>: {"msg":"#awd,handleCellInfoNotification", "inst":1, "RAT":"kRadioAccessTechnologyLTE", "MCC":<private>, "MNC":<private>, "SID":<private>, "NID":<private>}
Jun  8 17:49:34 locationd(PersistentConnection)[26469] <Notice>: Invalidating timer <PCPersistentTimer: 0xa4496beb0>
Jun  8 17:49:34 locationd(PersistentConnection)[26469] <Notice>: Invalidating simple timer <PCSimpleTimer: 0xa44d54e10>
Jun  8 17:49:34 locationd(PersistentConnection)[26469] <Notice>: <PCSimpleTimer: 0xa44d42c90> created preventSleepTimer <PCDispatchTimer: 0xa4496d700> and fireTimer <PCDispatchTimer: 0xa46c27cf0> on queue <OS_dispatch_queue_serial: PCSimpleTimer-timerQ>
Jun  8 17:49:34 locationd[26469] <Notice>: #clct,CLCTCellInfo, received cellList size,<private>
Jun  8 17:49:34 locationd[26469] <Notice>: #clct,CLCTCellInfo, received cellList size,<private>
Jun  8 17:49:34 locationd(PersistentConnection)[26469] <Notice>: Disabling power monitoring for <PCSimpleTimer: 0xa44d54e10> - 12 timers
Jun  8 17:49:34 locationd[26469] <Notice>: CellService, convertCells, 1, neighbors, 1
Jun  8 17:49:34 locationd(PersistentConnection)[26469] <Notice>: <PCPersistentTimer: 0xa44d8d180> calculating _earlyFireDate. powerStateDetectionSupported = YES = (detectionSupported(YES) && (wwanIsUp(YES) || ! internetReachable(YES)))
Jun  8 17:49:34 locationd(PersistentConnection)[26469] <Notice>: Last system wake date (2023-06-08 10:05:48 +0530) was longer than half of the timer duration, so setting minimum fire date to fire date.
Jun  8 17:49:34 locationd(PersistentConnection)[26469] <Notice>: <PCPersistentTimer: 0xa44d8d180> Device is plugged in, overriding earlyFireProportion to be 1.0
Jun  8 17:49:34 locationd(PersistentConnection)[26469] <Notice>: Enabling power monitoring for <PCSimpleTimer: 0xa44d42c90> - 13 timers
Jun  8 17:49:34 locationd(PersistentConnection)[26469] <Notice>: <PCPersistentTimer: 0xa44d8d180> Calculated minimum fire date [2023-06-08 17:54:34 +0530] (100%) with fire date [2023-06-08 17:54:34 +0530], start date [2023-06-08 17:49:34 +0530], minimum early fire proportion 0.9, power state detection supported: yes, in high power state: no, early fire constant interval 0.000000
Jun  8 17:49:34 CommCenter[102] <Notice>: #I Using inputs for current RAT (kRatLTE)
Jun  8 17:49:34 locationd[26469] <Notice>: CellService, convert, add, LTE, <private>
Jun  8 17:49:34 locationd[26469] <Notice>: #clct,CLCTCellInfo, received cellList size,<private>
Jun  8 17:49:34 locationd[26469] <Notice>: #clct,CLCTCellInfo, received cellList size,<private>
Jun  8 17:49:34 locationd[26469] <Notice>: {"msg":"#Actor cell info updated", "inst":0, "RAT":"kRadioAccessTechnologyLTE", "MCC":<private>, "MNC":<private>, "SID":<private>, "NID":<private>, "cell ID":<private>}
Jun  8 17:49:34 locationd[26469] <Notice>: CellService, convertCells, 1, neighbors, 1
Jun  8 17:49:34 locationd[26469] <Notice>: CellService, convertCells, 2, neighbors, 1
Jun  8 17:49:34 locationd[26469] <Notice>: CellService, convert, add, NSA, <private>
Jun  8 17:49:34 locationd[26469] <Notice>: CellService, convert, add, LTE, <private>
Jun  8 17:49:34 locationd[26469] <Notice>: CellService, convertCells, 2, neighbors, 1
Jun  8 17:49:34 locationd[26469] <Notice>: CellService, convert, add, NR, <private>
Jun  8 17:49:34 locationd[26469] <Notice>: CellService, convert, add, NSA, <private>
Jun  8 17:49:34 locationd[26469] <Notice>: {"msg":"#Actor cell info updated", "inst":1, "RAT":"kRadioAccessTechnologyLTE", "MCC":<private>, "MNC":<private>, "SID":<private>, "NID":<private>, "cell ID":<private>}
Jun  8 17:49:34 locationd[26469] <Notice>: CellService, convert, add, NR, <private>
Jun  8 17:49:35 identityservicesd[64] <Notice>: calling continuityDidDiscoverType:Activity withData:<private> fromPeer:<private>
Jun  8 17:49:35 sharingd(Accounts)[74] <Notice>: "The connection to ACDAccountStore was invalidated."
Jun  8 17:49:35 sharingd(Accounts)[74] <Notice>: "The connection to ACDAccountStore was invalidated."
Jun  8 17:49:35 sharingd(CoreUtils)[74] <Notice>: Activity level changed 11 (User) -> 7 (Screen)
Jun  8 17:49:35 sharingd(CoreUtils)[74] <Notice>: NearbyInfo Linger advertise start: UserActive, 5 seconds
Jun  8 17:49:35 sharingd(WirelessProximity)[74] <Notice>: Nearby stop advertising of type: 16
Jun  8 17:49:35 sharingd(WirelessProximity)[74] <Notice>: Nearby start advertising with data: advertising request of type 16, priority 3, UseFG 432 (270.00 ms), data {length = 7, bytes = 0x6b1fb696249b78}, connectable 1, addr change 1, options {
} priority 0 mode 432 options (null)
Jun  8 17:49:35 bluetoothd(WPDaemon)[16152] <Notice>: Stop advertising for process sharingd (74) of type 16
Jun  8 17:49:35 bluetoothd(WPDaemon)[16152] <Notice>: [Privacy] removeAdvertisingRequest: 16, <private>
Jun  8 17:49:35 bluetoothd(WPDaemon)[16152] <Notice>: Nothing left to advertise, stopping
Jun  8 17:49:35 bluetoothd[16152] <Notice>: Received XPC message "CBMsgIdStopAdvertising" from session "com.apple.bluetoothd-peripheral-16152-39"
Jun  8 17:49:35 bluetoothd[16152] <Notice>: Received 'stop advertising' request from session "com.apple.bluetoothd-peripheral-16152-39"
Jun  8 17:49:35 bluetoothd(WPDaemon)[16152] <Notice>: Start advertising for process sharingd (74) of type 16 with advertising interval 432 (270.00 ms)
Jun  8 17:49:35 bluetoothd(WPDaemon)[16152] <Notice>: Adding data of type: 16, advData: {length = 7, bytes = 0x6b1fb696249b78} advInterval: 432
Jun  8 17:49:35 bluetoothd(WPDaemon)[16152] <Notice>: Current advertisement packet: {length = 9, bytes = 0x10076b1fb696249b78} advertRate: 432
Jun  8 17:49:35 bluetoothd[16152] <Notice>: BT Stats for metric '<private>' sent to CoreAnalytics with result 1
Jun  8 17:49:35 bluetoothd(WPDaemon)[16152] <Notice>: [Privacy] AdvertisingRulesiOS: current connectable advertisers: <private>, current clients for address change notification: <private>
Jun  8 17:49:35 bluetoothd(WPDaemon)[16152] <Notice>: [Privacy] AdvertisingRulesiOS: remaining connectable advertisers: <private>, notification clients: <private>
Jun  8 17:49:35 bluetoothd(WPDaemon)[16152] <Notice>: AdvertisingRulesiOS - current advertisers: 16
Jun  8 17:49:35 bluetoothd[16152] <Notice>: PowerManager power state is 1
Jun  8 17:49:35 bluetoothd[16152] <Notice>: Sending XPC message "CBMsgIdAdvertisingStopped" to session "com.apple.bluetoothd-peripheral-16152-39"
Jun  8 17:49:35 sharingd(WirelessProximity)[74] <Notice>: Nearby advertising stopped of type: 16 with error: (null)
Jun  8 17:49:35 bluetoothd(WPDaemon)[16152] <Notice>: [Privacy] AdvertisingRulesiOS: connectable adv packet: <private>
Jun  8 17:49:35 bluetoothd[16152] <Notice>: background advertising sessions:AppleMFG:0 Extended:0
Jun  8 17:49:35 bluetoothd[16152] <Notice>:  StopAdvertising tech=1
Jun  8 17:49:35 bluetoothd[16152] <Notice>: Received XPC message "CBMsgIdStopAdvertising" from session "com.apple.bluetoothd-peripheral-16152-41"
Jun  8 17:49:35 bluetoothd[16152] <Notice>:  Address rotation in progress:NO
Jun  8 17:49:35 bluetoothd(WPDaemon)[16152] <Notice>: AdvertisingRulesiOS - advertising packets: (
        {
        kCBAdvDataAppleMfgData = {length = 13, bytes = 0x0cff4c0010076b1fb696249b78};
        kCBAdvDataIsConnectable = 1;
        kCBAdvOptionAdvertisingInterval = 432;
        kCBAdvOptionStopOnAdvertisingAddressChange = 1;
        kCBManagerListOfClients =         (
            "com.apple.sharingd"
        );
        kCBMsgArgIsPrivilegedDaemon = 1;
    }
)
Jun  8 17:49:35 bluetoothd[16152] <Notice>: Advertising state change:  Advertising(2) --> Stopping(3) stack:ON
Jun  8 17:49:35 bluetoothd(WPDaemon)[16152] <Notice>: Requesting to start advertising for clients 16  with (
        {
        kCBAdvDataAppleMfgData = {length = 13, bytes = 0x0cff4c0010076b1fb696249b78};
        kCBAdvDataIsConnectable = 1;
        kCBAdvOptionAdvertisingInterval = 432;
        kCBAdvOptionStopOnAdvertisingAddressChange = 1;
        kCBManagerListOfClients =         (
            "com.apple.sharingd"
        );
        kCBMsgArgIsPrivilegedDaemon = 1;
    }
)
Jun  8 17:49:35 bluetoothd(IOKit)[16152] <Notice>: Setting gAssertionsOffloader timeout to 1
Jun  8 17:49:35 bluetoothd(WPDaemon)[16152] <Notice>: [Privacy] Did stop advertising with error: (null)
Jun  8 17:49:35 bluetoothd[16152] <Notice>: PowerAssertionHistory push time:707919575.09 source:LE_BROADCASTER event:Create com.apple.bluetooth.LeBroadcaster.AdvertisingConfigAssertion ID:807D0000
Jun  8 17:49:35 bluetoothd[16152] <Notice>: Creating com.apple.bluetooth.LeBroadcaster.AdvertisingConfigAssertion
Jun  8 17:49:35 bluetoothd[16152] <Notice>: Sending XPC message "CBMsgIdAdvertisingStopped" to session "com.apple.bluetoothd-peripheral-16152-41"
Jun  8 17:49:35 bluetoothd[16152] <Notice>: Received XPC message "CBMsgIdStopAdvertising" from session "com.apple.bluetoothd-peripheral-16152-39"
Jun  8 17:49:35 bluetoothd[16152] <Notice>: Sending XPC message "CBMsgIdAdvertisingStopped" to session "com.apple.bluetoothd-peripheral-16152-39"
Jun  8 17:49:35 bluetoothd(WPDaemon)[16152] <Notice>: [Privacy] Did stop advertising with error: (null)
Jun  8 17:49:35 bluetoothd[16152] <Notice>: Received XPC message "CBMsgIdStopAdvertising" from session "com.apple.bluetoothd-peripheral-16152-41"
Jun  8 17:49:35 bluetoothd[16152] <Notice>: Sending XPC message "CBMsgIdAdvertisingStopped" to session "com.apple.bluetoothd-peripheral-16152-41"
Jun  8 17:49:35 bluetoothd(WPDaemon)[16152] <Notice>: [Privacy] Did stop advertising with error: (null)
Jun  8 17:49:35 bluetoothd[16152] <Notice>: Received XPC message "CBMsgIdStartAdvertising" from session "com.apple.bluetoothd-peripheral-16152-39"
Jun  8 17:49:35 bluetoothd(WPDaemon)[16152] <Notice>: [Privacy] Did stop advertising with error: (null)
Jun  8 17:49:35 bluetoothd[16152] <Notice>: Setting client list to <private>
Jun  8 17:49:35 bluetoothd[16152] <Notice>: Received 'start advertising' request from session "com.apple.bluetoothd-peripheral-16152-39", with manufacturer data [ 0C FF 4C 00 10 07 6B 1F B6 96 24 9B 78 ], interval 1B0, no name
Jun  8 17:49:35 bluetoothd[16152] <Notice>: Calling updateAdvertisement
Jun  8 17:49:35 bluetoothd[16152] <Notice>: Sending XPC message "CBMsgIdAdvertisingStarted" to session "com.apple.bluetoothd-peripheral-16152-39"
Jun  8 17:49:35 bluetoothd[16152] <Notice>:  Address rotation in progress:NO
Jun  8 17:49:35 bluetoothd[16152] <Notice>: Stopped advertising successfully status=0
Jun  8 17:49:35 bluetoothd(WPDaemon)[16152] <Notice>: Started to advertise for type 16 with error (null)
Jun  8 17:49:35 bluetoothd[16152] <Notice>: Advertising state change:  Stopping(3) --> Idle(0) stack:ON
Jun  8 17:49:35 bluetoothd[16152] <Notice>: Destroying com.apple.bluetooth.LeBroadcaster.AdvertisingConfigAssertion
Jun  8 17:49:35 bluetoothd(WPDaemon)[16152] <Notice>: Advertising started for client <private> (74) of type 16
Jun  8 17:49:35 bluetoothd[16152] <Notice>: PowerAssertionHistory push time:707919575.10 source:LE_BROADCASTER event:Destroy com.apple.bluetooth.LeBroadcaster.AdvertisingConfigAssertion ID:807D0000
Jun  8 17:49:35 bluetoothd[16152] <Notice>: PowerManager power state is 1
Jun  8 17:49:35 bluetoothd[16152] <Notice>: PowerManager power state is 1
Jun  8 17:49:35 bluetoothd[16152] <Notice>: background advertising sessions:AppleMFG:0 Extended:0
Jun  8 17:49:35 bluetoothd[16152] <Notice>:  gNeedToStopAdvertisingWhenAddressChanges=1 params->stopOnAddressChange=1
Jun  8 17:49:35 bluetoothd[16152] <Notice>:  StartAdvertising tech=1 handle=0
Jun  8 17:49:35 bluetoothd[16152] <Notice>:  Address rotation in progress:NO
Jun  8 17:49:35 bluetoothd[16152] <Notice>: Advertising state change:  Idle(0) --> Starting(1) stack:ON
Jun  8 17:49:35 bluetoothd[16152] <Notice>: PowerAssertionHistory push time:707919575.10 source:LE_BROADCASTER event:Create com.apple.bluetooth.LeBroadcaster.AdvertisingConfigAssertion ID:807E0000
Jun  8 17:49:35 bluetoothd[16152] <Notice>: Creating com.apple.bluetooth.LeBroadcaster.AdvertisingConfigAssertion
Jun  8 17:49:35 bluetoothd[16152] <Notice>:  Address rotation in progress:NO
Jun  8 17:49:35 bluetoothd[16152] <Notice>:  gNeedToStopAdvertisingWhenAddressChanges=1 params->stopOnAddressChange=1
Jun  8 17:49:35 bluetoothd[16152] <Notice>:  StartAdvertising tech=1 handle=3
Jun  8 17:49:35 bluetoothd[16152] <Notice>:  Address rotation in progress:NO
Jun  8 17:49:35 bluetoothd[16152] <Notice>:  Address rotation in progress:NO
Jun  8 17:49:35 bluetoothd[16152] <Notice>: Started advertising successfully status=0
Jun  8 17:49:35 bluetoothd[16152] <Notice>: Advertising state change:  Starting(1) --> Advertising(2) stack:ON
Jun  8 17:49:35 bluetoothd[16152] <Notice>: Destroying com.apple.bluetooth.LeBroadcaster.AdvertisingConfigAssertion
Jun  8 17:49:35 bluetoothd[16152] <Notice>: PowerAssertionHistory push time:707919575.12 source:LE_BROADCASTER event:Destroy com.apple.bluetooth.LeBroadcaster.AdvertisingConfigAssertion ID:807E0000
Jun  8 17:49:35 bluetoothd[16152] <Notice>: PowerManager power state is 1
Jun  8 17:49:35 bluetoothd[16152] <Notice>: PowerManager power state is 1
Jun  8 17:49:35 bluetoothd[16152] <Notice>: background advertising sessions:AppleMFG:0 Extended:0
Jun  8 17:49:35 locationd[26469] <Notice>: absolute altitude sent to clients <private>, accuracy <private>, precision <private>, status <private>, altitude source <private>, timestamp, <private>, bias uncertainty, <private>
Jun  8 17:49:35 bluetoothd[16152] <Notice>: PowerManager power state is 1
Jun  8 17:49:35 bluetoothd[16152] <Notice>: PowerManager power state is 1
Jun  8 17:49:35 bluetoothd[16152] <Notice>: background advertising sessions:AppleMFG:0 Extended:0
Jun  8 17:49:35 locationd[26469] <Notice>: {"msg":"onAvengerAdvertisementDetected: got avenger advertisement", "subHarvester":"Avenger"}
Jun  8 17:49:35 locationd[26469] <Notice>: {"msg":"convertToSPAdvertisement", "address":<private>, "data":<private>, "date":<private>, "rssi":<private>, "status":<private>, "reserved":<private>, "subHarvester":"Avenger"}
Jun  8 17:49:35 locationd[26469] <Notice>: {"msg":"derivedPruneHarvest", "cacheSize":1, "beaconPayloadCacheSize":0, "subHarvester":"Avenger"}
Jun  8 17:49:35 locationd[26469] <Notice>: {"msg":"geotagSingleAdvertisement: advertisement within valid time window for location", "timeOffset":"-28.068565", "fCurrentTimeOffsetThreshold":"45.000000", "subHarvester":"Avenger"}
Jun  8 17:49:35 locationd[26469] <Notice>: {"msg":"prepareAdvertisementsForSPFinder", "avengerPublicKey":"c01867815810", "subHarvester":"Avenger"}
Jun  8 17:49:35 locationd(TrackingAvoidance)[26469] <Notice>: <private>
Jun  8 17:49:35 locationd(SPFinder)[26469] <Notice>: saveBeaconPayload: 1
Jun  8 17:49:35 locationd[26469] <Notice>: {"msg":"processAdvertisementCache: completed process", "Remaining fAdvertisementCache.count":0, "fBeaconPayloadCache.count":1, "subHarvester":"Avenger"}
Jun  8 17:49:35 locationd(SPFinder)[26469] <Notice>: saveBeaconPayload: 1
Jun  8 17:49:35 searchpartyd[27484] <Notice>: Publishing 1 advertisements to subscribers.
Jun  8 17:49:35 searchpartyd[27484] <Notice>: Publishing 1 advertisements to subscribers.
Jun  8 17:49:35 searchpartyd[27484] <Notice>: Skipping saving payload for near-owner self-beacon: <mask.hash: 'tblgnyaCVGQfnEjmF6hLdg=='>.
Jun  8 17:49:35 searchpartyd[27484] <Notice>: Skipping saving payload for near-owner self-beacon: <mask.hash: 'tblgnyaCVGQfnEjmF6hLdg=='>.
Jun  8 17:49:35 searchpartyd(libsqlite3.dylib)[27484] <Notice>: automatic index on KeyGenerationBeaconKeys(beaconIdentifier)
Jun  8 17:49:35 searchpartyd(libsqlite3.dylib)[27484] <Notice>: automatic index on KeyGenerationBeaconKeys(beaconIdentifier)
Jun  8 17:49:35 kernel()[0] <Notice>: wlan0:com.apple.p2p: isInfraRealtimePacketThresholdAllowed allowed:0 option:0 threshold:50 noRegistrations:1 cachedPeerCount:0 fastDiscoveryInactive:1 fastDiscoveryOnSince:430390825
Jun  8 17:49:35 identityservicesd[64] <Notice>: calling continuityDidDiscoverType:Activity withData:<private> fromPeer:<private>
Jun  8 17:49:35 wifid(WiFiPolicy)[53] <Notice>: -[WiFiUserInteractionMonitor runPeriodicTasks]: cellular data did 0 bytes (0 packets) over 10.000 seconds
Jun  8 17:49:35 wifid(WiFiPolicy)[53] <Notice>: -[WiFiUserInteractionMonitor runPeriodicTasks]: WiFi data did 1001 bytes (5 packets) over 10.000 seconds
Jun  8 17:49:35 WirelessRadioManagerd[50] <Notice>: <private>
Jun  8 17:49:35 nsurlsessiond[143] <Notice>: Triggering periodic update to powerlog for client <private>
Jun  8 17:49:36 CommCenter(libATCommandStudioDynamic.dylib)[102] <Notice>: QMI: Svc=0x03(NAS) Ind MsgId=0x5571 Bin=[<private>]
Jun  8 17:49:36 CommCenter(libATCommandStudioDynamic.dylib)[102] <Notice>: QMI: Svc=0x03(NAS) Ind MsgId=0x5571 Bin=[<private>]
Jun  8 17:49:36 CommCenter(libATCommandStudioDynamic.dylib)[102] <Notice>: QMI: Svc=0x03(NAS) Ind MsgId=0x0051 Sim=2 Bin=['01 48 00 80 03 01 04 F8 25 51 00 3C 00 14 06 00 CA F5 AB FF 36 00 17 04 00 9D FF 91 00 18 02 00 F5 FF A2 01 00 32 A4 20 00 02 64 00 01 56 00 00 00 36 02 00 00 00 00 00 00 7F 00 00 00 AB FF FF FF 56 1E 00 00 00 00 00 00']
Jun  8 17:49:36 CommCenter(libATCommandStudioDynamic.dylib)[102] <Notice>: QMI: Svc=0x03(NAS) Ind MsgId=0x0051 Bin=['01 48 00 80 03 15 04 29 00 51 00 3C 00 14 06 00 CA F5 AB FF 36 00 17 04 00 9D FF 91 00 18 02 00 F5 FF A2 01 00 32 A4 20 00 02 64 00 01 56 00 00 00 36 02 00 00 00 00 00 00 7F 00 00 00 AB FF FF FF 56 1E 00 00 00 00 00 00']
Jun  8 17:49:36 CommCenter[102] <Notice>: Sent notification to 1 (of 58) clients: <private>
Jun  8 17:49:36 identityservicesd[64] <Notice>: calling continuityDidDiscoverType:Activity withData:<private> fromPeer:<private>
Jun  8 17:49:36 symptomsd(SymptomEvaluator)[130] <Notice>: NBSM: TCP metrics iteration:4229 since 30.00 secs: allflows=0/C=0/R=0/W=0/flows=0/unacked=0/rxbytes=0/txbytes=0/rxooo=0/rxdup=0/retx=0
Jun  8 17:49:36 symptomsd(SymptomEvaluator)[130] <Notice>: NBSM: TCP progress metrics score: 0, problem ratio: 0.00 (baseline: 0.00)
Jun  8 17:49:36 locationd[26469] <Notice>: Toggle stairs escalation, enable : <private>
Jun  8 17:49:36 locationd[26469] <Notice>: os_transaction created: (<private>) <private>
Jun  8 17:49:36 locationd[26469] <Notice>: os_transaction released: (<private>) <private>
Jun  8 17:49:36 kernel()[0] <Notice>: wlan0:com.apple.p2p: isInfraRealtimePacketThresholdAllowed allowed:0 option:0 threshold:50 noRegistrations:1 cachedPeerCount:0 fastDiscoveryInactive:1 fastDiscoveryOnSince:430391852
Jun  8 17:49:36 CommCenter(libATCommandStudioDynamic.dylib)[102] <Notice>: #I qmux: <private>
Jun  8 17:49:36 CommCenter(libATCommandStudioDynamic.dylib)[102] <Notice>: QMI: Svc=0xe2(BSP) Req MsgId=0xe002 Bin=[<private>]
Jun  8 17:49:36 CommCenter(libATCommandStudioDynamic.dylib)[102] <Notice>: QMI: Svc=0x2a(DSD) Ind MsgId=0x5551 Bin=[<private>]
Jun  8 17:49:36 identityservicesd[64] <Notice>: calling continuityDidDiscoverType:Activity withData:<private> fromPeer:<private>
Jun  8 17:49:36 CommCenter(libATCommandStudioDynamic.dylib)[102] <Notice>: QMI: Svc=0xe2(BSP) Resp MsgId=0xe002 Bin=[<private>]
Jun  8 17:49:36 wifid(WiFiPolicy)[53] <Notice>: scanCache: Purging scan cache
Jun  8 17:49:36 WirelessRadioManagerd[50] <Notice>: <private>
Jun  8 17:49:36 NPKCompanionAgent(PassKitCore)[27508] <Notice>: PKNotifyCoalescer: unregistered for notification com.apple.NPKCompanionAgent.listener.resumed.
Jun  8 17:49:36 NPKCompanionAgent[27508] <Notice>: Notice: NPDCompanionPassLibrary deallocated: <private>
Jun  8 17:49:37 CommCenter(libATCommandStudioDynamic.dylib)[102] <Notice>: QMI: Svc=0x2a(DSD) Ind MsgId=0x5550 Sim=1 Bin=[<private>]
Jun  8 17:49:37 CommCenter(libCommCenterMCommandDrivers.dylib)[102] <Notice>: #I Throughput estimate info received. up: 0 Kbps, dl: 0 Kbps, rat: kLTE
Jun  8 17:49:37 CommCenter(libATCommandStudioDynamic.dylib)[102] <Notice>: QMI: Svc=0x2a(DSD) Ind MsgId=0x5550 Sim=2 Bin=[<private>]
Jun  8 17:49:37 CommCenter(libATCommandStudioDynamic.dylib)[102] <Notice>: QMI: Svc=0xe7(ELQM) Ind MsgId=0x0002 Bin=[<private>]
Jun  8 17:49:37 CommCenter(libATCommandStudioDynamic.dylib)[102] <Notice>: QMI: Svc=0xe4(AWD) Ind MsgId=0x1012 Bin=[<private>]
Jun  8 17:49:37 CommCenter(libCommCenterMCommandDrivers.dylib)[102] <Notice>: #I Throughput estimate info received. up: 0 Kbps, dl: 0 Kbps, rat: kLTE
Jun  8 17:49:37 CommCenter(libATCommandStudioDynamic.dylib)[102] <Notice>: QMI: Svc=0xe4(AWD) Ind MsgId=0x1012 Bin=[<private>]
Jun  8 17:49:37 CommCenter(libATCommandStudioDynamic.dylib)[102] <Notice>: QMI: Svc=0xe4(AWD) Ind MsgId=0x1010 Bin=[<private>]
Jun  8 17:49:37 CommCenter(libATCommandStudioDynamic.dylib)[102] <Notice>: QMI: Svc=0xe4(AWD) Ind MsgId=0x1010 Bin=[<private>]
Jun  8 17:49:37 CommCenter[102] <Notice>: #I Bandwidth changed to (ul: 0 Kbps, dl: 0 Kbps, rat: kLTE)
Jun  8 17:49:37 CommCenter(libATCommandStudioDynamic.dylib)[102] <Notice>: QMI: Svc=0x03(NAS) Ind MsgId=0x5571 Bin=[<private>]
Jun  8 17:49:37 CommCenter[102] <Notice>: #I Evaluated interface bandwidth: (ul: 0 Kbps, dl: 0 Kbps, rat: kLTE)
Jun  8 17:49:37 CommCenter[102] <Notice>: #N Setting interface bandwidth for 'pdp_ip0': uplink: 0 bps, downlink: 0 bps, rat: kLTE
Jun  8 17:49:37 CommCenter[102] <Notice>: #I   --------------> kCTEventEnhancedLinkQualityUpdate (146) sent to 1 (of 130) clients.
Jun  8 17:49:37 nehelper(Network)[27439] <Notice>: -[NWPrivilegedHelper handleRequest:onConnection:] Handling set_radio_type from pid 102
Jun  8 17:49:37 nehelper(Network)[27439] <Notice>: handleRadioType Successfully set radio type on pdp_ip0
Jun  8 17:49:37 nehelper(Network)[27439] <Notice>: -[NWPrivilegedHelper handleRequest:onConnection:] Returning 0 for set_radio_type to pid 102
Jun  8 17:49:37 symptomsd(SymptomEvaluator)[130] <Notice>: eLQM: Received BB NR serving cell type notification: payload = {length = 2, bytes = 0x0100}
Jun  8 17:49:37 symptomsd(SymptomEvaluator)[130] <Notice>: eLQM: Payload size is 2, cellNRServingCellType 0
Jun  8 17:49:37 nehelper(Network)[27439] <Notice>: -[NWPrivilegedHelper handleRequest:onConnection:] Handling set_throughput_estimates from pid 102
Jun  8 17:49:37 nehelper(Network)[27439] <Notice>: handleThroughputEstimates Successfully set throughput estimate on pdp_ip0
Jun  8 17:49:37 nehelper(Network)[27439] <Notice>: -[NWPrivilegedHelper handleRequest:onConnection:] Returning 0 for set_throughput_estimates to pid 102
Jun  8 17:49:37 CommCenter(Network)[102] <Notice>: network_config_set_interface_estimated_throughput <private> up: 0Bps -> 0 (0Bps), down: 0Bps -> 0 (0Bps)
Jun  8 17:49:37 CommCenter[102] <Notice>: Sent notification to 2 (of 58) clients: <private>
Jun  8 17:49:37 CommCenter(Network)[102] <Notice>: networkd_privileged_set_radio_type_block_invoke Set radio type to: lte (128), channel: 0 on <private>
Jun  8 17:49:37 CommCenter(libATCommandStudioDynamic.dylib)[102] <Notice>: QMI: Svc=0x03(NAS) Ind MsgId=0x5571 Bin=[<private>]
Jun  8 17:49:37 CommCenter(libBasebandManager.dylib)[102] <Notice>: #I Received trigger 0xc7620
Jun  8 17:49:37 CommCenter(libATCommandStudioDynamic.dylib)[102] <Notice>: QMI: Svc=0x03(NAS) Ind MsgId=0x004e Sim=2 Bin=[<private>]
Jun  8 17:49:37 CommCenter(libCommCenterMCommandDrivers.dylib)[102] <Notice>: #I Received sys info update from baseband
Jun  8 17:49:37 CommCenter(libCommCenterMCommandDrivers.dylib)[102] <Notice>: #I LTE system is present, processing it
Jun  8 17:49:37 CommCenter(libCommCenterMCommandDrivers.dylib)[102] <Notice>: #I Mapping the registration state to kRegisteredHome
Jun  8 17:49:37 CommCenter(libCommCenterMCommandDrivers.dylib)[102] <Notice>: #I Serving System: MCC: 405 MNC: 52 Registration Status: kRegisteredHome
Jun  8 17:49:37 CommCenter(libCommCenterMCommandDrivers.dylib)[102] <Notice>: #I kRatLTE system: CS attach - true
Jun  8 17:49:37 CommCenter(libCommCenterMCommandDrivers.dylib)[102] <Notice>: #I kRatLTE system: PS attach - true
Jun  8 17:49:37 CommCenter(libCommCenterMCommandDrivers.dylib)[102] <Notice>: #I kRatLTE system: Data mode - kLTE
Jun  8 17:49:37 CommCenter(libCommCenterMCommandDrivers.dylib)[102] <Notice>: #I kRatLTE Cell ID: <private>
Jun  8 17:49:37 CommCenter(libCommCenterMCommandDrivers.dylib)[102] <Notice>: #I kRatLTE PLMN: 405-52
Jun  8 17:49:37 CommCenter(libCommCenterMCommandDrivers.dylib)[102] <Notice>: #I LTE Area code: <private>
Jun  8 17:49:37 CommCenter[102] <Notice>: #I Set MCC to 405
Jun  8 17:49:37 CommCenter[102] <Notice>: #I Set MNC to 52
Jun  8 17:49:37 CommCenter[102] <Notice>: #I Set PLMN to 405-52
Jun  8 17:49:37 CommCenter[102] <Notice>: #I Received LTE cell information in Serving System Update
Jun  8 17:49:37 CommCenter(libCommCenterBase.dylib)[102] <Notice>: #I Index: 0, MCC: 405, MNC: 52, Band info: 0, Area code: 8000, Cell ID: <private>, EARFCN: 0, PID: 0, Latitude: <private>, Longitude: <private>, Bandwidth: 0, Deployment Type: -1, Throughput: 0, CSG Indication: 0, CSG ID: 0, PMax: 0
Jun  8 17:49:37 CommCenter[102] <Notice>: #I Is device roaming: kNotRoaming, with overrides: kNotRoaming
Jun  8 17:49:37 CommCenter[102] <Notice>: #I Received serving system update with current RAT set to kRatLTE and current DataMode set to kLTE
Jun  8 17:49:37 CommCenter[102] <Notice>: #I Serving cell has changed since cell monitor update: false, updating with the latest from Serving System Update
Jun  8 17:49:37 CommCenter[102] <Notice>: #I Key <private> is not present
Jun  8 17:49:37 CommCenter[102] <Notice>: #I Network presence in Carrier Bundle: kKeyNotPresent, for key: <private>, for PLMN: 405-52
Jun  8 17:49:37 CommCenter[102] <Notice>: #I Serving system cell refresh complete
Jun  8 17:49:37 CommCenter[102] <Notice>: #I PLMN 405-52's presence in data roaming exception: kKeyNotPresent, In Home Country: True
Jun  8 17:49:37 CommCenter[102] <Notice>: #I Timestamping current TAC <private> with 28434306
Jun  8 17:49:37 CommCenter(libATCommandStudioDynamic.dylib)[102] <Notice>: QMI: Svc=0x03(NAS) Ind MsgId=0x0061 Sim=2 Bin=[<private>]
Jun  8 17:49:37 CommCenter[102] <Notice>: #I Intermediate result for is in home country: True
Jun  8 17:49:37 CommCenter[102] <Notice>: #I Final result for is in home country: True
Jun  8 17:49:37 CommCenter[102] <Notice>: #I computeIsInHomeCountry: inHome=true, result=kNotRoaming
Jun  8 17:49:37 CommCenter(libATCommandStudioDynamic.dylib)[102] <Notice>: #I qmux: <private>
Jun  8 17:49:37 CommCenter(libATCommandStudioDynamic.dylib)[102] <Notice>: QMI: Svc=0x03(NAS) Req MsgId=0x5556 Sim=2 Bin=[<private>]
Jun  8 17:49:37 CommCenter[102] <Notice>: #I reported data mode adjusted to kNRNSA (ui modifier)
Jun  8 17:49:37 CommCenter[102] <Notice>: #I CS call not active, data mode is kNRNSA
Jun  8 17:49:37 CommCenter[102] <Notice>: #I reported data mode adjusted to kNRNSA (ui modifier)
Jun  8 17:49:37 CommCenter(libBasebandManager.dylib)[102] <Notice>: #I Received segment 32768 of metric 0xc7620
Jun  8 17:49:37 CommCenter(libCommCenterMCommandDrivers.dylib)[102] <Notice>: #I Received current PLMN indication from baseband
Jun  8 17:49:37 CommCenter(libCommCenterMCommandDrivers.dylib)[102] <Notice>: #I Received long name (airtel) short name (airtel) service provider name (airtel) TOE () and name source (kNITZ)
Jun  8 17:49:37 CommCenter[102] <Notice>: #I Using PLMN (405-52) from model
Jun  8 17:49:37 CommCenter[102] <Notice>: #I Not overriding the operator name for 40552, kRatLTE and source kNITZ
Jun  8 17:49:37 CommCenter(libATCommandStudioDynamic.dylib)[102] <Notice>: QMI: Svc=0xe4(AWD) Ind MsgId=0x1011 Bin=[<private>]
Jun  8 17:49:37 CommCenter(libATCommandStudioDynamic.dylib)[102] <Notice>: QMI: Svc=0xe4(AWD) Ind MsgId=0x1011 Bin=[<private>]
Jun  8 17:49:37 CommCenter(libBasebandManager.dylib)[102] <Notice>: #I Sending <private> to <private> at 1686226777109
Jun  8 17:49:37 CommCenter(libATCommandStudioDynamic.dylib)[102] <Notice>: QMI: Svc=0x03(NAS) Resp MsgId=0x5556 Sim=2 Bin=[<private>]
Jun  8 17:49:37 CommCenter[102] <Notice>: #I Received cell info update for kServingSystem
Jun  8 17:49:37 CommCenter(libCommCenterBase.dylib)[102] <Notice>: #I LTE Serving Cells:
Jun  8 17:49:37 CommCenter(libCommCenterBase.dylib)[102] <Notice>: #I Index: 0, MCC: 405, MNC: 52, Band info: 3, Area code: 8000, Cell ID: <private>, EARFCN: 1510, PID: 291, Latitude: <private>, Longitude: <private>, Bandwidth: 75, Deployment Type: 4, Throughput: 0, CSG Indication: 0, CSG ID: 0, PMax: 0
Jun  8 17:49:37 CommCenter(libCommCenterBase.dylib)[102] <Notice>: #I NR Neighbor cells:
Jun  8 17:49:37 CommCenter(libCommCenterBase.dylib)[102] <Notice>: #I NRARFCN: 629952, PCI: 726, RSRP: 4294934528, RSRQ: 4294934528, SCS: 0, Is SA: 0, Bandwidth: 100000000, BWP Support: 0, Neighbor Type: 0, Throughput: 0
Jun  8 17:49:37 locationd[26469] <Notice>: #clct,CLCTCellInfo, cellList size,<private>
Jun  8 17:49:37 locationd[26469] <Notice>: #ca,onTelephonyServiceNotification,kCellInfoNotification
Jun  8 17:49:37 locationd[26469] <Notice>: #clct,CLCTCellInfo, received cellList size,<private>
Jun  8 17:49:37 locationd[26469] <Notice>: #clct,CLCTCellInfo, received cellList size,<private>
Jun  8 17:49:37 locationd[26469] <Notice>: CellService, convertCells, 1, neighbors, 1
Jun  8 17:49:37 locationd[26469] <Notice>: CellService, convert, add, LTE, <private>
Jun  8 17:49:37 locationd[26469] <Notice>: {"msg":"#ca,handleCellInfoNotification", "inst":0, "OperatorMCC":<private>, "OperatorMNC":<private>, "OperatorSID":<private>, "OperatorNID":<private>}
Jun  8 17:49:37 locationd[26469] <Notice>: #clct,CLCTCellInfo, received cellList size,<private>
Jun  8 17:49:37 locationd[26469] <Notice>: #clct,CLCTCellInfo, received cellList size,<private>
Jun  8 17:49:37 locationd[26469] <Notice>: CellService, convertCells, 1, neighbors, 1
Jun  8 17:49:37 locationd[26469] <Notice>: CellService, convert, add, LTE, <private>
Jun  8 17:49:37 locationd[26469] <Notice>: {"msg":"#awd,handleCellInfoNotification", "inst":0, "RAT":"kRadioAccessTechnologyLTE", "MCC":<private>, "MNC":<private>, "SID":<private>, "NID":<private>}
Jun  8 17:49:37 CommCenter[102] <Notice>: Sent notification to 8 (of 58) clients: <private>
Jun  8 17:49:37 CommCenter(libATCommandStudioDynamic.dylib)[102] <Notice>: QMI: Svc=0x22(COEX) Ind MsgId=0x0021 Bin=[<private>]
Jun  8 17:49:37 CommCenter(libBasebandCommandDriversQMI.dylib)[102] <Notice>: #I Update for SubId=1 -> <private>
Jun  8 17:49:37 locationd[26469] <Notice>: #clct,CLCTCellInfo, received cellList size,<private>
Jun  8 17:49:37 locationd[26469] <Notice>: CellService, convertCells, 2, neighbors, 1
Jun  8 17:49:37 locationd[26469] <Notice>: #clct,CLCTCellInfo, received cellList size,<private>
Jun  8 17:49:37 locationd[26469] <Notice>: CellService, convertCells, 1, neighbors, 1
Jun  8 17:49:37 locationd[26469] <Notice>: CellService, convert, add, NSA, <private>
Jun  8 17:49:37 locationd[26469] <Notice>: CellService, convertCells, 2, neighbors, 1
Jun  8 17:49:37 locationd[26469] <Notice>: #EmergCon,EMERGENCY:notification,kCellInfoNotification
Jun  8 17:49:37 locationd[26469] <Notice>: #clct,CLCTCellInfo, received cellList size,<private>
Jun  8 17:49:37 locationd[26469] <Notice>: #clct,CLCTCellInfo, received cellList size,<private>
Jun  8 17:49:37 locationd[26469] <Notice>: CellService, convert, add, LTE, <private>
Jun  8 17:49:37 locationd[26469] <Notice>: CellService, convert, add, NSA, <private>
Jun  8 17:49:37 locationd[26469] <Notice>: CellService, convert, add, NR, <private>
Jun  8 17:49:37 locationd[26469] <Notice>: {"msg":"#ca,handleCellInfoNotification", "inst":1, "OperatorMCC":<private>, "OperatorMNC":<private>, "OperatorSID":<private>, "OperatorNID":<private>}
Jun  8 17:49:37 locationd[26469] <Notice>: #clct,CLCTCellInfo, received cellList size,<private>
Jun  8 17:49:37 locationd[26469] <Notice>: CellService, convertCells, 1, neighbors, 1
Jun  8 17:49:37 locationd[26469] <Notice>: {"msg":"#CLConfig,handleCellInfoChange,operator mcc and mnc updated", "inst":0, "MCC":<private>, "MNC":<private>, "SID":<private>, "NID":<private>}
Jun  8 17:49:37 locationd[26469] <Notice>: @CellFlow, ctnotify, kCellInfoNotification, havedata, 1
Jun  8 17:49:37 WirelessRadioManagerd[50] <Notice>: <private>
Jun  8 17:49:37 WirelessRadioManagerd[50] <Notice>: <private>
Jun  8 17:49:37 WirelessRadioManagerd[50] <Notice>: <private>
Jun  8 17:49:37 WirelessRadioManagerd[50] <Notice>: <private>
Jun  8 17:49:37 WirelessRadioManagerd[50] <Notice>: <private>
Jun  8 17:49:37 WirelessRadioManagerd[50] <Notice>: <private>
Jun  8 17:49:37 locationd[26469] <Notice>: CellService, convertCells, 2, neighbors, 1
Jun  8 17:49:37 locationd[26469] <Notice>: CellService, convert, add, LTE, <private>
Jun  8 17:49:37 locationd[26469] <Notice>: {"msg":"#awd,handleCellInfoNotification", "inst":0, "RAT":"kRadioAccessTechnologyLTE", "MCC":<private>, "MNC":<private>, "SID":<private>, "NID":<private>}
Jun  8 17:49:37 locationd[26469] <Notice>: CellService, convert, add, NSA, <private>
Jun  8 17:49:37 locationd[26469] <Notice>: CellService, convert, add, NR, <private>
Jun  8 17:49:37 locationd[26469] <Notice>: #clct,CLCTCellInfo, received cellList size,<private>
Jun  8 17:49:37 WirelessRadioManagerd[50] <Notice>: <private>
Jun  8 17:49:37 WirelessRadioManagerd[50] <Notice>: <private>
Jun  8 17:49:37 WirelessRadioManagerd[50] <Notice>: <private>
Jun  8 17:49:37 WirelessRadioManagerd[50] <Notice>: <private>
Jun  8 17:49:37 CommCenter(libATCommandStudioDynamic.dylib)[102] <Notice>: QMI: Svc=0xe4(AWD) Ind MsgId=0x1013 Bin=[<private>]
Jun  8 17:49:37 CommCenter(libATCommandStudioDynamic.dylib)[102] <Notice>: QMI: Svc=0xe4(AWD) Ind MsgId=0x1013 Bin=[<private>]
Jun  8 17:49:37 CommCenter(libATCommandStudioDynamic.dylib)[102] <Notice>: QMI: Svc=0x2a(DSD) Ind MsgId=0x5551 Bin=[<private>]
Jun  8 17:49:37 WirelessRadioManagerd[50] <Notice>: <private>
Jun  8 17:49:37 WirelessRadioManagerd[50] <Notice>: <private>
Jun  8 17:49:37 WirelessRadioManagerd[50] <Notice>: <private>
Jun  8 17:49:37 WirelessRadioManagerd[50] <Notice>: <private>
Jun  8 17:49:37 WirelessRadioManagerd[50] <Notice>: <private>
Jun  8 17:49:37 WirelessRadioManagerd[50] <Notice>: <private>
Jun  8 17:49:37 locationd[26469] <Notice>: CellService, convertCells, 2, neighbors, 1
Jun  8 17:49:37 locationd[26469] <Notice>: #clct,CLCTCellInfo, received cellList size,<private>
Jun  8 17:49:37 locationd[26469] <Notice>: CellService, convertCells, 1, neighbors, 1
Jun  8 17:49:37 locationd[26469] <Notice>: {"msg":"#awd,handleCellInfoNotification", "inst":1, "RAT":"kRadioAccessTechnologyLTE", "MCC":<private>, "MNC":<private>, "SID":<private>, "NID":<private>}
Jun  8 17:49:37 locationd[26469] <Notice>: {"msg":"onTelephonyNotification gps location not eligible - skip harvetsing", "subHarvester":"Cell"}
Jun  8 17:49:37 locationd[26469] <Notice>: CellService, convert, add, NR, <private>
Jun  8 17:49:37 identityservicesd[64] <Notice>: calling continuityDidDiscoverType:Activity withData:<private> fromPeer:<private>
Jun  8 17:49:37 WirelessRadioManagerd[50] <Notice>: <private>
Jun  8 17:49:37 locationd[26469] <Notice>: #clct,CLCTCellInfo, received cellList size,<private>
Jun  8 17:49:37 locationd[26469] <Notice>: CellService, convertCells, 1, neighbors, 1
Jun  8 17:49:37 locationd[26469] <Notice>: CellService, convert, add, LTE, <private>
Jun  8 17:49:37 locationd[26469] <Notice>: @CellFlow, infonotify, inst, 1, cells, 1, empty, 0
Jun  8 17:49:37 locationd[26469] <Notice>: CellService, convert, add, LTE, <private>
Jun  8 17:49:37 locationd[26469] <Notice>: {"msg":"#CLConfig,handleCellInfoChange,operator mcc and mnc updated", "inst":1, "MCC":<private>, "MNC":<private>, "SID":<private>, "NID":<private>}
Jun  8 17:49:37 locationd[26469] <Notice>: CellService, convert, add, NSA, <private>
Jun  8 17:49:37 locationd[26469] <Notice>: #clct,CLCTCellInfo, received cellList size,<private>
Jun  8 17:49:37 WirelessRadioManagerd[50] <Notice>: <private>
Jun  8 17:49:37 WirelessRadioManagerd[50] <Notice>: <private>
Jun  8 17:49:37 WirelessRadioManagerd[50] <Notice>: <private>
Jun  8 17:49:37 WirelessRadioManagerd[50] <Notice>: <private>
Jun  8 17:49:37 WirelessRadioManagerd[50] <Notice>: <private>
Jun  8 17:49:37 WirelessRadioManagerd[50] <Notice>: <private>
Jun  8 17:49:37 locationd[26469] <Notice>: @CellService, selection, inst, 1, count, 1
Jun  8 17:49:37 locationd[26469] <Notice>: @CellService, selection, inst, 1, <private>
Jun  8 17:49:37 locationd[26469] <Notice>: {"msg":"#CLConfig,handleServingMccMncChange,operator mcc and mnc updated", "inst":0, "MCC":405, "MNC":52, "is3DigitMnc":0}
Jun  8 17:49:37 locationd[26469] <Notice>: CellService, convert, add, NR, <private>
Jun  8 17:49:37 locationd[26469] <Notice>: {"msg":"#awd,handleCellInfoNotification", "inst":1, "RAT":"kRadioAccessTechnologyLTE", "MCC":<private>, "MNC":<private>, "SID":<private>, "NID":<private>}
Jun  8 17:49:37 locationd[26469] <Notice>: CellService, convertCells, 2, neighbors, 1
Jun  8 17:49:37 locationd[26469] <Notice>: #clct,CLCTCellInfo, received cellList size,<private>
Jun  8 17:49:37 locationd[26469] <Notice>: #clct,CLCTCellInfo, received cellList size,<private>
Jun  8 17:49:37 locationd[26469] <Notice>: #clct,CLCTCellInfo, received cellList size,<private>
Jun  8 17:49:37 locationd[26469] <Notice>: CellService, convertCells, 1, neighbors, 1
Jun  8 17:49:37 WirelessRadioManagerd[50] <Notice>: <private>
Jun  8 17:49:37 WirelessRadioManagerd[50] <Notice>: <private>
Jun  8 17:49:37 WirelessRadioManagerd[50] <Notice>: <private>
Jun  8 17:49:37 WirelessRadioManagerd[50] <Notice>: <private>
Jun  8 17:49:37 locationd[26469] <Notice>: CellService, convert, add, NSA, <private>
Jun  8 17:49:37 WirelessRadioManagerd[50] <Notice>: <private>
Jun  8 17:49:37 locationd[26469] <Notice>: CellFlow, selectsize, 2, thisslot, 0, 1, valid, 1, serving, 1, slotcells, 1, 1
Jun  8 17:49:37 locationd[26469] <Notice>: {"msg":"#CLConfig,handleServingMccMncChange,operator mcc and mnc updated", "inst":1, "MCC":405, "MNC":52, "is3DigitMnc":0}
Jun  8 17:49:37 WirelessRadioManagerd[50] <Notice>: <private>
Jun  8 17:49:37 locationd[26469] <Notice>: CellService, convert, add, LTE, <private>
Jun  8 17:49:37 locationd[26469] <Notice>: {"msg":"#Actor cell info updated", "inst":0, "RAT":"kRadioAccessTechnologyLTE", "MCC":<private>, "MNC":<private>, "SID":<private>, "NID":<private>, "cell ID":<private>}
Jun  8 17:49:37 locationd[26469] <Notice>: CellService, convertCells, 2, neighbors, 1
Jun  8 17:49:37 locationd[26469] <Notice>: CellService, convertCells, 1, neighbors, 1
Jun  8 17:49:37 locationd[26469] <Notice>: CellService, convertCells, 2, neighbors, 1
Jun  8 17:49:37 locationd[26469] <Notice>: CellService, convert, add, NR, <private>
Jun  8 17:49:37 WirelessRadioManagerd[50] <Notice>: <private>
Jun  8 17:49:37 WirelessRadioManagerd[50] <Notice>: <private>
Jun  8 17:49:37 WirelessRadioManagerd[50] <Notice>: <private>
Jun  8 17:49:37 WirelessRadioManagerd[50] <Notice>: <private>
Jun  8 17:49:37 WirelessRadioManagerd[50] <Notice>: <private>
Jun  8 17:49:37 WirelessRadioManagerd[50] <Notice>: <private>
Jun  8 17:49:37 WirelessRadioManagerd[50] <Notice>: <private>
Jun  8 17:49:37 WirelessRadioManagerd[50] <Notice>: <private>
Jun  8 17:49:37 WirelessRadioManagerd[50] <Notice>: <private>
Jun  8 17:49:37 WirelessRadioManagerd[50] <Notice>: <private>
Jun  8 17:49:37 locationd[26469] <Notice>: CellService, convert, add, NSA, <private>
Jun  8 17:49:37 locationd[26469] <Notice>: CellService, convert, add, NSA, <private>
Jun  8 17:49:37 locationd[26469] <Notice>: CellService, convert, add, NR, <private>
Jun  8 17:49:37 locationd[26469] <Notice>: {"msg":"#Actor cell info updated", "inst":1, "RAT":"kRadioAccessTechnologyLTE", "MCC":<private>, "MNC":<private>, "SID":<private>, "NID":<private>, "cell ID":<private>}
Jun  8 17:49:37 locationd[26469] <Notice>: CellService, convert, add, LTE, <private>
Jun  8 17:49:37 locationd[26469] <Notice>: CellService, convert, add, NR, <private>
Jun  8 17:49:37 locationd[26469] <Notice>: @CellFlow, infonotify, inst, 2, cells, 2, empty, 0
Jun  8 17:49:37 locationd[26469] <Notice>: @CellService, selection, inst, 2, count, 2
Jun  8 17:49:37 locationd[26469] <Notice>: @CellService, selection, inst, 2, <private>
Jun  8 17:49:37 locationd[26469] <Notice>: CellFlow, selectsize, 2, thisslot, 1, 2, valid, 1, serving, 1, slotcells, 1, 1
Jun  8 17:49:37 locationd[26469] <Notice>: CellFlow, compute, cells, 2, spectators, 1, last, 462687.3, type, 6
Jun  8 17:49:37 locationd[26469] <Notice>: CellService, convertCells, 2, neighbors, 1
Jun  8 17:49:37 locationd[26469] <Notice>: CellService, convert, add, NSA, <private>
Jun  8 17:49:37 locationd[26469] <Notice>: CellService, convert, add, NR, <private>
Jun  8 17:49:37 WirelessRadioManagerd[50] <Notice>: <private>
Jun  8 17:49:37 WirelessRadioManagerd[50] <Notice>: <private>
Jun  8 17:49:37 WirelessRadioManagerd[50] <Notice>: <private>
Jun  8 17:49:37 WirelessRadioManagerd[50] <Notice>: <private>
Jun  8 17:49:37 locationd[26469] <Notice>: @CellFlow, match, <private>, exact, network, rat, LTE, needsAls, 0
Jun  8 17:49:37 locationd[26469] <Notice>: @CellFlow, match, <private>, exact, network, rat, NSA, needsAls, 0
Jun  8 17:49:37 locationd[26469] <Notice>: @CellFlow, counts, in, 2, sortIn, 2, sortOut, 2, shouldQuery, 0
Jun  8 17:49:37 locationd[26469] <Notice>: CellFlow, fix, <private>, acc, <private>, network, exact, NSA, Serving, notify, 0, deploymentType, 4, cellinfo
Jun  8 17:49:37 locationd[26469] <Notice>: @CellFlow, outcome, fix, UclpMetric
Jun  8 17:49:37 locationd[26469] <Notice>: @CellLoc, tiledl, cells, 2, gsm, 0, cdma, 0, lte, 1
Jun  8 17:49:37 locationd[26469] <Notice>: CellFlow, timer, recalc, 300
Jun  8 17:49:37 locationd(PersistentConnection)[26469] <Notice>: <PCPersistentTimer: 0xa44ba6f90> created <PCSimpleTimer: 0xa44be7fc0>
Jun  8 17:49:37 locationd(PersistentConnection)[26469] <Notice>: Started simple timer <PCSimpleTimer: 0xa44be7fc0> with fire date [2023-06-08 17:54:37 +0530]
Jun  8 17:49:37 locationd(PersistentConnection)[26469] <Notice>: <PCSimpleTimer: 0xa44be7fc0> created preventSleepTimer <PCDispatchTimer: 0xa4688dd50> and fireTimer <PCDispatchTimer: 0xa46886ae0> on queue <OS_dispatch_queue_serial: PCSimpleTimer-timerQ>
Jun  8 17:49:37 locationd(PersistentConnection)[26469] <Notice>: Enabling power monitoring for <PCSimpleTimer: 0xa44be7fc0> - 14 timers
Jun  8 17:49:37 locationd(PersistentConnection)[26469] <Notice>: <PCPersistentTimer: 0xa44ba6f90> calculating _earlyFireDate. powerStateDetectionSupported = YES = (detectionSupported(YES) && (wwanIsUp(YES) || ! internetReachable(YES)))
Jun  8 17:49:37 locationd(PersistentConnection)[26469] <Notice>: Last system wake date (2023-06-08 10:05:48 +0530) was longer than half of the timer duration, so setting minimum fire date to fire date.
Jun  8 17:49:37 locationd(PersistentConnection)[26469] <Notice>: Invalidating timer <PCPersistentTimer: 0xa44d8d180>
Jun  8 17:49:37 locationd(PersistentConnection)[26469] <Notice>: Invalidating simple timer <PCSimpleTimer: 0xa44d42c90>
Jun  8 17:49:37 CommCenter(libATCommandStudioDynamic.dylib)[102] <Notice>: QMI: Svc=0x03(NAS) Ind MsgId=0x555b Sim=2 Bin=[<private>]
Jun  8 17:49:37 locationd(PersistentConnection)[26469] <Notice>: <PCPersistentTimer: 0xa44ba6f90> Device is plugged in, overriding earlyFireProportion to be 1.0
Jun  8 17:49:37 locationd[26469] <Notice>: #clct,CLCTCellInfo, received cellList size,<private>
Jun  8 17:49:37 locationd(PersistentConnection)[26469] <Notice>: <PCPersistentTimer: 0xa44ba6f90> Calculated minimum fire date [2023-06-08 17:54:37 +0530] (100%) with fire date [2023-06-08 17:54:37 +0530], start date [2023-06-08 17:49:37 +0530], minimum early fire proportion 0.9, power state detection supported: yes, in high power state: no, early fire constant interval 0.000000
Jun  8 17:49:37 locationd[26469] <Notice>: #clct,CLCTCellInfo, received cellList size,<private>
Jun  8 17:49:37 locationd(PersistentConnection)[26469] <Notice>: Disabling power monitoring for <PCSimpleTimer: 0xa44d42c90> - 13 timers
Jun  8 17:49:37 locationd[26469] <Notice>: CellService, convertCells, 1, neighbors, 1
Jun  8 17:49:37 locationd[26469] <Notice>: CellService, convert, add, LTE, <private>
Jun  8 17:49:37 locationd[26469] <Notice>: CellService, convertCells, 2, neighbors, 1
Jun  8 17:49:37 locationd[26469] <Notice>: CellService, convert, add, NSA, <private>
Jun  8 17:49:37 CommCenter[102] <Notice>: #I Using inputs for current RAT (kRatLTE)
Jun  8 17:49:37 locationd[26469] <Notice>: CellService, convert, add, NR, <private>
Jun  8 17:49:37 CommCenter(libATCommandStudioDynamic.dylib)[102] <Notice>: QMI: Svc=0x2a(DSD) Ind MsgId=0x5551 Bin=[<private>]
Jun  8 17:49:37 CommCenter(libATCommandStudioDynamic.dylib)[102] <Notice>: QMI: Svc=0x03(NAS) Ind MsgId=0x555b Sim=2 Bin=[<private>]
Jun  8 17:49:37 CommCenter(libATCommandStudioDynamic.dylib)[102] <Notice>: QMI: Svc=0x2a(DSD) Ind MsgId=0x0026 Sim=2 Bin=[<private>]
Jun  8 17:49:37 CommCenter(libATCommandStudioDynamic.dylib)[102] <Notice>: QMI: Svc=0xe4(AWD) Ind MsgId=0x1012 Bin=[<private>]
Jun  8 17:49:37 CommCenter(libCommCenterMCommandDrivers.dylib)[102] <Notice>: #I processDsdTlvDataSystemStatus: Data System status: Technology: k3GPP (0x0), rat value: kEX_3GPP_LTE (0x3), service option mask: k3GPP_LTE_FDD (0x1000), data bearer info: kLTE/kLTE (1)/true
Jun  8 17:49:37 CommCenter(libATCommandStudioDynamic.dylib)[102] <Notice>: QMI: Svc=0xe4(AWD) Ind MsgId=0x1012 Bin=[<private>]
Jun  8 17:49:37 CommCenter(libCommCenterMCommandDrivers.dylib)[102] <Notice>: #I processDsdTlvDataSystemStatus: The data bearer data mode is: kLTE, soMask: kLTE (1), available: true
Jun  8 17:49:37 CommCenter[102] <Notice>: #I updateDataBearerInfo: The data bearer data mode is: kLTE, soMask is: kLTE (1), available: true
Jun  8 17:49:37 CommCenter[102] <Notice>: #I RFBand: Type = FDD
Jun  8 17:49:37 CommCenter[102] <Notice>: #I refreshDataServiceConfiguration: (1) refreshapn: reason = kDataSystemStatus changed = false
Jun  8 17:49:37 CommCenter[102] <Notice>: #I refreshDataServiceConfiguration: (2) refreshapn: reason = kDataSystemStatus changed = false
Jun  8 17:49:37 CommCenter(libSystemDetermination.dylib)[102] <Notice>: #I RFBand: Type = FDD
Jun  8 17:49:37 CommCenter[102] <Notice>: #I setupEmergencyConfiguration: Found Em data settings
Jun  8 17:49:37 CommCenter[102] <Notice>: #I checkActivateConnection: change = false activate = false state = kDataConnectionStateIdle fIsActivatingAccrossSimSwap = 0
Jun  8 17:49:37 CommCenter[102] <Notice>: #I refreshDataServiceConfiguration:  reconfiguring with kNRNSA
Jun  8 17:49:37 CommCenter[102] <Notice>: #I setupConfiguration: setup config: modeCDMA=false fUseCDMATetheringSettings = false
Jun  8 17:49:37 CommCenter[102] <Notice>: #I shouldUseTetheringVerification: shouldUseTetheringVerification() result is TRUE
Jun  8 17:49:37 CommCenter[102] <Notice>: #I setupConfiguration: setup config: wirelessTrafficIsPresent=true wirelessAuthIsPresent = true
Jun  8 17:49:37 CommCenter[102] <Notice>: #I setupConfiguration: setup config: set non-CDMA for kDataConnectionInternet
Jun  8 17:49:37 CommCenter[102] <Notice>: #I setupConfiguration: setup config: set non-CDMA for kDataConnectionWirelessModemTraffic
Jun  8 17:49:37 CommCenter[102] <Notice>: #I setupConfiguration: setup config: set non-CDMA for kDataConnectionWirelessModemAuthentication
Jun  8 17:49:37 CommCenter[102] <Notice>: #I setupConfiguration: setup config: set non-CDMA for kDataConnectionEntitlementTraffic
Jun  8 17:49:37 CommCenter[102] <Notice>: #I setupConfiguration: setup config: set non-CDMA for kDataConnectionLLWirelessModemTraffic
Jun  8 17:49:37 CommCenter(libBasebandManager.dylib)[102] <Notice>: #I Received trigger 0xc762d
Jun  8 17:49:37 CommCenter[102] <Notice>: #I setupConfiguration: setup config: set non-CDMA for kDataConnectionMMS
Jun  8 17:49:37 CommCenter[102] <Notice>: #I setupConfiguration: setup config: set non-CDMA for kDataConnectionIM
Jun  8 17:49:37 CommCenter[102] <Notice>: #I setupConfiguration: setup config: set non-CDMA for kDataConnectionEm
Jun  8 17:49:37 CommCenter[102] <Notice>: #I setupConfiguration: OTA APN configured
Jun  8 17:49:37 CommCenter[102] <Notice>: #I setupConfiguration: supportedDataConnection 0: toReactivate = false : settingsChanged = false : configuration present: true
Jun  8 17:49:37 CommCenter[102] <Notice>: #I setupConfiguration: supportedDataConnection 1: toReactivate = false : settingsChanged = false : configuration present: false
Jun  8 17:49:37 CommCenter[102] <Notice>: #I setupConfiguration: supportedDataConnection 2: toReactivate = false : settingsChanged = false : configuration present: true
Jun  8 17:49:37 CommCenter[102] <Notice>: #I setupConfiguration: supportedDataConnection 3: toReactivate = false : settingsChanged = false : configuration present: false
Jun  8 17:49:37 CommCenter[102] <Notice>: #I setupConfiguration: supportedDataConnection 4: toReactivate = false : settingsChanged = false : configuration present: true
Jun  8 17:49:37 CommCenter[102] <Notice>: #I setupConfiguration: supportedDataConnection 5: toReactivate = false : settingsChanged = false : configuration present: true
Jun  8 17:49:37 CommCenter[102] <Notice>: #I setupConfiguration: supportedDataConnection 6: toReactivate = false : settingsChanged = false : configuration present: false
Jun  8 17:49:37 CommCenter[102] <Notice>: #I setupConfiguration: supportedDataConnection 7: toReactivate = false : settingsChanged = false : configuration present: false
Jun  8 17:49:37 CommCenter[102] <Notice>: #I setupConfiguration: supportedDataConnection 8: toReactivate = false : settingsChanged = false : configuration present: false
Jun  8 17:49:37 CommCenter[102] <Notice>: #I setupConfiguration: supportedDataConnection 9: toReactivate = false : settingsChanged = false : configuration present: true
Jun  8 17:49:37 CommCenter[102] <Notice>: #I setupConfiguration: supportedDataConnection 10: toReactivate = false : settingsChanged = false : configuration present: false
Jun  8 17:49:37 CommCenter[102] <Notice>: #I setupConfiguration: supportedDataConnection 11: toReactivate = false : settingsChanged = false : configuration present: false
Jun  8 17:49:37 CommCenter[102] <Notice>: #I setupConfiguration: supportedDataConnection 12: toReactivate = false : settingsChanged = false : configuration present: false
Jun  8 17:49:37 CommCenter[102] <Notice>: #I setupConfiguration: supportedDataConnection 13: toReactivate = false : settingsChanged = false : configuration present: false
Jun  8 17:49:37 CommCenter[102] <Notice>: #I setupConfiguration: supportedDataConnection 14: toReactivate = false : settingsChanged = false : configuration present: false
Jun  8 17:49:37 CommCenter[102] <Notice>: #I setupConfiguration: supportedDataConnection 15: toReactivate = false : settingsChanged = false : configuration present: true
Jun  8 17:49:37 CommCenter[102] <Notice>: #I setupConfiguration: supportedDataConnection 16: toReactivate = false : settingsChanged = false : configuration present: false
Jun  8 17:49:37 CommCenter[102] <Notice>: #I setupConfiguration: supportedDataConnection 17: toReactivate = false : settingsChanged = false : configuration present: true
Jun  8 17:49:37 CommCenter[102] <Notice>: #I setupConfiguration: supportedDataConnection 18: toReactivate = false : settingsChanged = false : configuration present: true
Jun  8 17:49:37 CommCenter[102] <Notice>: #I setupConfiguration: supportedDataConnection 19: toReactivate = false : settingsChanged = false : configuration present: false
Jun  8 17:49:37 CommCenter[102] <Notice>: #I setupConfiguration: supportedDataConnection 20: toReactivate = false : settingsChanged = false : configuration present: false
Jun  8 17:49:37 CommCenter[102] <Notice>: #I setupConfiguration: supportedDataConnection 21: toReactivate = false : settingsChanged = false : configuration present: true
Jun  8 17:49:37 CommCenter[102] <Notice>: #I setupConfiguration: supportedDataConnection 22: toReactivate = false : settingsChanged = false : configuration present: false
Jun  8 17:49:37 CommCenter[102] <Notice>: #I setupConfiguration: supportedDataConnection 23: toReactivate = false : settingsChanged = false : configuration present: false
Jun  8 17:49:37 CommCenter[102] <Notice>: #I setupConfiguration: supportedDataConnection 24: toReactivate = false : settingsChanged = false : configuration present: false
Jun  8 17:49:37 CommCenter[102] <Notice>: #I setupConfiguration: supportedDataConnection 25: toReactivate = false : settingsChanged = false : configuration present: true
Jun  8 17:49:37 CommCenter[102] <Notice>: #I setupConfiguration: supportedDataConnection 26: toReactivate = false : settingsChanged = false : configuration present: false
Jun  8 17:49:37 CommCenter[102] <Notice>: #I setupConfiguration: supportedDataConnection 27: toReactivate = false : settingsChanged = false : configuration present: true
Jun  8 17:49:37 CommCenter[102] <Notice>: #I setupConfiguration: supportedDataConnection 28: toReactivate = false : settingsChanged = false : configuration present: false
Jun  8 17:49:37 CommCenter[102] <Notice>: #I setupConfiguration: supportedDataConnection 29: toReactivate = false : settingsChanged = false : configuration present: false
Jun  8 17:49:37 CommCenter[102] <Notice>: #I setupConfiguration: supportedDataConnection 30: toReactivate = false : settingsChanged = false : configuration present: false
Jun  8 17:49:37 CommCenter[102] <Notice>: #I setupConfiguration: supportedDataConnection 31: toReactivate = false : settingsChanged = false : configuration present: false
Jun  8 17:49:37 CommCenter[102] <Notice>: #I setupConfiguration: supportedDataConnection 32: toReactivate = false : settingsChanged = false : configuration present: false
Jun  8 17:49:37 CommCenter[102] <Notice>: #I setupConfiguration: supportedDataConnection 33: toReactivate = false : settingsChanged = false : configuration present: false
Jun  8 17:49:37 CommCenter[102] <Notice>: #I setupConfiguration: supportedDataConnection 34: toReactivate = false : settingsChanged = false : configuration present: false
Jun  8 17:49:37 CommCenter[102] <Notice>: #I setupConfiguration: supportedDataConnection 35: toReactivate = false : settingsChanged = false : configuration present: false
Jun  8 17:49:37 CommCenter[102] <Notice>: #I setupConfiguration: reactivate 0: toReactivate = false : settingsChanged = false : configuration present: true
Jun  8 17:49:37 CommCenter[102] <Notice>: #I checkActivateConnection: change = false activate = false state = kDataConnectionStateActive fIsActivatingAccrossSimSwap = 0
Jun  8 17:49:37 CommCenter[102] <Notice>: #I setupConfiguration: reactivate 1: toReactivate = false : settingsChanged = false : configuration present: false
Jun  8 17:49:37 CommCenter[102] <Notice>: #I checkActivateConnection: change = false activate = false state = kDataConnectionStateIdle fIsActivatingAccrossSimSwap = 0
Jun  8 17:49:37 CommCenter[102] <Notice>: #I setupConfiguration: reactivate 2: toReactivate = false : settingsChanged = false : configuration present: true
Jun  8 17:49:37 CommCenter[102] <Notice>: #I checkActivateConnection: change = false activate = false state = kDataConnectionStateIdle fIsActivatingAccrossSimSwap = 0
Jun  8 17:49:37 CommCenter[102] <Notice>: #I setupConfiguration: reactivate 3: toReactivate = false : settingsChanged = false : configuration present: false
Jun  8 17:49:37 CommCenter[102] <Notice>: #I checkActivateConnection: change = false activate = false state = kDataConnectionStateIdle fIsActivatingAccrossSimSwap = 0
Jun  8 17:49:37 CommCenter[102] <Notice>: #I setupConfiguration: reactivate 4: toReactivate = false : settingsChanged = false : configuration present: true
Jun  8 17:49:37 CommCenter[102] <Notice>: #I checkActivateConnection: change = false activate = false state = kDataConnectionStateActive fIsActivatingAccrossSimSwap = 0
Jun  8 17:49:37 CommCenter[102] <Notice>: #I setupConfiguration: reactivate 5: toReactivate = false : settingsChanged = false : configuration present: true
Jun  8 17:49:37 CommCenter[102] <Notice>: #I checkActivateConnection: change = false activate = false state = kDataConnectionStateIdle fIsActivatingAccrossSimSwap = 0
Jun  8 17:49:37 CommCenter[102] <Notice>: #I setupConfiguration: reactivate 6: toReactivate = false : settingsChanged = false : configuration present: false
Jun  8 17:49:37 CommCenter[102] <Notice>: #I checkActivateConnection: change = false activate = false state = kDataConnectionStateIdle fIsActivatingAccrossSimSwap = 0
Jun  8 17:49:37 CommCenter[102] <Notice>: #I setupConfiguration: reactivate 7: toReactivate = false : settingsChanged = false : configuration present: false
Jun  8 17:49:37 CommCenter[102] <Notice>: #I checkActivateConnection: change = false activate = false state = kDataConnectionStateIdle fIsActivatingAccrossSimSwap = 0
Jun  8 17:49:37 CommCenter[102] <Notice>: #I setupConfiguration: reactivate 8: toReactivate = false : settingsChanged = false : configuration present: false
Jun  8 17:49:37 CommCenter[102] <Notice>: #I checkActivateConnection: change = false activate = false state = kDataConnectionStateIdle fIsActivatingAccrossSimSwap = 0
Jun  8 17:49:37 CommCenter[102] <Notice>: #I setupConfiguration: reactivate 9: toReactivate = false : settingsChanged = false : configuration present: true
Jun  8 17:49:37 CommCenter[102] <Notice>: #I checkActivateConnection: change = false activate = false state = kDataConnectionStateIdle fIsActivatingAccrossSimSwap = 0
Jun  8 17:49:37 CommCenter[102] <Notice>: #I setupConfiguration: reactivate 10: toReactivate = false : settingsChanged = false : configuration present: false
Jun  8 17:49:37 CommCenter[102] <Notice>: #I checkActivateConnection: change = false activate = false state = kDataConnectionStateIdle fIsActivatingAccrossSimSwap = 0
Jun  8 17:49:37 CommCenter[102] <Notice>: #I setupConfiguration: reactivate 11: toReactivate = false : settingsChanged = false : configuration present: false
Jun  8 17:49:37 CommCenter[102] <Notice>: #I checkActivateConnection: change = false activate = false state = kDataConnectionStateIdle fIsActivatingAccrossSimSwap = 0
Jun  8 17:49:37 CommCenter[102] <Notice>: #I setupConfiguration: reactivate 12: toReactivate = false : settingsChanged = false : configuration present: false
Jun  8 17:49:37 CommCenter[102] <Notice>: #I checkActivateConnection: change = false activate = false state = kDataConnectionStateIdle fIsActivatingAccrossSimSwap = 0
Jun  8 17:49:37 CommCenter[102] <Notice>: #I setupConfiguration: reactivate 13: toReactivate = false : settingsChanged = false : configuration present: false
Jun  8 17:49:37 CommCenter[102] <Notice>: #I checkActivateConnection: change = false activate = false state = kDataConnectionStateIdle fIsActivatingAccrossSimSwap = 0
Jun  8 17:49:37 CommCenter[102] <Notice>: #I setupConfiguration: reactivate 14: toReactivate = false : settingsChanged = false : configuration present: false
Jun  8 17:49:37 CommCenter[102] <Notice>: #I checkActivateConnection: change = false activate = false state = kDataConnectionStateIdle fIsActivatingAccrossSimSwap = 0
Jun  8 17:49:37 CommCenter[102] <Notice>: #I setupConfiguration: reactivate 15: toReactivate = false : settingsChanged = false : configuration present: true
Jun  8 17:49:37 CommCenter[102] <Notice>: #I checkActivateConnection: change = false activate = false state = kDataConnectionStateIdle fIsActivatingAccrossSimSwap = 0
Jun  8 17:49:37 CommCenter[102] <Notice>: #I setupConfiguration: reactivate 16: toReactivate = false : settingsChanged = false : configuration present: false
Jun  8 17:49:37 CommCenter[102] <Notice>: #I checkActivateConnection: change = false activate = false state = kDataConnectionStateIdle fIsActivatingAccrossSimSwap = 0
Jun  8 17:49:37 CommCenter[102] <Notice>: #I setupConfiguration: reactivate 17: toReactivate = false : settingsChanged = false : configuration present: true
Jun  8 17:49:37 CommCenter[102] <Notice>: #I checkActivateConnection: change = false activate = false state = kDataConnectionStateActive fIsActivatingAccrossSimSwap = 0
Jun  8 17:49:37 CommCenter[102] <Notice>: #I setupConfiguration: reactivate 18: toReactivate = false : settingsChanged = false : configuration present: true
Jun  8 17:49:37 CommCenter[102] <Notice>: #I checkActivateConnection: change = false activate = false state = kDataConnectionStateIdle fIsActivatingAccrossSimSwap = 0
Jun  8 17:49:37 CommCenter[102] <Notice>: #I setupConfiguration: reactivate 19: toReactivate = false : settingsChanged = false : configuration present: false
Jun  8 17:49:37 CommCenter[102] <Notice>: #I checkActivateConnection: change = false activate = false state = kDataConnectionStateIdle fIsActivatingAccrossSimSwap = 0
Jun  8 17:49:37 CommCenter[102] <Notice>: #I checkActivateConnection: change = false activate = false state = kDataConnectionStateIdle fIsActivatingAccrossSimSwap = 0
Jun  8 17:49:37 CommCenter[102] <Notice>: #I setupConfiguration: reactivate 20: toReactivate = false : settingsChanged = false : configuration present: false
Jun  8 17:49:37 CommCenter[102] <Notice>: #I checkActivateConnection: change = false activate = false state = kDataConnectionStateIdle fIsActivatingAccrossSimSwap = 0
Jun  8 17:49:37 CommCenter[102] <Notice>: #I setupConfiguration: reactivate 21: toReactivate = false : settingsChanged = false : configuration present: true
Jun  8 17:49:37 CommCenter[102] <Notice>: #I checkActivateConnection: change = false activate = false state = kDataConnectionStateIdle fIsActivatingAccrossSimSwap = 0
Jun  8 17:49:37 CommCenter[102] <Notice>: #I setupConfiguration: reactivate 22: toReactivate = false : settingsChanged = false : configuration present: false
Jun  8 17:49:37 CommCenter[102] <Notice>: #I checkActivateConnection: change = false activate = false state = kDataConnectionStateIdle fIsActivatingAccrossSimSwap = 0
Jun  8 17:49:37 CommCenter[102] <Notice>: #I setupConfiguration: reactivate 23: toReactivate = false : settingsChanged = false : configuration present: false
Jun  8 17:49:37 CommCenter[102] <Notice>: #I checkActivateConnection: change = false activate = false state = kDataConnectionStateIdle fIsActivatingAccrossSimSwap = 0
Jun  8 17:49:37 CommCenter[102] <Notice>: #I setupConfiguration: reactivate 24: toReactivate = false : settingsChanged = false : configuration present: false
Jun  8 17:49:37 CommCenter[102] <Notice>: #I checkActivateConnection: change = false activate = false state = kDataConnectionStateIdle fIsActivatingAccrossSimSwap = 0
Jun  8 17:49:37 CommCenter[102] <Notice>: #I setupConfiguration: reactivate 25: toReactivate = false : settingsChanged = false : configuration present: true
Jun  8 17:49:37 CommCenter[102] <Notice>: #I checkActivateConnection: change = false activate = false state = kDataConnectionStateIdle fIsActivatingAccrossSimSwap = 0
Jun  8 17:49:37 CommCenter[102] <Notice>: #I setupConfiguration: reactivate 26: toReactivate = false : settingsChanged = false : configuration present: false
Jun  8 17:49:37 CommCenter[102] <Notice>: #I checkActivateConnection: change = false activate = false state = kDataConnectionStateIdle fIsActivatingAccrossSimSwap = 0
Jun  8 17:49:37 CommCenter[102] <Notice>: #I setupConfiguration: reactivate 27: toReactivate = false : settingsChanged = false : configuration present: true
Jun  8 17:49:37 CommCenter[102] <Notice>: #I checkActivateConnection: change = false activate = false state = kDataConnectionStateIdle fIsActivatingAccrossSimSwap = 0
Jun  8 17:49:37 CommCenter[102] <Notice>: #I setupConfiguration: reactivate 28: toReactivate = false : settingsChanged = false : configuration present: false
Jun  8 17:49:37 CommCenter[102] <Notice>: #I checkActivateConnection: change = false activate = false state = kDataConnectionStateIdle fIsActivatingAccrossSimSwap = 0
Jun  8 17:49:37 CommCenter[102] <Notice>: #I setupConfiguration: reactivate 29: toReactivate = false : settingsChanged = false : configuration present: false
Jun  8 17:49:37 CommCenter[102] <Notice>: #I checkActivateConnection: change = false activate = false state = kDataConnectionStateIdle fIsActivatingAccrossSimSwap = 0
Jun  8 17:49:37 CommCenter[102] <Notice>: #I setupConfiguration: reactivate 30: toReactivate = false : settingsChanged = false : configuration present: false
Jun  8 17:49:37 CommCenter[102] <Notice>: #I checkActivateConnection: change = false activate = false state = kDataConnectionStateIdle fIsActivatingAccrossSimSwap = 0
Jun  8 17:49:37 CommCenter[102] <Notice>: #I setupConfiguration: reactivate 31: toReactivate = false : settingsChanged = false : configuration present: false
Jun  8 17:49:37 CommCenter[102] <Notice>: #I checkActivateConnection: change = false activate = false state = kDataConnectionStateIdle fIsActivatingAccrossSimSwap = 0
Jun  8 17:49:37 CommCenter[102] <Notice>: #I setupConfiguration: reactivate 32: toReactivate = false : settingsChanged = false : configuration present: false
Jun  8 17:49:37 CommCenter[102] <Notice>: #I checkActivateConnection: change = false activate = false state = kDataConnectionStateIdle fIsActivatingAccrossSimSwap = 0
Jun  8 17:49:37 CommCenter[102] <Notice>: #I setupConfiguration: reactivate 33: toReactivate = false : settingsChanged = false : configuration present: false
Jun  8 17:49:37 CommCenter[102] <Notice>: #I checkActivateConnection: change = false activate = false state = kDataConnectionStateIdle fIsActivatingAccrossSimSwap = 0
Jun  8 17:49:37 CommCenter[102] <Notice>: #I setupConfiguration: reactivate 34: toReactivate = false : settingsChanged = false : configuration present: false
Jun  8 17:49:37 CommCenter[102] <Notice>: #I checkActivateConnection: change = false activate = false state = kDataConnectionStateIdle fIsActivatingAccrossSimSwap = 0
Jun  8 17:49:37 CommCenter[102] <Notice>: #I setupConfiguration: reactivate 35: toReactivate = false : settingsChanged = false : configuration present: false
Jun  8 17:49:37 CommCenter[102] <Notice>: #I checkActivateConnection: change = false activate = false state = kDataConnectionStateIdle fIsActivatingAccrossSimSwap = 0
Jun  8 17:49:37 CommCenter[102] <Notice>: #I deactivateDataSettings: state kDataSettingsStateIdle ct kDataContextBB reason kDataContextDeactivateDataSettings
Jun  8 17:49:37 CommCenter[102] <Notice>: #I deactivateDataSettings: this is not our activator (kDataContextDeactivateDataSettings)
Jun  8 17:49:37 CommCenter[102] <Notice>: #I refreshDataServiceConfiguration: (3) refreshapn: reason = kDataSystemStatus changed = false
Jun  8 17:49:37 CommCenter[102] <Notice>: #I updateCurrentImsPrefOnAllConnections: got IMS pref matching current data mode, send IMS pref(3).
Jun  8 17:49:37 CommCenter[102] <Notice>: #I updateCurrentImsPrefOnAllConnections: 3
Jun  8 17:49:37 CommCenter[102] <Notice>: #I evaluateImsPref: from active settings (kDataContextBB), firing event ct=kDataContextBB bb mask 3 and tech mask 3
Jun  8 17:49:37 CommCenter[102] <Notice>: #I IMS Pref for <private>: ct=kDataContextBB, bb_mask=3, tech_mask=3
Jun  8 17:49:37 CommCenter[102] <Notice>: #I operator(): first grade pdp 4 chosen
Jun  8 17:49:37 CommCenter[102] <Notice>: #I IMS Pref: ct=kDataContextBB --> kDataContextBB, bb_mask=3, tech_mask=3
Jun  8 17:49:37 CommCenter[102] <Notice>: #N Add Frequency List Failed
Jun  8 17:49:37 CommCenter(libSystemDetermination.dylib)[102] <Notice>: #I IMS Pref: ct=kDataContextBB, bb_mask=3, tech_mask=3
Jun  8 17:49:37 CommCenter(libSystemDetermination.dylib)[102] <Notice>: #I <private> = 0
Jun  8 17:49:37 CommCenter[102] <Notice>: #I IMS Pref for <private>: ct=kDataContextBB, bb_mask=3, tech_mask=3
Jun  8 17:49:37 CommCenter[102] <Notice>: #I IMS Pref: ct=kDataContextBB --> kDataContextBB, bb_mask=3, tech_mask=3
Jun  8 17:49:37 CommCenter(libSystemDetermination.dylib)[102] <Notice>: #I IMS Pref: ct=kDataContextBB, bb_mask=3, tech_mask=3
Jun  8 17:49:37 CommCenter(libSystemDetermination.dylib)[102] <Notice>: #I <private> = 0
Jun  8 17:49:37 CommCenter(libSystemDetermination.dylib)[102] <Notice>: #I <private> = (null)
Jun  8 17:49:37 CommCenter(libATCommandStudioDynamic.dylib)[102] <Notice>: QMI: Svc=0xe4(AWD) Ind MsgId=0x1010 Bin=[<private>]
Jun  8 17:49:37 CommCenter(libSystemDetermination.dylib)[102] <Notice>: #I <private> = 0
Jun  8 17:49:37 CommCenter(libATCommandStudioDynamic.dylib)[102] <Notice>: QMI: Svc=0xe4(AWD) Ind MsgId=0x1010 Bin=[<private>]
Jun  8 17:49:37 CommCenter[102] <Notice>: #I got WifiCallingAllowedInRoamingKey value as false.
Jun  8 17:49:37 CommCenter(libBasebandManager.dylib)[102] <Notice>: #I Received segment 32768 of metric 0xc762d
Jun  8 17:49:37 CommCenter(libBasebandManager.dylib)[102] <Notice>: #I Sending <private> to <private> at 1686226777139
Jun  8 17:49:37 CommCenter(libSystemDetermination.dylib)[102] <Notice>: #I <private> = (null)
Jun  8 17:49:37 CommCenter(libSystemDetermination.dylib)[102] <Notice>: #I <private> = 0
Jun  8 17:49:37 CommCenter[102] <Notice>: #I got WifiCallingAllowedInRoamingKey value as false.
Jun  8 17:49:37 CommCenter[102] <Notice>: #I getPreferredContextType: iRAT recommends kDataContextBB
Jun  8 17:49:37 CommCenter[102] <Notice>: #I getPreferredContextType: ContextType: using kDataContextBB
Jun  8 17:49:37 CommCenter(libSystemDetermination.dylib)[102] <Notice>: #I <private> = (null)
Jun  8 17:49:37 CommCenter(libSystemDetermination.dylib)[102] <Notice>: #I <private> = 0
Jun  8 17:49:37 CommCenter[102] <Notice>: #I operator(): first grade pdp 4 chosen
Jun  8 17:49:37 CommCenter[102] <Notice>: #I refreshDataServiceConfiguration: refreshapn done: reason = kDataSystemStatus changed = false
Jun  8 17:49:37 CommCenter[102] <Notice>: #I reactivateAsserted_sync:  due to Data Bearer change force=false
Jun  8 17:49:37 CommCenter[102] <Notice>: #I hasDataAssertions: asserted by fAsserted:0 fCurrentAssertions:1
Jun  8 17:49:37 CommCenter[102] <Notice>: #I reactivationRequired: reactivation might be required BB, id=0, priority=3400
Jun  8 17:49:37 CommCenter[102] <Notice>: #I isTetheringAsserted: TetheringAssertion is asserted by explicit assertion
Jun  8 17:49:37 CommCenter[102] <Notice>: #I reactivationRequired: reactivation might be required BB, id=0, priority=3400
Jun  8 17:49:37 CommCenter[102] <Notice>: #I   --------------> kCTEventIndicatorRadioTransmit (97) sent to 2 (of 130) clients.
Jun  8 17:49:37 CommCenter[102] <Notice>: #I prepareToReactivate: can reactivate: t(OK )
Jun  8 17:49:37 CommCenter[102] <Notice>: #I isTetheringAsserted: TetheringAssertion is asserted by explicit assertion
Jun  8 17:49:37 CommCenter[102] <Notice>: #I reactivationRequired: reactivation might be required BB, id=0, priority=3400
Jun  8 17:49:37 CommCenter[102] <Notice>: #I hasDataAssertions: asserted by fAsserted:0 fCurrentAssertions:1
Jun  8 17:49:37 CommCenter[102] <Notice>: #I reactivationRequired: reactivation might be required BB, id=0, priority=3400
Jun  8 17:49:37 CommCenter[102] <Notice>: #I prepareToReactivate: can reactivate: t(OK )
Jun  8 17:49:37 CommCenter[102] <Notice>: #I reactivateAsserted_sync: trying to reactivate Internet.2
Jun  8 17:49:37 CommCenter[102] <Notice>: #I activateConnection: activateConnection called in kDataConnectionStateActive no need to do anything (doNotPostIfAlreadyActive false)
Jun  8 17:49:37 CommCenter[102] <Notice>: #I -[DataConnectionAgentInterfaceObserver pathSatisfied]: pathSatisfied check: NWAgent <private> agent domain = <private>, type = <private>, fSlicingSupported = false: fAvailability = 1, check satisfied path = 1, status = 1
Jun  8 17:49:37 CommCenter[102] <Notice>: #I -[DataConnectionAgentInterfaceObserver pathSatisfied]: pathSatisfied check: NWAgent <private> agent domain = <private>, type = <private>, fSlicingSupported = false: fAvailability = 1, check satisfied path = 1, status = 1
Jun  8 17:49:37 CommCenter[102] <Notice>: #I <private> request: <private>, expects reply.
Jun  8 17:49:37 CommCenter[102] <Notice>: #I sendActivationEvent: silent = false for kDataConnectionInternet (kDataConnectionInternet)
Jun  8 17:49:37 CommCenter[102] <Notice>: #I <private> reply to request '<private>'.
Jun  8 17:49:37 CommCenter[102] <Notice>: #I Marking Tethering as allowed
Jun  8 17:49:37 CommCenter[102] <Notice>: #I tethering: on auth success
Jun  8 17:49:37 CommCenter[102] <Notice>: #I tethering: update from upper layers coming
Jun  8 17:49:37 CommCenter[102] <Notice>: #I tethering: update: conn=kDataConnectionTotal, authStatus=true, cleanFailed=false, accountId=<private>
Jun  8 17:49:37 CommCenter[102] <Notice>: #I tethering: orig auth status: true
Jun  8 17:49:37 CommCenter[102] <Notice>: #I tethering: old auth status: true
Jun  8 17:49:37 locationd(PersistentConnection)[26469] <Notice>: <PCPersistentInterfaceManager: 0xa44892100> _updateWWANInterfaceUpState wasUp YES isUp YES wantsInterfaceAssertion YES avoidWWANOnCall NO
Jun  8 17:49:37 CommCenter[102] <Notice>: #I <private> request: <private>, expects reply.
Jun  8 17:49:37 CommCenter[102] <Notice>: #I tethering: nw supported
Jun  8 17:49:37 locationd(PersistentConnection)[26469] <Notice>: dataStatus changed - <CTXPCServiceSubscriptionContext 0xa44c6ade0 slotID=CTSubscriptionSlotTwo, userDataPreferred=1, userDefaultVoice=1, isSimPresent=YES, isSimGood=YES>
Jun  8 17:49:37 CommCenter[102] <Notice>: #N tethering: old value the same
Jun  8 17:49:37 locationd[26469] <Notice>: Nlp, received kDataStatusNotification
Jun  8 17:49:37 CommCenter[102] <Notice>: #I isTetheringAsserted: TetheringAssertion is asserted by explicit assertion
Jun  8 17:49:37 locationd[26469] <Notice>: #ca,onTelephonyServiceNotification,kDataStatusNotification
Jun  8 17:49:37 CommCenter[102] <Notice>: #I <private> reply to request '<private>'.
Jun  8 17:49:37 locationd[26469] <Notice>: Nlp, dataindictor, both, 7, 8
Jun  8 17:49:37 locationd[26469] <Notice>: {"msg":"#ca,kDataStatusNotification", "inst":0, "InHomeCountry":1}
Jun  8 17:49:37 locationd[26469] <Notice>: {"msg":"#ca,kDataStatusNotification", "inst":1, "InHomeCountry":1}
Jun  8 17:49:37 locationd[26469] <Notice>: #EmergCon,EMERGENCY:notification,kDataStatusNotification
Jun  8 17:49:37 UserEventAgent(PersistentConnection)[28742] <Notice>: dataStatus changed - <CTXPCServiceSubscriptionContext 0x862b52110 slotID=CTSubscriptionSlotTwo, userDataPreferred=1, userDefaultVoice=1, isSimPresent=YES, isSimGood=YES>
Jun  8 17:49:37 locationd[26469] <Notice>: {"msg":"#awd,kDataStatusNotification", "sim":0, "RAT":7}
Jun  8 17:49:37 UserEventAgent(PersistentConnection)[28742] <Notice>: <PCPersistentInterfaceManager: 0x862b5c040> _updateWWANInterfaceUpState wasUp YES isUp YES wantsInterfaceAssertion YES avoidWWANOnCall NO
Jun  8 17:49:37 locationd[26469] <Notice>: {"msg":"#awd,kDataStatusNotification", "sim":1, "RAT":7}
Jun  8 17:49:37 SpringBoard(PersistentConnection)[34] <Notice>: <PCPersistentInterfaceManager: 0x282da7b10> _updateWWANInterfaceUpState wasUp YES isUp YES wantsInterfaceAssertion YES avoidWWANOnCall NO
Jun  8 17:49:37 symptomsd(SymptomEvaluator)[130] <Notice>: NR frequency band set to 0
Jun  8 17:49:37 calaccessd(PersistentConnection)[27495] <Notice>: dataStatus changed - <CTXPCServiceSubscriptionContext 0x704947280 slotID=CTSubscriptionSlotTwo, userDataPreferred=1, userDefaultVoice=1, isSimPresent=YES, isSimGood=YES>
Jun  8 17:49:37 locationd[26469] <Notice>: {"msg":"#EmergCon,kDataStatusNotification", "inst":0, "InHomeCountry":1}
Jun  8 17:49:37 SpringBoard(PersistentConnection)[34] <Notice>: dataStatus changed - <CTXPCServiceSubscriptionContext 0x283eaf7a0 slotID=CTSubscriptionSlotTwo, userDataPreferred=1, userDefaultVoice=1, isSimPresent=YES, isSimGood=YES>
Jun  8 17:49:37 symptomsd(SymptomEvaluator)[130] <Error>: malloc failed to create a new journal record of type 3
Jun  8 17:49:37 locationd[26469] <Notice>: {"msg":"#Actor handleInHomeCountryStatus", "inst":0, "inHomeCountry":1}
Jun  8 17:49:37 SpringBoard(SystemStatusServer)[34] <Notice>: [STTelephonyStateProvider Slot 2]: updated data connection type -- manager: <STTelephonyStateProvider: 0x282d95320> {
    dualSIMEnabled = YES;
    slot1SubscriptionInfo = <STMutableTelephonySubscriptionInfo: 0x2831a4d00> {
        SIMStatus = kCTSIMSupportSIMStatusReady;
        registrationStatus = registered;
        cellularRegistrationStatus = registered;
        dataConnectionType = 4GOverrideConnection;
        signalStrengthBars = 4;
        isPreferredForDataConnections = NO;
        isProvidingDataConnection = NO;
        operatorName = Airtel;
    };
    slot2SubscriptionInfo = <STMutableTelephonySubscriptionInfo: 0x2831a4d80> {
        SIMStatus = kCTSIMSupportSIMStatusReady;
        registrationStatus = registered;
        cellularRegistrationStatus = registered;
        dataConnectionType = 5GConnection;
        signalStrengthBars = 4;
        isPreferredForDataConnections = YES;
        isProvidingDataConnection = YES;
        operatorName = Airtel;
    };
}
Jun  8 17:49:37 locationd[26469] <Notice>: {"msg":"#awd,kDataStatusNotification", "sim":0, "RAT":7}
Jun  8 17:49:37 locationd[26469] <Notice>: {"msg":"#EmergCon,kDataStatusNotification", "inst":1, "InHomeCountry":1}
Jun  8 17:49:37 locationd[26469] <Notice>: {"msg":"#awd,kDataStatusNotification", "sim":1, "RAT":7}
Jun  8 17:49:37 locationd[26469] <Notice>: {"msg":"#Actor handleInHomeCountryStatus", "inst":1, "inHomeCountry":1}
Jun  8 17:49:37 identityservicesd(PersistentConnection)[64] <Notice>: <PCPersistentInterfaceManager: 0xc54a43ca0> _updateWWANInterfaceUpState wasUp YES isUp YES wantsInterfaceAssertion YES avoidWWANOnCall NO
Jun  8 17:49:37 identityservicesd(PersistentConnection)[64] <Notice>: dataStatus changed - <CTXPCServiceSubscriptionContext 0xc54e468d0 slotID=CTSubscriptionSlotTwo, userDataPreferred=1, userDefaultVoice=1, isSimPresent=YES, isSimGood=YES>
Jun  8 17:49:37 avconferenced(PersistentConnection)[14953] <Notice>: dataStatus changed - <CTXPCServiceSubscriptionContext 0xd84c21f90 slotID=CTSubscriptionSlotTwo, userDataPreferred=1, userDefaultVoice=1, isSimPresent=YES, isSimGood=YES>
Jun  8 17:49:37 imagent(PersistentConnection)[77] <Notice>: <PCPersistentInterfaceManager: 0xd0ca32550> _updateWWANInterfaceUpState wasUp YES isUp YES wantsInterfaceAssertion YES avoidWWANOnCall NO
Jun  8 17:49:37 apsd(PersistentConnection)[139] <Notice>: dataStatus changed - <CTXPCServiceSubscriptionContext 0xb24e04940 slotID=CTSubscriptionSlotTwo, userDataPreferred=1, userDefaultVoice=1, isSimPresent=YES, isSimGood=YES>
Jun  8 17:49:37 rapportd(PersistentConnection)[96] <Notice>: dataStatus changed - <CTXPCServiceSubscriptionContext 0x786e13e60 slotID=CTSubscriptionSlotTwo, userDataPreferred=1, userDefaultVoice=1, isSimPresent=YES, isSimGood=YES>
Jun  8 17:49:37 CommCenter(PersistentConnection)[102] <Notice>: dataStatus changed - <CTXPCServiceSubscriptionContext 0x77c8ad8e0 slotID=CTSubscriptionSlotTwo, userDataPreferred=1, userDefaultVoice=1, isSimPresent=YES, isSimGood=YES>
Jun  8 17:49:37 CommCenter(PersistentConnection)[102] <Notice>: <PCPersistentInterfaceManager: 0x77fa42910> _updateWWANInterfaceUpState wasUp YES isUp YES wantsInterfaceAssertion YES avoidWWANOnCall NO
Jun  8 17:49:37 mediaserverd(PersistentConnection)[37] <Notice>: dataStatus changed - <CTXPCServiceSubscriptionContext 0xd7c724ff0 slotID=CTSubscriptionSlotTwo, userDataPreferred=1, userDefaultVoice=1, isSimPresent=YES, isSimGood=YES>
Jun  8 17:49:37 CommCenter[102] <Notice>: #I (DataStatus)connectionStateChange: pdp=0, state=kActive, conn.mask=1 (0x1) [I] [I], dataMode = kNRNSA (silent false), settings=Settings.2:0, transportType=kDataContextBB, iposted=false
Jun  8 17:49:37 CommCenter[102] <Notice>: Sent notification to 22 (of 58) clients: <private>
Jun  8 17:49:37 symptomsd(SymptomEvaluator)[130] <Notice>: CellThroughputAdviser set propertyChangeTimestamp to 707919577.1451, was 707919569.9347
Jun  8 17:49:37 symptomsd(SymptomEvaluator)[130] <Notice>: CellThroughputAdviser set nrFrequencyBand to 0, was 1
Jun  8 17:49:37 maild(Message)[14985] <Notice>: #Network setting data status: <private>
Jun  8 17:49:37 apsd(PersistentConnection)[139] <Notice>: <PCPersistentInterfaceManager: 0xb24a09740> _updateWWANInterfaceUpState wasUp YES isUp YES wantsInterfaceAssertion YES avoidWWANOnCall NO
Jun  8 17:49:37 homed(PersistentConnection)[27530] <Notice>: dataStatus changed - <CTXPCServiceSubscriptionContext 0xe8a111af0 slotID=CTSubscriptionSlotTwo, userDataPreferred=1, userDefaultVoice=1, isSimPresent=YES, isSimGood=YES>
Jun  8 17:49:37 bulletindistributord(PersistentConnection)[68] <Notice>: dataStatus changed - <CTXPCServiceSubscriptionContext 0x61ae59760 slotID=CTSubscriptionSlotTwo, userDataPreferred=1, userDefaultVoice=1, isSimPresent=YES, isSimGood=YES>
Jun  8 17:49:37 safetyalertsd(PersistentConnection)[95] <Notice>: dataStatus changed - <CTXPCServiceSubscriptionContext 0xc10b202f0 slotID=CTSubscriptionSlotTwo, userDataPreferred=1, userDefaultVoice=1, isSimPresent=YES, isSimGood=YES>
Jun  8 17:49:37 CommCenter[102] <Notice>: #I reactivateAsserted_sync: trying to reactivate WirelessModemTraffic.2
Jun  8 17:49:37 imagent(PersistentConnection)[77] <Notice>: dataStatus changed - <CTXPCServiceSubscriptionContext 0xd0ce291e0 slotID=CTSubscriptionSlotTwo, userDataPreferred=1, userDefaultVoice=1, isSimPresent=YES, isSimGood=YES>
Jun  8 17:49:37 appstored(PersistentConnection)[27557] <Notice>: dataStatus changed - <CTXPCServiceSubscriptionContext 0x60ea06250 slotID=CTSubscriptionSlotTwo, userDataPreferred=1, userDefaultVoice=1, isSimPresent=YES, isSimGood=YES>
Jun  8 17:49:37 CommCenter[102] <Notice>: #I <private> request: <private>, expects reply.
Jun  8 17:49:37 CommCenter[102] <Notice>: #I activateConnection: activateConnection called in kDataConnectionStateActive no need to do anything (doNotPostIfAlreadyActive false)
Jun  8 17:49:37 mediaremoted(PersistentConnection)[40] <Notice>: dataStatus changed - <CTXPCServiceSubscriptionContext 0x874d1c010 slotID=CTSubscriptionSlotTwo, userDataPreferred=1, userDefaultVoice=1, isSimPresent=YES, isSimGood=YES>
Jun  8 17:49:37 CommCenter[102] <Notice>: #I -[DataConnectionAgentInterfaceObserver pathSatisfied]: pathSatisfied check: NWAgent <private> agent domain = <private>, type = <private>, fSlicingSupported = false: fAvailability = 1, check satisfied path = 1, status = 1
Jun  8 17:49:37 CommCenter[102] <Notice>: Sent notification to 3 (of 58) clients: <private>
Jun  8 17:49:37 CommCenter[102] <Notice>: #I Computed base bars of 4 from model Mav5LTE
Jun  8 17:49:37 CommCenter[102] <Notice>: #I -[DataConnectionAgentInterfaceObserver pathSatisfied]: pathSatisfied check: NWAgent <private> agent domain = <private>, type = <private>, fSlicingSupported = false: fAvailability = 1, check satisfied path = 1, status = 1
Jun  8 17:49:37 CommCenter[102] <Notice>: #I <private> reply to request '<private>'.
Jun  8 17:49:37 CommCenter[102] <Notice>: #I sendActivationEvent: silent = false for kDataConnectionWirelessModemTraffic (kDataConnectionWirelessModemTraffic)
Jun  8 17:49:37 CommCenter[102] <Notice>: #I Marking Tethering as allowed
Jun  8 17:49:37 CommCenter[102] <Notice>: #I tethering: on auth success
Jun  8 17:49:37 UserEventAgent(MobileBackup)[28742] <Notice>: internetDataStatus: <private>
Jun  8 17:49:37 CommCenter[102] <Notice>: #I tethering: update from upper layers coming
Jun  8 17:49:37 CommCenter[102] <Notice>: #I tethering: update: conn=kDataConnectionTotal, authStatus=true, cleanFailed=false, accountId=<private>
Jun  8 17:49:37 CommCenter[102] <Notice>: #I tethering: orig auth status: true
Jun  8 17:49:37 CommCenter[102] <Notice>: #I tethering: old auth status: true
Jun  8 17:49:37 CommCenter[102] <Notice>: #I tethering: nw supported
Jun  8 17:49:37 CommCenter[102] <Notice>: #N tethering: old value the same
Jun  8 17:49:37 CommCenter[102] <Notice>: #I isTetheringAsserted: TetheringAssertion is asserted by explicit assertion
Jun  8 17:49:37 CommCenter[102] <Notice>: #I tethering: on connection state update
Jun  8 17:49:37 CommCenter[102] <Notice>: #I tethering: top update
Jun  8 17:49:37 CommCenter[102] <Notice>: #I tethering: update from upper layers coming
Jun  8 17:49:37 sharingd[74] <Notice>: Updating data status <CTDataStatus 0xaef85d4e0, attached=1, dataSim=1, indicator=5G (8), indicatorOverride=none (0), roamAllowed=1, radioTechnology=LTE (7), reg.dataMode=NRNSA (16), dataBearerTechnology=LTE (4), dataBearerSoMask=0x1, signalingReduction=0, cellularDataPossible=1, activeContexts=2, totalActiveContexts=3, inHomeCountry=1, newRadioCoverage=1, reason=connection state change (1)>
Jun  8 17:49:37 sharingd(CoreUtils)[74] <Notice>: Advertiser state: Pref no, Client Count 4, Family Count 0, Supported yes, SysMon yes, Max Cnx no, HSA2 yes, ManateeAvailable yes, WombatStream no
Jun  8 17:49:37 sharingd(CoreUtils)[74] <Notice>: Companion link state: Pref no, Host Count 2, Family Count 0, HSA2 yes, ManateeAvailable yes, SysMon no, Browser yes, Inactive no
Jun  8 17:49:37 CommCenter[102] <Notice>: #I tethering: update: conn=kDataConnectionWirelessModemTraffic, authStatus=unknown, cleanFailed=false, accountId=<private>
Jun  8 17:49:37 sharingd(CoreUtils)[74] <Notice>: Legacy browser state: Pref no, Hosts 0, Clients 0, Total 5, SysMon yes, IDS yes, HS yes, HSA2 yes, ManateeAvailable yes
Jun  8 17:49:37 CommCenter[102] <Notice>: #I tethering: orig auth status: true
Jun  8 17:49:37 CommCenter[102] <Notice>: #I tethering: old auth status: true
Jun  8 17:49:37 CommCenter[102] <Notice>: #I tethering: nw supported
Jun  8 17:49:37 CommCenter[102] <Notice>: #I tethering: using old auth status: true
Jun  8 17:49:37 CommCenter[102] <Notice>: #I isTetheringAsserted: TetheringAssertion is asserted by explicit assertion
Jun  8 17:49:37 identityservicesd(IDSFoundation)[64] <Notice>: Received CT data status changed callback { context: <CTXPCServiceSubscriptionContext 0xc54e468d0 slotID=CTSubscriptionSlotTwo, userDataPreferred=1, userDefaultVoice=1, isSimPresent=YES, isSimGood=YES>, isRelevant: YES, dataStatus: <private> }
Jun  8 17:49:37 CommCenter[102] <Notice>: #I -[DataConnectionAgentInterfaceObserver pathSatisfied]: pathSatisfied check: NWAgent <private> agent domain = <private>, type = <private>, fSlicingSupported = false: fAvailability = 1, check satisfied path = 1, status = 1
Jun  8 17:49:37 CommCenter[102] <Notice>: #I -[DataConnectionAgentInterfaceObserver pathSatisfied]: pathSatisfied check: NWAgent <private> agent domain = <private>, type = <private>, fSlicingSupported = false: fAvailability = 1, check satisfied path = 1, status = 1
Jun  8 17:49:37 CommCenter[102] <Notice>: #I sendActivationEvent: silent = false for kDataConnectionInternet (kDataConnectionInternet)
Jun  8 17:49:37 CommCenter[102] <Notice>: #I Marking Tethering as allowed
Jun  8 17:49:37 CommCenter[102] <Notice>: #I tethering: on auth success
Jun  8 17:49:37 CommCenter[102] <Notice>: #I tethering: update from upper layers coming
Jun  8 17:49:37 CommCenter[102] <Notice>: #I tethering: update: conn=kDataConnectionTotal, authStatus=true, cleanFailed=false, accountId=<private>
Jun  8 17:49:37 CommCenter[102] <Notice>: #I tethering: orig auth status: true
Jun  8 17:49:37 CommCenter(libATCommandStudioDynamic.dylib)[102] <Notice>: QMI: Svc=0xe4(AWD) Ind MsgId=0x1011 Bin=[<private>]
Jun  8 17:49:37 CommCenter[102] <Notice>: #I tethering: old auth status: true
Jun  8 17:49:37 identityservicesd(IDSFoundation)[64] <Notice>: getCTXPCServiceSubscriptionContext: <private>
Jun  8 17:49:37 CommCenter[102] <Notice>: #I tethering: nw supported
Jun  8 17:49:37 CommCenter[102] <Notice>: #N tethering: old value the same
Jun  8 17:49:37 CommCenter(libATCommandStudioDynamic.dylib)[102] <Notice>: QMI: Svc=0xe4(AWD) Ind MsgId=0x1011 Bin=[<private>]
Jun  8 17:49:37 CommCenter[102] <Notice>: #I isTetheringAsserted: TetheringAssertion is asserted by explicit assertion
Jun  8 17:49:37 CommCenter[102] <Notice>: #I -[DataConnectionAgentInterfaceObserver pathSatisfied]: pathSatisfied check: NWAgent <private> agent domain = <private>, type = <private>, fSlicingSupported = false: fAvailability = 1, check satisfied path = 1, status = 1
Jun  8 17:49:37 CommCenter[102] <Notice>: #I -[DataConnectionAgentInterfaceObserver pathSatisfied]: pathSatisfied check: NWAgent <private> agent domain = <private>, type = <private>, fSlicingSupported = false: fAvailability = 1, check satisfied path = 1, status = 1
Jun  8 17:49:37 CommCenter[102] <Notice>: #I sendActivationEvent: silent = false for kDataConnectionWirelessModemTraffic (kDataConnectionWirelessModemTraffic)
Jun  8 17:49:37 CommCenter[102] <Notice>: #I Marking Tethering as allowed
Jun  8 17:49:37 CommCenter[102] <Notice>: #I tethering: on auth success
Jun  8 17:49:37 CommCenter[102] <Notice>: #I tethering: update from upper layers coming
Jun  8 17:49:37 CommCenter[102] <Notice>: #I tethering: update: conn=kDataConnectionTotal, authStatus=true, cleanFailed=false, accountId=<private>
Jun  8 17:49:37 CommCenter[102] <Notice>: #I tethering: orig auth status: true
Jun  8 17:49:37 CommCenter[102] <Notice>: #I tethering: old auth status: true
Jun  8 17:49:37 CommCenter[102] <Notice>: #I tethering: nw supported
Jun  8 17:49:37 CommCenter[102] <Notice>: #N tethering: old value the same
Jun  8 17:49:37 CommCenter[102] <Notice>: #I isTetheringAsserted: TetheringAssertion is asserted by explicit assertion
Jun  8 17:49:37 CommCenter[102] <Notice>: #I tethering: on connection state update
Jun  8 17:49:37 CommCenter[102] <Notice>: #I tethering: top update
Jun  8 17:49:37 CommCenter[102] <Notice>: #I tethering: update from upper layers coming
Jun  8 17:49:37 identityservicesd(IDSFoundation)[64] <Notice>: currentDataSimContext: <CTXPCServiceSubscriptionContext 0xc54c8ec80 slotID=CTSubscriptionSlotTwo, userDataPreferred=1, userDefaultVoice=1, isSimPresent=YES, isSimGood=YES>
Jun  8 17:49:37 CommCenter[102] <Notice>: #I tethering: update: conn=kDataConnectionWirelessModemTraffic, authStatus=unknown, cleanFailed=false, accountId=<private>
Jun  8 17:49:37 CommCenter[102] <Notice>: #I tethering: orig auth status: true
Jun  8 17:49:37 CommCenter[102] <Notice>: #I tethering: old auth status: true
Jun  8 17:49:37 CommCenter[102] <Notice>: #I tethering: nw supported
Jun  8 17:49:37 CommCenter[102] <Notice>: #I tethering: using old auth status: true
Jun  8 17:49:37 CommCenter[102] <Notice>: #I isTetheringAsserted: TetheringAssertion is asserted by explicit assertion
Jun  8 17:49:37 CommCenter[102] <Notice>: #I sendActivationEvent: silent = false for kDataConnectionWirelessModemAuthentication (kDataConnectionWirelessModemAuthentication)
Jun  8 17:49:37 CommCenter[102] <Notice>: #I sendActivationEvent: We are not posting external event because the context state 2 is different from the connection state 0
Jun  8 17:49:37 CommCenter[102] <Notice>: #I tethering: on connection state update: kDataConnectionStateIdle
Jun  8 17:49:37 CommCenter[102] <Notice>: #I tethering: top update
Jun  8 17:49:37 CommCenter[102] <Notice>: #I tethering: update from upper layers coming
Jun  8 17:49:37 CommCenter[102] <Notice>: #I tethering: update: conn=kDataConnectionTotal, authStatus=unknown, cleanFailed=false, accountId=<private>
Jun  8 17:49:37 CommCenter[102] <Notice>: #I tethering: orig auth status: true
Jun  8 17:49:37 CommCenter[102] <Notice>: #I tethering: old auth status: true
Jun  8 17:49:37 identityservicesd(IDSFoundation)[64] <Notice>: _updateDataBearerSoMask: radioAccessTech: 7, data indicator: 8, soMask: 1, _dataSoMaskBits: 23, context: <CTXPCServiceSubscriptionContext 0xc54c8ec80 slotID=CTSubscriptionSlotTwo, userDataPreferred=1, userDefaultVoice=1, isSimPresent=YES, isSimGood=YES>, data status: <private>
Jun  8 17:49:37 identityservicesd(IDSFoundation)[64] <Notice>: _updateClientDataBearerSoMask: update AVC cellular so Mask: 1
Jun  8 17:49:37 CommCenter[102] <Notice>: #I tethering: nw supported
Jun  8 17:49:37 identityservicesd(IDSFoundation)[64] <Notice>: [delegates count]: 1
Jun  8 17:49:37 identityservicesd[64] <Notice>: cellular SoMask changed: 1.
Jun  8 17:49:37 CommCenter[102] <Notice>: #I tethering: using old auth status: true
Jun  8 17:49:37 CommCenter[102] <Notice>: #I isTetheringAsserted: TetheringAssertion is asserted by explicit assertion
Jun  8 17:49:37 CommCenter[102] <Notice>: #I -[DataConnectionAgentInterfaceObserver pathSatisfied]: pathSatisfied check: NWAgent <private> agent domain = <private>, type = <private>, fSlicingSupported = false: fAvailability = 1, check satisfied path = 1, status = 1
Jun  8 17:49:37 CommCenter[102] <Notice>: #I -[DataConnectionAgentInterfaceObserver pathSatisfied]: pathSatisfied check: NWAgent <private> agent domain = <private>, type = <private>, fSlicingSupported = false: fAvailability = 1, check satisfied path = 1, status = 1
Jun  8 17:49:37 CommCenter[102] <Notice>: #I sendActivationEvent: silent = false for kDataConnectionIM (kDataConnectionIM)
Jun  8 17:49:37 CommCenter[102] <Notice>: #I operator(): first grade pdp 4 chosen
Jun  8 17:49:37 CommCenter(libSystemDetermination.dylib)[102] <Notice>: #I <private> = (null)
Jun  8 17:49:37 CommCenter(libSystemDetermination.dylib)[102] <Notice>: #I <private> = 0
Jun  8 17:49:37 CommCenter[102] <Notice>: #I got WifiCallingAllowedInRoamingKey value as false.
Jun  8 17:49:37 CommCenter(libATCommandStudioDynamic.dylib)[102] <Notice>: QMI: Svc=0x22(COEX) Ind MsgId=0x0030 Bin=[<private>]
Jun  8 17:49:37 CommCenter(libBasebandCommandDriversQMI.dylib)[102] <Notice>: #I Update for SubId=0 -> <private>
Jun  8 17:49:37 CommCenter(libSystemDetermination.dylib)[102] <Notice>: #I <private> = (null)
Jun  8 17:49:37 CommCenter(libSystemDetermination.dylib)[102] <Notice>: #I <private> = 0
Jun  8 17:49:37 CommCenter[102] <Notice>: #I got WifiCallingAllowedInRoamingKey value as false.
Jun  8 17:49:37 CommCenter[102] <Notice>: #I getPreferredContextType: iRAT recommends kDataContextBB
Jun  8 17:49:37 CommCenter[102] <Notice>: #I getPreferredContextType: ContextType: using kDataContextBB
Jun  8 17:49:37 CommCenter(libSystemDetermination.dylib)[102] <Notice>: #I <private> = (null)
Jun  8 17:49:37 CommCenter(libSystemDetermination.dylib)[102] <Notice>: #I <private> = 0
Jun  8 17:49:37 CommCenter[102] <Notice>: #I operator(): first grade pdp 4 chosen
Jun  8 17:49:37 CommCenter[102] <Notice>: #I operator(): first grade pdp 4 chosen
Jun  8 17:49:37 CommCenter(libSystemDetermination.dylib)[102] <Notice>: #I <private> = (null)
Jun  8 17:49:37 CommCenter(libSystemDetermination.dylib)[102] <Notice>: #I <private> = 0
Jun  8 17:49:37 CommCenter[102] <Notice>: #I got WifiCallingAllowedInRoamingKey value as false.
Jun  8 17:49:37 CommCenter(libSystemDetermination.dylib)[102] <Notice>: #I <private> = (null)
Jun  8 17:49:37 CommCenter(libSystemDetermination.dylib)[102] <Notice>: #I <private> = 0
Jun  8 17:49:37 CommCenter[102] <Notice>: #I got WifiCallingAllowedInRoamingKey value as false.
Jun  8 17:49:37 CommCenter[102] <Notice>: #I getPreferredContextType: iRAT recommends kDataContextBB
Jun  8 17:49:37 CommCenter[102] <Notice>: #I getPreferredContextType: ContextType: using kDataContextBB
Jun  8 17:49:37 CommCenter(libSystemDetermination.dylib)[102] <Notice>: #I <private> = (null)
Jun  8 17:49:37 CommCenter(libSystemDetermination.dylib)[102] <Notice>: #I <private> = 0
Jun  8 17:49:37 CommCenter[102] <Notice>: #I operator(): first grade pdp 4 chosen
Jun  8 17:49:37 CommCenter(libATCommandStudioDynamic.dylib)[102] <Notice>: QMI: Svc=0xe4(AWD) Ind MsgId=0x1013 Bin=[<private>]
Jun  8 17:49:37 CommCenter(libATCommandStudioDynamic.dylib)[102] <Notice>: QMI: Svc=0xe4(AWD) Ind MsgId=0x1013 Bin=[<private>]
Jun  8 17:49:37 backboardd(BiometricKit)[69] <Notice>: BKDevicePearl::createPresenceDetectOperation
Jun  8 17:49:37 backboardd(BiometricKit)[69] <Notice>: BKOperation::initWithDevice <private>
Jun  8 17:49:37 backboardd(BiometricKit)[69] <Notice>: BKOperation::initWithDevice -> <private> (_cid 3382136264)
Jun  8 17:49:37 backboardd(BiometricKit)[69] <Notice>: BKDevicePearl::createPresenceDetectOperation -> <private> (null)
Jun  8 17:49:37 backboardd(BiometricKit)[69] <Notice>: BKOperation::setDelegate <private> (_cid 3382136264)
Jun  8 17:49:37 backboardd(BiometricKit)[69] <Notice>: BKOperation::setDelegate -> void
Jun  8 17:49:37 backboardd(BiometricKit)[69] <Notice>: BKOperation::startOperation(async=1)
Jun  8 17:49:37 backboardd(BiometricKit)[69] <Notice>: BKFaceDetectOperation::startBioOperation (_cid 3382136264)
Jun  8 17:49:37 biometrickitd(BiometricSupport)[115] <Notice>: registerDelegate:withClient: 1 <private> -> void
Jun  8 17:49:37 backboardd(BiometricKit)[69] <Notice>: BKFaceDetectOperation::startBioOperation -> void
Jun  8 17:49:37 backboardd(BiometricKit)[69] <Notice>: BKOperation::startOperation -> void
Jun  8 17:49:37 backboardd(AttentionAwareness)[69] <Notice>:        PearlAttentionSampler.m:700 :  430392.53737:  Info: <AWPearlAttentionSampler: 0x9d89169c0> (samplingSuppressed: false unitTestSampling: false) completing AWAttentionSamplerState transition (Unknown -> Initializing)
Jun  8 17:49:37 backboardd(AttentionAwareness)[69] <Notice>:        PearlAttentionSampler.m:411 :  430392.53749:  Info: <AWPearlAttentionSampler: 0x9d89169c0> (samplingSuppressed: false unitTestSampling: false) starting presence operation 0x9d8af0950 with deadline       0.00000, interval       0.00000
Jun  8 17:49:37 biometrickitd(BiometricSupport)[115] <Notice>: detectPresenceWithOptions:withClient: <private> <private>
Jun  8 17:49:37 kernel(ApplePearlSEPDriver)[0] <Notice>: performSpecificCommandGated: command:FaceDetectMode (5), value:0, inLength:7, outLength:0
Jun  8 17:49:37 kernel(IOBiometricFamily)[0] <Notice>: IOBiometricService::switchCommandMode: Idle (1) -> PresenceDetect (4)
Jun  8 17:49:37 kernel(ApplePearlSEPDriver)[0] <Notice>: handleCommandModeSwitch: Idle (1) -> PresenceDetect (4)
Jun  8 17:49:37 biometrickitd(CoreMotion)[115] <Notice>: Starting orientation updates, callback mode -1, enable 0
Jun  8 17:49:37 kernel(ApplePearlSEPDriver)[0] <Notice>: cameraStateHandler: _commandMode:PresenceDetect (4), _cameraState:PoweredOff (1), _faceDetected:0, _failedCommand:0, _newOperationStarted:1
Jun  8 17:49:37 backboardd(IOKit)[69] <Notice>: Connection: 28D0CC06-E0C9-4249-8CFA-0725191E7A7E not entitled to match protected service: 4294968950
Jun  8 17:49:37 kernel(AppleH13CameraInterface)[0] <Notice>: AppleH13PearlCam::PearlCamMessageHandler_PowerOn (ExternalClient)
Jun  8 17:49:37 kernel(ApplePPMCPMS)[0] <Notice>: ApplePPMCPMS::admissionCheckOfValue:client 3, timescale 1, level 11097
Jun  8 17:49:37 kernel(ApplePPMCPMS)[0] <Notice>: ApplePPMPolicyCPMS::resolveClientBudgets:Budget Trace: clientId 3, Timescale 1, Requested Budget 11097, Granted Budget 11097, Thermal Budget 4294967295, PowerBudgetUPO 16247
Jun  8 17:49:37 kernel(ApplePPMCPMS)[0] <Notice>: ApplePPMCPMS::admissionCheckOfValue:granted client 3, timescale 1, level 11097 budget 2
Jun  8 17:49:37 kernel(AppleH13CameraInterface)[0] <Notice>: AppleH13CamIn::ISP_PPMAdmissionCheck_gated - admission check: clientIndex=0, subClientID=0; budgetReq=2; budgetAlloc=2; result=0x00000000
Jun  8 17:49:37 kernel(ApplePearlSEPDriver)[0] <Notice>: powerOnAndStartCamera: NEW SEQUENCE [4818:*] Attention started (_frameQueue:0, _frameProcessingQueue:0, _framesHeld:0, _frameDebugCount:0, retryType:0, ER:0, continuous:0)
Jun  8 17:49:37 kernel(AppleH13CameraInterface)[0] <Notice>: AppleH13CamIn::ISP_PowerOnCamera_gated (fPowerEvent=0, fOutstandingPowerUpRequests=0, fSystemSleepInProgress=0)
Jun  8 17:49:37 kernel(AppleH13CameraInterface)[0] <Notice>: AppleH13CamIn::ISP_PowerOnCamera_gated - requesting ISP power up
Jun  8 17:49:37 kernel(AppleH13CameraInterface)[0] <Notice>: AppleH13CamIn::ISP_PowerOnCamera_gated (turn on) - change fPowerEvent from 0 to PowerOnPending
Jun  8 17:49:37 kernel(AppleH13CameraInterface)[0] <Notice>: AppleH13CamIn::setPowerStateGated - 1
Jun  8 17:49:37 kernel(AppleH13CameraInterface)[0] <Notice>: AppleH13CamIn::setPowerStateGated (turn on) - Transitioned fPowerEvent from 1 to onPending
Jun  8 17:49:37 kernel(AppleH13CameraInterface)[0] <Notice>: AppleH13CamIn::power_on_hardware
Jun  8 17:49:37 kernel[0] <Notice>: Couldn't alloc class "AppleKeyStoreTest"
Jun  8 17:49:37 kernel(AppleH13CameraInterface)[0] <Notice>: AppleH13CamIn::MotionDataEnable - Enabling for Endpoint 0
Jun  8 17:49:37 kernel(AppleH13CameraInterface)[0] <Notice>: AppleH13CamIn::MotionDataEnable - MotionStateSet(true)
Jun  8 17:49:37 kernel(AppleH13CameraInterface)[0] <Notice>: AppleH13CamIn::MotionDataEnable - Enabling for Endpoint 1
Jun  8 17:49:37 kernel(AppleH13CameraInterface)[0] <Notice>: AppleH13CamIn::MotionDataEnable - Enabling for Endpoint 2
Jun  8 17:49:37 kernel(AppleH13CameraInterface)[0] <Notice>: AppleH13CamIn::MotionDataEnable - Enabling for Endpoint 3
Jun  8 17:49:37 kernel(AppleH13CameraInterface)[0] <Notice>: AppleH13CamIn::MotionDataEnable - MotionStateSet(true)
Jun  8 17:49:37 biometrickitd(CoreMotion)[115] <Notice>: [CLIoHidInterface] Checking matching property Built-In = <private> for service ref <private>
Jun  8 17:49:37 biometrickitd(CoreMotion)[115] <Notice>: [CLIoHidInterface] Service ref with usage pair {32, 138} is <private> with matching properties <private>
Jun  8 17:49:37 biometrickitd(CoreMotion)[115] <Notice>: [CLIoHidInterface] Property for usage pair {32, 138}: {ReportInterval = 0} was set successfully
Jun  8 17:49:37 backboardd(IOKit)[69] <Notice>: Connection: 28D0CC06-E0C9-4249-8CFA-0725191E7A7E not entitled to match protected service: 4294968950
Jun  8 17:49:37 backboardd(IOKit)[69] <Notice>: 0x100000644: set report interval:0 client:28D0CC06-E0C9-4249-8CFA-0725191E7A7E
Jun  8 17:49:37 backboardd(IOKit)[69] <Notice>: 0x100000644: set report interval:0 client:28D0CC06-E0C9-4249-8CFA-0725191E7A7E
Jun  8 17:49:37 biometrickitd(CoreMotion)[115] <Notice>: [CLIoHidInterface] Service ref with usage pair {65292, 3} is <private> with matching properties <private>
Jun  8 17:49:37 biometrickitd(CoreMotion)[115] <Notice>: [CLIoHidInterface] Checking matching property Built-In = <private> for service ref <private>
Jun  8 17:49:37 biometrickitd(CoreMotion)[115] <Notice>: [CLIoHidInterface] Service ref with usage pair {32, 138} is <private> with matching properties <private>
Jun  8 17:49:37 biometrickitd(libBKDM2.dylib)[115] <Notice>: sending status message 1012 to <private>
Jun  8 17:49:37 biometrickitd(BiometricSupport)[115] <Notice>: updateActiveOperationNotificationWithOverride: posted value = 3
Jun  8 17:49:37 biometrickitd(libBKDM2.dylib)[115] <Notice>: sending status message 1001 to <private>
Jun  8 17:49:37 kernel(IOHIDFamily)[0] <Notice>: open by AppleSPUHIDDeviceUserClient 0x10004c6ae (0x0)
Jun  8 17:49:37 backboardd(BiometricKit)[69] <Notice>: BKOperation::changeState 2
Jun  8 17:49:37 backboardd(BiometricKit)[69] <Notice>: BKOperation::changeState -> void
Jun  8 17:49:37 biometrickitd(CoreMotion)[115] <Notice>: Opened hid driver interface, registryID <private>, {cfPlugInInterface, hidDriverInterface} was then {<private>,<private>}, is now {<private>,<private>}
Jun  8 17:49:37 backboardd(BiometricKit)[69] <Notice>: BKOperation::startOperation -> reply(1, (null))
Jun  8 17:49:37 biometrickitd(CoreMotion)[115] <Notice>: [CLIoHidInterface] Property for usage pair {32, 138}: {ReportInterval = 1} was set successfully
Jun  8 17:49:37 backboardd(IOKit)[69] <Notice>: 0x100000644: set report interval:1 client:28D0CC06-E0C9-4249-8CFA-0725191E7A7E
Jun  8 17:49:37 backboardd(BiometricKit)[69] <Notice>: BKDevicePearl::statusMessage: 1012
Jun  8 17:49:37 backboardd(BiometricKit)[69] <Notice>: BKDevicePearl::statusMessage: -> void
Jun  8 17:49:37 backboardd(BiometricKit)[69] <Notice>: BKDevicePearl::statusMessage: 1012
Jun  8 17:49:37 backboardd(AttentionAwareness)[69] <Notice>:        PearlAttentionSampler.m:1065:  430392.54574:  Info: <AWPearlAttentionSampler: 0x9d89169c0> (samplingSuppressed: false unitTestSampling: false) operation 0x9d8af0950 stateChanged Running
Jun  8 17:49:37 backboardd(BiometricKit)[69] <Notice>: BKDevicePearl::statusMessage: -> void
Jun  8 17:49:37 backboardd(AttentionAwareness)[69] <Notice>:        PearlAttentionSampler.m:1044:  430392.54583:  Info: <AWPearlAttentionSampler: 0x9d89169c0> (samplingSuppressed: false unitTestSampling: false) pearlStateChanged FaceDetect
Jun  8 17:49:37 backboardd(BiometricKit)[69] <Notice>: BKDevicePearl::statusMessage: 1001
Jun  8 17:49:37 backboardd(BiometricKit)[69] <Notice>: BKDevicePearl::statusMessage: -> void
Jun  8 17:49:37 backboardd(AttentionAwareness)[69] <Notice>:        PearlAttentionSampler.m:392 :  430392.54591:  Info: <AWPearlAttentionSampler: 0x9d89169c0> (samplingSuppressed: false unitTestSampling: false) presence operation 0x9d8af0950 successfully started
Jun  8 17:49:37 backboardd(BiometricKit)[69] <Notice>: BKDevicePearl::statusMessage: 1001
Jun  8 17:49:37 backboardd(BiometricKit)[69] <Notice>: BKDevicePearl::statusMessage: -> void
Jun  8 17:49:37 backboardd(AttentionAwareness)[69] <Notice>:        PearlAttentionSampler.m:1021:  430392.54620:  Info: <AWPearlAttentionSampler: 0x9d89169c0> (samplingSuppressed: false unitTestSampling: false) pearlEventOccurred FaceDetectStarted, current operation 0x9d8af0950 state Running
Jun  8 17:49:37 appleh13camerad[141] <Error>: New connection: kernel
Jun  8 17:49:37 appleh13camerad[141] <Error>: Total number of connections: 1
Jun  8 17:49:37 lockdownd[27614] <Notice>: main_block_invoke_2: <private>
Jun  8 17:49:37 kernel(AppleH13CameraInterface)[0] <Notice>: AppleH13CamIn::power_on_hardware - ISP-ANE networks, no DART remapping for ISP side during poweron
Jun  8 17:49:37 kernel(AppleH13CameraInterface)[0] <Notice>: AppleH13CamIn::ISP_ResumeFirmware
Jun  8 17:49:37 kernel(AppleH13CameraInterface)[0] <Notice>: AppleH13CamIn::ISP_ResumeFirmware - IPC PowerOn ANE
Jun  8 17:49:37 kernel(AppleH11ANEInterface)[0] <Notice>: ANE0: virtual IOReturn AneIspIPCEndPoints::processIPCServiceMsg_gated(OSString *, void *, void *) :H11ANEIn: ANE_PowerOnByKernelClient_gated is called by ISP
Jun  8 17:49:37 kernel(AppleH11ANEInterface)[0] <Notice>: ANE0 IOReturn H11ANEIn::ANE_PowerOn_gated(void *, const char *, bool)
 ISP
Jun  8 17:49:37 kernel(AppleH11ANEInterface)[0] <Notice>: ANE0: IOReturn H11ANEIn::ANE_PowerOn_gated(void *, const char *, bool) :H11ANEIn::clientname:ISP isPowered: 0
Jun  8 17:49:37 kernel(AppleH11ANEInterface)[0] <Notice>: ANE0: IOReturn H11ANEIn::ANE_PowerOn_gated(void *, const char *, bool) :H11ANEIn::clientname:aned isPowered: 1
Jun  8 17:49:37 kernel(AppleH11ANEInterface)[0] <Notice>: ANE0: IOReturn H11ANEIn::ANE_PowerOn_gated(void *, const char *, bool) :H11ANEIn::clientname:AccessibilityUIS isPowered: 1
Jun  8 17:49:37 kernel(AppleH11ANEInterface)[0] <Notice>: ANE0 IOReturn H11ANEIn::ANE_PowerOn_gated(void *, const char *, bool)
 ISP
Jun  8 17:49:37 kernel(AppleH11ANEInterface)[0] <Notice>: ANE0:IOReturn H11ANEIn::ANE_PowerOn_gated(void *, const char *, bool) :H11ANEIn::power early already: 0
Jun  8 17:49:37 aggregated(PowerlogLiteOperators)[28036] <Error>: NWPath does not have valid interface: satisfied (Path is satisfied), interface: en0[802.11], ipv4, ipv6, dns
Jun  8 17:49:37 transparencyd[27535] <Notice>: nw_path update: network is available
Jun  8 17:49:37 symptomsd(SymptomEvaluator)[130] <Notice>: NWPath: kNetworkCell  NWPathStatusSatisfied   interfaceName pdp_ip0 index 3
Jun  8 17:49:37 apsd(Network)[139] <Notice>: [C544.1.1 IPv6#65312f15.5223 ready channel-flow (satisfied (Path is satisfied), viable, interface: pdp_ip0[lte], scoped, ipv4, ipv6, dns, expensive)] event: path:satisfied_change @7889.000s, uuid: 4CCAC326-77F8-4241-9962-81157C808DF4
Jun  8 17:49:37 kernel[0] <Error>: netagent_get_agent_domain_and_type: Type requested for invalid netagent
Jun  8 17:49:37 apsd(Network)[139] <Notice>: [C544.1 Hostname#24159559:5223 ready resolver (satisfied (Path is satisfied), interface: pdp_ip0[endc_sub6], scoped, ipv4, ipv6, dns, expensive)] event: path:satisfied_change @7889.000s, uuid: 85A9F9B7-0A5D-4263-8F1E-9B842038CD7A
Jun  8 17:49:37 apsd(Network)[139] <Notice>: [C544 IPv6#65312f15.5223 ready parent-flow (satisfied (Path is satisfied), interface: pdp_ip0[endc_sub6], scoped, ipv4, ipv6, dns, expensive)] event: path:satisfied_change @7889.000s, uuid: 85A9F9B7-0A5D-4263-8F1E-9B842038CD7A
Jun  8 17:49:37 apsd(Network)[139] <Notice>: [C544.1 Hostname#24159559:5223 ready resolver (satisfied (Path is satisfied), interface: pdp_ip0[lte], scoped, ipv4, ipv6, dns, expensive)] event: path:satisfied_change @7889.001s, uuid: 85A9F9B7-0A5D-4263-8F1E-9B842038CD7A
Jun  8 17:49:37 apsd(Network)[139] <Notice>: [C544 IPv6#65312f15.5223 ready parent-flow (satisfied (Path is satisfied), interface: pdp_ip0[endc_sub6], scoped, ipv4, ipv6, dns, expensive)] event: path:satisfied_change @7889.001s, uuid: 85A9F9B7-0A5D-4263-8F1E-9B842038CD7A
Jun  8 17:49:37 apsd(Network)[139] <Notice>: [C544 IPv6#65312f15.5223 ready parent-flow (satisfied (Path is satisfied), interface: pdp_ip0[lte], scoped, ipv4, ipv6, dns, expensive)] event: path:satisfied_change @7889.001s, uuid: 85A9F9B7-0A5D-4263-8F1E-9B842038CD7A
Jun  8 17:49:37 kernel[0] <Error>: netagent_get_agent_domain_and_type: Type requested for invalid netagent
Jun  8 17:49:37 CommCenter[102] <Notice>: #I operator(): observeValueForKeyPath: NWAgent <private> Observe: DataConnectionAgentInterfaceObserver agent domain = <private>, type = <private>, fSlicingSupported = false: fAvailability = 1, check satisfied path = 1
Jun  8 17:49:37 CommCenter[102] <Notice>: #I reposting connection state if necessary
Jun  8 17:49:37 CommCenter[102] <Notice>: #I sendActivationEvent: silent = false for kDataConnectionWirelessModemAuthentication (kDataConnectionWirelessModemAuthentication)
Jun  8 17:49:37 CommCenter[102] <Notice>: #I sendActivationEvent: We are not posting external event because the context state 2 is different from the connection state 0
Jun  8 17:49:37 CommCenter[102] <Notice>: #I tethering: on connection state update: kDataConnectionStateIdle
Jun  8 17:49:37 CommCenter[102] <Notice>: #I tethering: top update
Jun  8 17:49:37 CommCenter[102] <Notice>: #I tethering: update from upper layers coming
Jun  8 17:49:37 CommCenter[102] <Notice>: #I tethering: update: conn=kDataConnectionTotal, authStatus=unknown, cleanFailed=false, accountId=<private>
Jun  8 17:49:37 CommCenter[102] <Notice>: #I tethering: orig auth status: true
Jun  8 17:49:37 CommCenter[102] <Notice>: #I tethering: old auth status: true
Jun  8 17:49:37 CommCenter[102] <Notice>: #I tethering: nw supported
Jun  8 17:49:37 CommCenter[102] <Notice>: #I tethering: using old auth status: true
Jun  8 17:49:37 CommCenter[102] <Notice>: #I isTetheringAsserted: TetheringAssertion is asserted by explicit assertion
Jun  8 17:49:37 CommCenter[102] <Notice>: #I operator(): observeValueForKeyPath: NWAgent <private> Observe: DataConnectionAgentInterfaceObserver agent domain = <private>, type = <private>, fSlicingSupported = false: fAvailability = 1, check satisfied path = 1
Jun  8 17:49:37 CommCenter[102] <Notice>: #I reposting connection state if necessary
Jun  8 17:49:37 CommCenter[102] <Notice>: #I operator(): observeValueForKeyPath: NWAgent <private> Observe: DataConnectionAgentInterfaceObserver agent domain = <private>, type = <private>, fSlicingSupported = false: fAvailability = 1, check satisfied path = 1
Jun  8 17:49:37 CommCenter[102] <Notice>: #I reposting connection state if necessary
Jun  8 17:49:37 CommCenter[102] <Notice>: #I operator(): observeValueForKeyPath: NWAgent <private> Observe: DataConnectionAgentInterfaceObserver agent domain = <private>, type = <private>, fSlicingSupported = false: fAvailability = 1, check satisfied path = 1
Jun  8 17:49:37 CommCenter[102] <Notice>: #I reposting connection state if necessary
Jun  8 17:49:37 CommCenter[102] <Notice>: #I operator(): observeValueForKeyPath: NWAgent <private> Observe: DataConnectionAgentInterfaceObserver agent domain = <private>, type = <private>, fSlicingSupported = false: fAvailability = 1, check satisfied path = 1
Jun  8 17:49:37 CommCenter[102] <Notice>: #I reposting connection state if necessary
Jun  8 17:49:37 CommCenter[102] <Notice>: #I operator(): observeValueForKeyPath: NWAgent <private> Observe: DataConnectionAgentInterfaceObserver agent domain = <private>, type = <private>, fSlicingSupported = false: fAvailability = 1, check satisfied path = 1
Jun  8 17:49:37 CommCenter[102] <Notice>: #I reposting connection state if necessary
Jun  8 17:49:37 CommCenter[102] <Notice>: #I -[DataConnectionAgentInterfaceObserver pathSatisfied]: pathSatisfied check: NWAgent <private> agent domain = <private>, type = <private>, fSlicingSupported = false: fAvailability = 1, check satisfied path = 1, status = 1
Jun  8 17:49:37 CommCenter[102] <Notice>: #I -[DataConnectionAgentInterfaceObserver pathSatisfied]: pathSatisfied check: NWAgent <private> agent domain = <private>, type = <private>, fSlicingSupported = false: fAvailability = 1, check satisfied path = 1, status = 1
Jun  8 17:49:37 CommCenter[102] <Notice>: #I sendActivationEvent: silent = false for kDataConnectionInternet (kDataConnectionInternet)
Jun  8 17:49:37 CommCenter[102] <Notice>: #I Marking Tethering as allowed
Jun  8 17:49:37 CommCenter[102] <Notice>: #I tethering: on auth success
Jun  8 17:49:37 CommCenter[102] <Notice>: #I tethering: update from upper layers coming
Jun  8 17:49:37 CommCenter[102] <Notice>: #I tethering: update: conn=kDataConnectionTotal, authStatus=true, cleanFailed=false, accountId=<private>
Jun  8 17:49:37 CommCenter[102] <Notice>: #I tethering: orig auth status: true
Jun  8 17:49:37 CommCenter[102] <Notice>: #I tethering: old auth status: true
Jun  8 17:49:37 CommCenter[102] <Notice>: #I tethering: nw supported
Jun  8 17:49:37 CommCenter[102] <Notice>: #N tethering: old value the same
Jun  8 17:49:37 CommCenter[102] <Notice>: #I isTetheringAsserted: TetheringAssertion is asserted by explicit assertion
Jun  8 17:49:37 CommCenter[102] <Notice>: #I operator(): observeValueForKeyPath: NWAgent <private> Observe: DataConnectionAgentInterfaceObserver agent domain = <private>, type = <private>, fSlicingSupported = false: fAvailability = 1, check satisfied path = 1, status = 1
Jun  8 17:49:37 CommCenter[102] <Notice>: #I reposting connection state if necessary
Jun  8 17:49:37 CommCenter[102] <Notice>: #I operator(): observeValueForKeyPath: NWAgent <private> Observe: DataConnectionAgentInterfaceObserver agent domain = <private>, type = <private>, fSlicingSupported = false: fAvailability = 1, check satisfied path = 1, status = 1
Jun  8 17:49:37 CommCenter[102] <Notice>: #I reposting connection state if necessary
Jun  8 17:49:37 CommCenter[102] <Notice>: #I operator(): observeValueForKeyPath: NWAgent <private> Observe: DataConnectionAgentInterfaceObserver agent domain = <private>, type = <private>, fSlicingSupported = false: fAvailability = 1, check satisfied path = 1, status = 1
Jun  8 17:49:37 CommCenter[102] <Notice>: #I reposting connection state if necessary
Jun  8 17:49:37 CommCenter[102] <Notice>: #I operator(): observeValueForKeyPath: NWAgent <private> Observe: DataConnectionAgentInterfaceObserver agent domain = <private>, type = <private>, fSlicingSupported = false: fAvailability = 1, check satisfied path = 1, status = 1
Jun  8 17:49:37 CommCenter[102] <Notice>: #I reposting connection state if necessary
Jun  8 17:49:37 CommCenter[102] <Notice>: #I operator(): observeValueForKeyPath: NWAgent <private> Observe: DataConnectionAgentInterfaceObserver agent domain = <private>, type = <private>, fSlicingSupported = false: fAvailability = 1, check satisfied path = 1, status = 1
Jun  8 17:49:37 CommCenter[102] <Notice>: #I reposting connection state if necessary
Jun  8 17:49:37 CommCenter[102] <Notice>: #I sendActivationEvent: silent = false for kDataConnectionWirelessModemAuthentication (kDataConnectionWirelessModemAuthentication)
Jun  8 17:49:37 CommCenter[102] <Notice>: #I sendActivationEvent: We are not posting external event because the context state 2 is different from the connection state 0
Jun  8 17:49:37 CommCenter[102] <Notice>: #I tethering: on connection state update: kDataConnectionStateIdle
Jun  8 17:49:37 CommCenter[102] <Notice>: #I tethering: top update
Jun  8 17:49:37 CommCenter[102] <Notice>: #I tethering: update from upper layers coming
Jun  8 17:49:37 CommCenter[102] <Notice>: #I tethering: update: conn=kDataConnectionTotal, authStatus=unknown, cleanFailed=false, accountId=<private>
Jun  8 17:49:37 CommCenter[102] <Notice>: #I tethering: orig auth status: true
Jun  8 17:49:37 CommCenter[102] <Notice>: #I tethering: old auth status: true
Jun  8 17:49:37 CommCenter[102] <Notice>: #I tethering: nw supported
Jun  8 17:49:37 CommCenter[102] <Notice>: #I tethering: using old auth status: true
Jun  8 17:49:37 CommCenter[102] <Notice>: #I isTetheringAsserted: TetheringAssertion is asserted by explicit assertion
Jun  8 17:49:37 CommCenter[102] <Notice>: #I operator(): observeValueForKeyPath: NWAgent <private> Observe: DataConnectionAgentInterfaceObserver agent domain = <private>, type = <private>, fSlicingSupported = false: fAvailability = 1, check satisfied path = 1, status = 1
Jun  8 17:49:37 CommCenter[102] <Notice>: #I reposting connection state if necessary
Jun  8 17:49:37 CommCenter[102] <Notice>: #I -[DataConnectionAgentInterfaceObserver pathSatisfied]: pathSatisfied check: NWAgent <private> agent domain = <private>, type = <private>, fSlicingSupported = false: fAvailability = 1, check satisfied path = 1, status = 1
Jun  8 17:49:37 CommCenter[102] <Notice>: #I -[DataConnectionAgentInterfaceObserver pathSatisfied]: pathSatisfied check: NWAgent <private> agent domain = <private>, type = <private>, fSlicingSupported = false: fAvailability = 1, check satisfied path = 1, status = 1
Jun  8 17:49:37 CommCenter[102] <Notice>: #I sendActivationEvent: silent = false for kDataConnectionWirelessModemTraffic (kDataConnectionWirelessModemTraffic)
Jun  8 17:49:37 CommCenter[102] <Notice>: #I Marking Tethering as allowed
Jun  8 17:49:37 CommCenter[102] <Notice>: #I tethering: on auth success
Jun  8 17:49:37 CommCenter[102] <Notice>: #I tethering: update from upper layers coming
Jun  8 17:49:37 CommCenter[102] <Notice>: #I tethering: update: conn=kDataConnectionTotal, authStatus=true, cleanFailed=false, accountId=<private>
Jun  8 17:49:37 CommCenter[102] <Notice>: #I tethering: orig auth status: true
Jun  8 17:49:37 CommCenter[102] <Notice>: #I tethering: old auth status: true
Jun  8 17:49:37 CommCenter[102] <Notice>: #I tethering: nw supported
Jun  8 17:49:37 CommCenter[102] <Notice>: #N tethering: old value the same
Jun  8 17:49:37 CommCenter[102] <Notice>: #I isTetheringAsserted: TetheringAssertion is asserted by explicit assertion
Jun  8 17:49:37 CommCenter[102] <Notice>: #I tethering: on connection state update
Jun  8 17:49:37 CommCenter[102] <Notice>: #I tethering: top update
Jun  8 17:49:37 CommCenter[102] <Notice>: #I tethering: update from upper layers coming
Jun  8 17:49:37 CommCenter[102] <Notice>: #I tethering: update: conn=kDataConnectionWirelessModemTraffic, authStatus=unknown, cleanFailed=false, accountId=<private>
Jun  8 17:49:37 CommCenter[102] <Notice>: #I tethering: orig auth status: true
Jun  8 17:49:37 CommCenter[102] <Notice>: #I tethering: old auth status: true
Jun  8 17:49:37 CommCenter[102] <Notice>: #I tethering: nw supported
Jun  8 17:49:37 CommCenter[102] <Notice>: #I tethering: using old auth status: true
Jun  8 17:49:37 CommCenter[102] <Notice>: #I isTetheringAsserted: TetheringAssertion is asserted by explicit assertion
Jun  8 17:49:37 CommCenter[102] <Notice>: #I operator(): observeValueForKeyPath: NWAgent <private> Observe: DataConnectionAgentInterfaceObserver agent domain = <private>, type = <private>, fSlicingSupported = false: fAvailability = 1, check satisfied path = 1, status = 1
Jun  8 17:49:37 CommCenter[102] <Notice>: #I reposting connection state if necessary
Jun  8 17:49:37 CommCenter[102] <Notice>: #I -[DataConnectionAgentInterfaceObserver pathSatisfied]: pathSatisfied check: NWAgent <private> agent domain = <private>, type = <private>, fSlicingSupported = false: fAvailability = 1, check satisfied path = 1, status = 1
Jun  8 17:49:37 CommCenter[102] <Notice>: #I -[DataConnectionAgentInterfaceObserver pathSatisfied]: pathSatisfied check: NWAgent <private> agent domain = <private>, type = <private>, fSlicingSupported = false: fAvailability = 1, check satisfied path = 1, status = 1
Jun  8 17:49:37 CommCenter[102] <Notice>: #I sendActivationEvent: silent = false for kDataConnectionInternet (kDataConnectionInternet)
Jun  8 17:49:37 CommCenter[102] <Notice>: #I Marking Tethering as allowed
Jun  8 17:49:37 CommCenter[102] <Notice>: #I tethering: on auth success
Jun  8 17:49:37 CommCenter[102] <Notice>: #I tethering: update from upper layers coming
Jun  8 17:49:37 CommCenter[102] <Notice>: #I tethering: update: conn=kDataConnectionTotal, authStatus=true, cleanFailed=false, accountId=<private>
Jun  8 17:49:37 CommCenter[102] <Notice>: #I tethering: orig auth status: true
Jun  8 17:49:37 CommCenter[102] <Notice>: #I tethering: old auth status: true
Jun  8 17:49:37 CommCenter[102] <Notice>: #I tethering: nw supported
Jun  8 17:49:37 CommCenter[102] <Notice>: #N tethering: old value the same
Jun  8 17:49:37 CommCenter[102] <Notice>: #I isTetheringAsserted: TetheringAssertion is asserted by explicit assertion
Jun  8 17:49:37 CommCenter[102] <Notice>: #I operator(): observeValueForKeyPath: NWAgent <private> Observe: DataConnectionAgentInterfaceObserver agent domain = <private>, type = <private>, fSlicingSupported = false: fAvailability = 1, check satisfied path = 1
Jun  8 17:49:37 CommCenter[102] <Notice>: #I reposting connection state if necessary
Jun  8 17:49:37 CommCenter[102] <Notice>: #I -[DataConnectionAgentInterfaceObserver pathSatisfied]: pathSatisfied check: NWAgent <private> agent domain = <private>, type = <private>, fSlicingSupported = false: fAvailability = 1, check satisfied path = 1, status = 1
Jun  8 17:49:37 CommCenter[102] <Notice>: #I -[DataConnectionAgentInterfaceObserver pathSatisfied]: pathSatisfied check: NWAgent <private> agent domain = <private>, type = <private>, fSlicingSupported = false: fAvailability = 1, check satisfied path = 1, status = 1
Jun  8 17:49:37 CommCenter[102] <Notice>: #I sendActivationEvent: silent = false for kDataConnectionWirelessModemTraffic (kDataConnectionWirelessModemTraffic)
Jun  8 17:49:37 CommCenter[102] <Notice>: #I Marking Tethering as allowed
Jun  8 17:49:37 CommCenter[102] <Notice>: #I tethering: on auth success
Jun  8 17:49:37 CommCenter[102] <Notice>: #I tethering: update from upper layers coming
Jun  8 17:49:37 CommCenter[102] <Notice>: #I tethering: update: conn=kDataConnectionTotal, authStatus=true, cleanFailed=false, accountId=<private>
Jun  8 17:49:37 CommCenter[102] <Notice>: #I tethering: orig auth status: true
Jun  8 17:49:37 CommCenter[102] <Notice>: #I tethering: old auth status: true
Jun  8 17:49:37 CommCenter[102] <Notice>: #I tethering: nw supported
Jun  8 17:49:37 CommCenter[102] <Notice>: #N tethering: old value the same
Jun  8 17:49:37 CommCenter[102] <Notice>: #I isTetheringAsserted: TetheringAssertion is asserted by explicit assertion
Jun  8 17:49:37 CommCenter[102] <Notice>: #I tethering: on connection state update
Jun  8 17:49:37 CommCenter[102] <Notice>: #I tethering: top update
Jun  8 17:49:37 CommCenter[102] <Notice>: #I tethering: update from upper layers coming
Jun  8 17:49:37 CommCenter[102] <Notice>: #I tethering: update: conn=kDataConnectionWirelessModemTraffic, authStatus=unknown, cleanFailed=false, accountId=<private>
Jun  8 17:49:37 CommCenter[102] <Notice>: #I tethering: orig auth status: true
Jun  8 17:49:37 CommCenter[102] <Notice>: #I tethering: old auth status: true
Jun  8 17:49:37 CommCenter[102] <Notice>: #I tethering: nw supported
Jun  8 17:49:37 CommCenter[102] <Notice>: #I tethering: using old auth status: true
Jun  8 17:49:37 CommCenter[102] <Notice>: #I isTetheringAsserted: TetheringAssertion is asserted by explicit assertion
Jun  8 17:49:37 CommCenter[102] <Notice>: #I operator(): first grade pdp 4 chosen
Jun  8 17:49:37 CommCenter(libSystemDetermination.dylib)[102] <Notice>: #I <private> = (null)
Jun  8 17:49:37 CommCenter(libSystemDetermination.dylib)[102] <Notice>: #I <private> = 0
Jun  8 17:49:37 CommCenter[102] <Notice>: #I got WifiCallingAllowedInRoamingKey value as false.
Jun  8 17:49:37 CommCenter(libSystemDetermination.dylib)[102] <Notice>: #I <private> = (null)
Jun  8 17:49:37 CommCenter(libSystemDetermination.dylib)[102] <Notice>: #I <private> = 0
Jun  8 17:49:37 CommCenter[102] <Notice>: #I got WifiCallingAllowedInRoamingKey value as false.
Jun  8 17:49:37 CommCenter[102] <Notice>: #I getPreferredContextType: iRAT recommends kDataContextBB
Jun  8 17:49:37 CommCenter[102] <Notice>: #I getPreferredContextType: ContextType: using kDataContextBB
Jun  8 17:49:37 CommCenter(libSystemDetermination.dylib)[102] <Notice>: #I <private> = (null)
Jun  8 17:49:37 CommCenter(libSystemDetermination.dylib)[102] <Notice>: #I <private> = 0
Jun  8 17:49:37 CommCenter[102] <Notice>: #I operator(): first grade pdp 4 chosen
Jun  8 17:49:37 CommCenter[102] <Notice>: #I operator(): first grade pdp 4 chosen
Jun  8 17:49:37 CommCenter(libSystemDetermination.dylib)[102] <Notice>: #I <private> = (null)
Jun  8 17:49:37 CommCenter(libSystemDetermination.dylib)[102] <Notice>: #I <private> = 0
Jun  8 17:49:37 CommCenter[102] <Notice>: #I got WifiCallingAllowedInRoamingKey value as false.
Jun  8 17:49:37 CommCenter(libSystemDetermination.dylib)[102] <Notice>: #I <private> = (null)
Jun  8 17:49:37 CommCenter(libSystemDetermination.dylib)[102] <Notice>: #I <private> = 0
Jun  8 17:49:37 CommCenter[102] <Notice>: #I got WifiCallingAllowedInRoamingKey value as false.
Jun  8 17:49:37 kernel(AppleH13CameraInterface)[0] <Notice>: AppleH13CamIn::ISP_ResumeFirmware - result = 0x00000000, _numFailedISPResumes: 0
Jun  8 17:49:37 CommCenter[102] <Notice>: #I getPreferredContextType: iRAT recommends kDataContextBB
Jun  8 17:49:37 CommCenter[102] <Notice>: #I getPreferredContextType: ContextType: using kDataContextBB
Jun  8 17:49:37 CommCenter(libSystemDetermination.dylib)[102] <Notice>: #I <private> = (null)
Jun  8 17:49:37 CommCenter(libSystemDetermination.dylib)[102] <Notice>: #I <private> = 0
Jun  8 17:49:37 kernel(AppleH13CameraInterface)[0] <Notice>: AppleH13CamIn::ISP_Init - ANE powered up successfully - waited = 0 mS retries=0
Jun  8 17:49:37 kernel(AppleH13CameraInterface)[0] <Notice>: IOReturn IspAneIPCEndPoints::peerEPCtrlMsg(IPC_EP_CMD_TYPE) - sending ISP-ANE networks surfaceID: 0x7b and update flag: 0
Jun  8 17:49:37 CommCenter[102] <Notice>: #I operator(): first grade pdp 4 chosen
Jun  8 17:49:37 kernel(AppleH11ANEInterface)[0] <Notice>: ANE0:IOReturn H11ANEIn::ANE_processIspAneNetworkSurfaceRemap(uint32_t, bool) No bForaceUpdate update for FD Networks
Jun  8 17:49:37 kernel(AppleH11ANEInterface)[0] <Notice>: ANE0: virtual IOReturn AneIspIPCEndPoints::enableFWIPCEP_gated(AneIspEndpointIndex, bool) :H11ANEIn::Send CSNE_CMD_LOAD_AFPP FD  networks with phy:0x2004000, size:0x0000000000c548e0
Jun  8 17:49:37 kernel(AppleH11ANEInterface)[0] <Notice>: ANE0 IOReturn H11ANEIn::ANE_PowerOn_gated(void *, const char *, bool)
 ISP
Jun  8 17:49:37 kernel(AppleH11ANEInterface)[0] <Notice>: ANE0: IOReturn H11ANEIn::ANE_PowerOn_gated(void *, const char *, bool) :H11ANEIn::clientname:ISP isPowered: 1
Jun  8 17:49:37 kernel(AppleH11ANEInterface)[0] <Notice>: ANE0: IOReturn H11ANEIn::ANE_PowerOn_gated(void *, const char *, bool) :H11ANEIn::clientname:aned isPowered: 1
Jun  8 17:49:37 kernel(AppleH11ANEInterface)[0] <Notice>: ANE0: IOReturn H11ANEIn::ANE_PowerOn_gated(void *, const char *, bool) :H11ANEIn::clientname:AccessibilityUIS isPowered: 1
Jun  8 17:49:37 kernel(AppleH11ANEInterface)[0] <Notice>: ANE0 IOReturn H11ANEIn::ANE_PowerOn_gated(void *, const char *, bool)
 ISP
Jun  8 17:49:37 kernel(AppleH11ANEInterface)[0] <Notice>: ANE0:IOReturn H11ANEIn::ANE_PowerOn_gated(void *, const char *, bool) :H11ANEIn::power early already: 0
Jun  8 17:49:37 kernel(AppleH11ANEInterface)[0] <Notice>: ANE0: virtual IOReturn AneIspIPCEndPoints::enableFWIPCEP_gated(AneIspEndpointIndex, bool) :H11ANEIn:: send CSNE_CMD_IPC_ENDPOINT_SET2(index:0) to FW!
Jun  8 17:49:37 kernel(AppleH11ANEInterface)[0] <Notice>: ANE0:IOReturn H11ANEIn::processTargetToHostIOCommand(uint64_t, uint64_t, uint64_t) fwCpuLoadScore: 4, fwCpuThrottled: 0, Enabling ANE CPU throttle, numRequestsWithFW: 1
Jun  8 17:49:37 kernel(AppleH13CameraInterface)[0] <Notice>: AppleH13CamIn::ISP_Init - enable IPC EP
Jun  8 17:49:37 kernel(AppleH13CameraInterface)[0] <Notice>: IspAneIPCEndPoints::enableFWIPCEP_gated - send CISP_CMD_IPC_ENDPOINT_SET2 to FW! readRingBuffer:0x4ab4000, readRingLen: 0x4000, writeRingBuffer:0x4abc000, writeRingLen: 0x4000
Jun  8 17:49:37 kernel(AppleH13CameraInterface)[0] <Notice>: IOReturn AppleH13CamIn::processSharedMallocRequest(uint64_t, uint64_t, uint64_t) IPC EPSM memory allocation with size: 0x10000 from FW
Jun  8 17:49:37 kernel(AppleH13CameraInterface)[0] <Notice>: IOReturn AppleH13CamIn::processSharedMallocRequest(uint64_t, uint64_t, uint64_t) IPC EPSM memory allocation done with size: 0x10000, return back to FW
Jun  8 17:49:37 kernel(AppleH11ANEInterface)[0] <Notice>: ANE0:8191:IOReturn H11ANEIn::processTargetToHostIOCommand(uint64_t, uint64_t, uint64_t): Received Cpu Load Notification: cpuLoadScore: 3
Jun  8 17:49:37 kernel(AppleH11ANEInterface)[0] <Notice>: ANE0:612:bool H11ANEIn::ANE_CheckForPendingRequests_gated() fwCpuLoadScore: 3, fwCpuThrottled: 1, reqSentCount: 0, Disabling ANE CPU throttle
Jun  8 17:49:37 kernel(AppleH13CameraInterface)[0] <Notice>: AppleH13CamIn::ISP_Init - ISP_init start IPC timer
Jun  8 17:49:37 kernel(AppleH13CameraInterface)[0] <Notice>: AppleH13CamIn::UpdateSensorStateInIORegForChannel - channel: 0, state: 0, priority: 0
Jun  8 17:49:37 kernel(AppleH13CameraInterface)[0] <Notice>: AppleH13CamIn::UpdateSensorStateInIORegForChannel - channel: 1, state: 0, priority: 0
Jun  8 17:49:37 kernel(AppleH13CameraInterface)[0] <Notice>: AppleH13CamIn::UpdateSensorStateInIORegForChannel - channel: 2, state: 0, priority: 0
Jun  8 17:49:37 kernel(AppleH13CameraInterface)[0] <Notice>: AppleH13CamIn::UpdateSensorStateInIORegForChannel - channel: 3, state: 0, priority: 0
Jun  8 17:49:37 kernel(AppleH13CameraInterface)[0] <Notice>: AppleH13CamIn::UpdateSensorStateInIORegForChannel - channel: 4, state: 0, priority: 0
Jun  8 17:49:37 kernel(AppleH13CameraInterface)[0] <Notice>: AppleH13CamIn::UpdateSensorStateInIORegForChannel - channel: 5, state: 0, priority: 0
Jun  8 17:49:37 kernel(AppleH13CameraInterface)[0] <Notice>: AppleH13CamIn::setPowerStateGated (turn on) - change fPowerEvent from 1 to None
Jun  8 17:49:37 kernel(AppleH13CameraInterface)[0] <Notice>: AppleH13PearlCam::SendNotificationMessageToClient - Sending 11 notification to client
Jun  8 17:49:37 kernel(AppleH13CameraInterface)[0] <Notice>: AppleH13PearlCam::PearlCamStateEntryProc_IDLE
Jun  8 17:49:37 kernel(AppleH13CameraInterface)[0] <Notice>: AppleH13PearlCam::PearlCamMessageHandler_Start, sequenceType=2, ECDH=No
Jun  8 17:49:37 kernel(AppleH13CameraInterface)[0] <Notice>: AppleH13CamIn::ISP_ReserveChannel_gated - channel: 3, priority: 0 (process: Kernel)
Jun  8 17:49:37 kernel(AppleH11ANEInterface)[0] <Notice>: ANE0: IOReturn H11ANEIn::powerStateDidChangeTo_gated(IOPMPowerFlags, unsigned long, IOService *) :H11ANEIn::powerStateDidChangeTo_gated - ISP will power up, self state: 4
Jun  8 17:49:37 kernel(AppleH13CameraInterface)[0] <Notice>: AppleH13CamIn::ISP_ReserveChannel_gated - channel: 4, priority: 0 (process: Kernel)
Jun  8 17:49:37 kernel(AppleH13CameraInterface)[0] <Notice>: AppleH13CamIn::ISP_ReserveChannel_gated - channel: 0, priority: 0 (process: Kernel)
Jun  8 17:49:37 kernel(AppleH13CameraInterface)[0] <Notice>: AppleH13CamIn::ISP_ReserveChannel_gated - channel: 2, priority: 0 (process: Kernel)
Jun  8 17:49:37 kernel(AppleH13CameraInterface)[0] <Notice>: AppleH13CamIn::ISP_CreateMultiCameraSession_gated - Creating multicam session: Client=Kernel NumGroups=1
Jun  8 17:49:37 kernel(AppleH13CameraInterface)[0] <Notice>:     Group=0: ChannelMask=0x00000008 SyncType=NoSync
Jun  8 17:49:37 kernel(AppleH13CameraInterface)[0] <Notice>: AppleH13PearlCam::AllocateStreamingBuffers_gated - Not allocating pools (fState=1, fSystemSleepInProgress=0)
Jun  8 17:49:37 kernel(IOSurface)[0] <Notice>: IOSurface::deviceLockSurface() - CPU cache marked invalid
Jun  8 17:49:37 kernel(IOSurface)[0] <Notice>: IOSurface::deviceLockSurface() - CPU cache marked invalid
Jun  8 17:49:37 kernel(AppleH13CameraInterface)[0] <Notice>: AppleH13CamIn::UpdateSensorStateInIORegForChannel - channel: 3, state: 1, priority: 0
Jun  8 17:49:37 kernel(AppleH13CameraInterface)[0] <Notice>: AppleH13CamIn::ISP_IsPearlCamProjectorSafe_gated - Firmware confirmed safe.
Jun  8 17:49:37 kernel(AppleH13CameraInterface)[0] <Notice>: AppleH13CamInFrameReceiver::ConfigureChannel - enable illuminators
Jun  8 17:49:37 kernel(AppleH13CameraInterface)[0] <Notice>: AppleH13CamInFrameReceiver::StartReceive - sent firmware 12 buffers for pool 111
Jun  8 17:49:37 kernel(AppleH13CameraInterface)[0] <Notice>: AppleH13CamInFrameReceiver::StartReceive - sent firmware 12 buffers for pool 108
Jun  8 17:49:37 kernel(AppleH13CameraInterface)[0] <Notice>: AppleH13CamInFrameReceiver::StartReceive - sent firmware 12 buffers for pool 125
Jun  8 17:49:37 kernel(ApplePPMCPMS)[0] <Notice>: ApplePPMCPMS::admissionCheckOfValue:client 4, timescale 1, level 100
Jun  8 17:49:37 kernel(ApplePPMCPMS)[0] <Notice>: ApplePPMPolicyCPMS::resolveClientBudgets:Budget Trace: clientId 4, Timescale 1, Requested Budget 100, Granted Budget 100, Thermal Budget 4294967295, PowerBudgetUPO 100
Jun  8 17:49:37 kernel(ApplePPMCPMS)[0] <Notice>: ApplePPMCPMS::admissionCheckOfValue:granted client 4, timescale 1, level 100 budget 8
Jun  8 17:49:37 kernel(AppleH13CameraInterface)[0] <Notice>: AppleH13CamIn::ISP_PPMAdmissionCheck_gated - admission check: clientIndex=0, subClientID=1; budgetReq=8; budgetAlloc=8; result=0x00000000
Jun  8 17:49:37 kernel(AppleH13CameraInterface)[0] <Notice>: AppleH13CamIn::ISP_StartCamera_gated - clientID=0, subClientID=1; channel=3; budgetReq=8; budgetAlloc=8; result=0x00000000
Jun  8 17:49:37 kernel(AppleH13CameraInterface)[0] <Notice>: AppleH13PearlCam::PearlCamStateEntryProc_FACE_DETECT
Jun  8 17:49:37 kernel(AppleH13CameraInterface)[0] <Notice>: PearlCamFrameReceived - frameCount=0x00000000, timeStamp=0x000014F5F5B598D3, currentISPTime=0x000014F5F5BDF03C, currentSysTime=0x0000096501C29303
Jun  8 17:49:37 kernel(AppleH13CameraInterface)[0] <Notice>: PearlCamFrameReceived - isFaceDetected=0, isBracketedCaptureFrame=0, isUserEngaged=0, hasAttention=0, hasOcclusion=0, hasEyeOcclusion=0, fIDfsmFDStatus=1 , sensorTemp=40, isFIDValidFrame=1, isERDataValid=0
Jun  8 17:49:37 kernel(AppleH13CameraInterface)[0] <Notice>: PearlCamFrameReceived - referenceImageType=271 (RefSurface), projectorMode=3, projectorSubMode=4096, projectorProbeMode=0, fIDPowerProfile=0, bracketingMode=255
Jun  8 17:49:37 kernel(AppleH13CameraInterface)[0] <Notice>: AppleH13PearlCam::SendNotificationMessageToClient - Sending 0 notification to client
Jun  8 17:49:37 biometrickitd(libBKDM2.dylib)[115] <Notice>: sending status message 1002 to <private>
Jun  8 17:49:37 backboardd(BiometricKit)[69] <Notice>: BKDevicePearl::statusMessage: 1002
Jun  8 17:49:37 backboardd(BiometricKit)[69] <Notice>: BKDevicePearl::statusMessage: -> void
Jun  8 17:49:37 kernel(ApplePearlSEPDriver)[0] <Notice>: handleCameraMessage_SendBuffers: [1]Cam --> frameId:[4818:0], frameType:1, _commandMode:PresenceDetect (4), _cameraState:FaceDetect (3), delay:0ms, _framesHeld:1)
Jun  8 17:49:37 kernel(ApplePearlSEPDriver)[0] <Notice>: IOPearlCameraFrame::getFaceDetectInfo: FD Distance: 0, ER Distance: 0, ER Status: 0, Frame Number: 0
Jun  8 17:49:37 kernel(ApplePearlSEPDriver)[0] <Notice>: returnCameraMessage_SendBuffers: (Cam <-- frameId:[4818:0]) -> err:0x0, _framesHeld:1)
Jun  8 17:49:37 backboardd(BiometricKit)[69] <Notice>: BKDevicePearl::statusMessage: 1002
Jun  8 17:49:37 backboardd(BiometricKit)[69] <Notice>: BKDevicePearl::statusMessage: -> void
Jun  8 17:49:37 backboardd(AttentionAwareness)[69] <Notice>:        PearlAttentionSampler.m:1021:  430392.74680:  Info: <AWPearlAttentionSampler: 0x9d89169c0> (samplingSuppressed: false unitTestSampling: false) pearlEventOccurred FaceDetectInitialized, current operation 0x9d8af0950 state Running
Jun  8 17:49:37 backboardd(AttentionAwareness)[69] <Notice>:        PearlAttentionSampler.m:538 :  430392.74739:  Info: <AWPearlAttentionSampler: 0x9d89169c0> (samplingSuppressed: false unitTestSampling: false) updateFaceState:withFaceMetadata: FACE NOT FOUND at  430392.74735
Jun  8 17:49:37 backboardd(AttentionAwareness)[69] <Notice>:        PearlAttentionSampler.m:458 :  430392.74764:  Info: <AWPearlAttentionSampler: 0x9d89169c0> (samplingSuppressed: false unitTestSampling: false) finishing presence operation 0x9d8af0950 (updateFaceState:withFaceMetadata: FACE NOT FOUND at  430392.74735)
Jun  8 17:49:37 backboardd(AttentionAwareness)[69] <Notice>:        PearlAttentionSampler.m:700 :  430392.74789:  Info: <AWPearlAttentionSampler: 0x9d89169c0> (samplingSuppressed: false unitTestSampling: false) completing AWAttentionSamplerState transition (Initializing -> Initialized)
Jun  8 17:49:37 backboardd(AttentionAwareness)[69] <Notice>:                    Scheduler.m:92  :  430392.74803:  Info: <AWScheduler: 0x9d8915a30> (unitTestScheduler: false) attentionSampler state change (updateFaceState:withFaceMetadata: FACE NOT FOUND at  430392.74735)
Jun  8 17:49:37 backboardd(AttentionAwareness)[69] <Notice>:        PearlAttentionSampler.m:700 :  430392.74839:  Info: <AWPearlAttentionSampler: 0x9d89169c0> (samplingSuppressed: false unitTestSampling: false) completing AWAttentionSamplerState transition (Initialized -> Unknown)
Jun  8 17:49:37 backboardd(AttentionAwareness)[69] <Notice>:                    Scheduler.m:92  :  430392.74861:  Info: <AWScheduler: 0x9d8915a30> (unitTestScheduler: false) attentionSampler state change (updateFaceState:withFaceMetadata: FACE NOT FOUND at  430392.74735)
Jun  8 17:49:37 kernel(AppleH13CameraInterface)[0] <Notice>: PearlCamFrameReceived - frameCount=0x00000001, timeStamp=0x000014F5F5C1CD81, currentISPTime=0x000014F5F5C948D1, currentSysTime=0x0000096501CDEB98
Jun  8 17:49:37 kernel(AppleH13CameraInterface)[0] <Notice>: PearlCamFrameReceived - isFaceDetected=0, isBracketedCaptureFrame=0, isUserEngaged=0, hasAttention=0, hasOcclusion=0, hasEyeOcclusion=0, fIDfsmFDStatus=1 , sensorTemp=40, isFIDValidFrame=1, isERDataValid=0
Jun  8 17:49:37 kernel(AppleH13CameraInterface)[0] <Notice>: PearlCamFrameReceived - referenceImageType=278 (RefSurface), projectorMode=3, projectorSubMode=4096, projectorProbeMode=0, fIDPowerProfile=0, bracketingMode=255
Jun  8 17:49:37 kernel(AppleH13CameraInterface)[0] <Notice>: AppleH13PearlCam::PearlCamStateEntryProc_FACE_NOT_FOUND
Jun  8 17:49:37 kernel(ApplePearlSEPDriver)[0] <Notice>: handleCameraMessage_SendBuffers: [2]Cam --> frameId:[4818:1], frameType:1, _commandMode:PresenceDetect (4), _cameraState:FaceDetect (3), delay:0ms, _framesHeld:1)
Jun  8 17:49:37 kernel(ApplePearlSEPDriver)[0] <Notice>: IOPearlCameraFrame::getFaceDetectInfo: FD Distance: 0, ER Distance: 0, ER Status: 0, Frame Number: 1
Jun  8 17:49:37 kernel(ApplePearlSEPDriver)[0] <Notice>: returnCameraMessage_SendBuffers: (Cam <-- frameId:[4818:1]) -> err:0x0, _framesHeld:1)
Jun  8 17:49:37 kernel(ApplePearlSEPDriver)[0] <Notice>: handleCameraMessage_FaceDetectStatus: _faceDetected:0
Jun  8 17:49:37 kernel(ApplePearlSEPDriver)[0] <Notice>: performSpecificCommandGated: command:RequestMessageData (7), value:0, inLength:8, outLength:116
Jun  8 17:49:37 biometrickitd(CoreMotion)[115] <Notice>: Got cached orientation 5
Jun  8 17:49:37 biometrickitd(libBKDM2.dylib)[115] <Notice>: sending status message 64 to <private>
Jun  8 17:49:37 backboardd(BiometricKit)[69] <Notice>: BKFaceDetectOperation::statusMessage: 64
Jun  8 17:49:37 backboardd(BiometricKit)[69] <Notice>: BKFaceDetectOperation::statusMessage: 0x9d89169c0(<private>) faceDetectStateChanged: 0
Jun  8 17:49:37 backboardd(BiometricKit)[69] <Notice>: BKOperation::statusMessage: 64
Jun  8 17:49:37 backboardd(BiometricKit)[69] <Notice>: BKOperation::changeState 2
Jun  8 17:49:37 backboardd(BiometricKit)[69] <Notice>: BKOperation::changeState -> void
Jun  8 17:49:37 backboardd(BiometricKit)[69] <Notice>: BKOperation::statusMessage: -> void
Jun  8 17:49:37 kernel(ApplePearlSEPDriver)[0] <Notice>: performSpecificCommandGated: command:RequestMessageData (7), value:0, inLength:8, outLength:29
Jun  8 17:49:37 kernel(ApplePearlSEPDriver)[0] <Notice>: performSpecificCommandGated: command:Cancel (6), value:0, inLength:0, outLength:0
Jun  8 17:49:37 kernel(ApplePearlSEPDriver)[0] <Notice>: commandCancel <- _commandMode:PresenceDetect (4)
Jun  8 17:49:37 biometrickitd(libBKDM2.dylib)[115] <Notice>: sending status message 64 to <private>
Jun  8 17:49:37 kernel(IOBiometricFamily)[0] <Notice>: IOBiometricService::switchCommandMode: PresenceDetect (4) -> Idle (1)
Jun  8 17:49:37 kernel(ApplePearlSEPDriver)[0] <Notice>: handleCommandModeSwitch: PresenceDetect (4) -> Idle (1)
Jun  8 17:49:37 kernel(ApplePearlSEPDriver)[0] <Notice>: cameraStateHandler: _commandMode:Idle (1), _cameraState:FaceDetectDone (4), _faceDetected:0, _failedCommand:0, _newOperationStarted:0
Jun  8 17:49:37 kernel(ApplePearlSEPDriver)[0] <Notice>: stopCamera <-
Jun  8 17:49:37 kernel(AppleH13CameraInterface)[0] <Notice>: AppleH13PearlCam::PearlCamMessageHandler_Stop - state=4, sequence=2
Jun  8 17:49:37 backboardd(BiometricKit)[69] <Notice>: BKFaceDetectOperation::statusMessage: -> void
Jun  8 17:49:37 backboardd(AttentionAwareness)[69] <Notice>:        PearlAttentionSampler.m:939 :  430392.77954:  Info: <AWPearlAttentionSampler: 0x9d89169c0> (samplingSuppressed: false unitTestSampling: false) operation 0x9d8af0950 currentOperation 0x0 faceDetectStateChanged FACE NOT FOUND pitch: 0 yaw: 0 roll: 0 orientation: Unknown
Jun  8 17:49:37 backboardd(AttentionAwareness)[69] <Notice>:        PearlAttentionSampler.m:538 :  430392.78007:  Info: <AWPearlAttentionSampler: 0x9d89169c0> (samplingSuppressed: false unitTestSampling: false) updateFaceState:withFaceMetadata: FACE NOT FOUND at  430392.78002
Jun  8 17:49:37 backboardd(AttentionAwareness)[69] <Notice>:        PearlAttentionSampler.m:700 :  430392.78055:  Info: <AWPearlAttentionSampler: 0x9d89169c0> (samplingSuppressed: false unitTestSampling: false) ignoring invalid AWAttentionSamplerState transition (Unknown -> Absent)
Jun  8 17:49:37 backboardd(AttentionAwareness)[69] <Notice>:                    Scheduler.m:92  :  430392.78084:  Info: <AWScheduler: 0x9d8915a30> (unitTestScheduler: false) attentionSampler state change (updateFaceState:withFaceMetadata: FACE NOT FOUND at  430392.78002)
Jun  8 17:49:37 backboardd(BiometricKit)[69] <Notice>: BKFaceDetectOperation::statusMessage: 1051
Jun  8 17:49:37 backboardd(BiometricKit)[69] <Notice>: BKOperation::operationEndsWithReason: 4 (_cid 3382136264)
Jun  8 17:49:37 backboardd(BiometricKit)[69] <Notice>: BKOperation::changeState 4
Jun  8 17:49:37 backboardd(BiometricKit)[69] <Notice>: BKOperation::changeState -> void
Jun  8 17:49:37 biometrickitd(libBKDM2.dylib)[115] <Notice>: PearlCoreAnalyticsEvent postEvent: com.apple.biometrickit.pearl.faceDetectAttempt result:1
Jun  8 17:49:37 biometrickitd(BiometricSupport)[115] <Notice>: updateActiveOperationNotificationWithOverride: posted value = 0
Jun  8 17:49:37 biometrickitd(libBKDM2.dylib)[115] <Notice>: sending status message 1051 to <private>
Jun  8 17:49:37 biometrickitd(libBKDM2.dylib)[115] <Notice>: sending status message 1004 to <private>
Jun  8 17:49:37 biometrickitd(libBKDM2.dylib)[115] <Notice>: PearlCoreAnalyticsEvent postEvent: com.apple.biometrickit.pearl.attentionCheck result:1
Jun  8 17:49:37 kernel(ApplePearlSEPDriver)[0] <Notice>: performSpecificCommandGated: command:Cancel (6), value:0, inLength:0, outLength:0
Jun  8 17:49:37 kernel(ApplePearlSEPDriver)[0] <Notice>: cameraStateHandler: _commandMode:Idle (1), _cameraState:PoweredOff (1), _faceDetected:0, _failedCommand:0, _newOperationStarted:0
Jun  8 17:49:37 kernel(IOHIDFamily)[0] <Notice>: close by AppleSPUHIDDeviceUserClient 0x10004c6ae (0x0)
Jun  8 17:49:37 biometrickitd(libBKDM2.dylib)[115] <Notice>: sending status message 1011 to <private>
Jun  8 17:49:37 biometrickitd(CoreMotion)[115] <Notice>: Got cached orientation 5
Jun  8 17:49:37 biometrickitd(CoreMotion)[115] <Notice>: Stopping orientation updates, latest 5, last significant 0
Jun  8 17:49:37 biometrickitd(CoreMotion)[115] <Notice>: [CLIoHidInterface] Property for usage pair {32, 138}: {ReportInterval = 0} was set successfully
Jun  8 17:49:37 backboardd(IOKit)[69] <Notice>: 0x100000644: set report interval:0 client:28D0CC06-E0C9-4249-8CFA-0725191E7A7E
Jun  8 17:49:37 backboardd(AttentionAwareness)[69] <Notice>:                    Scheduler.m:92  :  430392.78154:  Info: <AWScheduler: 0x9d8915a30> (unitTestScheduler: false) attentionSampler state change (updateFaceState:withFaceMetadata: FACE NOT FOUND at  430392.78002)
Jun  8 17:49:37 backboardd(AttentionAwareness)[69] <Notice>:        PearlAttentionSampler.m:1073:  430392.78746:  Info: <AWPearlAttentionSampler: 0x9d89169c0> (samplingSuppressed: false unitTestSampling: false) operation 0x9d8af0950 presenceStateChanged FACE NOT FOUND
Jun  8 17:49:37 backboardd(AttentionAwareness)[69] <Notice>:        PearlAttentionSampler.m:1065:  430392.78835:  Info: <AWPearlAttentionSampler: 0x9d89169c0> (samplingSuppressed: false unitTestSampling: false) operation 0x9d8af0950 stateChanged Finished
Jun  8 17:49:37 backboardd(AttentionAwareness)[69] <Notice>:        PearlAttentionSampler.m:980 :  430392.78846:  Info: <AWPearlAttentionSampler: 0x9d89169c0> (samplingSuppressed: false unitTestSampling: false) operation 0x9d8af0950 currentOperation 0x0 (timeout       0.00000) finishedWithReason Timeout
Jun  8 17:49:37 backboardd(IOKit)[69] <Notice>: Connection: 28D0CC06-E0C9-4249-8CFA-0725191E7A7E not entitled to match protected service: 4294968950
Jun  8 17:49:37 backboardd(BiometricKit)[69] <Notice>: BKOperation::operationEndsWithReason: -> void
Jun  8 17:49:37 backboardd(BiometricKit)[69] <Notice>: BKOperation::statusMessage: 1051
Jun  8 17:49:37 backboardd(BiometricKit)[69] <Notice>: BKOperation::statusMessage: -> void
Jun  8 17:49:37 backboardd(BiometricKit)[69] <Notice>: BKFaceDetectOperation::statusMessage: -> void
Jun  8 17:49:37 backboardd(BiometricKit)[69] <Notice>: BKDevicePearl::statusMessage: 1004
Jun  8 17:49:37 biometrickitd(CoreMotion)[115] <Notice>: [CLIoHidInterface] Service ref with usage pair {65292, 3} is <private> with matching properties <private>
Jun  8 17:49:37 backboardd(BiometricKit)[69] <Notice>: BKDevicePearl::statusMessage: -> void
Jun  8 17:49:37 backboardd(BiometricKit)[69] <Notice>: BKDevicePearl::statusMessage: 1004
Jun  8 17:49:37 backboardd(BiometricKit)[69] <Notice>: BKDevicePearl::statusMessage: -> void
Jun  8 17:49:37 backboardd(BiometricKit)[69] <Notice>: BKDevicePearl::statusMessage: 1011
Jun  8 17:49:37 backboardd(BiometricKit)[69] <Notice>: BKDevicePearl::statusMessage: -> void
Jun  8 17:49:37 backboardd(BiometricKit)[69] <Notice>: BKDevicePearl::statusMessage: 1011
Jun  8 17:49:37 backboardd(AttentionAwareness)[69] <Notice>:        PearlAttentionSampler.m:1021:  430392.78945:  Info: <AWPearlAttentionSampler: 0x9d89169c0> (samplingSuppressed: false unitTestSampling: false) pearlEventOccurred FaceDetectFailed, current operation 0x0 state unknown BKOperationState 0
Jun  8 17:49:37 backboardd(BiometricKit)[69] <Notice>: BKDevicePearl::statusMessage: -> void
Jun  8 17:49:37 backboardd(AttentionAwareness)[69] <Notice>:        PearlAttentionSampler.m:538 :  430392.78953:  Info: <AWPearlAttentionSampler: 0x9d89169c0> (samplingSuppressed: false unitTestSampling: false) updateFaceState:withFaceMetadata: FACE NOT FOUND at  430392.78952
Jun  8 17:49:37 backboardd(AttentionAwareness)[69] <Notice>:        PearlAttentionSampler.m:700 :  430392.78959:  Info: <AWPearlAttentionSampler: 0x9d89169c0> (samplingSuppressed: false unitTestSampling: false) ignoring invalid AWAttentionSamplerState transition (Unknown -> Absent)
Jun  8 17:49:37 backboardd(AttentionAwareness)[69] <Notice>:                    Scheduler.m:92  :  430392.78965:  Info: <AWScheduler: 0x9d8915a30> (unitTestScheduler: false) attentionSampler state change (updateFaceState:withFaceMetadata: FACE NOT FOUND at  430392.78952)
Jun  8 17:49:37 backboardd(AttentionAwareness)[69] <Notice>:                    Scheduler.m:92  :  430392.78973:  Info: <AWScheduler: 0x9d8915a30> (unitTestScheduler: false) attentionSampler state change (updateFaceState:withFaceMetadata: FACE NOT FOUND at  430392.78952)
Jun  8 17:49:37 backboardd(AttentionAwareness)[69] <Notice>:        PearlAttentionSampler.m:1044:  430392.78979:  Info: <AWPearlAttentionSampler: 0x9d89169c0> (samplingSuppressed: false unitTestSampling: false) pearlStateChanged Idle
Jun  8 17:49:37 CommCenter(libATCommandStudioDynamic.dylib)[102] <Notice>: QMI: Svc=0x03(NAS) Ind MsgId=0x555b Sim=2 Bin=[<private>]
Jun  8 17:49:37 kernel(ApplePPMCPMS)[0] <Notice>: ApplePPMCPMS::admissionCheckOfValue:client 4, timescale 1, level 0
Jun  8 17:49:37 kernel(ApplePPMCPMS)[0] <Notice>: ApplePPMPolicyCPMS::resolveClientBudgets:Budget Trace: clientId 4, Timescale 1, Requested Budget 0, Granted Budget 0, Thermal Budget 4294967295, PowerBudgetUPO 0
Jun  8 17:49:37 kernel(ApplePPMCPMS)[0] <Notice>: ApplePPMCPMS::admissionCheckOfValue:granted client 4, timescale 1, level 0 budget 0
Jun  8 17:49:37 kernel(AppleH13CameraInterface)[0] <Notice>: AppleH13CamIn::ISP_PPMAdmissionCheck_gated - admission check: clientIndex=0, subClientID=1; budgetReq=0; budgetAlloc=0; result=0x00000000
Jun  8 17:49:37 kernel(AppleH13CameraInterface)[0] <Notice>: AppleH13CamIn::ISP_StopCamera_gated - subClientID=1; channelMask=0x8; budgetReq=0; budgetAlloc=0; result=0x00000000; numPreviewFrames=3; numStillCaptureFrames=0
Jun  8 17:49:37 kernel(AppleH13CameraInterface)[0] <Notice>: AppleH13CamIn::UpdateSensorStateInIORegForChannel - channel: 3, state: 0, priority: 0
Jun  8 17:49:37 kernel(AppleH13CameraInterface)[0] <Notice>: AppleH13CamIn::ISP_FlushInactiveDARTMappings_gated - result: 0x00000000
Jun  8 17:49:37 kernel(AppleH13CameraInterface)[0] <Notice>: AppleH13CamIn::ISP_ReleasePreMappedClientSurface_gated - surfaceID = 175
Jun  8 17:49:37 kernel(AppleH13CameraInterface)[0] <Notice>: AppleH13CamIn::ISP_ReleasePreMappedClientSurface_gated - surfaceID = 173
Jun  8 17:49:37 kernel(AppleH13CameraInterface)[0] <Notice>: AppleH13CamIn::ISP_ReleasePreMappedClientSurface_gated - surfaceID = 148
Jun  8 17:49:37 kernel(AppleH13CameraInterface)[0] <Notice>: AppleH13CamIn::ISP_ReleasePreMappedClientSurface_gated - surfaceID = 155
Jun  8 17:49:37 kernel(AppleH13CameraInterface)[0] <Notice>: AppleH13CamIn::ISP_ReleasePreMappedClientSurface_gated - surfaceID = 156
Jun  8 17:49:37 kernel(AppleH13CameraInterface)[0] <Notice>: AppleH13CamIn::ISP_ReleasePreMappedClientSurface_gated - surfaceID = 179
Jun  8 17:49:37 kernel(AppleH13CameraInterface)[0] <Notice>: AppleH13CamIn::ISP_ReleasePreMappedClientSurface_gated - surfaceID = 171
Jun  8 17:49:37 kernel(AppleH13CameraInterface)[0] <Notice>: AppleH13CamIn::ISP_ReleasePreMappedClientSurface_gated - surfaceID = 141
Jun  8 17:49:37 kernel(AppleH13CameraInterface)[0] <Notice>: AppleH13CamIn::ISP_ReleasePreMappedClientSurface_gated - surfaceID = 177
Jun  8 17:49:37 kernel(AppleH13CameraInterface)[0] <Notice>: AppleH13CamIn::ISP_ReleasePreMappedClientSurface_gated - surfaceID = 151
Jun  8 17:49:37 kernel(AppleH13CameraInterface)[0] <Notice>: AppleH13CamIn::ISP_ReleasePreMappedClientSurface_gated - surfaceID = 153
Jun  8 17:49:37 kernel(AppleH13CameraInterface)[0] <Notice>: AppleH13CamIn::ISP_ReleasePreMappedClientSurface_gated - surfaceID = 159
Jun  8 17:49:37 kernel(AppleH13CameraInterface)[0] <Notice>: AppleH13CamIn::ISP_ReleasePreMappedClientSurface_gated - surfaceID = 154
Jun  8 17:49:37 kernel(AppleH13CameraInterface)[0] <Notice>: AppleH13CamIn::ISP_ReleasePreMappedClientSurface_gated - surfaceID = 174
Jun  8 17:49:37 kernel(AppleH13CameraInterface)[0] <Notice>: AppleH13CamIn::ISP_ReleasePreMappedClientSurface_gated - surfaceID = 166
Jun  8 17:49:37 kernel(AppleH13CameraInterface)[0] <Notice>: AppleH13CamIn::ISP_ReleasePreMappedClientSurface_gated - surfaceID = 158
Jun  8 17:49:37 kernel(AppleH13CameraInterface)[0] <Notice>: AppleH13CamIn::ISP_ReleasePreMappedClientSurface_gated - surfaceID = 160
Jun  8 17:49:37 kernel(AppleH13CameraInterface)[0] <Notice>: AppleH13CamIn::ISP_ReleasePreMappedClientSurface_gated - surfaceID = 167
Jun  8 17:49:37 kernel(AppleH13CameraInterface)[0] <Notice>: AppleH13CamIn::ISP_ReleasePreMappedClientSurface_gated - surfaceID = 217
Jun  8 17:49:37 kernel(AppleH13CameraInterface)[0] <Notice>: AppleH13CamIn::ISP_ReleasePreMappedClientSurface_gated - surfaceID = 215
Jun  8 17:49:37 kernel(AppleH13CameraInterface)[0] <Notice>: AppleH13CamIn::ISP_ReleasePreMappedClientSurface_gated - surfaceID = 182
Jun  8 17:49:37 kernel(AppleH13CameraInterface)[0] <Notice>: AppleH13CamIn::ISP_ReleasePreMappedClientSurface_gated - surfaceID = 201
Jun  8 17:49:37 kernel(AppleH13CameraInterface)[0] <Notice>: AppleH13CamIn::ISP_ReleasePreMappedClientSurface_gated - surfaceID = 205
Jun  8 17:49:37 kernel(AppleH13CameraInterface)[0] <Notice>: AppleH13CamIn::ISP_ReleasePreMappedClientSurface_gated - surfaceID = 223
Jun  8 17:49:37 kernel(AppleH13CameraInterface)[0] <Notice>: AppleH13CamIn::ISP_ReleasePreMappedClientSurface_gated - surfaceID = 214
Jun  8 17:49:37 kernel(AppleH13CameraInterface)[0] <Notice>: AppleH13CamIn::ISP_ReleasePreMappedClientSurface_gated - surfaceID = 181
Jun  8 17:49:37 kernel(AppleH13CameraInterface)[0] <Notice>: AppleH13CamIn::ISP_ReleasePreMappedClientSurface_gated - surfaceID = 218
Jun  8 17:49:37 kernel(AppleH13CameraInterface)[0] <Notice>: AppleH13CamIn::ISP_ReleasePreMappedClientSurface_gated - surfaceID = 196
Jun  8 17:49:37 kernel(AppleH13CameraInterface)[0] <Notice>: AppleH13CamIn::ISP_ReleasePreMappedClientSurface_gated - surfaceID = 199
Jun  8 17:49:37 kernel(AppleH13CameraInterface)[0] <Notice>: AppleH13CamIn::ISP_ReleasePreMappedClientSurface_gated - surfaceID = 207
Jun  8 17:49:37 kernel(AppleH13CameraInterface)[0] <Notice>: AppleH13CamIn::ISP_ReleasePreMappedClientSurface_gated - surfaceID = 200
Jun  8 17:49:37 kernel(AppleH13CameraInterface)[0] <Notice>: AppleH13CamIn::ISP_ReleasePreMappedClientSurface_gated - surfaceID = 216
Jun  8 17:49:37 kernel(AppleH13CameraInterface)[0] <Notice>: AppleH13CamIn::ISP_ReleasePreMappedClientSurface_gated - surfaceID = 212
Jun  8 17:49:37 kernel(AppleH13CameraInterface)[0] <Notice>: AppleH13CamIn::ISP_ReleasePreMappedClientSurface_gated - surfaceID = 206
Jun  8 17:49:37 kernel(AppleH13CameraInterface)[0] <Notice>: AppleH13CamIn::ISP_ReleasePreMappedClientSurface_gated - surfaceID = 210
Jun  8 17:49:37 kernel(AppleH13CameraInterface)[0] <Notice>: AppleH13CamIn::ISP_ReleasePreMappedClientSurface_gated - surfaceID = 213
Jun  8 17:49:37 kernel(AppleH13CameraInterface)[0] <Notice>: AppleH13CamIn::ISP_DestroyMultiCameraSession_gated - Destroying multicam session: Client=Kernel (numClientsWithSession=0)
Jun  8 17:49:37 CommCenter(libATCommandStudioDynamic.dylib)[102] <Notice>: QMI: Svc=0xe4(AWD) Ind MsgId=0x1012 Bin=[<private>]
Jun  8 17:49:37 CommCenter(libATCommandStudioDynamic.dylib)[102] <Notice>: QMI: Svc=0xe4(AWD) Ind MsgId=0x1012 Bin=[<private>]
Jun  8 17:49:37 CommCenter(libBasebandManager.dylib)[102] <Notice>: #I Received trigger 0xc762d
Jun  8 17:49:37 kernel(AppleH13CameraInterface)[0] <Notice>: AppleH13CamIn::ISP_ReleaseChannel_gated - channel: 2 (process: Kernel)
Jun  8 17:49:37 kernel(AppleH13CameraInterface)[0] <Notice>: AppleH13CamIn::ISP_ReleaseChannel_gated - channel: 0 (process: Kernel)
Jun  8 17:49:37 kernel(AppleH13CameraInterface)[0] <Notice>: AppleH13CamIn::ISP_ReleaseChannel_gated - channel: 4 (process: Kernel)
Jun  8 17:49:37 kernel(AppleH13CameraInterface)[0] <Notice>: AppleH13CamIn::ISP_ReleaseChannel_gated - channel: 3 (process: Kernel)
Jun  8 17:49:37 kernel(AppleH13CameraInterface)[0] <Notice>: AppleH13PearlCam::SendNotificationMessageToClient - Sending 3 notification to client
Jun  8 17:49:37 kernel(AppleH13CameraInterface)[0] <Notice>: AppleH13PearlCam::PearlCamStateEntryProc_IDLE
Jun  8 17:49:37 kernel(AppleH13CameraInterface)[0] <Notice>: AppleH13PearlCam::checkForWork - dequeued PearlCamPowerOffMessage
Jun  8 17:49:37 kernel(AppleH13CameraInterface)[0] <Notice>: AppleH13PearlCam::PearlCamMessageHandler_PowerOff
Jun  8 17:49:37 kernel(AppleH13CameraInterface)[0] <Notice>: AppleH13PearlCam::PearlCamPowerOffCamera - flow execution time was 335420 usec
Jun  8 17:49:37 kernel(AppleH13CameraInterface)[0] <Notice>: AppleH13CamIn::ISP_PowerOffCamera_gated (fPowerEvent=0, fOutstandingPowerUpRequests=0)
Jun  8 17:49:37 kernel(AppleH13CameraInterface)[0] <Notice>: AppleH13CamIn::ISP_PowerOffCamera_gated - requesting ISP power down
Jun  8 17:49:37 kernel(AppleH13CameraInterface)[0] <Notice>: AppleH13CamIn::ISP_PowerOffCamera_gated - set fPowerEvent from 0 to kH13ISPPowerEventType_PowerOffPending, fOutstandingPowerUpRequests = 0 isPowered: 1
Jun  8 17:49:37 kernel(ApplePPMCPMS)[0] <Notice>: ApplePPMCPMS::admissionCheckOfValue:client 3, timescale 1, level 0
Jun  8 17:49:37 kernel(AppleH11ANEInterface)[0] <Notice>: ANE0: IOReturn H11ANEIn::powerStateWillChangeTo_gated(IOPMPowerFlags, unsigned long, IOService *) :H11ANEIn:: IPC peer ISP will power down
Jun  8 17:49:37 kernel(ApplePPMCPMS)[0] <Notice>: ApplePPMPolicyCPMS::resolveClientBudgets:Budget Trace: clientId 3, Timescale 1, Requested Budget 0, Granted Budget 0, Thermal Budget 4294967295, PowerBudgetUPO 16247
Jun  8 17:49:37 kernel(ApplePPMCPMS)[0] <Notice>: ApplePPMCPMS::admissionCheckOfValue:granted client 3, timescale 1, level 0 budget 0
Jun  8 17:49:37 kernel(AppleH13CameraInterface)[0] <Notice>: AppleH13CamIn::ISP_PPMActivityStopped_gated - activity stopped: clientIndex=0, subClientID=0; budgetAlloc=2; result=0x00000000
Jun  8 17:49:37 kernel(AppleH13CameraInterface)[0] <Notice>: AppleH13PearlCam::PearlCamStateEntryProc_OFF
Jun  8 17:49:37 kernel(AppleH13CameraInterface)[0] <Notice>: AppleH13CamIn::setPowerStateGated - 0
Jun  8 17:49:37 kernel(AppleH13CameraInterface)[0] <Notice>: AppleH13CamIn::setPowerStateGated (turn off) - change fPowerEvent from 2 to PowerOffPending, HasActiveKernelClients=0
Jun  8 17:49:37 kernel(AppleH13CameraInterface)[0] <Notice>: AppleH13CamIn::power_off_hardware
Jun  8 17:49:37 kernel(AppleH13CameraInterface)[0] <Notice>: AppleH13CamIn::ISP_Suspend
Jun  8 17:49:37 kernel[0] <Notice>: Couldn't alloc class "AppleKeyStoreTest"
Jun  8 17:49:37 CommCenter(libATCommandStudioDynamic.dylib)[102] <Notice>: QMI: Svc=0x2a(DSD) Ind MsgId=0x0026 Sim=2 Bin=[<private>]
Jun  8 17:49:37 CommCenter(libCommCenterMCommandDrivers.dylib)[102] <Notice>: #I processDsdTlvDataSystemStatus: Data System status: Technology: k3GPP (0x0), rat value: kEX_3GPP_5G (0x6), service option mask: <unknown mask, probably a composite mask> (0xb0000000000), data bearer info: kNRNSA/kLTE,kNRTDD,kNRSUB6,kNRNSA (23)/true
Jun  8 17:49:37 CommCenter(libCommCenterMCommandDrivers.dylib)[102] <Notice>: #I processDsdTlvDataSystemStatus: The data bearer data mode is: kNRNSA, soMask: kLTE,kNRTDD,kNRSUB6,kNRNSA (23), available: true
Jun  8 17:49:37 CommCenter[102] <Notice>: #I updateDataBearerInfo: The data bearer data mode is: kNRNSA, soMask is: kLTE,kNRTDD,kNRSUB6,kNRNSA (23), available: true
Jun  8 17:49:37 CommCenter[102] <Notice>: #I RFBand: Type = FDD
Jun  8 17:49:37 CommCenter[102] <Notice>: #I refreshDataServiceConfiguration: (1) refreshapn: reason = kDataSystemStatus changed = false
Jun  8 17:49:37 CommCenter[102] <Notice>: #I refreshDataServiceConfiguration: (2) refreshapn: reason = kDataSystemStatus changed = false
Jun  8 17:49:37 CommCenter(libSystemDetermination.dylib)[102] <Notice>: #I RFBand: Type = FDD
Jun  8 17:49:37 CommCenter[102] <Notice>: #I setupEmergencyConfiguration: Found Em data settings
Jun  8 17:49:37 CommCenter[102] <Notice>: #I checkActivateConnection: change = false activate = false state = kDataConnectionStateIdle fIsActivatingAccrossSimSwap = 0
Jun  8 17:49:37 CommCenter[102] <Notice>: #I refreshDataServiceConfiguration:  reconfiguring with kNRNSA
Jun  8 17:49:37 CommCenter[102] <Notice>: #I setupConfiguration: setup config: modeCDMA=false fUseCDMATetheringSettings = false
Jun  8 17:49:37 CommCenter[102] <Notice>: #I shouldUseTetheringVerification: shouldUseTetheringVerification() result is TRUE
Jun  8 17:49:37 CommCenter[102] <Notice>: #I setupConfiguration: setup config: wirelessTrafficIsPresent=true wirelessAuthIsPresent = true
Jun  8 17:49:37 CommCenter[102] <Notice>: #I setupConfiguration: setup config: set non-CDMA for kDataConnectionInternet
Jun  8 17:49:37 CommCenter[102] <Notice>: #I setupConfiguration: setup config: set non-CDMA for kDataConnectionWirelessModemTraffic
Jun  8 17:49:37 CommCenter[102] <Notice>: #I setupConfiguration: setup config: set non-CDMA for kDataConnectionWirelessModemAuthentication
Jun  8 17:49:37 CommCenter[102] <Notice>: #I setupConfiguration: setup config: set non-CDMA for kDataConnectionEntitlementTraffic
Jun  8 17:49:37 kernel(AppleH13CameraInterface)[0] <Notice>: AppleH13CamIn::ISP_updatePearlMetrics - ProjUse: D=0, DLP=0, S=0, SLP=0, F=5976, PA=0, PB=0, SB=0, CD100=0, CD250=0, CD400=0, FAE=1992
Jun  8 17:49:37 CommCenter[102] <Notice>: #I setupConfiguration: setup config: set non-CDMA for kDataConnectionLLWirelessModemTraffic
Jun  8 17:49:37 CommCenter[102] <Notice>: #I setupConfiguration: setup config: set non-CDMA for kDataConnectionMMS
Jun  8 17:49:37 CommCenter[102] <Notice>: #I setupConfiguration: setup config: set non-CDMA for kDataConnectionIM
Jun  8 17:49:37 CommCenter[102] <Notice>: #I setupConfiguration: setup config: set non-CDMA for kDataConnectionEm
Jun  8 17:49:37 kernel()[0] <Notice>: wlan0:com.apple.p2p: isInfraRealtimePacketThresholdAllowed allowed:0 option:0 threshold:50 noRegistrations:1 cachedPeerCount:0 fastDiscoveryInactive:1 fastDiscoveryOnSince:430392878
Jun  8 17:49:37 kernel(AppleH13CameraInterface)[0] <Notice>: AppleH13PearlCam::PearlCam_GetBufferBufferUseStatistics - fInUseBufferHighWaterMark=13
Jun  8 17:49:37 kernel(AppleH13CameraInterface)[0] <Notice>: AppleH13CamIn::ISP_Suspend - disable timer
Jun  8 17:49:37 kernel(AppleH13CameraInterface)[0] <Notice>: AppleH13CamIn::ISP_Suspend - disable self IPC EP
Jun  8 17:49:37 CommCenter[102] <Notice>: #I setupConfiguration: OTA APN configured
Jun  8 17:49:37 kernel(AppleH13CameraInterface)[0] <Notice>: IspAneIPCEndPoints::enableFWIPCEP_gated - send CISP_CMD_IPC_ENDPOINT_UNSET2 to FW, self state: 4
Jun  8 17:49:37 CommCenter[102] <Notice>: #I setupConfiguration: supportedDataConnection 0: toReactivate = false : settingsChanged = false : configuration present: true
Jun  8 17:49:37 CommCenter[102] <Notice>: #I setupConfiguration: supportedDataConnection 1: toReactivate = false : settingsChanged = false : configuration present: false
Jun  8 17:49:37 CommCenter[102] <Notice>: #I setupConfiguration: supportedDataConnection 2: toReactivate = false : settingsChanged = false : configuration present: true
Jun  8 17:49:37 CommCenter[102] <Notice>: #I setupConfiguration: supportedDataConnection 3: toReactivate = false : settingsChanged = false : configuration present: false
Jun  8 17:49:37 CommCenter[102] <Notice>: #I setupConfiguration: supportedDataConnection 4: toReactivate = false : settingsChanged = false : configuration present: true
Jun  8 17:49:37 CommCenter[102] <Notice>: #I setupConfiguration: supportedDataConnection 5: toReactivate = false : settingsChanged = false : configuration present: true
Jun  8 17:49:37 CommCenter[102] <Notice>: #I setupConfiguration: supportedDataConnection 6: toReactivate = false : settingsChanged = false : configuration present: false
Jun  8 17:49:37 CommCenter[102] <Notice>: #I setupConfiguration: supportedDataConnection 7: toReactivate = false : settingsChanged = false : configuration present: false
Jun  8 17:49:37 CommCenter[102] <Notice>: #I setupConfiguration: supportedDataConnection 8: toReactivate = false : settingsChanged = false : configuration present: false
Jun  8 17:49:37 CommCenter[102] <Notice>: #I setupConfiguration: supportedDataConnection 9: toReactivate = false : settingsChanged = false : configuration present: true
Jun  8 17:49:37 CommCenter[102] <Notice>: #I setupConfiguration: supportedDataConnection 10: toReactivate = false : settingsChanged = false : configuration present: false
Jun  8 17:49:37 CommCenter[102] <Notice>: #I setupConfiguration: supportedDataConnection 11: toReactivate = false : settingsChanged = false : configuration present: false
Jun  8 17:49:37 CommCenter[102] <Notice>: #I setupConfiguration: supportedDataConnection 12: toReactivate = false : settingsChanged = false : configuration present: false
Jun  8 17:49:37 CommCenter[102] <Notice>: #I setupConfiguration: supportedDataConnection 13: toReactivate = false : settingsChanged = false : configuration present: false
Jun  8 17:49:37 CommCenter[102] <Notice>: #I setupConfiguration: supportedDataConnection 14: toReactivate = false : settingsChanged = false : configuration present: false
Jun  8 17:49:37 CommCenter[102] <Notice>: #I setupConfiguration: supportedDataConnection 15: toReactivate = false : settingsChanged = false : configuration present: true
Jun  8 17:49:37 CommCenter[102] <Notice>: #I setupConfiguration: supportedDataConnection 16: toReactivate = false : settingsChanged = false : configuration present: false
Jun  8 17:49:37 CommCenter[102] <Notice>: #I setupConfiguration: supportedDataConnection 17: toReactivate = false : settingsChanged = false : configuration present: true
Jun  8 17:49:37 CommCenter[102] <Notice>: #I setupConfiguration: supportedDataConnection 18: toReactivate = false : settingsChanged = false : configuration present: true
Jun  8 17:49:37 CommCenter[102] <Notice>: #I setupConfiguration: supportedDataConnection 19: toReactivate = false : settingsChanged = false : configuration present: false
Jun  8 17:49:37 CommCenter[102] <Notice>: #I setupConfiguration: supportedDataConnection 20: toReactivate = false : settingsChanged = false : configuration present: false
Jun  8 17:49:37 CommCenter[102] <Notice>: #I setupConfiguration: supportedDataConnection 21: toReactivate = false : settingsChanged = false : configuration present: true
Jun  8 17:49:37 CommCenter[102] <Notice>: #I setupConfiguration: supportedDataConnection 22: toReactivate = false : settingsChanged = false : configuration present: false
Jun  8 17:49:37 CommCenter[102] <Notice>: #I setupConfiguration: supportedDataConnection 23: toReactivate = false : settingsChanged = false : configuration present: false
Jun  8 17:49:37 CommCenter[102] <Notice>: #I setupConfiguration: supportedDataConnection 24: toReactivate = false : settingsChanged = false : configuration present: false
Jun  8 17:49:37 CommCenter[102] <Notice>: #I setupConfiguration: supportedDataConnection 25: toReactivate = false : settingsChanged = false : configuration present: true
Jun  8 17:49:37 CommCenter[102] <Notice>: #I setupConfiguration: supportedDataConnection 26: toReactivate = false : settingsChanged = false : configuration present: false
Jun  8 17:49:37 CommCenter[102] <Notice>: #I setupConfiguration: supportedDataConnection 27: toReactivate = false : settingsChanged = false : configuration present: true
Jun  8 17:49:37 CommCenter[102] <Notice>: #I setupConfiguration: supportedDataConnection 28: toReactivate = false : settingsChanged = false : configuration present: false
Jun  8 17:49:37 CommCenter[102] <Notice>: #I setupConfiguration: supportedDataConnection 29: toReactivate = false : settingsChanged = false : configuration present: false
Jun  8 17:49:37 CommCenter[102] <Notice>: #I setupConfiguration: supportedDataConnection 30: toReactivate = false : settingsChanged = false : configuration present: false
Jun  8 17:49:37 CommCenter[102] <Notice>: #I setupConfiguration: supportedDataConnection 31: toReactivate = false : settingsChanged = false : configuration present: false
Jun  8 17:49:37 CommCenter[102] <Notice>: #I setupConfiguration: supportedDataConnection 32: toReactivate = false : settingsChanged = false : configuration present: false
Jun  8 17:49:37 CommCenter[102] <Notice>: #I setupConfiguration: supportedDataConnection 33: toReactivate = false : settingsChanged = false : configuration present: false
Jun  8 17:49:37 CommCenter[102] <Notice>: #I setupConfiguration: supportedDataConnection 34: toReactivate = false : settingsChanged = false : configuration present: false
Jun  8 17:49:37 CommCenter[102] <Notice>: #I setupConfiguration: supportedDataConnection 35: toReactivate = false : settingsChanged = false : configuration present: false
Jun  8 17:49:37 CommCenter[102] <Notice>: #I setupConfiguration: reactivate 0: toReactivate = false : settingsChanged = false : configuration present: true
Jun  8 17:49:37 CommCenter[102] <Notice>: #I checkActivateConnection: change = false activate = false state = kDataConnectionStateActive fIsActivatingAccrossSimSwap = 0
Jun  8 17:49:37 CommCenter[102] <Notice>: #I setupConfiguration: reactivate 1: toReactivate = false : settingsChanged = false : configuration present: false
Jun  8 17:49:37 CommCenter[102] <Notice>: #I checkActivateConnection: change = false activate = false state = kDataConnectionStateIdle fIsActivatingAccrossSimSwap = 0
Jun  8 17:49:37 CommCenter[102] <Notice>: #I setupConfiguration: reactivate 2: toReactivate = false : settingsChanged = false : configuration present: true
Jun  8 17:49:37 CommCenter[102] <Notice>: #I checkActivateConnection: change = false activate = false state = kDataConnectionStateIdle fIsActivatingAccrossSimSwap = 0
Jun  8 17:49:37 CommCenter[102] <Notice>: #I setupConfiguration: reactivate 3: toReactivate = false : settingsChanged = false : configuration present: false
Jun  8 17:49:37 CommCenter[102] <Notice>: #I checkActivateConnection: change = false activate = false state = kDataConnectionStateIdle fIsActivatingAccrossSimSwap = 0
Jun  8 17:49:37 CommCenter[102] <Notice>: #I setupConfiguration: reactivate 4: toReactivate = false : settingsChanged = false : configuration present: true
Jun  8 17:49:37 CommCenter[102] <Notice>: #I checkActivateConnection: change = false activate = false state = kDataConnectionStateActive fIsActivatingAccrossSimSwap = 0
Jun  8 17:49:37 CommCenter[102] <Notice>: #I setupConfiguration: reactivate 5: toReactivate = false : settingsChanged = false : configuration present: true
Jun  8 17:49:37 CommCenter[102] <Notice>: #I checkActivateConnection: change = false activate = false state = kDataConnectionStateIdle fIsActivatingAccrossSimSwap = 0
Jun  8 17:49:37 CommCenter[102] <Notice>: #I setupConfiguration: reactivate 6: toReactivate = false : settingsChanged = false : configuration present: false
Jun  8 17:49:37 CommCenter[102] <Notice>: #I checkActivateConnection: change = false activate = false state = kDataConnectionStateIdle fIsActivatingAccrossSimSwap = 0
Jun  8 17:49:37 CommCenter[102] <Notice>: #I setupConfiguration: reactivate 7: toReactivate = false : settingsChanged = false : configuration present: false
Jun  8 17:49:37 CommCenter[102] <Notice>: #I checkActivateConnection: change = false activate = false state = kDataConnectionStateIdle fIsActivatingAccrossSimSwap = 0
Jun  8 17:49:37 CommCenter[102] <Notice>: #I setupConfiguration: reactivate 8: toReactivate = false : settingsChanged = false : configuration present: false
Jun  8 17:49:37 CommCenter[102] <Notice>: #I checkActivateConnection: change = false activate = false state = kDataConnectionStateIdle fIsActivatingAccrossSimSwap = 0
Jun  8 17:49:37 CommCenter[102] <Notice>: #I setupConfiguration: reactivate 9: toReactivate = false : settingsChanged = false : configuration present: true
Jun  8 17:49:37 CommCenter[102] <Notice>: #I checkActivateConnection: change = false activate = false state = kDataConnectionStateIdle fIsActivatingAccrossSimSwap = 0
Jun  8 17:49:37 CommCenter[102] <Notice>: #I setupConfiguration: reactivate 10: toReactivate = false : settingsChanged = false : configuration present: false
Jun  8 17:49:37 CommCenter[102] <Notice>: #I checkActivateConnection: change = false activate = false state = kDataConnectionStateIdle fIsActivatingAccrossSimSwap = 0
Jun  8 17:49:37 CommCenter[102] <Notice>: #I setupConfiguration: reactivate 11: toReactivate = false : settingsChanged = false : configuration present: false
Jun  8 17:49:37 CommCenter[102] <Notice>: #I checkActivateConnection: change = false activate = false state = kDataConnectionStateIdle fIsActivatingAccrossSimSwap = 0
Jun  8 17:49:37 CommCenter[102] <Notice>: #I setupConfiguration: reactivate 12: toReactivate = false : settingsChanged = false : configuration present: false
Jun  8 17:49:37 CommCenter[102] <Notice>: #I checkActivateConnection: change = false activate = false state = kDataConnectionStateIdle fIsActivatingAccrossSimSwap = 0
Jun  8 17:49:37 CommCenter[102] <Notice>: #I setupConfiguration: reactivate 13: toReactivate = false : settingsChanged = false : configuration present: false
Jun  8 17:49:37 CommCenter[102] <Notice>: #I checkActivateConnection: change = false activate = false state = kDataConnectionStateIdle fIsActivatingAccrossSimSwap = 0
Jun  8 17:49:37 CommCenter[102] <Notice>: #I setupConfiguration: reactivate 14: toReactivate = false : settingsChanged = false : configuration present: false
Jun  8 17:49:37 CommCenter[102] <Notice>: #I checkActivateConnection: change = false activate = false state = kDataConnectionStateIdle fIsActivatingAccrossSimSwap = 0
Jun  8 17:49:37 CommCenter[102] <Notice>: #I setupConfiguration: reactivate 15: toReactivate = false : settingsChanged = false : configuration present: true
Jun  8 17:49:37 CommCenter[102] <Notice>: #I checkActivateConnection: change = false activate = false state = kDataConnectionStateIdle fIsActivatingAccrossSimSwap = 0
Jun  8 17:49:37 CommCenter[102] <Notice>: #I setupConfiguration: reactivate 16: toReactivate = false : settingsChanged = false : configuration present: false
Jun  8 17:49:37 CommCenter[102] <Notice>: #I checkActivateConnection: change = false activate = false state = kDataConnectionStateIdle fIsActivatingAccrossSimSwap = 0
Jun  8 17:49:37 CommCenter[102] <Notice>: #I setupConfiguration: reactivate 17: toReactivate = false : settingsChanged = false : configuration present: true
Jun  8 17:49:37 CommCenter[102] <Notice>: #I checkActivateConnection: change = false activate = false state = kDataConnectionStateActive fIsActivatingAccrossSimSwap = 0
Jun  8 17:49:37 CommCenter[102] <Notice>: #I setupConfiguration: reactivate 18: toReactivate = false : settingsChanged = false : configuration present: true
Jun  8 17:49:37 CommCenter[102] <Notice>: #I checkActivateConnection: change = false activate = false state = kDataConnectionStateIdle fIsActivatingAccrossSimSwap = 0
Jun  8 17:49:37 CommCenter[102] <Notice>: #I setupConfiguration: reactivate 19: toReactivate = false : settingsChanged = false : configuration present: false
Jun  8 17:49:37 CommCenter[102] <Notice>: #I checkActivateConnection: change = false activate = false state = kDataConnectionStateIdle fIsActivatingAccrossSimSwap = 0
Jun  8 17:49:37 CommCenter[102] <Notice>: #I checkActivateConnection: change = false activate = false state = kDataConnectionStateIdle fIsActivatingAccrossSimSwap = 0
Jun  8 17:49:37 CommCenter[102] <Notice>: #I setupConfiguration: reactivate 20: toReactivate = false : settingsChanged = false : configuration present: false
Jun  8 17:49:37 CommCenter[102] <Notice>: #I checkActivateConnection: change = false activate = false state = kDataConnectionStateIdle fIsActivatingAccrossSimSwap = 0
Jun  8 17:49:37 CommCenter[102] <Notice>: #I setupConfiguration: reactivate 21: toReactivate = false : settingsChanged = false : configuration present: true
Jun  8 17:49:37 CommCenter[102] <Notice>: #I checkActivateConnection: change = false activate = false state = kDataConnectionStateIdle fIsActivatingAccrossSimSwap = 0
Jun  8 17:49:37 CommCenter[102] <Notice>: #I setupConfiguration: reactivate 22: toReactivate = false : settingsChanged = false : configuration present: false
Jun  8 17:49:37 CommCenter[102] <Notice>: #I checkActivateConnection: change = false activate = false state = kDataConnectionStateIdle fIsActivatingAccrossSimSwap = 0
Jun  8 17:49:37 CommCenter[102] <Notice>: #I setupConfiguration: reactivate 23: toReactivate = false : settingsChanged = false : configuration present: false
Jun  8 17:49:37 CommCenter[102] <Notice>: #I checkActivateConnection: change = false activate = false state = kDataConnectionStateIdle fIsActivatingAccrossSimSwap = 0
Jun  8 17:49:37 CommCenter[102] <Notice>: #I setupConfiguration: reactivate 24: toReactivate = false : settingsChanged = false : configuration present: false
Jun  8 17:49:37 CommCenter[102] <Notice>: #I checkActivateConnection: change = false activate = false state = kDataConnectionStateIdle fIsActivatingAccrossSimSwap = 0
Jun  8 17:49:37 CommCenter[102] <Notice>: #I setupConfiguration: reactivate 25: toReactivate = false : settingsChanged = false : configuration present: true
Jun  8 17:49:37 CommCenter[102] <Notice>: #I checkActivateConnection: change = false activate = false state = kDataConnectionStateIdle fIsActivatingAccrossSimSwap = 0
Jun  8 17:49:37 CommCenter[102] <Notice>: #I setupConfiguration: reactivate 26: toReactivate = false : settingsChanged = false : configuration present: false
Jun  8 17:49:37 CommCenter[102] <Notice>: #I checkActivateConnection: change = false activate = false state = kDataConnectionStateIdle fIsActivatingAccrossSimSwap = 0
Jun  8 17:49:37 CommCenter[102] <Notice>: #I setupConfiguration: reactivate 27: toReactivate = false : settingsChanged = false : configuration present: true
Jun  8 17:49:37 CommCenter[102] <Notice>: #I checkActivateConnection: change = false activate = false state = kDataConnectionStateIdle fIsActivatingAccrossSimSwap = 0
Jun  8 17:49:37 CommCenter[102] <Notice>: #I setupConfiguration: reactivate 28: toReactivate = false : settingsChanged = false : configuration present: false
Jun  8 17:49:37 CommCenter[102] <Notice>: #I checkActivateConnection: change = false activate = false state = kDataConnectionStateIdle fIsActivatingAccrossSimSwap = 0
Jun  8 17:49:37 CommCenter[102] <Notice>: #I setupConfiguration: reactivate 29: toReactivate = false : settingsChanged = false : configuration present: false
Jun  8 17:49:37 CommCenter[102] <Notice>: #I checkActivateConnection: change = false activate = false state = kDataConnectionStateIdle fIsActivatingAccrossSimSwap = 0
Jun  8 17:49:37 CommCenter[102] <Notice>: #I setupConfiguration: reactivate 30: toReactivate = false : settingsChanged = false : configuration present: false
Jun  8 17:49:37 CommCenter(libATCommandStudioDynamic.dylib)[102] <Notice>: QMI: Svc=0xe4(AWD) Ind MsgId=0x1010 Bin=[<private>]
Jun  8 17:49:37 CommCenter[102] <Notice>: #I checkActivateConnection: change = false activate = false state = kDataConnectionStateIdle fIsActivatingAccrossSimSwap = 0
Jun  8 17:49:37 CommCenter[102] <Notice>: #I setupConfiguration: reactivate 31: toReactivate = false : settingsChanged = false : configuration present: false
Jun  8 17:49:37 CommCenter(libATCommandStudioDynamic.dylib)[102] <Notice>: QMI: Svc=0xe4(AWD) Ind MsgId=0x1010 Bin=[<private>]
Jun  8 17:49:37 CommCenter[102] <Notice>: #I checkActivateConnection: change = false activate = false state = kDataConnectionStateIdle fIsActivatingAccrossSimSwap = 0
Jun  8 17:49:37 CommCenter[102] <Notice>: #I setupConfiguration: reactivate 32: toReactivate = false : settingsChanged = false : configuration present: false
Jun  8 17:49:37 CommCenter[102] <Notice>: #I checkActivateConnection: change = false activate = false state = kDataConnectionStateIdle fIsActivatingAccrossSimSwap = 0
Jun  8 17:49:37 CommCenter(libBasebandManager.dylib)[102] <Notice>: #I Received segment 32768 of metric 0xc762d
Jun  8 17:49:37 CommCenter[102] <Notice>: #I setupConfiguration: reactivate 33: toReactivate = false : settingsChanged = false : configuration present: false
Jun  8 17:49:37 CommCenter[102] <Notice>: #I checkActivateConnection: change = false activate = false state = kDataConnectionStateIdle fIsActivatingAccrossSimSwap = 0
Jun  8 17:49:37 CommCenter[102] <Notice>: #I setupConfiguration: reactivate 34: toReactivate = false : settingsChanged = false : configuration present: false
Jun  8 17:49:37 CommCenter(libBasebandManager.dylib)[102] <Notice>: #I Sending <private> to <private> at 1686226777568
Jun  8 17:49:37 CommCenter[102] <Notice>: #I checkActivateConnection: change = false activate = false state = kDataConnectionStateIdle fIsActivatingAccrossSimSwap = 0
Jun  8 17:49:37 CommCenter[102] <Notice>: #I setupConfiguration: reactivate 35: toReactivate = false : settingsChanged = false : configuration present: false
Jun  8 17:49:37 CommCenter[102] <Notice>: #I checkActivateConnection: change = false activate = false state = kDataConnectionStateIdle fIsActivatingAccrossSimSwap = 0
Jun  8 17:49:37 CommCenter[102] <Notice>: #I deactivateDataSettings: state kDataSettingsStateIdle ct kDataContextBB reason kDataContextDeactivateDataSettings
Jun  8 17:49:37 CommCenter[102] <Notice>: #I deactivateDataSettings: this is not our activator (kDataContextDeactivateDataSettings)
Jun  8 17:49:37 CommCenter[102] <Notice>: #I refreshDataServiceConfiguration: (3) refreshapn: reason = kDataSystemStatus changed = false
Jun  8 17:49:37 CommCenter[102] <Notice>: #I updateCurrentImsPrefOnAllConnections: got IMS pref matching current data mode, send IMS pref(3).
Jun  8 17:49:37 CommCenter[102] <Notice>: #I updateCurrentImsPrefOnAllConnections: 3
Jun  8 17:49:37 CommCenter[102] <Notice>: #I evaluateImsPref: from active settings (kDataContextBB), firing event ct=kDataContextBB bb mask 3 and tech mask 3
Jun  8 17:49:37 CommCenter[102] <Notice>: #I IMS Pref for <private>: ct=kDataContextBB, bb_mask=3, tech_mask=3
Jun  8 17:49:37 CommCenter[102] <Notice>: #I operator(): first grade pdp 4 chosen
Jun  8 17:49:37 CommCenter[102] <Notice>: #I IMS Pref: ct=kDataContextBB --> kDataContextBB, bb_mask=3, tech_mask=3
Jun  8 17:49:37 CommCenter(libSystemDetermination.dylib)[102] <Notice>: #I IMS Pref: ct=kDataContextBB, bb_mask=3, tech_mask=3
Jun  8 17:49:37 CommCenter(libSystemDetermination.dylib)[102] <Notice>: #I <private> = 0
Jun  8 17:49:37 CommCenter[102] <Notice>: #I IMS Pref for <private>: ct=kDataContextBB, bb_mask=3, tech_mask=3
Jun  8 17:49:37 CommCenter[102] <Notice>: #I IMS Pref: ct=kDataContextBB --> kDataContextBB, bb_mask=3, tech_mask=3
Jun  8 17:49:37 CommCenter(libSystemDetermination.dylib)[102] <Notice>: #I IMS Pref: ct=kDataContextBB, bb_mask=3, tech_mask=3
Jun  8 17:49:37 CommCenter(libSystemDetermination.dylib)[102] <Notice>: #I <private> = 0
Jun  8 17:49:37 appleh13camerad[141] <Error>: Removing client: kernel
Jun  8 17:49:37 appleh13camerad[141] <Error>: Total number of connections: 0
Jun  8 17:49:37 CommCenter(libSystemDetermination.dylib)[102] <Notice>: #I <private> = (null)
Jun  8 17:49:37 lockdownd[27614] <Notice>: main_block_invoke_2: <private>
Jun  8 17:49:37 CommCenter(libSystemDetermination.dylib)[102] <Notice>: #I <private> = 0
Jun  8 17:49:37 CommCenter[102] <Notice>: #I got WifiCallingAllowedInRoamingKey value as false.
Jun  8 17:49:37 CommCenter(libSystemDetermination.dylib)[102] <Notice>: #I <private> = (null)
Jun  8 17:49:37 CommCenter(libSystemDetermination.dylib)[102] <Notice>: #I <private> = 0
Jun  8 17:49:37 CommCenter[102] <Notice>: #I got WifiCallingAllowedInRoamingKey value as false.
Jun  8 17:49:37 CommCenter[102] <Notice>: #I getPreferredContextType: iRAT recommends kDataContextBB
Jun  8 17:49:37 CommCenter[102] <Notice>: #I getPreferredContextType: ContextType: using kDataContextBB
Jun  8 17:49:37 CommCenter(libSystemDetermination.dylib)[102] <Notice>: #I <private> = (null)
Jun  8 17:49:37 CommCenter(libSystemDetermination.dylib)[102] <Notice>: #I <private> = 0
Jun  8 17:49:37 CommCenter[102] <Notice>: #I operator(): first grade pdp 4 chosen
Jun  8 17:49:37 CommCenter[102] <Notice>: #I refreshDataServiceConfiguration: refreshapn done: reason = kDataSystemStatus changed = false
Jun  8 17:49:37 CommCenter[102] <Notice>: #I reactivateAsserted_sync:  due to Data Bearer change force=false
Jun  8 17:49:37 CommCenter[102] <Notice>: #I hasDataAssertions: asserted by fAsserted:0 fCurrentAssertions:1
Jun  8 17:49:37 CommCenter[102] <Notice>: #I reactivationRequired: reactivation might be required BB, id=0, priority=3400
Jun  8 17:49:37 CommCenter[102] <Notice>: #I isTetheringAsserted: TetheringAssertion is asserted by explicit assertion
Jun  8 17:49:37 CommCenter[102] <Notice>: #I reactivationRequired: reactivation might be required BB, id=0, priority=3400
Jun  8 17:49:37 CommCenter[102] <Notice>: #I   --------------> kCTEventIndicatorRadioTransmit (97) sent to 2 (of 130) clients.
Jun  8 17:49:37 CommCenter[102] <Notice>: #I prepareToReactivate: can reactivate: t(OK )
Jun  8 17:49:37 CommCenter[102] <Notice>: #I isTetheringAsserted: TetheringAssertion is asserted by explicit assertion
Jun  8 17:49:37 CommCenter[102] <Notice>: #I reactivationRequired: reactivation might be required BB, id=0, priority=3400
Jun  8 17:49:37 CommCenter[102] <Notice>: #I hasDataAssertions: asserted by fAsserted:0 fCurrentAssertions:1
Jun  8 17:49:37 CommCenter[102] <Notice>: #I reactivationRequired: reactivation might be required BB, id=0, priority=3400
Jun  8 17:49:37 CommCenter[102] <Notice>: #I prepareToReactivate: can reactivate: t(OK )
Jun  8 17:49:37 CommCenter[102] <Notice>: #I reactivateAsserted_sync: trying to reactivate Internet.2
Jun  8 17:49:37 CommCenter[102] <Notice>: #I activateConnection: activateConnection called in kDataConnectionStateActive no need to do anything (doNotPostIfAlreadyActive false)
Jun  8 17:49:37 CommCenter[102] <Notice>: #I -[DataConnectionAgentInterfaceObserver pathSatisfied]: pathSatisfied check: NWAgent <private> agent domain = <private>, type = <private>, fSlicingSupported = false: fAvailability = 1, check satisfied path = 1, status = 1
Jun  8 17:49:37 CommCenter[102] <Notice>: #I <private> request: <private>, expects reply.
Jun  8 17:49:37 CommCenter[102] <Notice>: #I -[DataConnectionAgentInterfaceObserver pathSatisfied]: pathSatisfied check: NWAgent <private> agent domain = <private>, type = <private>, fSlicingSupported = false: fAvailability = 1, check satisfied path = 1, status = 1
Jun  8 17:49:37 CommCenter[102] <Notice>: #I sendActivationEvent: silent = false for kDataConnectionInternet (kDataConnectionInternet)
Jun  8 17:49:37 CommCenter[102] <Notice>: #I <private> reply to request '<private>'.
Jun  8 17:49:37 CommCenter[102] <Notice>: #I Marking Tethering as allowed
Jun  8 17:49:37 CommCenter[102] <Notice>: #I tethering: on auth success
Jun  8 17:49:37 CommCenter[102] <Notice>: #I tethering: update from upper layers coming
Jun  8 17:49:37 CommCenter[102] <Notice>: #I tethering: update: conn=kDataConnectionTotal, authStatus=true, cleanFailed=false, accountId=<private>
Jun  8 17:49:37 CommCenter[102] <Notice>: #I <private> request: <private>, expects reply.
Jun  8 17:49:37 CommCenter[102] <Notice>: #I tethering: orig auth status: true
Jun  8 17:49:37 CommCenter[102] <Notice>: #I tethering: old auth status: true
Jun  8 17:49:37 locationd(PersistentConnection)[26469] <Notice>: <PCPersistentInterfaceManager: 0xa44892100> _updateWWANInterfaceUpState wasUp YES isUp YES wantsInterfaceAssertion YES avoidWWANOnCall NO
Jun  8 17:49:37 locationd(PersistentConnection)[26469] <Notice>: dataStatus changed - <CTXPCServiceSubscriptionContext 0xa44891a70 slotID=CTSubscriptionSlotTwo, userDataPreferred=1, userDefaultVoice=1, isSimPresent=YES, isSimGood=YES>
Jun  8 17:49:37 locationd[26469] <Notice>: Nlp, received kDataStatusNotification
Jun  8 17:49:37 CommCenter[102] <Notice>: #I tethering: nw supported
Jun  8 17:49:37 CommCenter[102] <Notice>: #N tethering: old value the same
Jun  8 17:49:37 CommCenter[102] <Notice>: #I <private> reply to request '<private>'.
Jun  8 17:49:37 CommCenter(PersistentConnection)[102] <Notice>: dataStatus changed - <CTXPCServiceSubscriptionContext 0x77cc3a390 slotID=CTSubscriptionSlotTwo, userDataPreferred=1, userDefaultVoice=1, isSimPresent=YES, isSimGood=YES>
Jun  8 17:49:37 locationd[26469] <Notice>: Nlp, dataindictor, both, 7, 8
Jun  8 17:49:37 CommCenter[102] <Notice>: Sent notification to 22 (of 58) clients: <private>
Jun  8 17:49:37 locationd[26469] <Notice>: #ca,onTelephonyServiceNotification,kDataStatusNotification
Jun  8 17:49:37 CommCenter(PersistentConnection)[102] <Notice>: <PCPersistentInterfaceManager: 0x77fa42910> _updateWWANInterfaceUpState wasUp YES isUp YES wantsInterfaceAssertion YES avoidWWANOnCall NO
Jun  8 17:49:37 locationd[26469] <Notice>: {"msg":"#ca,kDataStatusNotification", "inst":0, "InHomeCountry":1}
Jun  8 17:49:37 CommCenter[102] <Notice>: #I isTetheringAsserted: TetheringAssertion is asserted by explicit assertion
Jun  8 17:49:37 locationd[26469] <Notice>: {"msg":"#ca,kDataStatusNotification", "inst":1, "InHomeCountry":1}
Jun  8 17:49:37 CommCenter[102] <Notice>: #I (DataStatus)connectionStateChange: pdp=0, state=kActive, conn.mask=1 (0x1) [I] [I], dataMode = kNRNSA (silent false), settings=Settings.2:0, transportType=kDataContextBB, iposted=false
Jun  8 17:49:37 CommCenter[102] <Notice>: #I reactivateAsserted_sync: trying to reactivate WirelessModemTraffic.2
Jun  8 17:49:37 CommCenter[102] <Notice>: #I activateConnection: activateConnection called in kDataConnectionStateActive no need to do anything (doNotPostIfAlreadyActive false)
Jun  8 17:49:37 CommCenter[102] <Notice>: Sent notification to 3 (of 58) clients: <private>
Jun  8 17:49:37 CommCenter[102] <Notice>: #I -[DataConnectionAgentInterfaceObserver pathSatisfied]: pathSatisfied check: NWAgent <private> agent domain = <private>, type = <private>, fSlicingSupported = false: fAvailability = 1, check satisfied path = 1, status = 1
Jun  8 17:49:37 CommCenter[102] <Notice>: #I -[DataConnectionAgentInterfaceObserver pathSatisfied]: pathSatisfied check: NWAgent <private> agent domain = <private>, type = <private>, fSlicingSupported = false: fAvailability = 1, check satisfied path = 1, status = 1
Jun  8 17:49:37 CommCenter[102] <Notice>: #I sendActivationEvent: silent = false for kDataConnectionWirelessModemTraffic (kDataConnectionWirelessModemTraffic)
Jun  8 17:49:37 CommCenter[102] <Notice>: #I Marking Tethering as allowed
Jun  8 17:49:37 CommCenter[102] <Notice>: #I tethering: on auth success
Jun  8 17:49:37 CommCenter[102] <Notice>: #I tethering: update from upper layers coming
Jun  8 17:49:37 UserEventAgent(PersistentConnection)[28742] <Notice>: dataStatus changed - <CTXPCServiceSubscriptionContext 0x86290fa90 slotID=CTSubscriptionSlotTwo, userDataPreferred=1, userDefaultVoice=1, isSimPresent=YES, isSimGood=YES>
Jun  8 17:49:37 UserEventAgent(PersistentConnection)[28742] <Notice>: <PCPersistentInterfaceManager: 0x862b5c040> _updateWWANInterfaceUpState wasUp YES isUp YES wantsInterfaceAssertion YES avoidWWANOnCall NO
Jun  8 17:49:37 rapportd(PersistentConnection)[96] <Notice>: dataStatus changed - <CTXPCServiceSubscriptionContext 0x78690a0b0 slotID=CTSubscriptionSlotTwo, userDataPreferred=1, userDefaultVoice=1, isSimPresent=YES, isSimGood=YES>
Jun  8 17:49:37 CommCenter[102] <Notice>: #I tethering: update: conn=kDataConnectionTotal, authStatus=true, cleanFailed=false, accountId=<private>
Jun  8 17:49:37 CommCenter[102] <Notice>: #I tethering: orig auth status: true
Jun  8 17:49:37 CommCenter[102] <Notice>: #I tethering: old auth status: true
Jun  8 17:49:37 CommCenter[102] <Notice>: #I tethering: nw supported
Jun  8 17:49:37 CommCenter[102] <Notice>: #N tethering: old value the same
Jun  8 17:49:37 CommCenter[102] <Notice>: #I isTetheringAsserted: TetheringAssertion is asserted by explicit assertion
Jun  8 17:49:37 CommCenter[102] <Notice>: #I tethering: on connection state update
Jun  8 17:49:37 CommCenter[102] <Notice>: #I tethering: top update
Jun  8 17:49:37 CommCenter[102] <Notice>: #I tethering: update from upper layers coming
Jun  8 17:49:37 CommCenter[102] <Notice>: #I tethering: update: conn=kDataConnectionWirelessModemTraffic, authStatus=unknown, cleanFailed=false, accountId=<private>
Jun  8 17:49:37 CommCenter[102] <Notice>: #I tethering: orig auth status: true
Jun  8 17:49:37 locationd[26469] <Notice>: #EmergCon,EMERGENCY:notification,kDataStatusNotification
Jun  8 17:49:37 CommCenter[102] <Notice>: #I tethering: old auth status: true
Jun  8 17:49:37 locationd[26469] <Notice>: {"msg":"#awd,kDataStatusNotification", "sim":0, "RAT":7}
Jun  8 17:49:37 locationd[26469] <Notice>: {"msg":"#awd,kDataStatusNotification", "sim":1, "RAT":7}
Jun  8 17:49:37 locationd[26469] <Notice>: {"msg":"#EmergCon,kDataStatusNotification", "inst":0, "InHomeCountry":1}
Jun  8 17:49:37 locationd[26469] <Notice>: {"msg":"#Actor handleInHomeCountryStatus", "inst":0, "inHomeCountry":1}
Jun  8 17:49:37 locationd[26469] <Notice>: {"msg":"#EmergCon,kDataStatusNotification", "inst":1, "InHomeCountry":1}
Jun  8 17:49:37 locationd[26469] <Notice>: {"msg":"#Actor handleInHomeCountryStatus", "inst":1, "inHomeCountry":1}
Jun  8 17:49:37 locationd[26469] <Notice>: {"msg":"#awd,kDataStatusNotification", "sim":0, "RAT":7}
Jun  8 17:49:37 locationd[26469] <Notice>: {"msg":"#awd,kDataStatusNotification", "sim":1, "RAT":7}
Jun  8 17:49:37 mediaremoted(PersistentConnection)[40] <Notice>: dataStatus changed - <CTXPCServiceSubscriptionContext 0x874842600 slotID=CTSubscriptionSlotTwo, userDataPreferred=1, userDefaultVoice=1, isSimPresent=YES, isSimGood=YES>
Jun  8 17:49:37 avconferenced(PersistentConnection)[14953] <Notice>: dataStatus changed - <CTXPCServiceSubscriptionContext 0xd84a10980 slotID=CTSubscriptionSlotTwo, userDataPreferred=1, userDefaultVoice=1, isSimPresent=YES, isSimGood=YES>
Jun  8 17:49:37 sharingd[74] <Notice>: Updating data status <CTDataStatus 0xaecb3f380, attached=1, dataSim=1, indicator=5G (8), indicatorOverride=none (0), roamAllowed=1, radioTechnology=LTE (7), reg.dataMode=NRNSA (16), dataBearerTechnology=NRNSA (5), dataBearerSoMask=0x17, signalingReduction=0, cellularDataPossible=1, activeContexts=2, totalActiveContexts=3, inHomeCountry=1, newRadioCoverage=1, reason=connection state change (1)>
Jun  8 17:49:37 sharingd(CoreUtils)[74] <Notice>: Advertiser state: Pref no, Client Count 4, Family Count 0, Supported yes, SysMon yes, Max Cnx no, HSA2 yes, ManateeAvailable yes, WombatStream no
Jun  8 17:49:37 sharingd(CoreUtils)[74] <Notice>: Companion link state: Pref no, Host Count 2, Family Count 0, HSA2 yes, ManateeAvailable yes, SysMon no, Browser yes, Inactive no
Jun  8 17:49:37 sharingd(CoreUtils)[74] <Notice>: Legacy browser state: Pref no, Hosts 0, Clients 0, Total 5, SysMon yes, IDS yes, HS yes, HSA2 yes, ManateeAvailable yes
Jun  8 17:49:37 imagent(PersistentConnection)[77] <Notice>: <PCPersistentInterfaceManager: 0xd0ca32550> _updateWWANInterfaceUpState wasUp YES isUp YES wantsInterfaceAssertion YES avoidWWANOnCall NO
Jun  8 17:49:37 imagent(PersistentConnection)[77] <Notice>: dataStatus changed - <CTXPCServiceSubscriptionContext 0xd0c847e90 slotID=CTSubscriptionSlotTwo, userDataPreferred=1, userDefaultVoice=1, isSimPresent=YES, isSimGood=YES>
Jun  8 17:49:37 appstored(PersistentConnection)[27557] <Notice>: dataStatus changed - <CTXPCServiceSubscriptionContext 0x60ec74b10 slotID=CTSubscriptionSlotTwo, userDataPreferred=1, userDefaultVoice=1, isSimPresent=YES, isSimGood=YES>
Jun  8 17:49:37 CommCenter[102] <Notice>: #I tethering: nw supported
Jun  8 17:49:37 homed(PersistentConnection)[27530] <Notice>: dataStatus changed - <CTXPCServiceSubscriptionContext 0xe86b795b0 slotID=CTSubscriptionSlotTwo, userDataPreferred=1, userDefaultVoice=1, isSimPresent=YES, isSimGood=YES>
Jun  8 17:49:37 CommCenter[102] <Notice>: #I tethering: using old auth status: true
Jun  8 17:49:37 CommCenter[102] <Notice>: #I isTetheringAsserted: TetheringAssertion is asserted by explicit assertion
Jun  8 17:49:37 CommCenter[102] <Notice>: #I -[DataConnectionAgentInterfaceObserver pathSatisfied]: pathSatisfied check: NWAgent <private> agent domain = <private>, type = <private>, fSlicingSupported = false: fAvailability = 1, check satisfied path = 1, status = 1
Jun  8 17:49:37 CommCenter[102] <Notice>: #I -[DataConnectionAgentInterfaceObserver pathSatisfied]: pathSatisfied check: NWAgent <private> agent domain = <private>, type = <private>, fSlicingSupported = false: fAvailability = 1, check satisfied path = 1, status = 1
Jun  8 17:49:37 CommCenter[102] <Notice>: #I sendActivationEvent: silent = false for kDataConnectionInternet (kDataConnectionInternet)
Jun  8 17:49:37 CommCenter[102] <Notice>: #I Marking Tethering as allowed
Jun  8 17:49:37 CommCenter[102] <Notice>: #I tethering: on auth success
Jun  8 17:49:37 CommCenter[102] <Notice>: #I tethering: update from upper layers coming
Jun  8 17:49:37 CommCenter[102] <Notice>: #I tethering: update: conn=kDataConnectionTotal, authStatus=true, cleanFailed=false, accountId=<private>
Jun  8 17:49:37 safetyalertsd(PersistentConnection)[95] <Notice>: dataStatus changed - <CTXPCServiceSubscriptionContext 0xc10907f00 slotID=CTSubscriptionSlotTwo, userDataPreferred=1, userDefaultVoice=1, isSimPresent=YES, isSimGood=YES>
Jun  8 17:49:37 identityservicesd(PersistentConnection)[64] <Notice>: <PCPersistentInterfaceManager: 0xc54a43ca0> _updateWWANInterfaceUpState wasUp YES isUp YES wantsInterfaceAssertion YES avoidWWANOnCall NO
Jun  8 17:49:37 identityservicesd(PersistentConnection)[64] <Notice>: dataStatus changed - <CTXPCServiceSubscriptionContext 0xc54b9d840 slotID=CTSubscriptionSlotTwo, userDataPreferred=1, userDefaultVoice=1, isSimPresent=YES, isSimGood=YES>
Jun  8 17:49:37 CommCenter[102] <Notice>: #I tethering: orig auth status: true
Jun  8 17:49:37 CommCenter[102] <Notice>: #I tethering: old auth status: true
Jun  8 17:49:37 CommCenter[102] <Notice>: #I tethering: nw supported
Jun  8 17:49:37 CommCenter(libATCommandStudioDynamic.dylib)[102] <Notice>: QMI: Svc=0xe4(AWD) Ind MsgId=0x1011 Bin=[<private>]
Jun  8 17:49:37 CommCenter[102] <Notice>: #N tethering: old value the same
Jun  8 17:49:37 CommCenter[102] <Notice>: #I isTetheringAsserted: TetheringAssertion is asserted by explicit assertion
Jun  8 17:49:37 CommCenter(libATCommandStudioDynamic.dylib)[102] <Notice>: QMI: Svc=0xe4(AWD) Ind MsgId=0x1011 Bin=[<private>]
Jun  8 17:49:37 apsd(PersistentConnection)[139] <Notice>: dataStatus changed - <CTXPCServiceSubscriptionContext 0xb24a43f60 slotID=CTSubscriptionSlotTwo, userDataPreferred=1, userDefaultVoice=1, isSimPresent=YES, isSimGood=YES>
Jun  8 17:49:37 apsd(PersistentConnection)[139] <Notice>: <PCPersistentInterfaceManager: 0xb24a09740> _updateWWANInterfaceUpState wasUp YES isUp YES wantsInterfaceAssertion YES avoidWWANOnCall NO
Jun  8 17:49:37 maild(Message)[14985] <Notice>: #Network setting data status: <private>
Jun  8 17:49:37 SpringBoard(PersistentConnection)[34] <Notice>: dataStatus changed - <CTXPCServiceSubscriptionContext 0x283f485f0 slotID=CTSubscriptionSlotTwo, userDataPreferred=1, userDefaultVoice=1, isSimPresent=YES, isSimGood=YES>
Jun  8 17:49:37 CommCenter[102] <Notice>: #I -[DataConnectionAgentInterfaceObserver pathSatisfied]: pathSatisfied check: NWAgent <private> agent domain = <private>, type = <private>, fSlicingSupported = false: fAvailability = 1, check satisfied path = 1, status = 1
Jun  8 17:49:37 SpringBoard(SystemStatusServer)[34] <Notice>: [STTelephonyStateProvider Slot 2]: updated data connection type -- manager: <STTelephonyStateProvider: 0x282d95320> {
    dualSIMEnabled = YES;
    slot1SubscriptionInfo = <STMutableTelephonySubscriptionInfo: 0x2831a4d00> {
        SIMStatus = kCTSIMSupportSIMStatusReady;
        registrationStatus = registered;
        cellularRegistrationStatus = registered;
        dataConnectionType = 4GOverrideConnection;
        signalStrengthBars = 4;
        isPreferredForDataConnections = NO;
        isProvidingDataConnection = NO;
        operatorName = Airtel;
    };
    slot2SubscriptionInfo = <STMutableTelephonySubscriptionInfo: 0x2831a4d80> {
        SIMStatus = kCTSIMSupportSIMStatusReady;
        registrationStatus = registered;
        cellularRegistrationStatus = registered;
        dataConnectionType = 5GConnection;
        signalStrengthBars = 4;
        isPreferredForDataConnections = YES;
        isProvidingDataConnection = YES;
        operatorName = Airtel;
    };
}
Jun  8 17:49:37 CommCenter[102] <Notice>: #I -[DataConnectionAgentInterfaceObserver pathSatisfied]: pathSatisfied check: NWAgent <private> agent domain = <private>, type = <private>, fSlicingSupported = false: fAvailability = 1, check satisfied path = 1, status = 1
Jun  8 17:49:37 SpringBoard(PersistentConnection)[34] <Notice>: <PCPersistentInterfaceManager: 0x282da7b10> _updateWWANInterfaceUpState wasUp YES isUp YES wantsInterfaceAssertion YES avoidWWANOnCall NO
Jun  8 17:49:37 CommCenter[102] <Notice>: #I sendActivationEvent: silent = false for kDataConnectionWirelessModemTraffic (kDataConnectionWirelessModemTraffic)
Jun  8 17:49:37 bulletindistributord(PersistentConnection)[68] <Notice>: dataStatus changed - <CTXPCServiceSubscriptionContext 0x61ab25310 slotID=CTSubscriptionSlotTwo, userDataPreferred=1, userDefaultVoice=1, isSimPresent=YES, isSimGood=YES>
Jun  8 17:49:37 CommCenter[102] <Notice>: #I Marking Tethering as allowed
Jun  8 17:49:37 mediaserverd(PersistentConnection)[37] <Notice>: dataStatus changed - <CTXPCServiceSubscriptionContext 0xd7ded2e70 slotID=CTSubscriptionSlotTwo, userDataPreferred=1, userDefaultVoice=1, isSimPresent=YES, isSimGood=YES>
Jun  8 17:49:37 symptomsd(SymptomEvaluator)[130] <Notice>: NR frequency band set to 1
Jun  8 17:49:37 CommCenter[102] <Notice>: #I tethering: on auth success
Jun  8 17:49:37 symptomsd(SymptomEvaluator)[130] <Error>: malloc failed to create a new journal record of type 3
Jun  8 17:49:37 CommCenter[102] <Notice>: #I tethering: update from upper layers coming
Jun  8 17:49:37 identityservicesd(IDSFoundation)[64] <Notice>: Received CT data status changed callback { context: <CTXPCServiceSubscriptionContext 0xc54b9d840 slotID=CTSubscriptionSlotTwo, userDataPreferred=1, userDefaultVoice=1, isSimPresent=YES, isSimGood=YES>, isRelevant: YES, dataStatus: <private> }
Jun  8 17:49:37 CommCenter[102] <Notice>: #I tethering: update: conn=kDataConnectionTotal, authStatus=true, cleanFailed=false, accountId=<private>
Jun  8 17:49:37 calaccessd(PersistentConnection)[27495] <Notice>: dataStatus changed - <CTXPCServiceSubscriptionContext 0x704b3fef0 slotID=CTSubscriptionSlotTwo, userDataPreferred=1, userDefaultVoice=1, isSimPresent=YES, isSimGood=YES>
Jun  8 17:49:37 CommCenter[102] <Notice>: #I tethering: orig auth status: true
Jun  8 17:49:37 CommCenter[102] <Notice>: #I tethering: old auth status: true
Jun  8 17:49:37 CommCenter[102] <Notice>: #I tethering: nw supported
Jun  8 17:49:37 CommCenter[102] <Notice>: #N tethering: old value the same
Jun  8 17:49:37 CommCenter[102] <Notice>: #I isTetheringAsserted: TetheringAssertion is asserted by explicit assertion
Jun  8 17:49:37 CommCenter[102] <Notice>: #I tethering: on connection state update
Jun  8 17:49:37 CommCenter[102] <Notice>: #I tethering: top update
Jun  8 17:49:37 CommCenter[102] <Notice>: #I tethering: update from upper layers coming
Jun  8 17:49:37 CommCenter[102] <Notice>: #I tethering: update: conn=kDataConnectionWirelessModemTraffic, authStatus=unknown, cleanFailed=false, accountId=<private>
Jun  8 17:49:37 CommCenter[102] <Notice>: #I tethering: orig auth status: true
Jun  8 17:49:37 CommCenter[102] <Notice>: #I tethering: old auth status: true
Jun  8 17:49:37 CommCenter[102] <Notice>: #I tethering: nw supported
Jun  8 17:49:37 CommCenter[102] <Notice>: #I tethering: using old auth status: true
Jun  8 17:49:37 CommCenter[102] <Notice>: #I isTetheringAsserted: TetheringAssertion is asserted by explicit assertion
Jun  8 17:49:37 identityservicesd(IDSFoundation)[64] <Notice>: getCTXPCServiceSubscriptionContext: <private>
Jun  8 17:49:37 CommCenter[102] <Notice>: #I sendActivationEvent: silent = false for kDataConnectionWirelessModemAuthentication (kDataConnectionWirelessModemAuthentication)
Jun  8 17:49:37 CommCenter[102] <Notice>: #I sendActivationEvent: We are not posting external event because the context state 2 is different from the connection state 0
Jun  8 17:49:37 CommCenter[102] <Notice>: #I tethering: on connection state update: kDataConnectionStateIdle
Jun  8 17:49:37 CommCenter[102] <Notice>: #I tethering: top update
Jun  8 17:49:37 CommCenter[102] <Notice>: #I tethering: update from upper layers coming
Jun  8 17:49:37 CommCenter[102] <Notice>: #I tethering: update: conn=kDataConnectionTotal, authStatus=unknown, cleanFailed=false, accountId=<private>
Jun  8 17:49:37 CommCenter[102] <Notice>: #I tethering: orig auth status: true
Jun  8 17:49:37 identityservicesd(IDSFoundation)[64] <Notice>: currentDataSimContext: <CTXPCServiceSubscriptionContext 0xc54a69150 slotID=CTSubscriptionSlotTwo, userDataPreferred=1, userDefaultVoice=1, isSimPresent=YES, isSimGood=YES>
Jun  8 17:49:37 CommCenter[102] <Notice>: #I tethering: old auth status: true
Jun  8 17:49:37 CommCenter[102] <Notice>: #I tethering: nw supported
Jun  8 17:49:37 CommCenter[102] <Notice>: #I tethering: using old auth status: true
Jun  8 17:49:37 CommCenter[102] <Notice>: #I isTetheringAsserted: TetheringAssertion is asserted by explicit assertion
Jun  8 17:49:37 CommCenter[102] <Notice>: #I -[DataConnectionAgentInterfaceObserver pathSatisfied]: pathSatisfied check: NWAgent <private> agent domain = <private>, type = <private>, fSlicingSupported = false: fAvailability = 1, check satisfied path = 1, status = 1
Jun  8 17:49:37 CommCenter[102] <Notice>: #I -[DataConnectionAgentInterfaceObserver pathSatisfied]: pathSatisfied check: NWAgent <private> agent domain = <private>, type = <private>, fSlicingSupported = false: fAvailability = 1, check satisfied path = 1, status = 1
Jun  8 17:49:37 CommCenter[102] <Notice>: #I sendActivationEvent: silent = false for kDataConnectionIM (kDataConnectionIM)
Jun  8 17:49:37 identityservicesd(IDSFoundation)[64] <Notice>: _updateDataBearerSoMask: radioAccessTech: 7, data indicator: 8, soMask: 23, _dataSoMaskBits: 1, context: <CTXPCServiceSubscriptionContext 0xc54a69150 slotID=CTSubscriptionSlotTwo, userDataPreferred=1, userDefaultVoice=1, isSimPresent=YES, isSimGood=YES>, data status: <private>
Jun  8 17:49:37 identityservicesd(IDSFoundation)[64] <Notice>: _updateClientDataBearerSoMask: update AVC cellular so Mask: 23
Jun  8 17:49:37 identityservicesd(IDSFoundation)[64] <Notice>: [delegates count]: 1
Jun  8 17:49:37 CommCenter[102] <Notice>: #I operator(): first grade pdp 4 chosen
Jun  8 17:49:37 identityservicesd[64] <Notice>: cellular SoMask changed: 23.
Jun  8 17:49:37 symptomsd(SymptomEvaluator)[130] <Notice>: CellThroughputAdviser set propertyChangeTimestamp to 707919577.5788, was 707919577.1451
Jun  8 17:49:37 CommCenter(libSystemDetermination.dylib)[102] <Notice>: #I <private> = (null)
Jun  8 17:49:37 UserEventAgent(MobileBackup)[28742] <Notice>: internetDataStatus: <private>
Jun  8 17:49:37 CommCenter(libSystemDetermination.dylib)[102] <Notice>: #I <private> = 0
Jun  8 17:49:37 symptomsd(SymptomEvaluator)[130] <Notice>: CellThroughputAdviser set nrFrequencyBand to 1, was 0
Jun  8 17:49:37 CommCenter[102] <Notice>: #I got WifiCallingAllowedInRoamingKey value as false.
Jun  8 17:49:37 CommCenter[102] <Notice>: #I <private> request: <private>, expects reply.
Jun  8 17:49:37 CommCenter[102] <Notice>: #I Computed base bars of 4 from model Mav5LTE
Jun  8 17:49:37 CommCenter[102] <Notice>: #I <private> reply to request '<private>'.
Jun  8 17:49:37 CommCenter(libSystemDetermination.dylib)[102] <Notice>: #I <private> = (null)
Jun  8 17:49:37 CommCenter(libSystemDetermination.dylib)[102] <Notice>: #I <private> = 0
Jun  8 17:49:37 CommCenter[102] <Notice>: #I got WifiCallingAllowedInRoamingKey value as false.
Jun  8 17:49:37 CommCenter[102] <Notice>: #I getPreferredContextType: iRAT recommends kDataContextBB
Jun  8 17:49:37 CommCenter[102] <Notice>: #I getPreferredContextType: ContextType: using kDataContextBB
Jun  8 17:49:37 CommCenter(libSystemDetermination.dylib)[102] <Notice>: #I <private> = (null)
Jun  8 17:49:37 CommCenter(libSystemDetermination.dylib)[102] <Notice>: #I <private> = 0
Jun  8 17:49:37 CommCenter[102] <Notice>: #I operator(): first grade pdp 4 chosen
Jun  8 17:49:37 CommCenter[102] <Notice>: #I operator(): first grade pdp 4 chosen
Jun  8 17:49:37 CommCenter(libSystemDetermination.dylib)[102] <Notice>: #I <private> = (null)
Jun  8 17:49:37 CommCenter(libSystemDetermination.dylib)[102] <Notice>: #I <private> = 0
Jun  8 17:49:37 CommCenter[102] <Notice>: #I got WifiCallingAllowedInRoamingKey value as false.
Jun  8 17:49:37 CommCenter(libSystemDetermination.dylib)[102] <Notice>: #I <private> = (null)
Jun  8 17:49:37 CommCenter(libSystemDetermination.dylib)[102] <Notice>: #I <private> = 0
Jun  8 17:49:37 CommCenter[102] <Notice>: #I got WifiCallingAllowedInRoamingKey value as false.
Jun  8 17:49:37 CommCenter[102] <Notice>: #I getPreferredContextType: iRAT recommends kDataContextBB
Jun  8 17:49:37 CommCenter(libATCommandStudioDynamic.dylib)[102] <Notice>: QMI: Svc=0xe4(AWD) Ind MsgId=0x1013 Bin=[<private>]
Jun  8 17:49:37 CommCenter[102] <Notice>: #I getPreferredContextType: ContextType: using kDataContextBB
Jun  8 17:49:37 CommCenter(libATCommandStudioDynamic.dylib)[102] <Notice>: QMI: Svc=0xe4(AWD) Ind MsgId=0x1013 Bin=[<private>]
Jun  8 17:49:37 CommCenter(libSystemDetermination.dylib)[102] <Notice>: #I <private> = (null)
Jun  8 17:49:37 CommCenter(libSystemDetermination.dylib)[102] <Notice>: #I <private> = 0
Jun  8 17:49:37 CommCenter[102] <Notice>: #I operator(): first grade pdp 4 chosen
Jun  8 17:49:37 CommCenter(libATCommandStudioDynamic.dylib)[102] <Notice>: QMI: Svc=0x2a(DSD) Ind MsgId=0x5551 Bin=[<private>]
Jun  8 17:49:37 CommCenter(libATCommandStudioDynamic.dylib)[102] <Notice>: QMI: Svc=0x03(NAS) Ind MsgId=0x555b Sim=2 Bin=[<private>]
Jun  8 17:49:37 CommCenter(libATCommandStudioDynamic.dylib)[102] <Notice>: QMI: Svc=0x03(NAS) Ind MsgId=0x555b Sim=2 Bin=[<private>]
Jun  8 17:49:37 kernel(AppleH13CameraInterface)[0] <Notice>: AppleH13CamIn::ISP_Suspend - CISP_CMD_SUSPEND command completed: res=0x00000000
Jun  8 17:49:37 kernel(AppleH13CameraInterface)[0] <Notice>: AppleH13CamIn::ISP_Suspend - retries=0 ASCWRAP_IDLE_STATUS = 0x2
Jun  8 17:49:37 kernel(AppleH13CameraInterface)[0] <Notice>: AppleH13CamIn::ISP_FlushInactiveDARTMappings_gated - result: 0x00000000
Jun  8 17:49:37 kernel(AppleH13CameraInterface)[0] <Notice>: AppleH13CamIn::ISP_Suspend - 0x00000000
Jun  8 17:49:37 kernel(AppleH13CameraInterface)[0] <Notice>: AppleH13CamIn::drainIOProcessorChannelMessageQueues - Received 1 messages on channel IO after Suspend is completed
Jun  8 17:49:37 kernel(AppleH13CameraInterface)[0] <Notice>: AppleH13CamIn::ISP_Suspend - Succeeded! (didDeInit=No!)
Jun  8 17:49:37 kernel(AppleH13CameraInterface)[0] <Notice>: AppleH13CamIn::ISP_Suspend - Statistics: Starts:4, Resumes:4753, SuspendSuccesses:4755, SuspendFails:2, ResumeFails:0, DeInits:3
Jun  8 17:49:37 kernel(AppleH13CameraInterface)[0] <Notice>: AppleH13CamIn::ISP_Suspend - Statistics: NonPersistentMemory:126615552, PersistentMemory:56837521, DeletionPendingMemory:0, NonPersistentMemoryMax:644726784, PersistentMemoryMax:56837521
Jun  8 17:49:37 kernel(AppleH13CameraInterface)[0] <Notice>: AppleH13CamIn::MotionDataDisable - MotionStateSet(false)
Jun  8 17:49:37 kernel(AppleH13CameraInterface)[0] <Notice>: ISPCPU (Print:3171889:40044:1): MSCSysConfiguratorSpmi00: ConfigAndBaseAddressSet H13 conf 0x000000023c260000 base 0x000000023c280000
Jun  8 17:49:37 kernel(AppleH13CameraInterface)[0] <Notice>: ISPCPU (Print:3171890:40045:2): MSCSysConfiguratorSpmi00: ConfigAndBaseAddressSet H13 SPMI_SOC_ISP_CFG set to 0x0
Jun  8 17:49:37 kernel(AppleH13CameraInterface)[0] <Notice>: ISPCPU (Print:3171891:40046:3): MSCSysConfiguratorSpmi00: ConfigAndBaseAddressSet H13 SPMI_SOC_ISP_CFG done
Jun  8 17:49:37 kernel(AppleH13CameraInterface)[0] <Notice>: ISPCPU (Print:3171892:40047:4): GPIODrvPMU1: Initialize TS: 171.596939 ADAMS to idle
Jun  8 17:49:37 kernel(AppleH13CameraInterface)[0] <Notice>: ISPCPU (Print:3171893:40048:5): MSCSysConfiguratorSpmi00:FaultProcess FAULT! Type 0x1 cmdId 0x38 slaveId 0x09 addr 0x03 err 0x05 qId 5
Jun  8 17:49:37 kernel(AppleH13CameraInterface)[0] <Notice>: ISPCPU (Print:3171894:40049:6): Requested Vnom (533MHz) to PMP
Jun  8 17:49:37 kernel(AppleH13CameraInterface)[0] <Notice>: ISPCPU (Print:3171895:40050:7): Boost clock timer started.
Jun  8 17:49:37 kernel(AppleH13CameraInterface)[0] <Notice>: ISPCPU (Print:3171896:40051:8): GPIODrvPMU1: Initialize ADAMS B0 chip rev code 0x10
Jun  8 17:49:37 kernel(AppleH13CameraInterface)[0] <Notice>: ISPCPU (Print:3171897:40052:9): GPIODrvPMU1: Initialize TS: 171.614624 Setting ADAMS to active
Jun  8 17:49:37 kernel(AppleH13CameraInterface)[0] <Notice>: ISPCPU (Print:3171898:40053:10): GPIODrvPMU1: Initialize ADAMS OTP trim value - 0x4
Jun  8 17:49:37 kernel(AppleH13CameraInterface)[0] <Notice>: ISPCPU (Error:3171899:40054:11): WRN: CSMBusControllerAdamsBridgeB0.cpp, 191: MSCSysConfiguratorSmb07: NackProcess EVENT 0x08, INFO 0xf5, Valid NACK.
Jun  8 17:49:37 kernel(AppleH13CameraInterface)[0] <Notice>: ISPCPU (Print:3171943:40098:55): EVT#35: PMU_INIT_START @ 0xf584ef07, (171.630417), diff: 37863 us, delta: 20 us
Jun  8 17:49:37 kernel(AppleH13CameraInterface)[0] <Notice>: ISPCPU (Print:3171944:40099:56): EVT#36: PMU_INIT_DONE @ 0xf585bb67, (171.632584), diff: 40043 us, delta: 2180 us
Jun  8 17:49:37 kernel(AppleH13CameraInterface)[0] <Notice>: ISPCPU (Print:3171945:40100:57): EVT#37: PowerSupply_Reset_Done @ 0xf585bc71, (171.632599), diff: 40054 us, delta: 11 us
Jun  8 17:49:37 kernel(AppleH13CameraInterface)[0] <Notice>: ISPCPU (Print:3171946:40101:58): EVT#38: PMU_POWERON_START @ 0xf585d491, (171.632858), diff: 40311 us, delta: 257 us
Jun  8 17:49:37 kernel(AppleH13CameraInterface)[0] <Notice>: ISPCPU (Print:3171947:40102:59): EVT#39: CISP_CMD_RESUME_Done @ 0xf585e084, (171.632996), diff: 40439 us, delta: 127 us
Jun  8 17:49:37 kernel(AppleH13CameraInterface)[0] <Notice>: ISPCPU (Print:3171948:40103:60): Resumed
Jun  8 17:49:37 kernel(AppleH13CameraInterface)[0] <Notice>: ISPCPU (Print:3171949:40104:61): CH = 0x0, CMD = 0x0021 [CISP_CMD_SUSPEND], receive at 960272064.000 ms, delta: 3712.0000 ms.
Jun  8 17:49:37 kernel(AppleH13CameraInterface)[0] <Notice>: ISPCPU (Print:3171950:40105:62): AOP: Endpoint Config
Jun  8 17:49:37 kernel(AppleH13CameraInterface)[0] <Notice>: ISPCPU (Print:3171951:40106:63): [ISP] CMD = 0x4606 [CISP_CMD_CH_MC_AOP_ISP_ENDPOINT_INFO_SET2]
Jun  8 17:49:37 kernel(AppleH13CameraInterface)[0] <Notice>: ISPCPU (Print:3171952:40107:64): [ISP] CMD = 0x4606 endPointId 0
Jun  8 17:49:37 kernel(AppleH13CameraInterface)[0] <Notice>: ISPCPU (Print:3171953:40108:65): [ISP] CMD = 0x4606 readRingBuffer Addr 0x1924000 len 0x4000
Jun  8 17:49:37 kernel(AppleH13CameraInterface)[0] <Notice>: ISPCPU (Print:3171954:40109:66): [ISP] CMD = 0x4606 writeRingBuffer Addr 0x192c000 len 0x4000
Jun  8 17:49:37 kernel(AppleH13CameraInterface)[0] <Notice>: ISPCPU (Print:3172201:40356:313): [MSC] L868 lens controller ch3 BLOCK STOP  called; ts: 960276048 ms
Jun  8 17:49:37 kernel(AppleH13CameraInterface)[0] <Notice>: ISPCPU (Print:3172202:40357:314): [MSC] L883 lens controller ch3 BLOCK STOP  dt: 0.05 ms; ts: 960276048 ms
Jun  8 17:49:37 kernel(AppleH13CameraInterface)[0] <Notice>: ISPCPU (Print:3172203:40358:315): CmdTurnOffDevicePower: ch 3 0x:1 TS: 171.901062
Jun  8 17:49:37 kernel(AppleH13CameraInterface)[0] <Notice>: ISPCPU (Print:3172204:40359:316): Juliet Poweroff
Jun  8 17:49:37 kernel(AppleH13CameraInterface)[0] <Notice>: ISPCPU (Print:3172205:40360:317): [ISP] Channel 3 Stop takes total 85.9586ms
Jun  8 17:49:37 kernel(AppleH13CameraInterface)[0] <Notice>: ISPCPU (Print:3172206:40361:318): Requested Vmin (300MHz) to PMP
Jun  8 17:49:37 kernel(AppleH13CameraInterface)[0] <Notice>: ISPCPU (Print:3172207:40362:319): CH = 0x3, CMD = 0x0101 [CISP_CMD_CH_STOP], receive at 960275968.000 ms, delta: 64.0000 ms.
Jun  8 17:49:37 kernel(AppleH13CameraInterface)[0] <Notice>: ISPCPU (Print:3172208:40363:320): CH = 0x3, CMD = 0x0104 [CISP_CMD_CH_BUFFER_RETURN], receive at 960276032.000 ms, delta: 0 ms.
Jun  8 17:49:37 kernel(AppleH13CameraInterface)[0] <Notice>: ISPCPU (Print:3172209:40364:321): FD: FID stopped
Jun  8 17:49:37 kernel(AppleH13CameraInterface)[0] <Notice>: ISPCPU (Print:3172210:40365:322): Attn: FID stopped
Jun  8 17:49:37 kernel(AppleH13CameraInterface)[0] <Notice>: ISPCPU (Print:3172211:40366:323): ER: FID stopped
Jun  8 17:49:37 kernel(AppleH13CameraInterface)[0] <Notice>: ISPCPU (Print:3172212:40367:324): [MSC] CH = 0x3 FIDStop
Jun  8 17:49:37 kernel(AppleH13CameraInterface)[0] <Notice>: ISPCPU (Print:3172213:40368:325): CH = 0x3, CMD = 0x3001 [CISP_CMD_CH_FID_STOP], receive at 960276032.000 ms, delta: 0 ms.
Jun  8 17:49:37 kernel(AppleH13CameraInterface)[0] <Notice>: ISPCPU (Print:3172243:40398:356): Requested Vnom (533MHz) to PMP
Jun  8 17:49:37 kernel(AppleH13CameraInterface)[0] <Notice>: ISPCPU (Print:3172244:40399:357): [ISP: 960276.000000] CH = 0x2 CMD = 0x0101 [CISP_CMD_CH_STOP]
Jun  8 17:49:37 kernel(AppleH13CameraInterface)[0] <Notice>: ISPCPU (Print:3172245:40400:358): [ISP] Channel 2 Stop takes total 0.0135ms
Jun  8 17:49:37 kernel(AppleH13CameraInterface)[0] <Notice>: ISPCPU (Print:3172246:40401:359): Requested Vmin (300MHz) to PMP
Jun  8 17:49:37 kernel(AppleH13CameraInterface)[0] <Notice>: ISPCPU (Print:3172247:40402:360): CH = 0x2, CMD = 0x0101 [CISP_CMD_CH_STOP], receive at 960276032.000 ms, delta: 0 ms.
Jun  8 17:49:37 kernel(AppleH13CameraInterface)[0] <Notice>: ISPCPU (Print:3172248:40403:361): CH = 0x2, CMD = 0x0104 [CISP_CMD_CH_BUFFER_RETURN], receive at 960276032.000 ms, delta: 0 ms.
Jun  8 17:49:37 kernel(AppleH13CameraInterface)[0] <Notice>: ISPCPU (Print:3172249:40404:362): Requested Vnom (533MHz) to PMP
Jun  8 17:49:37 kernel(AppleH13CameraInterface)[0] <Notice>: ISPCPU (Print:3172250:40405:363): [ISP: 960276.000000] CH = 0x1 CMD = 0x0101 [CISP_CMD_CH_STOP]
Jun  8 17:49:37 kernel(AppleH13CameraInterface)[0] <Notice>: ISPCPU (Print:3172251:40406:364): [ISP] Channel 1 Stop takes total 0.0129ms
Jun  8 17:49:37 kernel(AppleH13CameraInterface)[0] <Notice>: ISPCPU (Print:3172252:40407:365): Requested Vmin (300MHz) to PMP
Jun  8 17:49:37 kernel(AppleH13CameraInterface)[0] <Notice>: ISPCPU (Print:3172253:40408:366): CH = 0x1, CMD = 0x0101 [CISP_CMD_CH_STOP], receive at 960276032.000 ms, delta: 0 ms.
Jun  8 17:49:37 kernel(AppleH13CameraInterface)[0] <Notice>: ISPCPU (Print:3172254:40409:367): CH = 0x1, CMD = 0x0104 [CISP_CMD_CH_BUFFER_RETURN], receive at 960276032.000 ms, delta: 0 ms.
Jun  8 17:49:37 kernel(AppleH13CameraInterface)[0] <Notice>: ISPCPU (Print:3172255:40410:368): Requested Vnom (533MHz) to PMP
Jun  8 17:49:37 kernel(AppleH13CameraInterface)[0] <Notice>: ISPCPU (Print:3172256:40411:369): [ISP: 960276.000000] CH = 0x0 CMD = 0x0101 [CISP_CMD_CH_STOP]
Jun  8 17:49:37 kernel(AppleH13CameraInterface)[0] <Notice>: ISPCPU (Print:3172257:40412:370): [ISP] Channel 0 Stop takes total 0.0130ms
Jun  8 17:49:37 kernel(AppleH13CameraInterface)[0] <Notice>: ISPCPU (Print:3172258:40413:371): Requested Vmin (300MHz) to PMP
Jun  8 17:49:37 kernel(AppleH13CameraInterface)[0] <Notice>: ISPCPU (Print:3172259:40414:372): CH = 0x0, CMD = 0x0101 [CISP_CMD_CH_STOP], receive at 960276032.000 ms, delta: 0 ms.
Jun  8 17:49:37 kernel(AppleH13CameraInterface)[0] <Notice>: ISPCPU (Print:3172260:40415:373): CH = 0x0, CMD = 0x0104 [CISP_CMD_CH_BUFFER_RETURN], receive at 960276032.000 ms, delta: 0 ms.
Jun  8 17:49:37 kernel(AppleH13CameraInterface)[0] <Notice>: ISPCPU (Print:3172261:40416:374): [MSC] CH = 0x3 dh 0 dl 0 sh 0 sl 0, fl 5976,pa 0, pb 0, sd 0, Mn 36.84, Av 37.07, AE 1992, cd {0 0 0 0}
Jun  8 17:49:37 kernel(AppleH13CameraInterface)[0] <Notice>: ISPCPU (Print:3172262:40417:375): CH = 0x3, CMD = 0x0625 [CISP_CMD_CH_PROJECTOR_USAGE_GET], receive at 960276032.000 ms, delta: 0 ms.
Jun  8 17:49:37 kernel(AppleH13CameraInterface)[0] <Notice>: ISPCPU (Print:3172263:40418:376): CmdTurnOnDevicePower: ch 3 0x:0 TS: 171.920029
Jun  8 17:49:37 kernel(AppleH13CameraInterface)[0] <Notice>: ISPCPU (Print:3172264:40419:377): Mamabear Capacitance: 0
Jun  8 17:49:37 kernel(AppleH13CameraInterface)[0] <Notice>: ISPCPU (Print:3172265:40420:378): Last MB Status: 0x15
Jun  8 17:49:37 kernel(AppleH13CameraInterface)[0] <Notice>: ISPCPU (Print:3172266:40421:379): CmdTurnOffDevicePower: ch 3 0x:0 TS: 171.920074
Jun  8 17:49:37 kernel(AppleH13CameraInterface)[0] <Notice>: ISPCPU (Print:3172267:40422:380): CH = 0x3, CMD = 0x0622 [CISP_CMD_CH_PROJECTOR_REQUEST], receive at 960276032.000 ms, delta: 0 ms.
Jun  8 17:49:37 kernel(AppleH13CameraInterface)[0] <Notice>: ISPCPU (Print:3172268:40423:381): RIGEL - SN: 000288633f484275661a
Jun  8 17:49:37 kernel(AppleH13CameraInterface)[0] <Notice>: ISPCPU (Print:3172269:40424:382): H8[MSC] CH = 0x3   Projector Spec Get v7 c0 2500 [1825000, 1529000, 1759000, 1754000],
Jun  8 17:49:37 kernel(AppleH13CameraInterface)[0] <Notice>: ISPCPU (Print:3172270:40425:383): CH = 0x3, CMD = 0x061d [CISP_CMD_CH_PROJECTOR_SPEC_GET], receive at 960276032.000 ms, delta: 0 ms.
Jun  8 17:49:37 kernel(AppleH13CameraInterface)[0] <Notice>: ISPCPU (Print:3172271:40426:384): IPC: Endpoint Config Unset **********
Jun  8 17:49:37 kernel(AppleH13CameraInterface)[0] <Notice>: ISPCPU (Print:3172272:40427:385): [ISP] CMD = 0x300d [CISP_CMD_IPC_ENDPOINT_UNSET2]
Jun  8 17:49:37 kernel(AppleH13CameraInterface)[0] <Notice>: ISPCPU (Print:3172273:40428:386): [ISP] CMD = 0x300d readRingBuffer Addr 0x4ab4000 len 0x4000
Jun  8 17:49:37 kernel(AppleH13CameraInterface)[0] <Notice>: ISPCPU (Print:3172274:40429:387): [ISP] CMD = 0x300d writeRingBuffer Addr 0x4abc000 len 0x4000
Jun  8 17:49:37 kernel(AppleH13CameraInterface)[0] <Notice>: ISPCPU (Print:3172275:40430:388): [ISP] CMD = 0x300d mappedWriteNogtifierRegiterAddr 0x26b460000 value 1
Jun  8 17:49:37 kernel(AppleH13CameraInterface)[0] <Notice>: ISPCPU (Print:3172276:40431:389): CH = 0x0, CMD = 0x300d [CISP_CMD_IPC_ENDPOINT_UNSET2], receive at 960276032.000 ms, delta: 64.0000 ms.
Jun  8 17:49:37 kernel(AppleH13CameraInterface)[0] <Notice>: ISPCPU (Print:3172277:40432:390): [ISP] CMD = 0x0021 [CISP_CMD_SUSPEND]
Jun  8 17:49:37 kernel(AppleH13CameraInterface)[0] <Notice>: ISPCPU (Error:3172278:40433:391): WRN: ./h10isp/filters/IC/CImageCaptureH6FSM.cpp, 340: MIPI ErrCnt 4, ch 3
Jun  8 17:49:37 kernel(AppleH13CameraInterface)[0] <Notice>: ISPCPU (Print:3172279:40434:392): CmdTurnOffDevicePower: ch 0 0x:d TS: 171.926941
Jun  8 17:49:37 kernel(AppleH13CameraInterface)[0] <Notice>: ISPCPU (Print:3172280:40435:393): CmdTurnOffDevicePower: ch 1 0x:0 TS: 171.926956
Jun  8 17:49:37 kernel(AppleH13CameraInterface)[0] <Notice>: ISPCPU (Print:3172281:40436:394): CmdTurnOffDevicePower: ch 2 0x:1 TS: 171.926956
Jun  8 17:49:37 kernel(AppleH13CameraInterface)[0] <Notice>: ISPCPU (Print:3172282:40437:395): CmdTurnOffDevicePower: ch 3 0x:1 TS: 171.926956
Jun  8 17:49:37 kernel(AppleH13CameraInterface)[0] <Notice>: ISPCPU (Print:3172283:40438:396): CmdTurnOffDevicePower: ch 4 0x:9 TS: 171.926956
Jun  8 17:49:37 kernel(AppleH13CameraInterface)[0] <Notice>: ISPCPU (Print:3172284:40439:397): CmdTurnOffDevicePower: ch 5 0x:0 TS: 171.926971
Jun  8 17:49:37 kernel(AppleH13CameraInterface)[0] <Notice>: ISPCPU (Print:3172285:40440:398): WRN: ffwTimerStop() called without start from FlowMotionCaptureAOP
Jun  8 17:49:37 kernel(AppleH13CameraInterface)[0] <Notice>: ISPCPU (Print:3172286:40441:399): LensDrv0: ApsInitParameter: Pixel size 1.400000
Jun  8 17:49:37 kernel(AppleH13CameraInterface)[0] <Notice>: ISPCPU (Print:3172287:40442:400): sending grp 4
Jun  8 17:49:37 kernel(AppleH13CameraInterface)[0] <Notice>: ISPCPU (Print:3172288:40443:401): Night mode ABWC HPFs initialized
Jun  8 17:49:37 kernel(AppleH13CameraInterface)[0] <Notice>: ISPCPU (Print:3172289:40444:402): ch 0: Bootstrap FDR not valid(0)/enable(0), ref temperature 34.656250
Jun  8 17:49:37 kernel(AppleH13CameraInterface)[0] <Notice>: ISPCPU (Print:3172290:40445:403): ch 0: restricted scan range (OOB) 15.000000 (15.000000, DAC/um 0.94)
Jun  8 17:49:37 kernel(AppleH13CameraInterface)[0] <Notice>: ISPCPU (Print:3172291:40446:404): ch 0 Rectangle DEFAULT [375 375] <--> [625 625] max 0 min 0 mean 0
Jun  8 17:49:37 kernel(AppleH13CameraInterface)[0] <Notice>: ISPCPU (Print:3172292:40447:405): [ISP] Destroy Session
Jun  8 17:49:37 kernel(AppleH13CameraInterface)[0] <Notice>: ISPCPU (Print:3172293:40448:406): free heap size=10678336
Jun  8 17:49:37 kernel(AppleH13CameraInterface)[0] <Notice>: AppleH13CamIn::MotionDataDisable - MotionStateSet(false)
Jun  8 17:49:37 kernel(AppleH13CameraInterface)[0] <Notice>: AppleH13CamIn::UpdateSensorStateInIORegForChannel - channel: 0, state: 0, priority: 0
Jun  8 17:49:37 kernel(AppleH13CameraInterface)[0] <Notice>: AppleH13CamIn::UpdateSensorStateInIORegForChannel - channel: 2, state: 0, priority: 0
Jun  8 17:49:37 kernel(AppleH13CameraInterface)[0] <Notice>: AppleH13CamIn::UpdateSensorStateInIORegForChannel - channel: 3, state: 0, priority: 0
Jun  8 17:49:37 kernel(AppleH13CameraInterface)[0] <Notice>: AppleH13CamIn::UpdateSensorStateInIORegForChannel - channel: 4, state: 0, priority: 0
Jun  8 17:49:37 kernel(AppleH13CameraInterface)[0] <Notice>: AppleH13CamIn::ISP_FlushInactiveDARTMappings_gated - result: 0x00000000
Jun  8 17:49:37 kernel(AppleH13CameraInterface)[0] <Notice>: AppleH13CamIn::ForceISPDPEIdle - DPE control: 0x101
Jun  8 17:49:37 kernel(AppleH13CameraInterface)[0] <Notice>: AppleH13CamIn::ForceISPDPEIdle - DPE control: 0xc01
Jun  8 17:49:37 kernel(AppleH13CameraInterface)[0] <Notice>: AppleH13CamIn::setPowerStateGated (turn off) - change fPowerEvent from 2 to None
Jun  8 17:49:37 kernel(AppleH11ANEInterface)[0] <Notice>: ANE0: IOReturn H11ANEIn::powerStateDidChangeTo_gated(IOPMPowerFlags, unsigned long, IOService *) :H11ANEIn::powerStateDidChangeTo_gated peer down, diable IPC EP
Jun  8 17:49:37 kernel(AppleH11ANEInterface)[0] <Notice>: ANE0: virtual IOReturn AneIspIPCEndPoints::enableFWIPCEP_gated(AneIspEndpointIndex, bool) :H11ANEIn:: send CSNE_CMD_IPC_ENDPOINT_UNSET2(index: 0) to FW!
Jun  8 17:49:37 appleh13camerad[141] <Notice>: Failed to send the com.apple.applecamerad.PearlMemoryUsage event into the diagnostics system 00000000
Jun  8 17:49:37 appleh13camerad[141] <Notice>: Failed to send Pearl Statistics into the diagnostics system 00000000
Jun  8 17:49:37 appleh13camerad[141] <Error>: Failed to report the ISP Pearl statistics to analyticsd: E00002BC
Jun  8 17:49:37 appleh13camerad[141] <Notice>: Failed to send the com.apple.applecamerad.S2RPowerStatus event into the diagnostics system 00000000
Jun  8 17:49:37 appleh13camerad[141] <Error>: Failed to report the ISP Power status to analyticsd: E00002BC
Jun  8 17:49:37 kernel(AppleH11ANEInterface)[0] <Notice>: ANE0: virtual IOReturn AneIspIPCEndPoints::enableFWIPCEP_gated(AneIspEndpointIndex, bool) :H11ANEIn::Send CSNE_CMD_UNLOAD_AFPP FD  networks with phy:0x2004000, size:0x0000000000c548e0
Jun  8 17:49:37 kernel(AppleH11ANEInterface)[0] <Notice>: ANE0: virtual IOReturn AneIspIPCEndPoints::enableFWIPCEP_gated(AneIspEndpointIndex, bool) :H11ANEIn::fISPEndpoints[1] is not ready
Jun  8 17:49:37 kernel(AppleH11ANEInterface)[0] <Notice>: ANE0 IOReturn H11ANEIn::ANE_PowerOff_gated(void *)
Jun  8 17:49:37 kernel(AppleH11ANEInterface)[0] <Notice>: ANE0: IOReturn H11ANEIn::ANE_PowerOff_gated(void *) :H11ANEIn::clientname:aned isPowered: 1 Programs Open:1
Jun  8 17:49:37 kernel(AppleH11ANEInterface)[0] <Notice>: ANE0: IOReturn H11ANEIn::ANE_PowerOff_gated(void *) :H11ANEIn::clientname:AccessibilityUIS isPowered: 1 Programs Open:1
Jun  8 17:49:37 CommCenter(libATCommandStudioDynamic.dylib)[102] <Notice>: QMI: Svc=0x2a(DSD) Ind MsgId=0x5550 Sim=1 Bin=[<private>]
Jun  8 17:49:37 CommCenter(libCommCenterMCommandDrivers.dylib)[102] <Notice>: #I Throughput estimate info received. up: 0 Kbps, dl: 0 Kbps, rat: kENDCSub6
Jun  8 17:49:37 CommCenter(libATCommandStudioDynamic.dylib)[102] <Notice>: QMI: Svc=0x03(NAS) Ind MsgId=0x555b Sim=2 Bin=[<private>]
Jun  8 17:49:37 CommCenter(libATCommandStudioDynamic.dylib)[102] <Notice>: QMI: Svc=0x2a(DSD) Ind MsgId=0x5550 Sim=2 Bin=[<private>]
Jun  8 17:49:37 CommCenter(libATCommandStudioDynamic.dylib)[102] <Notice>: QMI: Svc=0xe7(ELQM) Ind MsgId=0x0002 Bin=[<private>]
Jun  8 17:49:37 CommCenter(libCommCenterMCommandDrivers.dylib)[102] <Notice>: #I Throughput estimate info received. up: 0 Kbps, dl: 0 Kbps, rat: kENDCSub6
Jun  8 17:49:37 CommCenter[102] <Notice>: #I Bandwidth changed to (ul: 0 Kbps, dl: 0 Kbps, rat: kENDCSub6)
Jun  8 17:49:37 CommCenter[102] <Notice>: #I Evaluated interface bandwidth: (ul: 0 Kbps, dl: 0 Kbps, rat: kENDCSub6)
Jun  8 17:49:37 CommCenter[102] <Notice>: #N Setting interface bandwidth for 'pdp_ip0': uplink: 0 bps, downlink: 0 bps, rat: kENDCSub6
Jun  8 17:49:37 CommCenter[102] <Notice>: #I   --------------> kCTEventEnhancedLinkQualityUpdate (146) sent to 1 (of 130) clients.
Jun  8 17:49:37 CommCenter(Network)[102] <Notice>: network_config_set_interface_estimated_throughput <private> up: 0Bps -> 0 (0Bps), down: 0Bps -> 0 (0Bps)
Jun  8 17:49:37 CommCenter(Network)[102] <Notice>: networkd_privileged_set_radio_type_block_invoke Set radio type to: endc_sub6 (129), channel: 0 on <private>
Jun  8 17:49:37 nehelper(Network)[27439] <Notice>: -[NWPrivilegedHelper handleRequest:onConnection:] Handling set_radio_type from pid 102
Jun  8 17:49:37 nehelper(Network)[27439] <Notice>: handleRadioType Successfully set radio type on pdp_ip0
Jun  8 17:49:37 nehelper(Network)[27439] <Notice>: -[NWPrivilegedHelper handleRequest:onConnection:] Returning 0 for set_radio_type to pid 102
Jun  8 17:49:37 nehelper(Network)[27439] <Notice>: -[NWPrivilegedHelper handleRequest:onConnection:] Handling set_throughput_estimates from pid 102
Jun  8 17:49:37 nehelper(Network)[27439] <Notice>: handleThroughputEstimates Successfully set throughput estimate on pdp_ip0
Jun  8 17:49:37 nehelper(Network)[27439] <Notice>: -[NWPrivilegedHelper handleRequest:onConnection:] Returning 0 for set_throughput_estimates to pid 102
Jun  8 17:49:37 CommCenter[102] <Notice>: Sent notification to 2 (of 58) clients: <private>
Jun  8 17:49:37 CommCenter[102] <Notice>: #N Add Frequency List Failed
Jun  8 17:49:37 symptomsd(SymptomEvaluator)[130] <Notice>: eLQM: Received BB NR serving cell type notification: payload = {length = 2, bytes = 0x0101}
Jun  8 17:49:37 symptomsd(SymptomEvaluator)[130] <Notice>: eLQM: Payload size is 2, cellNRServingCellType 1
Jun  8 17:49:37 WirelessRadioManagerd[50] <Notice>: <private>
Jun  8 17:49:37 aggregated(PowerlogLiteOperators)[28036] <Error>: NWPath does not have valid interface: satisfied (Path is satisfied), interface: en0[802.11], ipv4, ipv6, dns
Jun  8 17:49:37 transparencyd[27535] <Notice>: nw_path update: network is available
Jun  8 17:49:37 symptomsd(SymptomEvaluator)[130] <Notice>: NWPath: kNetworkCell  NWPathStatusSatisfied   interfaceName pdp_ip0 index 3
Jun  8 17:49:37 apsd(Network)[139] <Notice>: [C544.1.1 IPv6#65312f15.5223 ready channel-flow (satisfied (Path is satisfied), viable, interface: pdp_ip0[endc_sub6], scoped, ipv4, ipv6, dns, expensive)] event: path:satisfied_change @7889.505s, uuid: 4CCAC326-77F8-4241-9962-81157C808DF4
Jun  8 17:49:37 apsd(Network)[139] <Notice>: [C544.1 Hostname#24159559:5223 ready resolver (satisfied (Path is satisfied), interface: pdp_ip0[lte], scoped, ipv4, ipv6, dns, expensive)] event: path:satisfied_change @7889.506s, uuid: 85A9F9B7-0A5D-4263-8F1E-9B842038CD7A
Jun  8 17:49:37 apsd(Network)[139] <Notice>: [C544 IPv6#65312f15.5223 ready parent-flow (satisfied (Path is satisfied), interface: pdp_ip0[lte], scoped, ipv4, ipv6, dns, expensive)] event: path:satisfied_change @7889.506s, uuid: 85A9F9B7-0A5D-4263-8F1E-9B842038CD7A
Jun  8 17:49:37 kernel[0] <Error>: netagent_get_agent_domain_and_type: Type requested for invalid netagent
Jun  8 17:49:37 apsd(Network)[139] <Notice>: [C544.1 Hostname#24159559:5223 ready resolver (satisfied (Path is satisfied), interface: pdp_ip0[endc_sub6], scoped, ipv4, ipv6, dns, expensive)] event: path:satisfied_change @7889.506s, uuid: 85A9F9B7-0A5D-4263-8F1E-9B842038CD7A
Jun  8 17:49:37 apsd(Network)[139] <Notice>: [C544 IPv6#65312f15.5223 ready parent-flow (satisfied (Path is satisfied), interface: pdp_ip0[lte], scoped, ipv4, ipv6, dns, expensive)] event: path:satisfied_change @7889.506s, uuid: 85A9F9B7-0A5D-4263-8F1E-9B842038CD7A
Jun  8 17:49:37 apsd(Network)[139] <Notice>: [C544 IPv6#65312f15.5223 ready parent-flow (satisfied (Path is satisfied), interface: pdp_ip0[endc_sub6], scoped, ipv4, ipv6, dns, expensive)] event: path:satisfied_change @7889.506s, uuid: 85A9F9B7-0A5D-4263-8F1E-9B842038CD7A
Jun  8 17:49:37 kernel[0] <Error>: netagent_get_agent_domain_and_type: Type requested for invalid netagent
Jun  8 17:49:37 CommCenter[102] <Notice>: #I operator(): observeValueForKeyPath: NWAgent <private> Observe: DataConnectionAgentInterfaceObserver agent domain = <private>, type = <private>, fSlicingSupported = false: fAvailability = 1, check satisfied path = 1
Jun  8 17:49:37 CommCenter[102] <Notice>: #I reposting connection state if necessary
Jun  8 17:49:37 CommCenter[102] <Notice>: #I sendActivationEvent: silent = false for kDataConnectionWirelessModemAuthentication (kDataConnectionWirelessModemAuthentication)
Jun  8 17:49:37 CommCenter[102] <Notice>: #I sendActivationEvent: We are not posting external event because the context state 2 is different from the connection state 0
Jun  8 17:49:37 CommCenter[102] <Notice>: #I tethering: on connection state update: kDataConnectionStateIdle
Jun  8 17:49:37 CommCenter[102] <Notice>: #I tethering: top update
Jun  8 17:49:37 CommCenter[102] <Notice>: #I tethering: update from upper layers coming
Jun  8 17:49:37 CommCenter[102] <Notice>: #I tethering: update: conn=kDataConnectionTotal, authStatus=unknown, cleanFailed=false, accountId=<private>
Jun  8 17:49:37 CommCenter[102] <Notice>: #I tethering: orig auth status: true
Jun  8 17:49:37 CommCenter[102] <Notice>: #I tethering: old auth status: true
Jun  8 17:49:37 CommCenter[102] <Notice>: #I tethering: nw supported
Jun  8 17:49:37 CommCenter[102] <Notice>: #I tethering: using old auth status: true
Jun  8 17:49:37 CommCenter[102] <Notice>: #I isTetheringAsserted: TetheringAssertion is asserted by explicit assertion
Jun  8 17:49:37 CommCenter[102] <Notice>: #I operator(): observeValueForKeyPath: NWAgent <private> Observe: DataConnectionAgentInterfaceObserver agent domain = <private>, type = <private>, fSlicingSupported = false: fAvailability = 1, check satisfied path = 1
Jun  8 17:49:37 CommCenter[102] <Notice>: #I reposting connection state if necessary
Jun  8 17:49:37 CommCenter[102] <Notice>: #I operator(): observeValueForKeyPath: NWAgent <private> Observe: DataConnectionAgentInterfaceObserver agent domain = <private>, type = <private>, fSlicingSupported = false: fAvailability = 1, check satisfied path = 1
Jun  8 17:49:37 CommCenter[102] <Notice>: #I reposting connection state if necessary
Jun  8 17:49:37 CommCenter[102] <Notice>: #I operator(): observeValueForKeyPath: NWAgent <private> Observe: DataConnectionAgentInterfaceObserver agent domain = <private>, type = <private>, fSlicingSupported = false: fAvailability = 1, check satisfied path = 1
Jun  8 17:49:37 CommCenter[102] <Notice>: #I reposting connection state if necessary
Jun  8 17:49:37 CommCenter[102] <Notice>: #I operator(): observeValueForKeyPath: NWAgent <private> Observe: DataConnectionAgentInterfaceObserver agent domain = <private>, type = <private>, fSlicingSupported = false: fAvailability = 1, check satisfied path = 1
Jun  8 17:49:37 CommCenter[102] <Notice>: #I reposting connection state if necessary
Jun  8 17:49:37 CommCenter[102] <Notice>: #I operator(): observeValueForKeyPath: NWAgent <private> Observe: DataConnectionAgentInterfaceObserver agent domain = <private>, type = <private>, fSlicingSupported = false: fAvailability = 1, check satisfied path = 1
Jun  8 17:49:37 CommCenter[102] <Notice>: #I reposting connection state if necessary
Jun  8 17:49:37 CommCenter[102] <Notice>: #I -[DataConnectionAgentInterfaceObserver pathSatisfied]: pathSatisfied check: NWAgent <private> agent domain = <private>, type = <private>, fSlicingSupported = false: fAvailability = 1, check satisfied path = 1, status = 1
Jun  8 17:49:37 CommCenter[102] <Notice>: #I -[DataConnectionAgentInterfaceObserver pathSatisfied]: pathSatisfied check: NWAgent <private> agent domain = <private>, type = <private>, fSlicingSupported = false: fAvailability = 1, check satisfied path = 1, status = 1
Jun  8 17:49:37 CommCenter[102] <Notice>: #I sendActivationEvent: silent = false for kDataConnectionInternet (kDataConnectionInternet)
Jun  8 17:49:37 CommCenter[102] <Notice>: #I Marking Tethering as allowed
Jun  8 17:49:37 CommCenter[102] <Notice>: #I tethering: on auth success
Jun  8 17:49:37 CommCenter[102] <Notice>: #I tethering: update from upper layers coming
Jun  8 17:49:37 CommCenter[102] <Notice>: #I tethering: update: conn=kDataConnectionTotal, authStatus=true, cleanFailed=false, accountId=<private>
Jun  8 17:49:37 CommCenter[102] <Notice>: #I tethering: orig auth status: true
Jun  8 17:49:37 CommCenter[102] <Notice>: #I tethering: old auth status: true
Jun  8 17:49:37 CommCenter[102] <Notice>: #I tethering: nw supported
Jun  8 17:49:37 CommCenter[102] <Notice>: #N tethering: old value the same
Jun  8 17:49:37 CommCenter[102] <Notice>: #I isTetheringAsserted: TetheringAssertion is asserted by explicit assertion
Jun  8 17:49:37 CommCenter[102] <Notice>: #I operator(): observeValueForKeyPath: NWAgent <private> Observe: DataConnectionAgentInterfaceObserver agent domain = <private>, type = <private>, fSlicingSupported = false: fAvailability = 1, check satisfied path = 1, status = 1
Jun  8 17:49:37 CommCenter[102] <Notice>: #I reposting connection state if necessary
Jun  8 17:49:37 CommCenter[102] <Notice>: #I operator(): observeValueForKeyPath: NWAgent <private> Observe: DataConnectionAgentInterfaceObserver agent domain = <private>, type = <private>, fSlicingSupported = false: fAvailability = 1, check satisfied path = 1, status = 1
Jun  8 17:49:37 CommCenter[102] <Notice>: #I reposting connection state if necessary
Jun  8 17:49:37 CommCenter[102] <Notice>: #I operator(): observeValueForKeyPath: NWAgent <private> Observe: DataConnectionAgentInterfaceObserver agent domain = <private>, type = <private>, fSlicingSupported = false: fAvailability = 1, check satisfied path = 1, status = 1
Jun  8 17:49:37 CommCenter[102] <Notice>: #I reposting connection state if necessary
Jun  8 17:49:37 CommCenter[102] <Notice>: #I operator(): observeValueForKeyPath: NWAgent <private> Observe: DataConnectionAgentInterfaceObserver agent domain = <private>, type = <private>, fSlicingSupported = false: fAvailability = 1, check satisfied path = 1, status = 1
Jun  8 17:49:37 CommCenter[102] <Notice>: #I reposting connection state if necessary
Jun  8 17:49:37 CommCenter[102] <Notice>: #I operator(): observeValueForKeyPath: NWAgent <private> Observe: DataConnectionAgentInterfaceObserver agent domain = <private>, type = <private>, fSlicingSupported = false: fAvailability = 1, check satisfied path = 1, status = 1
Jun  8 17:49:37 CommCenter[102] <Notice>: #I reposting connection state if necessary
Jun  8 17:49:37 CommCenter[102] <Notice>: #I sendActivationEvent: silent = false for kDataConnectionWirelessModemAuthentication (kDataConnectionWirelessModemAuthentication)
Jun  8 17:49:37 CommCenter[102] <Notice>: #I sendActivationEvent: We are not posting external event because the context state 2 is different from the connection state 0
Jun  8 17:49:37 CommCenter[102] <Notice>: #I tethering: on connection state update: kDataConnectionStateIdle
Jun  8 17:49:37 CommCenter[102] <Notice>: #I tethering: top update
Jun  8 17:49:37 CommCenter[102] <Notice>: #I tethering: update from upper layers coming
Jun  8 17:49:37 CommCenter[102] <Notice>: #I tethering: update: conn=kDataConnectionTotal, authStatus=unknown, cleanFailed=false, accountId=<private>
Jun  8 17:49:37 CommCenter[102] <Notice>: #I tethering: orig auth status: true
Jun  8 17:49:37 CommCenter[102] <Notice>: #I tethering: old auth status: true
Jun  8 17:49:37 CommCenter[102] <Notice>: #I tethering: nw supported
Jun  8 17:49:37 CommCenter[102] <Notice>: #I tethering: using old auth status: true
Jun  8 17:49:37 CommCenter[102] <Notice>: #I isTetheringAsserted: TetheringAssertion is asserted by explicit assertion
Jun  8 17:49:37 CommCenter[102] <Notice>: #I operator(): observeValueForKeyPath: NWAgent <private> Observe: DataConnectionAgentInterfaceObserver agent domain = <private>, type = <private>, fSlicingSupported = false: fAvailability = 1, check satisfied path = 1, status = 1
Jun  8 17:49:37 CommCenter[102] <Notice>: #I reposting connection state if necessary
Jun  8 17:49:37 CommCenter[102] <Notice>: #I -[DataConnectionAgentInterfaceObserver pathSatisfied]: pathSatisfied check: NWAgent <private> agent domain = <private>, type = <private>, fSlicingSupported = false: fAvailability = 1, check satisfied path = 1, status = 1
Jun  8 17:49:37 CommCenter[102] <Notice>: #I -[DataConnectionAgentInterfaceObserver pathSatisfied]: pathSatisfied check: NWAgent <private> agent domain = <private>, type = <private>, fSlicingSupported = false: fAvailability = 1, check satisfied path = 1, status = 1
Jun  8 17:49:37 CommCenter[102] <Notice>: #I sendActivationEvent: silent = false for kDataConnectionWirelessModemTraffic (kDataConnectionWirelessModemTraffic)
Jun  8 17:49:37 CommCenter[102] <Notice>: #I Marking Tethering as allowed
Jun  8 17:49:37 CommCenter[102] <Notice>: #I tethering: on auth success
Jun  8 17:49:37 CommCenter[102] <Notice>: #I tethering: update from upper layers coming
Jun  8 17:49:37 CommCenter[102] <Notice>: #I tethering: update: conn=kDataConnectionTotal, authStatus=true, cleanFailed=false, accountId=<private>
Jun  8 17:49:37 CommCenter[102] <Notice>: #I tethering: orig auth status: true
Jun  8 17:49:37 CommCenter[102] <Notice>: #I tethering: old auth status: true
Jun  8 17:49:37 CommCenter[102] <Notice>: #I tethering: nw supported
Jun  8 17:49:37 CommCenter[102] <Notice>: #N tethering: old value the same
Jun  8 17:49:37 CommCenter[102] <Notice>: #I isTetheringAsserted: TetheringAssertion is asserted by explicit assertion
Jun  8 17:49:37 CommCenter[102] <Notice>: #I tethering: on connection state update
Jun  8 17:49:37 CommCenter[102] <Notice>: #I tethering: top update
Jun  8 17:49:37 CommCenter[102] <Notice>: #I tethering: update from upper layers coming
Jun  8 17:49:37 CommCenter[102] <Notice>: #I tethering: update: conn=kDataConnectionWirelessModemTraffic, authStatus=unknown, cleanFailed=false, accountId=<private>
Jun  8 17:49:37 CommCenter[102] <Notice>: #I tethering: orig auth status: true
Jun  8 17:49:37 CommCenter[102] <Notice>: #I tethering: old auth status: true
Jun  8 17:49:37 CommCenter[102] <Notice>: #I tethering: nw supported
Jun  8 17:49:37 CommCenter[102] <Notice>: #I tethering: using old auth status: true
Jun  8 17:49:37 CommCenter[102] <Notice>: #I isTetheringAsserted: TetheringAssertion is asserted by explicit assertion
Jun  8 17:49:37 CommCenter[102] <Notice>: #I operator(): observeValueForKeyPath: NWAgent <private> Observe: DataConnectionAgentInterfaceObserver agent domain = <private>, type = <private>, fSlicingSupported = false: fAvailability = 1, check satisfied path = 1, status = 1
Jun  8 17:49:37 CommCenter[102] <Notice>: #I reposting connection state if necessary
Jun  8 17:49:37 CommCenter[102] <Notice>: #I -[DataConnectionAgentInterfaceObserver pathSatisfied]: pathSatisfied check: NWAgent <private> agent domain = <private>, type = <private>, fSlicingSupported = false: fAvailability = 1, check satisfied path = 1, status = 1
Jun  8 17:49:37 CommCenter[102] <Notice>: #I -[DataConnectionAgentInterfaceObserver pathSatisfied]: pathSatisfied check: NWAgent <private> agent domain = <private>, type = <private>, fSlicingSupported = false: fAvailability = 1, check satisfied path = 1, status = 1
Jun  8 17:49:37 CommCenter[102] <Notice>: #I sendActivationEvent: silent = false for kDataConnectionInternet (kDataConnectionInternet)
Jun  8 17:49:37 CommCenter[102] <Notice>: #I Marking Tethering as allowed
Jun  8 17:49:37 CommCenter[102] <Notice>: #I tethering: on auth success
Jun  8 17:49:37 CommCenter[102] <Notice>: #I tethering: update from upper layers coming
Jun  8 17:49:37 CommCenter[102] <Notice>: #I tethering: update: conn=kDataConnectionTotal, authStatus=true, cleanFailed=false, accountId=<private>
Jun  8 17:49:37 CommCenter[102] <Notice>: #I tethering: orig auth status: true
Jun  8 17:49:37 CommCenter[102] <Notice>: #I tethering: old auth status: true
Jun  8 17:49:37 CommCenter[102] <Notice>: #I tethering: nw supported
Jun  8 17:49:37 CommCenter[102] <Notice>: #N tethering: old value the same
Jun  8 17:49:37 CommCenter[102] <Notice>: #I isTetheringAsserted: TetheringAssertion is asserted by explicit assertion
Jun  8 17:49:37 CommCenter[102] <Notice>: #I operator(): observeValueForKeyPath: NWAgent <private> Observe: DataConnectionAgentInterfaceObserver agent domain = <private>, type = <private>, fSlicingSupported = false: fAvailability = 1, check satisfied path = 1
Jun  8 17:49:37 CommCenter[102] <Notice>: #I reposting connection state if necessary
Jun  8 17:49:37 CommCenter[102] <Notice>: #I -[DataConnectionAgentInterfaceObserver pathSatisfied]: pathSatisfied check: NWAgent <private> agent domain = <private>, type = <private>, fSlicingSupported = false: fAvailability = 1, check satisfied path = 1, status = 1
Jun  8 17:49:37 CommCenter[102] <Notice>: #I -[DataConnectionAgentInterfaceObserver pathSatisfied]: pathSatisfied check: NWAgent <private> agent domain = <private>, type = <private>, fSlicingSupported = false: fAvailability = 1, check satisfied path = 1, status = 1
Jun  8 17:49:37 CommCenter[102] <Notice>: #I sendActivationEvent: silent = false for kDataConnectionWirelessModemTraffic (kDataConnectionWirelessModemTraffic)
Jun  8 17:49:37 CommCenter[102] <Notice>: #I Marking Tethering as allowed
Jun  8 17:49:37 CommCenter[102] <Notice>: #I tethering: on auth success
Jun  8 17:49:37 CommCenter[102] <Notice>: #I tethering: update from upper layers coming
Jun  8 17:49:37 CommCenter[102] <Notice>: #I tethering: update: conn=kDataConnectionTotal, authStatus=true, cleanFailed=false, accountId=<private>
Jun  8 17:49:37 CommCenter[102] <Notice>: #I tethering: orig auth status: true
Jun  8 17:49:37 CommCenter[102] <Notice>: #I tethering: old auth status: true
Jun  8 17:49:37 CommCenter[102] <Notice>: #I tethering: nw supported
Jun  8 17:49:37 CommCenter[102] <Notice>: #N tethering: old value the same
Jun  8 17:49:37 CommCenter[102] <Notice>: #I isTetheringAsserted: TetheringAssertion is asserted by explicit assertion
Jun  8 17:49:37 CommCenter[102] <Notice>: #I tethering: on connection state update
Jun  8 17:49:37 CommCenter[102] <Notice>: #I tethering: top update
Jun  8 17:49:37 CommCenter[102] <Notice>: #I tethering: update from upper layers coming
Jun  8 17:49:37 CommCenter[102] <Notice>: #I tethering: update: conn=kDataConnectionWirelessModemTraffic, authStatus=unknown, cleanFailed=false, accountId=<private>
Jun  8 17:49:37 CommCenter[102] <Notice>: #I tethering: orig auth status: true
Jun  8 17:49:37 CommCenter[102] <Notice>: #I tethering: old auth status: true
Jun  8 17:49:37 CommCenter[102] <Notice>: #I tethering: nw supported
Jun  8 17:49:37 CommCenter[102] <Notice>: #I tethering: using old auth status: true
Jun  8 17:49:37 CommCenter[102] <Notice>: #I isTetheringAsserted: TetheringAssertion is asserted by explicit assertion
Jun  8 17:49:37 CommCenter[102] <Notice>: #I operator(): first grade pdp 4 chosen
Jun  8 17:49:37 CommCenter(libSystemDetermination.dylib)[102] <Notice>: #I <private> = (null)
Jun  8 17:49:37 CommCenter(libSystemDetermination.dylib)[102] <Notice>: #I <private> = 0
Jun  8 17:49:37 CommCenter[102] <Notice>: #I got WifiCallingAllowedInRoamingKey value as false.
Jun  8 17:49:37 CommCenter(libSystemDetermination.dylib)[102] <Notice>: #I <private> = (null)
Jun  8 17:49:37 CommCenter(libSystemDetermination.dylib)[102] <Notice>: #I <private> = 0
Jun  8 17:49:37 CommCenter[102] <Notice>: #I got WifiCallingAllowedInRoamingKey value as false.
Jun  8 17:49:37 CommCenter[102] <Notice>: #I getPreferredContextType: iRAT recommends kDataContextBB
Jun  8 17:49:37 CommCenter[102] <Notice>: #I getPreferredContextType: ContextType: using kDataContextBB
Jun  8 17:49:37 CommCenter(libSystemDetermination.dylib)[102] <Notice>: #I <private> = (null)
Jun  8 17:49:37 CommCenter(libSystemDetermination.dylib)[102] <Notice>: #I <private> = 0
Jun  8 17:49:37 CommCenter[102] <Notice>: #I operator(): first grade pdp 4 chosen
Jun  8 17:49:37 CommCenter[102] <Notice>: #I operator(): first grade pdp 4 chosen
Jun  8 17:49:37 CommCenter(libSystemDetermination.dylib)[102] <Notice>: #I <private> = (null)
Jun  8 17:49:37 CommCenter(libSystemDetermination.dylib)[102] <Notice>: #I <private> = 0
Jun  8 17:49:37 CommCenter[102] <Notice>: #I got WifiCallingAllowedInRoamingKey value as false.
Jun  8 17:49:37 CommCenter(libSystemDetermination.dylib)[102] <Notice>: #I <private> = (null)
Jun  8 17:49:37 CommCenter(libSystemDetermination.dylib)[102] <Notice>: #I <private> = 0
Jun  8 17:49:37 CommCenter[102] <Notice>: #I got WifiCallingAllowedInRoamingKey value as false.
Jun  8 17:49:37 CommCenter[102] <Notice>: #I getPreferredContextType: iRAT recommends kDataContextBB
Jun  8 17:49:37 CommCenter[102] <Notice>: #I getPreferredContextType: ContextType: using kDataContextBB
Jun  8 17:49:37 CommCenter(libSystemDetermination.dylib)[102] <Notice>: #I <private> = (null)
Jun  8 17:49:37 CommCenter(libSystemDetermination.dylib)[102] <Notice>: #I <private> = 0
Jun  8 17:49:37 CommCenter[102] <Notice>: #I operator(): first grade pdp 4 chosen
Jun  8 17:49:38 wifid(WiFiPolicy)[53] <Notice>: __WiFiLQAMgrLogStats(Anandum:Stationary): Rssi: -58 {-58 0} Channel: 36 Bandwidth: 80Mhz Snr: 27 Cca: 15 (S:0 O:0 I:0) TxPer: 0.0% (0) BcnPer: 0.0% (49, 50.9%) RxFrms: 1 RxRetryFrames: 0 TxRate: 650000 RxRate: 650000 FBRate: 195000 TxFwFrms: 0 TxFwFail: 0 TxReTrans: 0 time: 24.6secs fgApp: com.apple.AccessibilityUIServer
Jun  8 17:49:38 wifid(WiFiPolicy)[53] <Error>: LQM-WiFi:  (HighBand) rxCrsGlitch=0 rxBphyCrsGlitch=0 rxStart=45 rxBadPLCP=0 rxBphyBadPLCP=0 rxBadFCS=0 rxFifo0Ovfl=0 rxFifo1Ovfl=0 rx_nobuf=0 rxAnyErr=4 rxResponseTimeout=0 rxNoDelim=0 rxFrmTooLong=0 rxFrmTooShort=0
Jun  8 17:49:38 wifid(WiFiPolicy)[53] <Error>: LQM-WiFi: (HighBand) txRTSFrm=0 txRTSFail=0 rxCTSUcast=0 rxRTSUcast=0 txCTSFrm=0 txAMPDU=0 rxBACK=0 txPhyError=0 txAllFrm=0 txMPDU=0 txUcast=0 rxACKUcast=0 OfdmDesense 1 dB
Jun  8 17:49:38 wifid(WiFiPolicy)[53] <Error>: LQM-WiFi: (HighBand) rxBeaconMbss=32 rxBeaconObss=0 rxDataUcastMbss=0 rxMgmtUcastMbss=0 rxCNTRLUcast=0 txACKFrm=0 txBACK=0 ctxFifoFull=0 ctxFifo2Full=0 rxDataMcast=0 rxMgmtMcast=32
Jun  8 17:49:38 wifid(WiFiPolicy)[53] <Error>: LQM-WiFi: RX AMPDU (HighBand) rxAmpdu=0 txBACK(Ucode)=0 rxMpduInAmpdu=0 rxholes=0 rxdup=0 rxstuck=0 rxoow=0 rxoos=0 rxaddbareq=0 txaddbaresp=0 rxbar=0 txdelba=0 rxdelba=0 rxQueued=0 rxRetryNoBA=0
Jun  8 17:49:38 wifid(WiFiPolicy)[53] <Error>: LQM-WiFi: WME RX MPDUs (rxPER 0 %) in tids 0:1, 1:0, 2:0, 3:0, 4:0, 5:0, 6:0, 7:0
Jun  8 17:49:38 wifid(WiFiPolicy)[53] <Error>: LQM-WiFi:  (HighBand) rxToss=0 rxLastTossRsn=0 rxNoFrag=0 rxNoCmplId=0 rxNoHaddr=0 rxMulti=1 rxUndec=0
Jun  8 17:49:38 wifid(WiFiPolicy)[53] <Error>: LQM-WiFi: TX(3C:46:45:04:C2:10) AC<SU MS NB NRS NA CM EX TF FFP MRET FLE> BE<0 0 0 0 0 0 0 0 0 0 0> (5000ms)
Jun  8 17:49:38 wifid(WiFiPolicy)[53] <Error>: LQM-WiFi: TX(3C:46:45:04:C2:10) AC<SU MS NB NRS NA CM EX TF FFP MRET FLE> BK<0 0 0 0 0 0 0 0 0 0 0> (5000ms)
Jun  8 17:49:38 wifid(WiFiPolicy)[53] <Error>: LQM-WiFi: TX(3C:46:45:04:C2:10) AC<SU MS NB NRS NA CM EX TF FFP MRET FLE> VI<0 0 0 0 0 0 0 0 0 0 0> (5000ms)
Jun  8 17:49:38 wifid(WiFiPolicy)[53] <Error>: LQM-WiFi: TX(3C:46:45:04:C2:10) AC<SU MS NB NRS NA CM EX TF FFP MRET FLE> VO<0 0 0 0 0 0 0 0 0 0 0> (5000ms)
Jun  8 17:49:38 wifid(WiFiPolicy)[53] <Notice>: WiFiDeviceManagerGetAppState: app state for DPS action : Foreground isAnyAppInFG:yes isFTactive:no isLatencySensitiveAppActive:no
Jun  8 17:49:38 wifid(WiFiPolicy)[53] <Notice>: WiFiLQAMgrCopyCoalescedUndispatchedLQMEvent: Rssi: -58 Snr:27 Cca: 15 TxFrames: 0 TxFail: 0 BcnRx: 49 BcnSch: 49  RxFrames: 1 RxRetries: 0 TxRate: 650000 RxRate: 650000 FBRate: 195000 TxFwFrms: 0 TxFwFail:0 TxRetries: 0
Jun  8 17:49:38 SpringBoard(SpringBoard)[34] <Notice>: [SBWiFiManager] signal strength bars changed to 3
Jun  8 17:49:38 symptomsd(SymptomEvaluator)[130] <Notice>: L2 Metrics on en0: rssi: -58 [-58,0] -> -58, snr: 27 (cca [wake/total] self/other/intf): [0,0]/[0,0]/[0,0]/15 (txFrames/txReTx/txFail): 0/0/0 -> (was/is) 0/0
Jun  8 17:49:38 symptomsd(SymptomEvaluator)[130] <Notice>: Received Wi-Fi Assist Override along with LQM info: 0
Jun  8 17:49:38 wifid(WiFiPolicy)[53] <Notice>: -[WiFiUsagePoorLinkSession linkQualityDidChange:]: rssi:-58dBm recomm:N/A
Jun  8 17:49:38 wifid(WiFiPolicy)[53] <Notice>: -[WiFiUsagePoorLinkSession linkQualityDidChange:] BadLink session (active:NO start:2023-06-07 16:31:19 +0000 end:2023-06-07 16:34:21 +0000 network:Anandum) - rssi:-58, core0:-58, core1:0, sum_of_rssi:-14016, count_of_lqm:177, sumof_core0Diff:-884, sumof_core1Diff:-420
Jun  8 17:49:38 wifid(WiFiPolicy)[53] <Notice>: +[WiFiUsageLQMTransformations ratePercentagesWithTxRate:rxRate:txFallbackRate:txFrames:rxFrames:nss:bw:phyMode:band:deviceMaxRate:]: linkMaxRate for nSS:2 bw:80 phy:11ac : 866700
Jun  8 17:49:38 CommCenter(libATCommandStudioDynamic.dylib)[102] <Notice>: #I qmux: <private>
Jun  8 17:49:38 CommCenter(libATCommandStudioDynamic.dylib)[102] <Notice>: #I qmux: <private>
Jun  8 17:49:38 CommCenter(libATCommandStudioDynamic.dylib)[102] <Notice>: #I qmux: <private>
Jun  8 17:49:38 CommCenter(libATCommandStudioDynamic.dylib)[102] <Notice>: QMI: Svc=0x01(WDS) Req MsgId=0x555b Sim=1 Bin=[<private>]
Jun  8 17:49:38 CommCenter(libATCommandStudioDynamic.dylib)[102] <Notice>: QMI: Svc=0x01(WDS) Req MsgId=0x555b Sim=2 Bin=[<private>]
Jun  8 17:49:38 CommCenter(libATCommandStudioDynamic.dylib)[102] <Notice>: QMI: Svc=0x01(WDS) Req MsgId=0x555b Sim=2 Bin=[<private>]
Jun  8 17:49:38 WirelessRadioManagerd[50] <Notice>: <private>
Jun  8 17:49:38 WirelessRadioManagerd[50] <Notice>: <private>
Jun  8 17:49:38 WirelessRadioManagerd[50] <Notice>: <private>
Jun  8 17:49:38 WirelessRadioManagerd[50] <Notice>: <private>
Jun  8 17:49:38 WirelessRadioManagerd[50] <Notice>: <private>
Jun  8 17:49:38 CommCenter(libATCommandStudioDynamic.dylib)[102] <Notice>: QMI: Svc=0x01(WDS) Resp MsgId=0x555b Sim=1 Bin=[<private>]
Jun  8 17:49:38 CommCenter(libATCommandStudioDynamic.dylib)[102] <Notice>: QMI: Svc=0x01(WDS) Resp MsgId=0x555b Sim=2 Bin=[<private>]
Jun  8 17:49:38 CommCenter(libATCommandStudioDynamic.dylib)[102] <Notice>: QMI: Svc=0x01(WDS) Resp MsgId=0x555b Sim=2 Bin=[<private>]
Jun  8 17:49:38 identityservicesd[64] <Notice>: calling continuityDidDiscoverType:Activity withData:<private> fromPeer:<private>
Jun  8 17:49:38 CommCenter(libATCommandStudioDynamic.dylib)[102] <Notice>: QMI: Svc=0xe4(AWD) Ind MsgId=0x1012 Bin=[<private>]
Jun  8 17:49:38 CommCenter(libBasebandManager.dylib)[102] <Notice>: #I Received trigger 0xc763a
Jun  8 17:49:38 CommCenter(libATCommandStudioDynamic.dylib)[102] <Notice>: QMI: Svc=0xe4(AWD) Ind MsgId=0x1012 Bin=[<private>]
Jun  8 17:49:38 CommCenter(libATCommandStudioDynamic.dylib)[102] <Notice>: QMI: Svc=0xe4(AWD) Ind MsgId=0x1010 Bin=[<private>]
Jun  8 17:49:38 CommCenter(libBasebandManager.dylib)[102] <Notice>: #I Received segment 32768 of metric 0xc763a
Jun  8 17:49:38 CommCenter(libBasebandManager.dylib)[102] <Notice>: #I Sending <private> to <private> at 1686226778098
Jun  8 17:49:38 CommCenter(libATCommandStudioDynamic.dylib)[102] <Notice>: QMI: Svc=0xe4(AWD) Ind MsgId=0x1010 Bin=[<private>]
Jun  8 17:49:38 CommCenter(libATCommandStudioDynamic.dylib)[102] <Notice>: QMI: Svc=0xe4(AWD) Ind MsgId=0x1011 Bin=[<private>]
Jun  8 17:49:38 CommCenter(libATCommandStudioDynamic.dylib)[102] <Notice>: QMI: Svc=0xe4(AWD) Ind MsgId=0x1011 Bin=[<private>]
Jun  8 17:49:38 CommCenter(libATCommandStudioDynamic.dylib)[102] <Notice>: QMI: Svc=0x22(COEX) Ind MsgId=0x0021 Bin=[<private>]
Jun  8 17:49:38 CommCenter(libBasebandCommandDriversQMI.dylib)[102] <Notice>: #I Update for SubId=1 -> <private>
Jun  8 17:49:38 WirelessRadioManagerd[50] <Notice>: <private>
Jun  8 17:49:38 WirelessRadioManagerd[50] <Notice>: <private>
Jun  8 17:49:38 CommCenter(libATCommandStudioDynamic.dylib)[102] <Notice>: QMI: Svc=0xe4(AWD) Ind MsgId=0x1013 Bin=[<private>]
Jun  8 17:49:38 WirelessRadioManagerd[50] <Notice>: <private>
Jun  8 17:49:38 WirelessRadioManagerd[50] <Notice>: <private>
Jun  8 17:49:38 WirelessRadioManagerd[50] <Notice>: <private>
Jun  8 17:49:38 WirelessRadioManagerd[50] <Notice>: <private>
Jun  8 17:49:38 WirelessRadioManagerd[50] <Notice>: <private>
Jun  8 17:49:38 WirelessRadioManagerd[50] <Notice>: <private>
Jun  8 17:49:38 WirelessRadioManagerd[50] <Notice>: <private>
Jun  8 17:49:38 WirelessRadioManagerd[50] <Notice>: <private>
Jun  8 17:49:38 WirelessRadioManagerd[50] <Notice>: <private>
Jun  8 17:49:38 WirelessRadioManagerd[50] <Notice>: <private>
Jun  8 17:49:38 WirelessRadioManagerd[50] <Notice>: <private>
Jun  8 17:49:38 WirelessRadioManagerd[50] <Notice>: <private>
Jun  8 17:49:38 CommCenter(libATCommandStudioDynamic.dylib)[102] <Notice>: QMI: Svc=0xe4(AWD) Ind MsgId=0x1013 Bin=[<private>]
Jun  8 17:49:38 WirelessRadioManagerd[50] <Notice>: <private>
Jun  8 17:49:38 WirelessRadioManagerd[50] <Notice>: <private>
Jun  8 17:49:38 WirelessRadioManagerd[50] <Notice>: <private>
Jun  8 17:49:38 WirelessRadioManagerd[50] <Notice>: <private>
Jun  8 17:49:38 WirelessRadioManagerd[50] <Notice>: <private>
Jun  8 17:49:38 WirelessRadioManagerd[50] <Notice>: <private>
Jun  8 17:49:38 WirelessRadioManagerd[50] <Notice>: <private>
Jun  8 17:49:38 WirelessRadioManagerd[50] <Notice>: <private>
Jun  8 17:49:38 WirelessRadioManagerd[50] <Notice>: <private>
Jun  8 17:49:38 WirelessRadioManagerd[50] <Notice>: <private>
Jun  8 17:49:38 WirelessRadioManagerd[50] <Notice>: <private>
Jun  8 17:49:38 WirelessRadioManagerd[50] <Notice>: <private>
Jun  8 17:49:38 WirelessRadioManagerd[50] <Notice>: <private>
Jun  8 17:49:38 WirelessRadioManagerd[50] <Notice>: <private>
Jun  8 17:49:38 WirelessRadioManagerd[50] <Notice>: <private>
Jun  8 17:49:38 WirelessRadioManagerd[50] <Notice>: <private>
Jun  8 17:49:38 WirelessRadioManagerd[50] <Notice>: <private>
Jun  8 17:49:38 WirelessRadioManagerd[50] <Notice>: <private>
Jun  8 17:49:38 WirelessRadioManagerd[50] <Notice>: <private>
Jun  8 17:49:38 WirelessRadioManagerd[50] <Notice>: <private>
Jun  8 17:49:38 kernel(IOgPTPPlugin)[0] <Notice>: Using IOSkywalkLegacyEthernet as no other controller was found for en0
Jun  8 17:49:38 WirelessRadioManagerd[50] <Notice>: <private>
Jun  8 17:49:38 WirelessRadioManagerd[50] <Notice>: <private>
Jun  8 17:49:38 WirelessRadioManagerd[50] <Notice>: <private>
Jun  8 17:49:38 WirelessRadioManagerd[50] <Notice>: <private>
Jun  8 17:49:38 WirelessRadioManagerd[50] <Notice>: <private>
Jun  8 17:49:38 WirelessRadioManagerd[50] <Notice>: <private>
Jun  8 17:49:38 WirelessRadioManagerd[50] <Notice>: <private>
Jun  8 17:49:38 WirelessRadioManagerd[50] <Notice>: <private>
Jun  8 17:49:38 WirelessRadioManagerd[50] <Notice>: <private>
Jun  8 17:49:38 WirelessRadioManagerd[50] <Notice>: <private>
Jun  8 17:49:38 wifid(WiFiPolicy)[53] <Notice>: manager->wow.lpasSetting 1 CFSetGetCount(manager->wow.wowClients) 2 isWowActivityRegistered=0 manager->wow.overrideWoWState 0 manager->externalPower 1 manager->iokit.battery.chargeLevel 83
Jun  8 17:49:38 wifid(WiFiPolicy)[53] <Notice>: Posting metrics for AJ
Jun  8 17:49:38 wifid(WiFiPolicy)[53] <Notice>: External power state is 1
Jun  8 17:49:38 wifid(WiFiPolicy)[53] <Notice>: External power state is same as before 1, bailing out
Jun  8 17:49:38 WirelessRadioManagerd[50] <Notice>: <private>
Jun  8 17:49:38 WirelessRadioManagerd[50] <Notice>: <private>
Jun  8 17:49:38 UserEventAgent(IOAccessoryManager)[28742] <Notice>: handle battery state update: isExtChg=1->1, enableHalogenMitigationsAndUI 1
Jun  8 17:49:38 locationd[26469] <Notice>: {"msg":"adapter details", "adapterDescription":"pd charger", "batteryChargerType":"kChargerTypeUnknown", "level":83, "family":3758112778, "fullyCharged":0}
Jun  8 17:49:38 symptomsd(SymptomEvaluator)[130] <Notice>: Power: battery-percentage 83.00 battery-power-connected 1 battery-charging 0 battery-warn 0 battery-critical 0 battery-absolute-capacity-mAh 2248 battery-voltage-mV 4189 battery-current-capacity-% 83 battery-maximum-capacity-% 100 battery-design-capacity-mAh 2798 battery-time-remaining 0 battery-fully-charged 0 battery-temperature 3900 screen-brightness 300000
Jun  8 17:49:38 CommCenter(libATCommandStudioDynamic.dylib)[102] <Notice>: QMI: Svc=0xe4(AWD) Ind MsgId=0x1012 Bin=[<private>]
Jun  8 17:49:38 CommCenter(libBasebandManager.dylib)[102] <Notice>: #I Received trigger 0xc763a
Jun  8 17:49:38 CommCenter(libATCommandStudioDynamic.dylib)[102] <Notice>: QMI: Svc=0xe4(AWD) Ind MsgId=0x1012 Bin=[<private>]
Jun  8 17:49:38 aggregated(PowerlogCore)[28036] <Error>: No metadata for metric: PeakPerformanceCapacity
Jun  8 17:49:38 aggregated(PowerlogCore)[28036] <Error>: No metadata for metric: TimeChargingThermallyLimited
Jun  8 17:49:38 aggregated(PowerlogCore)[28036] <Error>: No metadata for metric: Port1Current
Jun  8 17:49:38 aggregated(PowerlogCore)[28036] <Error>: No metadata for metric: ChargingVoltage
Jun  8 17:49:38 aggregated(PowerlogCore)[28036] <Error>: No metadata for metric: ChargerAlert
Jun  8 17:49:38 aggregated(PowerlogCore)[28036] <Error>: No metadata for metric: SimRate
Jun  8 17:49:38 aggregated(PowerlogCore)[28036] <Error>: No metadata for metric: DODatEOC
Jun  8 17:49:38 aggregated(PowerlogCore)[28036] <Error>: No metadata for metric: SystemPower
Jun  8 17:49:38 aggregated(PowerlogCore)[28036] <Error>: No metadata for metric: ChargerRegisterStatus
Jun  8 17:49:38 aggregated(PowerlogCore)[28036] <Error>: No metadata for metric: ChargeStatus
Jun  8 17:49:38 aggregated(PowerlogCore)[28036] <Error>: No metadata for metric: AppleRawMaxCapacity
Jun  8 17:49:38 aggregated(PowerlogCore)[28036] <Error>: No metadata for metric: BatteryHealthMetric
Jun  8 17:49:38 aggregated(PowerlogCore)[28036] <Error>: No metadata for metric: RaUpdateDisqualified
Jun  8 17:49:38 aggregated(PowerlogCore)[28036] <Error>: No metadata for metric: CurrentSenseMonitorStatus
Jun  8 17:49:38 aggregated(PowerlogCore)[28036] <Error>: No metadata for metric: ChemID
Jun  8 17:49:38 aggregated(PowerlogCore)[28036] <Error>: No metadata for metric: PassedCharge
Jun  8 17:49:38 aggregated(PowerlogCore)[28036] <Error>: No metadata for metric: Port1Power
Jun  8 17:49:38 aggregated(PowerlogCore)[28036] <Error>: No metadata for metric: <private>
Jun  8 17:49:38 aggregated(PowerlogCore)[28036] <Error>: No metadata for metric: DesignCapacity
Jun  8 17:49:38 aggregated(PowerlogCore)[28036] <Error>: No metadata for metric: InductiveFWMode
Jun  8 17:49:38 aggregated(PowerlogCore)[28036] <Error>: No metadata for metric: AverageAmperage
Jun  8 17:49:38 aggregated(PowerlogCore)[28036] <Error>: No metadata for metric: ChargingCurrent
Jun  8 17:49:38 aggregated(PowerlogCore)[28036] <Error>: No metadata for metric: WeightedRa
Jun  8 17:49:38 aggregated(PowerlogCore)[28036] <Error>: No metadata for metric: QmaxDisqualificationReason
Jun  8 17:49:38 aggregated(PowerlogCore)[28036] <Error>: No metadata for metric: SOC1Voltage
Jun  8 17:49:38 aggregated(PowerlogCore)[28036] <Error>: No metadata for metric: ITMiscStatus
Jun  8 17:49:38 aggregated(PowerlogCore)[28036] <Error>: No metadata for metric: AdapterVoltage
Jun  8 17:49:38 aggregated(PowerlogCore)[28036] <Error>: No metadata for metric: Port1FilteredPower
Jun  8 17:49:38 aggregated(PowerlogCore)[28036] <Error>: No metadata for metric: ChemicalWeightedRa
Jun  8 17:49:38 aggregated(PowerlogCore)[28036] <Error>: No metadata for metric: NominalChargeCapacity
Jun  8 17:49:38 aggregated(PowerlogCore)[28036] <Error>: No metadata for metric: AppleRawBatteryVoltage
Jun  8 17:49:38 aggregated(PowerlogCore)[28036] <Error>: No metadata for metric: KioskModeMode
Jun  8 17:49:38 aggregated(PowerlogCore)[28036] <Error>: No metadata for metric: TLCDuration
Jun  8 17:49:38 aggregated(PowerlogCore)[28036] <Error>: No metadata for metric: FilteredCurrent
Jun  8 17:49:38 aggregated(PowerlogCore)[28036] <Error>: No metadata for metric: ShallowDischargeScore
Jun  8 17:49:38 aggregated(PowerlogCore)[28036] <Error>: No metadata for metric: CycleCount
Jun  8 17:49:38 aggregated(PowerlogCore)[28036] <Error>: No metadata for metric: MaxCapacity
Jun  8 17:49:38 aggregated(PowerlogCore)[28036] <Error>: No metadata for metric: InstantAmperage
Jun  8 17:49:38 aggregated(PowerlogCore)[28036] <Error>: No metadata for metric: PresentDOD
Jun  8 17:49:38 aggregated(PowerlogCore)[28036] <Error>: No metadata for metric: LPEMMode
Jun  8 17:49:38 aggregated(PowerlogCore)[28036] <Error>: No metadata for metric: BatteryCellDisconnectCount
Jun  8 17:49:38 aggregated(PowerlogCore)[28036] <Error>: No metadata for metric: AppleRawCurrentCapacity
Jun  8 17:49:38 aggregated(PowerlogCore)[28036] <Error>: No metadata for metric: SWRawFCC
Jun  8 17:49:38 aggregated(PowerlogCore)[28036] <Error>: No metadata for metric: OCV
Jun  8 17:49:38 aggregated(PowerlogCore)[28036] <Error>: No metadata for metric: FullAvailableCapacity
Jun  8 17:49:38 aggregated(PowerlogCore)[28036] <Error>: No metadata for metric: CurrentCapacity
Jun  8 17:49:38 aggregated(PowerlogCore)[28036] <Error>: No metadata for metric: RawLevel
Jun  8 17:49:38 aggregated(PowerlogCore)[28036] <Error>: No metadata for metric: ShallowDischargeFlag
Jun  8 17:49:38 aggregated(PowerlogCore)[28036] <Error>: No metadata for metric: Flags
Jun  8 17:49:38 aggregated(PowerlogCore)[28036] <Error>: No metadata for metric: KioskModeHighSocSeconds
Jun  8 17:49:38 aggregated(PowerlogCore)[28036] <Error>: No metadata for metric: QmaxUpdateDisqualified
Jun  8 17:49:38 aggregated(PowerlogCore)[28036] <Error>: No metadata for metric: AtCriticalLevel
Jun  8 17:49:38 aggregated(PowerlogCore)[28036] <Error>: No metadata for metric: AdapterPower
Jun  8 17:49:38 aggregated(PowerlogCore)[28036] <Error>: No metadata for metric: ChargerStatus
Jun  8 17:49:38 aggregated(PowerlogCore)[28036] <Error>: No metadata for metric: FullyCharged
Jun  8 17:49:38 aggregated(PowerlogCore)[28036] <Error>: No metadata for metric: Temperature
Jun  8 17:49:38 aggregated(PowerlogCore)[28036] <Error>: No metadata for metric: VacVoltageLimit
Jun  8 17:49:38 aggregated(PowerlogCore)[28036] <Error>: No metadata for metric: SOCFThreshold
Jun  8 17:49:38 aggregated(PowerlogCore)[28036] <Error>: No metadata for metric: TimeSinceLastOCV
Jun  8 17:49:38 aggregated(PowerlogCore)[28036] <Error>: No metadata for metric: PMUConfiguration
Jun  8 17:49:38 aggregated(PowerlogCore)[28036] <Error>: No metadata for metric: <private>
Jun  8 17:49:38 aggregated(PowerlogCore)[28036] <Error>: No metadata for metric: ShallowDischargeLevels
Jun  8 17:49:38 aggregated(PowerlogCore)[28036] <Error>: No metadata for metric: SOCAlarm
Jun  8 17:49:38 aggregated(PowerlogCore)[28036] <Error>: No metadata for metric: Port1Voltage
Jun  8 17:49:38 aggregated(PowerlogCore)[28036] <Error>: No metadata for metric: PMUConfigured
Jun  8 17:49:38 aggregated(PowerlogCore)[28036] <Error>: No metadata for metric: PresentMaxRa0-8
Jun  8 17:49:38 aggregated(PowerlogCore)[28036] <Error>: No metadata for metric: RSS
Jun  8 17:49:38 aggregated(PowerlogCore)[28036] <Error>: No metadata for metric: OCVCount
Jun  8 17:49:38 aggregated(PowerlogCore)[28036] <Error>: No metadata for metric: ResScale
Jun  8 17:49:38 aggregated(PowerlogCore)[28036] <Error>: No metadata for metric: VirtualTemperature
Jun  8 17:49:38 aggregated(PowerlogCore)[28036] <Error>: No metadata for metric: GaugeResetCounter
Jun  8 17:49:38 aggregated(PowerlogCore)[28036] <Error>: No metadata for metric: DynamicEntryStatus
Jun  8 17:49:38 aggregated(PowerlogCore)[28036] <Error>: No metadata for metric: Qstart
Jun  8 17:49:38 aggregated(PowerlogCore)[28036] <Error>: No metadata for metric: SWRemCap
Jun  8 17:49:38 aggregated(PowerlogCore)[28036] <Error>: No metadata for metric: SWRawSOC
Jun  8 17:49:38 aggregated(PowerlogCore)[28036] <Error>: No metadata for metric: AdapterInfo
Jun  8 17:49:38 aggregated(PowerlogCore)[28036] <Error>: No metadata for metric: LifetimeMaxRa0-8Updated
Jun  8 17:49:38 nsurlsessiond[143] <Notice>: Triggering periodic update to powerlog for client <private>
Jun  8 17:49:38 aggregated(PowerlogLiteOperators)[28036] <Notice>: TLC: was:13772 now:13792
Jun  8 17:49:38 aggregated(PowerlogLiteOperators)[28036] <Notice>: TLC: External Connected: 1  TLC notification surfaced: 1  TLC aggregated time: 13780.048495   Battery Level: 83.000000  OBC Engaged: 0
Jun  8 17:49:38 aggregated(PowerlogLiteOperators)[28036] <Notice>: TLC: CEC Engaged: 0
Jun  8 17:49:38 aggregated(PowerlogLiteOperators)[28036] <Notice>: TLC: Removal Conditions Satisfied: 0
Jun  8 17:49:38 aggregated(PowerlogLiteOperators)[28036] <Notice>: TLC: removal conditions not met, notification should remain
Jun  8 17:49:38 CommCenter(libATCommandStudioDynamic.dylib)[102] <Notice>: QMI: Svc=0xe4(AWD) Ind MsgId=0x1010 Bin=[<private>]
Jun  8 17:49:38 CommCenter(libBasebandManager.dylib)[102] <Notice>: #I Received segment 32768 of metric 0xc763a
Jun  8 17:49:38 CommCenter(libBasebandManager.dylib)[102] <Notice>: #I Sending <private> to <private> at 1686226778138
Jun  8 17:49:38 CommCenter(libATCommandStudioDynamic.dylib)[102] <Notice>: QMI: Svc=0xe4(AWD) Ind MsgId=0x1010 Bin=[<private>]
Jun  8 17:49:38 powerd[48] <Notice>: Previous Battery Health: Flags:3 State:0 MaxCapacity:96 CycleCount:254
Jun  8 17:49:38 powerd[48] <Notice>: calib: svcFlags pre: 0x3
Jun  8 17:49:38 powerd[48] <Notice>: calib0: device not relevant
Jun  8 17:49:38 powerd[48] <Notice>: calib: svcFlags post: 0x3
Jun  8 17:49:38 powerd[48] <Notice>: Updated Battery Health: Flags:3
Jun  8 17:49:38 powerd[48] <Notice>: Updated Battery Health: State:0
Jun  8 17:49:38 powerd[48] <Notice>: Updated Battery Health: MaxCapacity:96
Jun  8 17:49:38 powerd[48] <Notice>: Updated Battery Health: CycleCount:254
Jun  8 17:49:38 powerd[48] <Notice>: Previous Battery Health: Flags:3 State:0 MaxCapacity:96 CycleCount:254
Jun  8 17:49:38 powerd[48] <Notice>: calib: svcFlags pre: 0x3
Jun  8 17:49:38 powerd[48] <Notice>: calib0: device not relevant
Jun  8 17:49:38 powerd[48] <Notice>: calib: svcFlags post: 0x3
Jun  8 17:49:38 powerd[48] <Notice>: Updated Battery Health: Flags:3
Jun  8 17:49:38 powerd[48] <Notice>: Updated Battery Health: State:0
Jun  8 17:49:38 powerd[48] <Notice>: Updated Battery Health: MaxCapacity:96
Jun  8 17:49:38 powerd[48] <Notice>: Updated Battery Health: CycleCount:254
Jun  8 17:49:38 CommCenter(libATCommandStudioDynamic.dylib)[102] <Notice>: QMI: Svc=0xe4(AWD) Ind MsgId=0x1011 Bin=[<private>]
Jun  8 17:49:38 CommCenter(libATCommandStudioDynamic.dylib)[102] <Notice>: QMI: Svc=0xe4(AWD) Ind MsgId=0x1011 Bin=[<private>]
Jun  8 17:49:38 mediaserverd(BluetoothAudio)[37] <Notice>: Remove unseen endpoints
Jun  8 17:49:38 mediaserverd(BluetoothAudio)[37] <Notice>: Posting Available Endpoints Changed Notification #endpoints:0
Jun  8 17:49:38 CommCenter(libATCommandStudioDynamic.dylib)[102] <Notice>: QMI: Svc=0xe4(AWD) Ind MsgId=0x1013 Bin=[<private>]
Jun  8 17:49:38 CommCenter(libATCommandStudioDynamic.dylib)[102] <Notice>: QMI: Svc=0xe4(AWD) Ind MsgId=0x1013 Bin=[<private>]
Jun  8 17:49:38 callservicesd(TelephonyUtilities)[159] <Notice>: Pickable Routes Changed: <private>
Jun  8 17:49:38 callservicesd(TelephonyUtilities)[159] <Notice>: Pickable Routes Changed: <private>
Jun  8 17:49:38 callservicesd[159] <Notice>: <private> is handling <private>
Jun  8 17:49:38 callservicesd(TelephonyUtilities)[159] <Notice>: Pickable Routes Changed: <private>
Jun  8 17:49:38 callservicesd[159] <Notice>: <private> is handling <private>
Jun  8 17:49:38 callservicesd(TelephonyUtilities)[159] <Notice>: Pickable Routes Changed: <private>
Jun  8 17:49:38 callservicesd[159] <Notice>: <private> is handling <private>
Jun  8 17:49:38 SpringBoard(SiriActivation)[34] <Error>: -[SASBluetoothEndpointUtility _setEndpointTypeWithNotification:]_block_invoke Endpoint type is not found from AVSystemController, setting it to Unspecified.
Jun  8 17:49:38 callservicesd[159] <Notice>: <private> is handling <private>
Jun  8 17:49:38 announced(TelephonyUtilities)[28634] <Notice>: Pickable Routes Changed: <private>
Jun  8 17:49:38 announced(TelephonyUtilities)[28634] <Notice>: Pickable Routes Changed: <private>
Jun  8 17:49:38 corespeechd[15165] <Notice>: -[CSAudioRouteChangeMonitorImpl pickableRoutesDidChange:]_block_invoke Received external pickable route change notification
Jun  8 17:49:38 corespeechd[15165] <Notice>: -[CSAudioRouteChangeMonitorImpl _notifyHearstRoutedState:] Notifying Hearst Routed State : 0
Jun  8 17:49:38 corespeechd[15165] <Notice>: -[CSAudioRouteChangeMonitorImpl _notifySiriInputSourceOutOfBandState:] Notifying Siri Input Source Out Of Band State : 0
Jun  8 17:49:38 corespeechd[15165] <Notice>: -[CSAttSiriController CSAudioRouteChangeMonitor:didReceiveAudioRouteChangeEvent:]_block_invoke Received audio route change monitor event : 5
Jun  8 17:49:38 corespeechd[15165] <Notice>: -[CSBuiltInVoiceTrigger CSAudioRouteChangeMonitor:didReceiveAudioRouteChangeEvent:]_block_invoke Received audio route change monitor event : 5
Jun  8 17:49:38 corespeechd[15165] <Notice>: -[CSSpeechManager _teardownForBluetoothDevice] Teardown VoiceTrigger due to bluetooth device disconnection
Jun  8 17:49:38 corespeechd[15165] <Notice>: -[CSBuiltInVoiceTrigger _receivedHearstRoutedEvent:] Received Hearst Not Routed event
Jun  8 17:49:38 corespeechd[15165] <Notice>: -[CSSpeechManager _teardownForBluetoothDevice] Teardown VoiceTrigger due to bluetooth device disconnection
Jun  8 17:49:38 corespeechd[15165] <Notice>: -[CSBuiltInVoiceTrigger CSAudioRouteChangeMonitor:didReceiveAudioRouteChangeEvent:]_block_invoke Received audio route change monitor event : 7
Jun  8 17:49:38 corespeechd[15165] <Notice>: -[CSBuiltInVoiceTrigger _receivedSiriInputSourceOutOfBandEvent:] Received Siri Input Source isNotOutOfBand event
Jun  8 17:49:38 corespeechd[15165] <Notice>: -[CSAttSiriController CSAudioRouteChangeMonitor:didReceiveAudioRouteChangeEvent:]_block_invoke Received audio route change monitor event : 7
Jun  8 17:49:38 SpringBoard(BatteryCenter)[34] <Notice>: (<_BCPowerSourceController: 0x2805b3100>) Fetch connected devices
Jun  8 17:49:38 corespeechd[15165] <Notice>: +[CSVoiceTriggerEnabledPolicyHelper fetchHypotheticalRouteType] hypothetical route = {
    AVAudioRouteName = Speaker;
    PortNumber = 164;
    RouteCurrentlyPicked = 1;
    RouteName = Speaker;
    RouteSupportsAudio = 1;
    RouteType = Default;
    RouteUID = Speaker;
    SoftwareVolumeEnabled = 0;
    SupportsSharePlay = 1;
}
Jun  8 17:49:38 heard(HearingUtilities)[349] <Notice>: -[HUComfortSoundsController routesDidChange:]:467 Route changed 1, 1 - (null), Speaker = {
    AVAudioRouteName = Speaker;
    PortNumber = 164;
    RouteCurrentlyPicked = 1;
    RouteName = Speaker;
    RouteSupportsAudio = 1;
    RouteType = Default;
    RouteUID = Speaker;
    SoftwareVolumeEnabled = 0;
    SupportsSharePlay = 1;
}
Jun  8 17:49:38 heard(HearingUtilities)[349] <Notice>: -[HUComfortSoundsController clearActiveRoute]:438 The temporary airpods disconnect mode is - 0
Jun  8 17:49:38 heard(HearingUtilities)[349] <Notice>: -[HUComfortSoundsController clearActiveRoute]:453 Clearing route now
Jun  8 17:49:38 heard(HearingUtilities)[349] <Notice>: -[HUComfortSoundsController stopOnQueueAndClearRoute:]:1032 Stopping
Jun  8 17:49:38 SpringBoard(HearingUtilities)[34] <Notice>: void hearingDeamonShouldBeRunning(__strong AXBoolBlock):546 heard should be running: 1
Jun  8 17:49:38 SpringBoard(AXSpringBoardServerInstance)[34] <Notice>: Should heard run: 1
Jun  8 17:49:38 SpringBoard(HearingCore)[34] <Notice>: -[HCServer setupServerIfNecessary]:155 Not creating connection because there already is one
Jun  8 17:49:38 SpringBoard(HearingCore)[34] <Notice>: -[HCServer setupServerIfNecessary]:155 Not creating connection because there already is one
Jun  8 17:49:38 heard(HearingUtilities)[349] <Notice>: -[HUComfortSoundsController updateAnalytics]:260 Updating analytics {
    enabled = 0;
    sound = Stream;
}
Jun  8 17:49:38 corespeechd[15165] <Notice>: +[CSVoiceTriggerEnabledPolicyHelper fetchHypotheticalRouteType] hypothetical route = {
    AVAudioRouteName = Speaker;
    PortNumber = 164;
    RouteCurrentlyPicked = 1;
    RouteName = Speaker;
    RouteSupportsAudio = 1;
    RouteType = Default;
    RouteUID = Speaker;
    SoftwareVolumeEnabled = 0;
    SupportsSharePlay = 1;
}
Jun  8 17:49:38 corespeechd[15165] <Notice>: -[CSCommandControlStreamEventMonitor isStreaming] Fetching CommandControl Listening State: 0
Jun  8 17:49:38 corespeechd[15165] <Notice>: -[CSVoiceTriggerAOPModeEnabledPolicyIOS _addConditionsForIOSBargeIn]_block_invoke CommandControl Streaming = 0
Jun  8 17:49:38 heard(HearingUtilities)[349] <Notice>: void UserLevelHearingSetupAvailable(CFNotificationCenterRef, void *, CFStringRef, void *, CFDictionaryRef):124 User level setup available
Jun  8 17:49:38 heard(HearingUtilities)[349] <Notice>: -[HUComfortSoundsController clearActiveRoute]:438 The temporary airpods disconnect mode is - 0
Jun  8 17:49:38 heard(HearingUtilities)[349] <Notice>: -[HUComfortSoundsController clearActiveRoute]:453 Clearing route now
Jun  8 17:49:38 heard(HearingUtilities)[349] <Notice>: -[HUComfortSoundsController stopOnQueueAndClearRoute:]:1057 Stopping engine
Jun  8 17:49:38 corespeechd[15165] <Notice>: -[CSVoiceTriggerAOPModeEnabledPolicyIOS _isSpeechDetectionDevicePresent] Speech Detection VAD is not available, we will still running in AOP mode
Jun  8 17:49:38 corespeechd[15165] <Notice>: -[CSVoiceTriggerAOPModeEnabledPolicyIOS _addConditionsForIOSBargeIn]_block_invoke VAD is not present or Hearst routed without phone call
Jun  8 17:49:38 heard(HearingUtilities)[349] <Notice>: -[AXHeardController handleMessage:forIdentifier:]:802 4 - <HCXPCMessage: 0x8cca26d30> [1 | {
    "ax_hearing_should_register_client_key" = 1;
}] {(null)} - Client: <HCXPCClient: 0x8ccb37910> [34]
Jun  8 17:49:38 corespeechd[15165] <Notice>: -[CSVoiceTriggerAOPModeEnabledPolicyIOS _isSpeechDetectionDevicePresent] Speech Detection VAD is not available, we will still running in AOP mode
Jun  8 17:49:38 heard(HearingCore)[349] <Notice>: -[HCXPCClient sendMessage:errorBlock:]_block_invoke:94 Not sending 0, 1, 1 = Error Domain=AXCoreUtilitiesXPCError Code=0 "No XPC dictionary" UserInfo={NSLocalizedDescription=No XPC dictionary} ==== <HCXPCMessage: 0x8cca66720> [1 | (null)] {(null)} - Client: <HCXPCClient: 0x8ccb37910> [34]
Jun  8 17:49:38 heard(HearingUtilities)[349] <Notice>: -[AXHeardController sendMessage:withError:]_block_invoke:729 Error: Error Domain=AXCoreUtilitiesXPCError Code=0 "No XPC dictionary" UserInfo={NSLocalizedDescription=No XPC dictionary}
Jun  8 17:49:38 SpringBoard(ControlCenterServices)[34] <Notice>: Getting enabled state of module with identifier 'com.apple.accessibility.controlcenter.hearingdevices'
Jun  8 17:49:38 corespeechd[15165] <Notice>: -[CSVoiceTriggerAOPModeEnabledPolicyIOS _addConditionsForIOSBargeIn]_block_invoke VAD is not present or Hearst routed without phone call
Jun  8 17:49:38 corespeechd[15165] <Notice>: -[CSVoiceTriggerAOPModeEnabledPolicyIOS _addConditionsForIOSBargeIn]_block_invoke AOP Listening is disabled
Jun  8 17:49:38 corespeechd[15165] <Notice>: -[CSVoiceTriggerAOPModeEnabledPolicyIOS _isSpeechDetectionDevicePresent] Speech Detection VAD is not available, we will still running in AOP mode
Jun  8 17:49:38 corespeechd[15165] <Notice>: -[CSVoiceTriggerAOPModeEnabledPolicyIOS _addConditionsForIOSBargeIn]_block_invoke VAD is not present or Hearst routed without phone call
Jun  8 17:49:38 corespeechd[15165] <Notice>: -[CSVoiceTriggerAOPModeEnabledPolicyIOS _isSpeechDetectionDevicePresent] Speech Detection VAD is not available, we will still running in AOP mode
Jun  8 17:49:38 heard(HearingUtilities)[349] <Notice>: -[AXHeardController updateHearingControlCenterModule]_block_invoke:236 Hearing aid control status: 3
Jun  8 17:49:38 corespeechd[15165] <Notice>: -[CSVoiceTriggerAOPModeEnabledPolicyIOS _addConditionsForIOSBargeIn]_block_invoke VAD is not present or Hearst routed without phone call
Jun  8 17:49:38 corespeechd[15165] <Notice>: -[CSBuiltInVoiceTrigger start]_block_invoke_2 VoiceTrigger AOP mode start policy changed : RUNNING
Jun  8 17:49:38 heard(HearingUtilities)[349] <Notice>: -[AXHeardController handleMessage:forIdentifier:]:802 65536 - <HCXPCMessage: 0x8cca11a70> [1 | {
    "ax_hearing_should_register_client_key" = 1;
}] {(null)} - Client: <HCXPCClient: 0x8ccb37910> [34]
Jun  8 17:49:38 corespeechd[15165] <Notice>: +[CSVoiceTriggerEnabledPolicyHelper fetchHypotheticalRouteType] hypothetical route = {
    AVAudioRouteName = Speaker;
    PortNumber = 164;
    RouteCurrentlyPicked = 1;
    RouteName = Speaker;
    RouteSupportsAudio = 1;
    RouteType = Default;
    RouteUID = Speaker;
    SoftwareVolumeEnabled = 0;
    SupportsSharePlay = 1;
}
Jun  8 17:49:38 heard(HearingUtilities)[349] <Notice>: -[AXHeardController countOfClientsListeningForIdentifier:]:775 Found clients 65536 = (
    "<HCXPCClient: 0x8ccb37910> [34]"
)
Jun  8 17:49:38 heard(HearingUtilities)[349] <Notice>: -[AXHeardController boostPriority:]:831 Setting boost <HCXPCMessage: 0x8cca11a70> [1 | {
    "ax_hearing_should_register_client_key" = 1;
}] {(null)} - Client: <HCXPCClient: 0x8ccb37910> [34]
Jun  8 17:49:38 corespeechd[15165] <Notice>: +[CSVoiceTriggerEnabledPolicyHelper fetchHypotheticalRouteType] hypothetical route = {
    AVAudioRouteName = Speaker;
    PortNumber = 164;
    RouteCurrentlyPicked = 1;
    RouteName = Speaker;
    RouteSupportsAudio = 1;
    RouteType = Default;
    RouteUID = Speaker;
    SoftwareVolumeEnabled = 0;
    SupportsSharePlay = 1;
}
Jun  8 17:49:38 corespeechd[15165] <Notice>: -[CSCommandControlStreamEventMonitor isStreaming] Fetching CommandControl Listening State: 0
Jun  8 17:49:38 corespeechd[15165] <Notice>: -[CSVoiceTriggerAOPModeEnabledPolicyIOS _addConditionsForIOSBargeIn]_block_invoke CommandControl Streaming = 0
Jun  8 17:49:38 corespeechd[15165] <Notice>: -[CSVoiceTriggerAOPModeEnabledPolicyIOS _isSpeechDetectionDevicePresent] Speech Detection VAD is not available, we will still running in AOP mode
Jun  8 17:49:38 corespeechd[15165] <Notice>: -[CSVoiceTriggerAOPModeEnabledPolicyIOS _addConditionsForIOSBargeIn]_block_invoke VAD is not present or Hearst routed without phone call
Jun  8 17:49:38 corespeechd[15165] <Notice>: -[CSVoiceTriggerAOPModeEnabledPolicyIOS _isSpeechDetectionDevicePresent] Speech Detection VAD is not available, we will still running in AOP mode
Jun  8 17:49:38 corespeechd[15165] <Notice>: -[CSVoiceTriggerAOPModeEnabledPolicyIOS _addConditionsForIOSBargeIn]_block_invoke VAD is not present or Hearst routed without phone call
Jun  8 17:49:38 corespeechd[15165] <Notice>: -[CSVoiceTriggerAOPModeEnabledPolicyIOS _addConditionsForIOSBargeIn]_block_invoke AOP Listening is disabled
Jun  8 17:49:38 corespeechd[15165] <Notice>: -[CSVoiceTriggerAOPModeEnabledPolicyIOS _isSpeechDetectionDevicePresent] Speech Detection VAD is not available, we will still running in AOP mode
Jun  8 17:49:38 corespeechd[15165] <Notice>: -[CSVoiceTriggerAOPModeEnabledPolicyIOS _addConditionsForIOSBargeIn]_block_invoke VAD is not present or Hearst routed without phone call
Jun  8 17:49:38 corespeechd[15165] <Notice>: -[CSVoiceTriggerAOPModeEnabledPolicyIOS _isSpeechDetectionDevicePresent] Speech Detection VAD is not available, we will still running in AOP mode
Jun  8 17:49:38 corespeechd[15165] <Notice>: -[CSVoiceTriggerAOPModeEnabledPolicyIOS _addConditionsForIOSBargeIn]_block_invoke VAD is not present or Hearst routed without phone call
Jun  8 17:49:38 corespeechd[15165] <Notice>: -[CSBuiltInVoiceTrigger start]_block_invoke_2 VoiceTrigger AOP mode start policy changed : RUNNING
Jun  8 17:49:38 SpringBoard(BatteryCenter)[34] <Notice>: (<_BCPowerSourceController: 0x2805b3100>) Got a list of 2 sources
Jun  8 17:49:38 SpringBoard(BatteryCenter)[34] <Notice>: (<_BCPowerSourceController: 0x2805b3100>) Found 2 power sources
Jun  8 17:49:38 SpringBoard(BatteryCenter)[34] <Notice>: (<_BCPowerSourceController: 0x2805b3100>) Found power source: {
    "Battery Provides Time Remaining" = 1;
    "Current Capacity" = 83;
    "Is Charged" = 0;
    "Is Charging" = 0;
    "Is Present" = 1;
    "LPM Active" = 0;
    "Max Capacity" = 100;
    Name = "InternalBattery-0";
    "Optimized Battery Charging Engaged" = 0;
    "Play Charging Chime" = 1;
    "Power Source ID" = 3145827;
    "Power Source State" = "AC Power";
    "Raw External Connected" = 1;
    "Show Charging UI" = 1;
    "Time to Empty" = 0;
    "Time to Full Charge" = 0;
    "Transport Type" = Internal;
    Type = InternalBattery;
}
Jun  8 17:49:38 SpringBoard(BatteryCenter)[34] <Notice>: (<_BCPowerSourceController: 0x2805b3100>) Found device: <BCBatteryDevice: 0x2831f6780; vendor = Apple; productIdentifier = 0; parts = (null); identifier = 3145827; matchIdentifier = (null); name = iPhone12PE; groupName =InternalBattery-0; percentCharge = 83; lowBattery = NO; lowPowerModeActive = NO; connected = YES; charging = YES; internal = YES; powerSource = YES; poweredSoureState = AC Power; transportType = Internal; accessoryIdentifier = (null); accessoryCategory = Unknown; modelNumber = (null); >
Jun  8 17:49:38 SpringBoard(BatteryCenter)[34] <Notice>: (<_BCPowerSourceController: 0x2805b3100>) Found power source: {
    "Accessory Category" = Watch;
    "Accessory Identifier" = "AD534757-B960-2372-5C80-3BA9F9A580E4";
    AdapterDetails =     {
        SharedSource = 0;
    };
    "Current Capacity" = 90;
    "Is Charged" = 0;
    "Is Charging" = 0;
    "LPM Active" = 0;
    "Low Warn Level" = 1000;
    "Max Capacity" = 100;
    Name = "Bikee\134U2019s Apple\134U00a0Watch";
    "Power Source ID" = 4855653;
    "Power Source State" = "Battery Power";
    Temperature = 0;
    "Transport Type" = Bluetooth;
    Type = "Accessory Source";
    "Vendor ID" = 76;
}
Jun  8 17:49:38 SpringBoard(BatteryCenter)[34] <Notice>: (<_BCPowerSourceController: 0x2805b3100>) Found device: <BCBatteryDevice: 0x2831a4100; vendor = Apple; productIdentifier = 0; parts = (null); identifier = 4855653; matchIdentifier = (null); name = Bikee\M-b\M^@\M^Ys Apple\M-B\240Watch; groupName =Bikee\M-b\M^@\M^Ys Apple\M-B\240Watch; percentCharge = 90; lowBattery = NO; lowPowerModeActive = NO; connected = YES; charging = NO; internal = NO; powerSource = NO; poweredSoureState = Battery Power; transportType = Bluetooth; accessoryIdentifier = AD534757-B960-2372-5C80-3BA9F9A580E4; accessoryCategory = Watch; modelNumber = (null); >
Jun  8 17:49:38 CommCenter(libATCommandStudioDynamic.dylib)[102] <Notice>: QMI: Svc=0xe4(AWD) Ind MsgId=0x1012 Bin=[<private>]
Jun  8 17:49:38 CommCenter(libATCommandStudioDynamic.dylib)[102] <Notice>: QMI: Svc=0xe4(AWD) Ind MsgId=0x1012 Bin=[<private>]
Jun  8 17:49:38 CommCenter(libBasebandManager.dylib)[102] <Notice>: #I Received trigger 0xc763b
Jun  8 17:49:38 CommCenter(libATCommandStudioDynamic.dylib)[102] <Notice>: QMI: Svc=0xe4(AWD) Ind MsgId=0x1010 Bin=[<private>]
Jun  8 17:49:38 CommCenter(libATCommandStudioDynamic.dylib)[102] <Notice>: QMI: Svc=0xe4(AWD) Ind MsgId=0x1010 Bin=[<private>]
Jun  8 17:49:38 CommCenter(libBasebandManager.dylib)[102] <Notice>: #I Received segment 32768 of metric 0xc763b
Jun  8 17:49:38 CommCenter(libBasebandManager.dylib)[102] <Notice>: #I Sending <private> to <private> at 1686226778290
Jun  8 17:49:38 CommCenter(libATCommandStudioDynamic.dylib)[102] <Notice>: QMI: Svc=0xe4(AWD) Ind MsgId=0x1011 Bin=[<private>]
Jun  8 17:49:38 CommCenter(libATCommandStudioDynamic.dylib)[102] <Notice>: QMI: Svc=0xe4(AWD) Ind MsgId=0x1011 Bin=[<private>]
Jun  8 17:49:38 CommCenter(libATCommandStudioDynamic.dylib)[102] <Notice>: QMI: Svc=0xe4(AWD) Ind MsgId=0x1013 Bin=[<private>]
Jun  8 17:49:38 CommCenter(libATCommandStudioDynamic.dylib)[102] <Notice>: QMI: Svc=0xe4(AWD) Ind MsgId=0x1013 Bin=[<private>]
Jun  8 17:49:38 kernel()[0] <Notice>: wlan0:com.apple.p2p: isInfraRealtimePacketThresholdAllowed allowed:0 option:0 threshold:50 noRegistrations:1 cachedPeerCount:0 fastDiscoveryInactive:1 fastDiscoveryOnSince:430393904
Jun  8 17:49:38 identityservicesd[64] <Notice>: calling continuityDidDiscoverType:Activity withData:<private> fromPeer:<private>
Jun  8 17:49:38 CommCenter(libATCommandStudioDynamic.dylib)[102] <Notice>: #I qmux: <private>
Jun  8 17:49:38 CommCenter(libATCommandStudioDynamic.dylib)[102] <Notice>: QMI: Svc=0xe2(BSP) Req MsgId=0xe002 Bin=[<private>]
Jun  8 17:49:38 CommCenter(libATCommandStudioDynamic.dylib)[102] <Notice>: QMI: Svc=0xe2(BSP) Resp MsgId=0xe002 Bin=[<private>]
Jun  8 17:49:38 WirelessRadioManagerd[50] <Notice>: <private>
Jun  8 17:49:38 locationd[26469] <Notice>: Toggle stairs escalation, enable : <private>
Jun  8 17:49:38 locationd[26469] <Notice>: os_transaction created: (<private>) <private>
Jun  8 17:49:38 locationd[26469] <Notice>: os_transaction released: (<private>) <private>
Jun  8 17:49:39 CommCenter(libATCommandStudioDynamic.dylib)[102] <Notice>: QMI: Svc=0x03(NAS) Ind MsgId=0x5571 Bin=[<private>]
Jun  8 17:49:39 CommCenter(libATCommandStudioDynamic.dylib)[102] <Notice>: QMI: Svc=0x03(NAS) Ind MsgId=0x5571 Bin=[<private>]
Jun  8 17:49:39 CommCenter(libATCommandStudioDynamic.dylib)[102] <Notice>: QMI: Svc=0x03(NAS) Ind MsgId=0x0051 Sim=1 Bin=['01 48 00 80 03 02 04 69 6D 51 00 3C 00 14 06 00 CA F6 AC FF 36 00 17 04 00 00 80 00 80 18 02 00 00 80 A2 01 00 32 A4 20 00 02 64 00 01 00 00 00 00 00 00 00 00 00 00 00 00 7F 00 00 00 AC FF FF FF 00 00 00 00 00 00 00 00']
Jun  8 17:49:39 CommCenter[102] <Notice>: #I   --------------> kCTEventVoiceLinkQualityUpdate (135) sent to 0 (of 130) clients.
Jun  8 17:49:39 CommCenter[102] <Notice>: Sent notification to 1 (of 58) clients: <private>
Jun  8 17:49:39 CommCenter(libATCommandStudioDynamic.dylib)[102] <Notice>: QMI: Svc=0x03(NAS) Ind MsgId=0x0051 Bin=['01 48 00 80 03 14 04 C6 3F 51 00 3C 00 14 06 00 CA F6 AC FF 36 00 17 04 00 00 80 00 80 18 02 00 00 80 A2 01 00 32 A4 20 00 02 64 00 01 00 00 00 00 00 00 00 00 00 00 00 00 7F 00 00 00 AC FF FF FF 00 00 00 00 00 00 00 00']
Jun  8 17:49:39 CommCenter(libATCommandStudioDynamic.dylib)[102] <Notice>: QMI: Svc=0x03(NAS) Ind MsgId=0x5571 Bin=[<private>]
Jun  8 17:49:39 CommCenter(libATCommandStudioDynamic.dylib)[102] <Notice>: QMI: Svc=0x03(NAS) Ind MsgId=0x5571 Bin=[<private>]
Jun  8 17:49:39 CommCenter(libATCommandStudioDynamic.dylib)[102] <Notice>: QMI: Svc=0x03(NAS) Ind MsgId=0x0051 Sim=2 Bin=['01 48 00 80 03 01 04 F9 25 51 00 3C 00 14 06 00 CA F6 AC FF 36 00 17 04 00 00 80 00 80 18 02 00 00 80 A2 01 00 32 A4 20 00 02 64 00 01 56 00 00 00 36 02 00 00 00 00 00 00 7F 00 00 00 AC FF FF FF EC 20 00 00 00 00 00 00']
Jun  8 17:49:39 CommCenter[102] <Notice>: Sent notification to 1 (of 58) clients: <private>
Jun  8 17:49:39 WirelessRadioManagerd[50] <Notice>: <private>
Jun  8 17:49:39 identityservicesd[64] <Notice>: calling continuityDidDiscoverType:Activity withData:<private> fromPeer:<private>
Jun  8 17:49:39 contextstored(HumanUnderstandingFoundation)[25503] <Notice>: Finished writing ambient light values to the biome stream
Jun  8 17:49:39 CommCenter(libATCommandStudioDynamic.dylib)[102] <Notice>: QMI: Svc=0x2a(DSD) Ind MsgId=0x5551 Bin=[<private>]
Jun  8 17:49:39 kernel()[0] <Notice>: wlan0:com.apple.p2p: isInfraRealtimePacketThresholdAllowed allowed:0 option:0 threshold:50 noRegistrations:1 cachedPeerCount:0 fastDiscoveryInactive:1 fastDiscoveryOnSince:430394933
Jun  8 17:49:39 WirelessRadioManagerd[50] <Notice>: <private>
Jun  8 17:49:39 locationd[26469] <Notice>: {"msg":"onAvengerAdvertisementDetected: got avenger advertisement", "subHarvester":"Avenger"}
Jun  8 17:49:39 locationd[26469] <Notice>: {"msg":"convertToSPAdvertisement", "address":<private>, "data":<private>, "date":<private>, "rssi":<private>, "status":<private>, "reserved":<private>, "subHarvester":"Avenger"}
Jun  8 17:49:39 locationd[26469] <Notice>: {"msg":"derivedPruneHarvest", "cacheSize":1, "beaconPayloadCacheSize":0, "subHarvester":"Avenger"}
Jun  8 17:49:39 locationd[26469] <Notice>: {"msg":"geotagSingleAdvertisement: advertisement within valid time window for location", "timeOffset":"-32.592933", "fCurrentTimeOffsetThreshold":"45.000000", "subHarvester":"Avenger"}
Jun  8 17:49:39 locationd[26469] <Notice>: {"msg":"prepareAdvertisementsForSPFinder", "avengerPublicKey":"56c6a87869ec", "subHarvester":"Avenger"}
Jun  8 17:49:39 locationd(TrackingAvoidance)[26469] <Notice>: <private>
Jun  8 17:49:39 locationd(SPFinder)[26469] <Notice>: saveBeaconPayload: 1
Jun  8 17:49:39 locationd[26469] <Notice>: {"msg":"processAdvertisementCache: completed process", "Remaining fAdvertisementCache.count":0, "fBeaconPayloadCache.count":1, "subHarvester":"Avenger"}
Jun  8 17:49:39 locationd(SPFinder)[26469] <Notice>: saveBeaconPayload: 1
Jun  8 17:49:39 locationd[26469] <Notice>: os_transaction released: (<private>) <private>
Jun  8 17:49:39 searchpartyd[27484] <Notice>: Publishing 1 advertisements to subscribers.
Jun  8 17:49:39 searchpartyd[27484] <Notice>: Publishing 1 advertisements to subscribers.
Jun  8 17:49:39 searchpartyd[27484] <Notice>: Skipping saving payload for near-owner self-beacon: <mask.hash: 'AR2aFjXMURkLuQychbmKDA=='>.
Jun  8 17:49:39 searchpartyd[27484] <Notice>: Skipping saving payload for near-owner self-beacon: <mask.hash: 'AR2aFjXMURkLuQychbmKDA=='>.
Jun  8 17:49:39 searchpartyd(libsqlite3.dylib)[27484] <Notice>: automatic index on KeyGenerationBeaconKeys(beaconIdentifier)
Jun  8 17:49:39 searchpartyd(libsqlite3.dylib)[27484] <Notice>: automatic index on KeyGenerationBeaconKeys(beaconIdentifier)
Jun  8 17:49:40 audioclocksyncd[123] <Notice>: ==========================================
Jun  8 17:49:40 audioclocksyncd[123] <Notice>: Clock Statistics for 0xeca907dfe1d50001
Jun  8 17:49:40 audioclocksyncd[123] <Notice>:     Clock lock state: Locked
Jun  8 17:49:40 audioclocksyncd[123] <Notice>:     Mach Rate Ratio: 125/3 (41.666666666667)
Jun  8 17:49:40 audioclocksyncd[123] <Notice>:     Mach Anchors: 0, 0
Jun  8 17:49:40 audioclocksyncd[123] <Notice>:     TimeSync Rate Ratio: 1/1 (1.000000000000)
Jun  8 17:49:40 audioclocksyncd[123] <Notice>:     TimeSync Anchors: 0, 0
Jun  8 17:49:40 audioclocksyncd[123] <Notice>: PTP Clock Statistics for 0xeca907dfe1d50008
Jun  8 17:49:40 audioclocksyncd[123] <Notice>:     Grandmaster Identity: 0xeca907dfe1d50008
Jun  8 17:49:40 audioclocksyncd[123] <Notice>:     Clock lock state: Locked
Jun  8 17:49:40 audioclocksyncd[123] <Notice>:     Mach Rate Ratio: 125/3 (41.666666666667)
Jun  8 17:49:40 audioclocksyncd[123] <Notice>:     Mach Anchors: 10329487672735, 430395319697333
Jun  8 17:49:40 audioclocksyncd[123] <Notice>:     Mach Sync Identity: 0xeca907dfe1d50008.0
Jun  8 17:49:40 audioclocksyncd[123] <Notice>:     TimeSync Rate Ratio: 2199023255552/2199023255552 (1.000000000000)
Jun  8 17:49:40 audioclocksyncd[123] <Notice>:     TimeSync Anchors: 430395319697333, 430395319697333
Jun  8 17:49:40 audioclocksyncd[123] <Notice>:     TimeSync Sync Identity: 0xeca907dfe1d50008.0
Jun  8 17:49:40 kernel()[0] <Notice>: wlan0:com.apple.p2p: isInfraRealtimePacketThresholdAllowed allowed:0 option:0 threshold:50 noRegistrations:1 cachedPeerCount:0 fastDiscoveryInactive:1 fastDiscoveryOnSince:430395958
Jun  8 17:49:40 wifid(WiFiPolicy)[53] <Notice>: WiFiManagerHelperInsertWiFiServiceToNetworkSetsIfNotPresent: examining <Automatic> network set AE3B586B-9AFE-4FD7-B35D-B83821CEC632 for a network service matching BSD name en0 and interface type IEEE80211
Jun  8 17:49:40 wifid(WiFiPolicy)[53] <Error>: WiFiManagerHelperInsertWiFiServiceToNetworkSetsIfNotPresent: FOUND network service DAB4F7F0-7727-4B0D-A278-F417F51761C9 with matching BSD name en0 and interface type IEEE80211
Jun  8 17:49:40 wifid(WiFiPolicy)[53] <Notice>: WiFiManagerHelperInsertWiFiServiceToNetworkSetsIfNotPresent: no changes committed, prefs successfully unlocked
Jun  8 17:49:40 wifid(WiFiPolicy)[53] <Notice>: -[WiFiUserInteractionMonitor runPeriodicTasks]: cellular data did 0 bytes (0 packets) over 5.026 seconds
Jun  8 17:49:40 wifid(WiFiPolicy)[53] <Notice>: -[WiFiUserInteractionMonitor runPeriodicTasks]: WiFi data did 172 bytes (2 packets) over 5.026 seconds
Jun  8 17:49:40 WirelessRadioManagerd[50] <Notice>: <private>
Jun  8 17:49:40 CommCenter(libATCommandStudioDynamic.dylib)[102] <Notice>: #I qmux: <private>
Jun  8 17:49:40 CommCenter(libATCommandStudioDynamic.dylib)[102] <Notice>: QMI: Svc=0xe2(BSP) Req MsgId=0xe002 Bin=[<private>]
Jun  8 17:49:40 CommCenter(libATCommandStudioDynamic.dylib)[102] <Notice>: QMI: Svc=0xe2(BSP) Resp MsgId=0xe002 Bin=[<private>]
Jun  8 17:49:41 identityservicesd[64] <Notice>: calling continuityDidDiscoverType:Activity withData:<private> fromPeer:<private>
Jun  8 17:49:41 sharingd(CoreUtils)[74] <Notice>: NearbyInfo Linger advertise stop: UserActive
Jun  8 17:49:41 sharingd(CoreUtils)[74] <Notice>: NearbyInfo: Starting scan: blob <>/<>, devices 5, rate Normal, RSSI -60, dups no, cache no, tracked 0, useCases <SharingDefault>, force yes, stop yes
Jun  8 17:49:41 sharingd(WirelessProximity)[74] <Notice>: Nearby stop scanning: scan request of type 16, blob: {length = 0, bytes = 0x}, mask {length = 0, bytes = 0x}, active: 0, duplicates: 0, screen on: No Scan, screen off: No Scan, locked: 1,  rssi: -90, peers: (
) nearby scan mode: 10, advbuf: 0, priority critical: 0, range: 0, retain duplicates: 0, usecases:
Jun  8 17:49:41 sharingd(WirelessProximity)[74] <Notice>: Nearby start scanning with data: scan request of type 16, blob: {length = 0, bytes = 0x}, mask {length = 0, bytes = 0x}, active: 0, duplicates: 0, screen on: 300, screen off: 300, locked: 1,  rssi: -60, peers: (
    "0212EF76-50A6-615C-6E88-75A06C9CCF2C",
    "AD534757-B960-2372-5C80-3BA9F9A580E4",
    "2573D1BD-5C3B-8BDF-3EC4-95B80C2C3447",
    "F69B3665-9287-63B1-62FD-B97932006560",
    "A1985E7D-A64D-A513-A4D1-725071906517"
) nearby scan mode: 10, advbuf: 0, priority critical: 0, range: 0, retain duplicates: 0, usecases: SharingDefault
Jun  8 17:49:41 bluetoothd(WPDaemon)[16152] <Notice>: Stop scanning for process sharingd (74) with scan request of type 16, blob: {length = 0, bytes = 0x}, mask {length = 0, bytes = 0x}, active: 0, duplicates: 0, screen on: No Scan, screen off: No Scan, locked: 1,  rssi: -90, peers: (
) nearby scan mode: 10, advbuf: 0, priority critical: 0, range: 0, retain duplicates: 0, usecases:
Jun  8 17:49:41 bluetoothd(WPDaemon)[16152] <Notice>: Removing scan request scan request of type 16, blob: {length = 0, bytes = 0x}, mask {length = 0, bytes = 0x}, active: 0, duplicates: 0, screen on: No Scan, screen off: No Scan, locked: 1,  rssi: -90, peers: (
) nearby scan mode: 10, advbuf: 0, priority critical: 0, range: 0, retain duplicates: 0, usecases:  for client 5518CA34-912F-403E-83EA-972E78C68395
Jun  8 17:49:41 bluetoothd(WPDaemon)[16152] <Notice>: Passively scanning for devices of types: 4 5 7 12 15 (Window: 30/Interval: 300)
Jun  8 17:49:41 bluetoothd(WPDaemon)[16152] <Notice>: About to scan for type: 4 - rssi: -40 - range: 0 - payload: {length = 22, bytes = 0x00000000000000000000000000000000000000000000} - mask: {length = 22, bytes = 0xff000000000000000000000000000000000000000000} - peers: 0, bundleID: (null)
Jun  8 17:49:41 bluetoothd(WPDaemon)[16152] <Notice>: About to scan for type: 12 - rssi: -90 - range: 0 - payload: {length = 22, bytes = 0x00000000000000000000000000000000000000000000} - mask: {length = 22, bytes = 0x00000000000000000000000000000000000000000000} - peers: 5, bundleID: <private>
Jun  8 17:49:41 bluetoothd(WPDaemon)[16152] <Notice>: About to scan for type: 5 - rssi: -80 - range: 0 - payload: {length = 22, bytes = 0x00000000000000000000000000000000000000000000} - mask: {length = 22, bytes = 0x00000000000000000000000000000000000000000000} - peers: 0, bundleID: <private>
Jun  8 17:49:41 bluetoothd(WPDaemon)[16152] <Notice>: About to scan for type: 15 - rssi: -70 - range: 1 - payload: {length = 22, bytes = 0x00000000000000000000000000000000000000000000} - mask: {length = 22, bytes = 0x00000000000000000000000000000000000000000000} - peers: 0, bundleID: <private>
Jun  8 17:49:41 bluetoothd(WPDaemon)[16152] <Notice>: About to scan for type: 7 - rssi: -60 - range: 0 - payload: {length = 22, bytes = 0x00000000000000000000000000000000000000000000} - mask: {length = 22, bytes = 0x00000000000000000000000000000000000000000000} - peers: 0, bundleID: <private>
Jun  8 17:49:41 bluetoothd(WPDaemon)[16152] <Notice>: Scan options changed: 1
Jun  8 17:49:41 bluetoothd[16152] <Notice>: Received XPC message "CBMsgIdStopScan" from session "com.apple.bluetoothd-central-16152-37"
Jun  8 17:49:41 bluetoothd(WPDaemon)[16152] <Notice>: Start scanning for process sharingd (74) with scan request of type 16, blob: {length = 0, bytes = 0x}, mask {length = 0, bytes = 0x}, active: 0, duplicates: 0, screen on: 300, screen off: 300, locked: 1,  rssi: -60, peers: (
    "0212EF76-50A6-615C-6E88-75A06C9CCF2C",
    "AD534757-B960-2372-5C80-3BA9F9A580E4",
    "2573D1BD-5C3B-8BDF-3EC4-95B80C2C3447",
    "F69B3665-9287-63B1-62FD-B97932006560",
    "A1985E7D-A64D-A513-A4D1-725071906517"
) nearby scan mode: 10, advbuf: 0, priority critical: 0, range: 0, retain duplicates: 0, usecases: SharingDefault
Jun  8 17:49:41 bluetoothd(WPDaemon)[16152] <Notice>: Adding scan request called
Jun  8 17:49:41 bluetoothd(WPDaemon)[16152] <Notice>: Adding scan request scan request of type 16, blob: {length = 22, bytes = 0x00000000000000000000000000000000000000000000}, mask {length = 22, bytes = 0x00000000000000000000000000000000000000000000}, active: 0, duplicates: 0, screen on: 300, screen off: 300, locked: 1,  rssi: -60, peers: (
    "0212EF76-50A6-615C-6E88-75A06C9CCF2C",
    "AD534757-B960-2372-5C80-3BA9F9A580E4",
    "2573D1BD-5C3B-8BDF-3EC4-95B80C2C3447",
    "F69B3665-9287-63B1-62FD-B97932006560",
    "A1985E7D-A64D-A513-A4D1-725071906517"
) nearby scan mode: 10, advbuf: 0, priority critical: 0, range: 0, retain duplicates: 0, usecases: SharingDefault  for client 5518CA34-912F-403E-83EA-972E78C68395
Jun  8 17:49:41 bluetoothd(WPDaemon)[16152] <Notice>: Passively scanning for devices of types: 4 5 7 12 15 16 (Window: 30/Interval: 300)
Jun  8 17:49:41 bluetoothd(WPDaemon)[16152] <Notice>: About to scan for type: 4 - rssi: -40 - range: 0 - payload: {length = 22, bytes = 0x00000000000000000000000000000000000000000000} - mask: {length = 22, bytes = 0xff000000000000000000000000000000000000000000} - peers: 0, bundleID: (null)
Jun  8 17:49:41 bluetoothd(WPDaemon)[16152] <Notice>: About to scan for type: 12 - rssi: -90 - range: 0 - payload: {length = 22, bytes = 0x00000000000000000000000000000000000000000000} - mask: {length = 22, bytes = 0x00000000000000000000000000000000000000000000} - peers: 5, bundleID: <private>
Jun  8 17:49:41 bluetoothd(WPDaemon)[16152] <Notice>: About to scan for type: 5 - rssi: -80 - range: 0 - payload: {length = 22, bytes = 0x00000000000000000000000000000000000000000000} - mask: {length = 22, bytes = 0x00000000000000000000000000000000000000000000} - peers: 0, bundleID: <private>
Jun  8 17:49:41 bluetoothd(WPDaemon)[16152] <Notice>: About to scan for type: 15 - rssi: -70 - range: 1 - payload: {length = 22, bytes = 0x00000000000000000000000000000000000000000000} - mask: {length = 22, bytes = 0x00000000000000000000000000000000000000000000} - peers: 0, bundleID: <private>
Jun  8 17:49:41 bluetoothd(WPDaemon)[16152] <Notice>: About to scan for type: 16 - rssi: -60 - range: 0 - payload: {length = 22, bytes = 0x00000000000000000000000000000000000000000000} - mask: {length = 22, bytes = 0x00000000000000000000000000000000000000000000} - peers: 5, bundleID: <private>
Jun  8 17:49:41 bluetoothd(WPDaemon)[16152] <Notice>: About to scan for type: 7 - rssi: -60 - range: 0 - payload: {length = 22, bytes = 0x00000000000000000000000000000000000000000000} - mask: {length = 22, bytes = 0x00000000000000000000000000000000000000000000} - peers: 0, bundleID: <private>
Jun  8 17:49:41 bluetoothd(WPDaemon)[16152] <Notice>: Scan options changed: 1
Jun  8 17:49:41 bluetoothd[16152] <Notice>: BT Stats for metric '<private>' sent to CoreAnalytics with result 1
Jun  8 17:49:41 bluetoothd[16152] <Notice>: BT Stats for metric '<private>' sent to CoreAnalytics with result 1
Jun  8 17:49:41 bluetoothd[16152] <Notice>: BT Stats for metric '<private>' sent to CoreAnalytics with result 1
Jun  8 17:49:41 watchdogd[62] <Notice>: 430396406820583: <private>
Jun  8 17:49:41 watchdogd[62] <Notice>: 430396406838333: <private>
Jun  8 17:49:41 watchdogd[62] <Notice>: 430396407317041: <private>
Jun  8 17:49:41 bluetoothd[16152] <Notice>: Received 'stop scan' request from session "com.apple.bluetoothd-central-16152-37" (Wiprox) updateScanParams:YES shouldUpdateState:YES
Jun  8 17:49:41 bluetoothd[16152] <Notice>: ShouldScan=1 AnyValidScanRequests=1 anyValidScanRequestInPaused=0 fObserverState=Active ClientScanPowerAssertRequired=0 fScanFiltersNeedUpdagint=1
Jun  8 17:49:41 watchdogd[62] <Notice>: 430396407322166: <private>
Jun  8 17:49:41 watchdogd[62] <Notice>: 430396407324375: <private>
Jun  8 17:49:41 bluetoothd[16152] <Notice>: updateADVBufferConfig current:03 new:03 configChanged:00
Jun  8 17:49:41 watchdogd[62] <Notice>: 430396407325708: <private>
Jun  8 17:49:41 watchdogd[62] <Notice>: 430396407326833: <private>
Jun  8 17:49:41 bluetoothd[16152] <Notice>: enableObjectDiscoveryADVBuffersIfNeeded objectDiscoveryHwAdvBufferOnly:1 fScreenState:1
Jun  8 17:49:41 watchdogd[62] <Notice>: 430396407328041: <private>
Jun  8 17:49:41 watchdogd[62] <Notice>: 430396407329125: <private>
Jun  8 17:49:41 bluetoothd[16152] <Notice>: updateAgentScanUseCaseEntry controllerSupportsScanRx:0 session:<private> usecase:FindMyOptedIn previous:<private> entry:<private>
Jun  8 17:49:41 bluetoothd[16152] <Notice>: bomEnabled:1 chipset:22 usecase:FindMyNotOptedIn fScreenState:1
Jun  8 17:49:41 bluetoothd[16152] <Notice>: updateAgentScanUseCaseEntry controllerSupportsScanRx:0 session:<private> usecase:FindMyNotOptedIn previous:<private> entry:<private>
Jun  8 17:49:41 bluetoothd[16152] <Notice>: bomEnabled:1 chipset:22 usecase:FindMyNotOptedInBeepOnMoveWaking fScreenState:1
Jun  8 17:49:41 bluetoothd[16152] <Notice>: updateAgentScanUseCaseEntry controllerSupportsScanRx:0 session:<private> usecase:FindMyNotOptedInBeepOnMoveWaking previous:<private> entry:<private>
Jun  8 17:49:41 watchdogd[62] <Notice>: 430396407330166: <private>
Jun  8 17:49:41 watchdogd[62] <Notice>: 430396407331208: <private>
Jun  8 17:49:41 bluetoothd[16152] <Notice>: bomEnabled:1 chipset:22 usecase:FindMyNotOptedIn fScreenState:1
Jun  8 17:49:41 bluetoothd[16152] <Notice>: updateAgentScanUseCaseEntry controllerSupportsScanRx:0 session:<private> usecase:FindMyNotOptedIn previous:<private> entry:<private>
Jun  8 17:49:41 bluetoothd[16152] <Notice>: ObjectDiscovery Client (com.apple.locationd-central-26469-1150) HWADVBufferIntervalMs:300.000000 HWADVBufferWindowMs:30.000000 _interval:300 _window:30 _active:0 specifiedParams:1
Jun  8 17:49:41 bluetoothd[16152] <Notice>: ObjectDiscovery Client (com.apple.locationd-central-26469-1091) HWADVBufferIntervalMs:300.000000 HWADVBufferWindowMs:30.000000 _interval:300 _window:30 _active:0 specifiedParams:1
Jun  8 17:49:41 bluetoothd[16152] <Notice>: ObjectDiscovery Client (com.apple.locationd-central-26469-1088) HWADVBufferIntervalMs:300.000000 HWADVBufferWindowMs:30.000000 _interval:300 _window:30 _active:0 specifiedParams:1
Jun  8 17:49:41 bluetoothd[16152] <Notice>: ObjectDiscovery Client (com.apple.locationd-central-26469-1365) HWADVBufferIntervalMs:300.000000 HWADVBufferWindowMs:30.000000 _interval:300 _window:30 _active:0 specifiedParams:1
Jun  8 17:49:41 bluetoothd[16152] <Notice>: ScanParams: numScanAgents 6, combined params AD:0 RD:0 AS:0 PHYS:1 MSL:4 (30/300) PSV:0 Rg:0 Cri:0 pBT:0 pWiFi:0 pCfg:0 type:0
Jun  8 17:49:41 bluetoothd[16152] <Notice>: ScanParams: [com.apple.locationd-central-26469-1150] AP:0 AD:1(0/0) AS:0 RAS:0 DMN:1 FG:0 ADVBF:1(30/300) Rg:0 Cri:0 pBT:0 pwrAsrt:0 CT:0 type:0 level:3|[com.apple.locationd-central-26469-1091] AP:0 AD:1(0/0) AS:0 RAS:0 DMN:1 FG:0 ADVBF:1(30/300) Rg:0 Cri:0 pBT:0 pwrAsrt:0 CT:0 type:0 level:3|[CBDaemon-0x55E80014] AP:0 AD:0(30/300) AS:0 RAS:0 DMN:1 FG:0 ADVBF:0(0/0) Rg:0 Cri:0 pBT:0 pwrAsrt:0 CT:0 type:0 level:1
Jun  8 17:49:41 bluetoothd[16152] <Notice>: ScanParams: [com.apple.sharingd-central-74-1422] AP:0 AD:0(30/300) AS:0 RAS:0 DMN:1 FG:0 ADVBF:0(0/0) Rg:0 Cri:0 pBT:0 pwrAsrt:0 CT:0 type:0 level:2|[com.apple.locationd-central-26469-1088] AP:0 AD:1(0/0) AS:0 RAS:0 DMN:1 FG:0 ADVBF:1(30/300) Rg:0 Cri:0 pBT:0 pwrAsrt:0 CT:0 type:0 level:3|[com.apple.locationd-central-26469-1365] AP:0 AD:1(0/0) AS:0 RAS:0 DMN:1 FG:0 ADVBF:1(30/300) Rg:0 Cri:0 pBT:0 pwrAsrt:0 CT:0 type:0 level:3
Jun  8 17:49:41 bluetoothd[16152] <Notice>: Returning scan parameters: Main:30.00ms/300.00ms LP:0.00ms/300.00ms(supported) SC:0.00ms/50.00ms/non-concurrent(supported) Dm:(m:30/300) Cond:0:1:0 Sc:1 (passive) Dupfilter:Enabled minScanLevel:4 HD:Yes MP:No Comp:No(50,1) Pri:0/0
Jun  8 17:49:41 bluetoothd[16152] <Notice>: needToRestart=1
Jun  8 17:49:41 bluetoothd[16152] <Notice>: stopTrackingForSession: com.apple.bluetoothd-central-16152-37 for tracking devices (null) from requests {
}
Jun  8 17:49:41 bluetoothd[16152] <Notice>: Now tracking {
} with devices {(
)}
Jun  8 17:49:41 bluetoothd[16152] <Notice>: Stopping scan for session "com.apple.bluetoothd" - 13 advertisements delivered
Jun  8 17:49:41 bluetoothd[16152] <Notice>: Received XPC message "CBMsgIdScan" from session "com.apple.bluetoothd-central-16152-37"
Jun  8 17:49:41 bluetoothd[16152] <Notice>: Setting client list to <private>
Jun  8 17:49:41 bluetoothd[16152] <Notice>: fShouldRetainDupsNextUpdate 0, screen? 1, retaindup? 0, EN scans? 0, created[EN]=0
Jun  8 17:49:41 bluetoothd[16152] <Notice>: EN is not active - new retain dups value 0
Jun  8 17:49:41 bluetoothd[16152] <Notice>: Creating a match table with handle 100 for type 15
Jun  8 17:49:41 bluetoothd[16152] <Notice>: Received 'start Unspecified scan' request  , with duplicates, duration:unlimited, all UUIDs on 1M PHY scan timing 30/300  scanLevel=1  ObjectLocatorResponse on type 15from session "com.apple.bluetoothd-central-16152-37"
Jun  8 17:49:41 bluetoothd[16152] <Notice>: Waiting for scan state to settle before updating scan
Jun  8 17:49:41 bluetoothd[16152] <Notice>: Received XPC message "CBMsgIdStopScan" from session "com.apple.bluetoothd-central-16152-37"
Jun  8 17:49:41 bluetoothd[16152] <Notice>: Scanning stopped successfully.  16 Advertising Events, 0 dropped pkts
Jun  8 17:49:41 bluetoothd[16152] <Notice>: Trying to remove scan filters with forceRemove=NO fHaveZoneFilters:NO fZoneScansHaveChanged:NO fHaveUUIDFilters:YES fHaveRuleFilters:YES
Jun  8 17:49:41 bluetoothd[16152] <Notice>: handleScanStoppedEvent state=Idle observerState=Active
Jun  8 17:49:41 bluetoothd[16152] <Notice>: ShouldScan=1 AnyValidScanRequests=1 anyValidScanRequestInPaused=0 fObserverState=Active ClientScanPowerAssertRequired=0 fScanFiltersNeedUpdagint=1
Jun  8 17:49:41 bluetoothd[16152] <Notice>: updateADVBufferConfig current:03 new:03 configChanged:00
Jun  8 17:49:41 bluetoothd[16152] <Notice>: enableObjectDiscoveryADVBuffersIfNeeded objectDiscoveryHwAdvBufferOnly:1 fScreenState:1
Jun  8 17:49:41 bluetoothd[16152] <Notice>: updateAgentScanUseCaseEntry controllerSupportsScanRx:0 session:<private> usecase:FindMyOptedIn previous:<private> entry:<private>
Jun  8 17:49:41 bluetoothd[16152] <Notice>: bomEnabled:1 chipset:22 usecase:FindMyNotOptedIn fScreenState:1
Jun  8 17:49:41 bluetoothd[16152] <Notice>: updateAgentScanUseCaseEntry controllerSupportsScanRx:0 session:<private> usecase:FindMyNotOptedIn previous:<private> entry:<private>
Jun  8 17:49:41 bluetoothd[16152] <Notice>: bomEnabled:1 chipset:22 usecase:FindMyNotOptedInBeepOnMoveWaking fScreenState:1
Jun  8 17:49:41 bluetoothd[16152] <Notice>: updateAgentScanUseCaseEntry controllerSupportsScanRx:0 session:<private> usecase:FindMyNotOptedInBeepOnMoveWaking previous:<private> entry:<private>
Jun  8 17:49:41 bluetoothd[16152] <Notice>: bomEnabled:1 chipset:22 usecase:FindMyNotOptedIn fScreenState:1
Jun  8 17:49:41 bluetoothd[16152] <Notice>: updateAgentScanUseCaseEntry controllerSupportsScanRx:0 session:<private> usecase:FindMyNotOptedIn previous:<private> entry:<private>
Jun  8 17:49:41 bluetoothd[16152] <Notice>: ObjectDiscovery Client (com.apple.locationd-central-26469-1150) HWADVBufferIntervalMs:300.000000 HWADVBufferWindowMs:30.000000 _interval:300 _window:30 _active:0 specifiedParams:1
Jun  8 17:49:41 bluetoothd[16152] <Notice>: ObjectDiscovery Client (com.apple.locationd-central-26469-1091) HWADVBufferIntervalMs:300.000000 HWADVBufferWindowMs:30.000000 _interval:300 _window:30 _active:0 specifiedParams:1
Jun  8 17:49:41 bluetoothd[16152] <Notice>: ObjectDiscovery Client (com.apple.locationd-central-26469-1088) HWADVBufferIntervalMs:300.000000 HWADVBufferWindowMs:30.000000 _interval:300 _window:30 _active:0 specifiedParams:1
Jun  8 17:49:41 bluetoothd[16152] <Notice>: ObjectDiscovery Client (com.apple.locationd-central-26469-1365) HWADVBufferIntervalMs:300.000000 HWADVBufferWindowMs:30.000000 _interval:300 _window:30 _active:0 specifiedParams:1
Jun  8 17:49:41 bluetoothd[16152] <Notice>: ScanParams: numScanAgents 7, combined params AD:1 RD:0 AS:0 PHYS:1 MSL:4 (30/300) PSV:0 Rg:0 Cri:0 pBT:0 pWiFi:0 pCfg:0 type:0
Jun  8 17:49:41 bluetoothd[16152] <Notice>: ScanParams: [com.apple.locationd-central-26469-1150] AP:0 AD:1(0/0) AS:0 RAS:0 DMN:1 FG:0 ADVBF:1(30/300) Rg:0 Cri:0 pBT:0 pwrAsrt:0 CT:0 type:0 level:3|[com.apple.locationd-central-26469-1091] AP:0 AD:1(0/0) AS:0 RAS:0 DMN:1 FG:0 ADVBF:1(30/300) Rg:0 Cri:0 pBT:0 pwrAsrt:0 CT:0 type:0 level:3|[CBDaemon-0x55E80014] AP:0 AD:0(30/300) AS:0 RAS:0 DMN:1 FG:0 ADVBF:0(0/0) Rg:0 Cri:0 pBT:0 pwrAsrt:0 CT:0 type:0 level:1
Jun  8 17:49:41 bluetoothd[16152] <Notice>: ScanParams: [com.apple.bluetoothd-central-16152-37] AP:0 AD:1(30/300) AS:0 RAS:0 DMN:1 FG:0 ADVBF:0(0/0) Rg:0 Cri:0 pBT:0 pwrAsrt:0 CT:0 type:0 level:1|[com.apple.sharingd-central-74-1422] AP:0 AD:0(30/300) AS:0 RAS:0 DMN:1 FG:0 ADVBF:0(0/0) Rg:0 Cri:0 pBT:0 pwrAsrt:0 CT:0 type:0 level:2|[com.apple.locationd-central-26469-1088] AP:0 AD:1(0/0) AS:0 RAS:0 DMN:1 FG:0 ADVBF:1(30/300) Rg:0 Cri:0 pBT:0 pwrAsrt:0 CT:0 type:0 level:3
Jun  8 17:49:41 bluetoothd[16152] <Notice>: ScanParams: [com.apple.locationd-central-26469-1365] AP:0 AD:1(0/0) AS:0 RAS:0 DMN:1 FG:0 ADVBF:1(30/300) Rg:0 Cri:0 pBT:0 pwrAsrt:0 CT:0 type:0 level:3
Jun  8 17:49:41 bluetoothd[16152] <Notice>: Returning scan parameters: Main:30.00ms/300.00ms LP:0.00ms/300.00ms(supported) SC:0.00ms/50.00ms/non-concurrent(supported) Dm:(m:30/300) Cond:0:1:0 Sc:1 (passive) Dupfilter:Disabled minScanLevel:4 HD:Yes MP:No Comp:No(50,1) Pri:0/0
Jun  8 17:49:41 bluetoothd[16152] <Notice>: needToRestart=1
Jun  8 17:49:41 bluetoothd[16152] <Notice>: Starting passive scan (300.00ms/30.00ms) with duplicate filter disabled scNeed=1 stateO=0, retainDups=0 fScanFiltersNeedUpdating=YES
Jun  8 17:49:41 bluetoothd[16152] <Notice>: BT Stats for metric '<private>' sent to CoreAnalytics with result 1
Jun  8 17:49:41 bluetoothd[16152] <Notice>: BT Stats for metric '<private>' sent to CoreAnalytics with result 1
Jun  8 17:49:41 bluetoothd[16152] <Notice>: BT Stats for metric '<private>' sent to CoreAnalytics with result 1
Jun  8 17:49:41 bluetoothd[16152] <Notice>: Received 'stop scan' request from session "com.apple.bluetoothd-central-16152-37" (Wiprox) updateScanParams:YES shouldUpdateState:YES
Jun  8 17:49:41 bluetoothd[16152] <Notice>: Configuring controller, will try again later
Jun  8 17:49:41 bluetoothd[16152] <Notice>: stopTrackingForSession: com.apple.bluetoothd-central-16152-37 for tracking devices (null) from requests {
}
Jun  8 17:49:41 bluetoothd[16152] <Notice>: Now tracking {
} with devices {(
)}
Jun  8 17:49:41 bluetoothd[16152] <Notice>: Stopping scan for session "com.apple.bluetoothd" - 0 advertisements delivered
Jun  8 17:49:41 bluetoothd[16152] <Notice>: Received XPC message "CBMsgIdScan" from session "com.apple.bluetoothd-central-16152-37"
Jun  8 17:49:41 bluetoothd[16152] <Notice>: Setting client list to <private>
Jun  8 17:49:41 bluetoothd[16152] <Notice>: fShouldRetainDupsNextUpdate 0, screen? 1, retaindup? 0, EN scans? 0, created[EN]=0
Jun  8 17:49:41 bluetoothd[16152] <Notice>: EN is not active - new retain dups value 0
Jun  8 17:49:41 bluetoothd[16152] <Notice>: Creating a match table with handle 100 for type 15
Jun  8 17:49:41 bluetoothd[16152] <Notice>: Received 'start Unspecified scan' request  , with duplicates, duration:unlimited, all UUIDs on 1M PHY scan timing 30/300  scanLevel=1  ObjectLocatorResponse on type 15from session "com.apple.bluetoothd-central-16152-37"
Jun  8 17:49:41 bluetoothd[16152] <Notice>: Configuring controller, will try again later
Jun  8 17:49:41 bluetoothd[16152] <Notice>: ShouldScan=1 AnyValidScanRequests=1 anyValidScanRequestInPaused=0 fObserverState=Active ClientScanPowerAssertRequired=0 fScanFiltersNeedUpdagint=1
Jun  8 17:49:41 bluetoothd[16152] <Notice>: updateADVBufferConfig current:03 new:03 configChanged:00
Jun  8 17:49:41 bluetoothd[16152] <Notice>: enableObjectDiscoveryADVBuffersIfNeeded objectDiscoveryHwAdvBufferOnly:1 fScreenState:1
Jun  8 17:49:41 bluetoothd[16152] <Notice>: updateAgentScanUseCaseEntry controllerSupportsScanRx:0 session:<private> usecase:FindMyOptedIn previous:<private> entry:<private>
Jun  8 17:49:41 bluetoothd[16152] <Notice>: bomEnabled:1 chipset:22 usecase:FindMyNotOptedIn fScreenState:1
Jun  8 17:49:41 bluetoothd[16152] <Notice>: updateAgentScanUseCaseEntry controllerSupportsScanRx:0 session:<private> usecase:FindMyNotOptedIn previous:<private> entry:<private>
Jun  8 17:49:41 bluetoothd[16152] <Notice>: bomEnabled:1 chipset:22 usecase:FindMyNotOptedInBeepOnMoveWaking fScreenState:1
Jun  8 17:49:41 bluetoothd[16152] <Notice>: updateAgentScanUseCaseEntry controllerSupportsScanRx:0 session:<private> usecase:FindMyNotOptedInBeepOnMoveWaking previous:<private> entry:<private>
Jun  8 17:49:41 bluetoothd[16152] <Notice>: bomEnabled:1 chipset:22 usecase:FindMyNotOptedIn fScreenState:1
Jun  8 17:49:41 bluetoothd[16152] <Notice>: updateAgentScanUseCaseEntry controllerSupportsScanRx:0 session:<private> usecase:FindMyNotOptedIn previous:<private> entry:<private>
Jun  8 17:49:41 bluetoothd[16152] <Notice>: ObjectDiscovery Client (com.apple.locationd-central-26469-1150) HWADVBufferIntervalMs:300.000000 HWADVBufferWindowMs:30.000000 _interval:300 _window:30 _active:0 specifiedParams:1
Jun  8 17:49:41 bluetoothd[16152] <Notice>: ObjectDiscovery Client (com.apple.locationd-central-26469-1091) HWADVBufferIntervalMs:300.000000 HWADVBufferWindowMs:30.000000 _interval:300 _window:30 _active:0 specifiedParams:1
Jun  8 17:49:41 backboardd(BiometricKit)[69] <Notice>: BKDevicePearl::createPresenceDetectOperation
Jun  8 17:49:41 backboardd(BiometricKit)[69] <Notice>: BKOperation::initWithDevice <private>
Jun  8 17:49:41 backboardd(BiometricKit)[69] <Notice>: BKOperation::initWithDevice -> <private> (_cid 505112066)
Jun  8 17:49:41 backboardd(BiometricKit)[69] <Notice>: BKDevicePearl::createPresenceDetectOperation -> <private> (null)
Jun  8 17:49:41 backboardd(BiometricKit)[69] <Notice>: BKOperation::setDelegate <private> (_cid 505112066)
Jun  8 17:49:41 bluetoothd[16152] <Notice>: ObjectDiscovery Client (com.apple.locationd-central-26469-1088) HWADVBufferIntervalMs:300.000000 HWADVBufferWindowMs:30.000000 _interval:300 _window:30 _active:0 specifiedParams:1
Jun  8 17:49:41 bluetoothd[16152] <Notice>: ObjectDiscovery Client (com.apple.locationd-central-26469-1365) HWADVBufferIntervalMs:300.000000 HWADVBufferWindowMs:30.000000 _interval:300 _window:30 _active:0 specifiedParams:1
Jun  8 17:49:41 bluetoothd[16152] <Notice>: ScanParams: numScanAgents 7, combined params AD:1 RD:0 AS:0 PHYS:1 MSL:4 (30/300) PSV:0 Rg:0 Cri:0 pBT:0 pWiFi:0 pCfg:0 type:0
Jun  8 17:49:41 bluetoothd[16152] <Notice>: ScanParams: [com.apple.locationd-central-26469-1150] AP:0 AD:1(0/0) AS:0 RAS:0 DMN:1 FG:0 ADVBF:1(30/300) Rg:0 Cri:0 pBT:0 pwrAsrt:0 CT:0 type:0 level:3|[com.apple.locationd-central-26469-1091] AP:0 AD:1(0/0) AS:0 RAS:0 DMN:1 FG:0 ADVBF:1(30/300) Rg:0 Cri:0 pBT:0 pwrAsrt:0 CT:0 type:0 level:3|[CBDaemon-0x55E80014] AP:0 AD:0(30/300) AS:0 RAS:0 DMN:1 FG:0 ADVBF:0(0/0) Rg:0 Cri:0 pBT:0 pwrAsrt:0 CT:0 type:0 level:1
Jun  8 17:49:41 bluetoothd[16152] <Notice>: ScanParams: [com.apple.bluetoothd-central-16152-37] AP:0 AD:1(30/300) AS:0 RAS:0 DMN:1 FG:0 ADVBF:0(0/0) Rg:0 Cri:0 pBT:0 pwrAsrt:0 CT:0 type:0 level:1|[com.apple.sharingd-central-74-1422] AP:0 AD:0(30/300) AS:0 RAS:0 DMN:1 FG:0 ADVBF:0(0/0) Rg:0 Cri:0 pBT:0 pwrAsrt:0 CT:0 type:0 level:2|[com.apple.locationd-central-26469-1088] AP:0 AD:1(0/0) AS:0 RAS:0 DMN:1 FG:0 ADVBF:1(30/300) Rg:0 Cri:0 pBT:0 pwrAsrt:0 CT:0 type:0 level:3
Jun  8 17:49:41 bluetoothd[16152] <Notice>: ScanParams: [com.apple.locationd-central-26469-1365] AP:0 AD:1(0/0) AS:0 RAS:0 DMN:1 FG:0 ADVBF:1(30/300) Rg:0 Cri:0 pBT:0 pwrAsrt:0 CT:0 type:0 level:3
Jun  8 17:49:41 bluetoothd[16152] <Notice>: Returning scan parameters: Main:30.00ms/300.00ms LP:0.00ms/300.00ms(supported) SC:0.00ms/50.00ms/non-concurrent(supported) Dm:(m:30/300) Cond:0:1:0 Sc:1 (passive) Dupfilter:Disabled minScanLevel:4 HD:Yes MP:No Comp:No(50,1) Pri:0/0
Jun  8 17:49:41 bluetoothd[16152] <Notice>: needToRestart=1
Jun  8 17:49:41 bluetoothd[16152] <Notice>: Starting passive scan (300.00ms/30.00ms) with duplicate filter disabled scNeed=1 stateO=0, retainDups=0 fScanFiltersNeedUpdating=YES
Jun  8 17:49:41 bluetoothd[16152] <Notice>: Trying to remove scan filters with forceRemove=NO fHaveZoneFilters:NO fZoneScansHaveChanged:NO fHaveUUIDFilters:YES fHaveRuleFilters:YES
Jun  8 17:49:41 backboardd(BiometricKit)[69] <Notice>: BKOperation::setDelegate -> void
Jun  8 17:49:41 backboardd(BiometricKit)[69] <Notice>: BKOperation::startOperation(async=1)
Jun  8 17:49:41 backboardd(BiometricKit)[69] <Notice>: BKFaceDetectOperation::startBioOperation (_cid 505112066)
Jun  8 17:49:41 biometrickitd(BiometricSupport)[115] <Notice>: registerDelegate:withClient: 1 <private> -> void
Jun  8 17:49:41 backboardd(BiometricKit)[69] <Notice>: BKFaceDetectOperation::startBioOperation -> void
Jun  8 17:49:41 backboardd(BiometricKit)[69] <Notice>: BKOperation::startOperation -> void
Jun  8 17:49:41 backboardd(AttentionAwareness)[69] <Notice>:        PearlAttentionSampler.m:700 :  430396.53968:  Info: <AWPearlAttentionSampler: 0x9d89169c0> (samplingSuppressed: false unitTestSampling: false) completing AWAttentionSamplerState transition (Unknown -> Initializing)
Jun  8 17:49:41 backboardd(AttentionAwareness)[69] <Notice>:        PearlAttentionSampler.m:411 :  430396.53993:  Info: <AWPearlAttentionSampler: 0x9d89169c0> (samplingSuppressed: false unitTestSampling: false) starting presence operation 0x9d8a7ef00 with deadline       0.00000, interval       0.00000
Jun  8 17:49:41 biometrickitd(BiometricSupport)[115] <Notice>: detectPresenceWithOptions:withClient: <private> <private>
Jun  8 17:49:41 kernel(ApplePearlSEPDriver)[0] <Notice>: performSpecificCommandGated: command:FaceDetectMode (5), value:0, inLength:7, outLength:0
Jun  8 17:49:41 kernel(IOBiometricFamily)[0] <Notice>: IOBiometricService::switchCommandMode: Idle (1) -> PresenceDetect (4)
Jun  8 17:49:41 kernel(ApplePearlSEPDriver)[0] <Notice>: handleCommandModeSwitch: Idle (1) -> PresenceDetect (4)
Jun  8 17:49:41 kernel(ApplePearlSEPDriver)[0] <Notice>: cameraStateHandler: _commandMode:PresenceDetect (4), _cameraState:PoweredOff (1), _faceDetected:0, _failedCommand:0, _newOperationStarted:1
Jun  8 17:49:41 kernel(AppleH13CameraInterface)[0] <Notice>: AppleH13PearlCam::PearlCamMessageHandler_PowerOn (ExternalClient)
Jun  8 17:49:41 kernel(ApplePPMCPMS)[0] <Notice>: ApplePPMCPMS::admissionCheckOfValue:client 3, timescale 1, level 11097
Jun  8 17:49:41 kernel(ApplePPMCPMS)[0] <Notice>: ApplePPMPolicyCPMS::resolveClientBudgets:Budget Trace: clientId 3, Timescale 1, Requested Budget 11097, Granted Budget 11097, Thermal Budget 4294967295, PowerBudgetUPO 16247
Jun  8 17:49:41 kernel(ApplePPMCPMS)[0] <Notice>: ApplePPMCPMS::admissionCheckOfValue:granted client 3, timescale 1, level 11097 budget 2
Jun  8 17:49:41 kernel(AppleH13CameraInterface)[0] <Notice>: AppleH13CamIn::ISP_PPMAdmissionCheck_gated - admission check: clientIndex=0, subClientID=0; budgetReq=2; budgetAlloc=2; result=0x00000000
Jun  8 17:49:41 kernel(ApplePearlSEPDriver)[0] <Notice>: powerOnAndStartCamera: NEW SEQUENCE [4819:*] Attention started (_frameQueue:0, _frameProcessingQueue:0, _framesHeld:0, _frameDebugCount:0, retryType:0, ER:0, continuous:0)
Jun  8 17:49:41 kernel(AppleH13CameraInterface)[0] <Notice>: AppleH13CamIn::ISP_PowerOnCamera_gated (fPowerEvent=0, fOutstandingPowerUpRequests=0, fSystemSleepInProgress=0)
Jun  8 17:49:41 kernel(AppleH13CameraInterface)[0] <Notice>: AppleH13CamIn::ISP_PowerOnCamera_gated - requesting ISP power up
Jun  8 17:49:41 kernel(AppleH13CameraInterface)[0] <Notice>: AppleH13CamIn::ISP_PowerOnCamera_gated (turn on) - change fPowerEvent from 0 to PowerOnPending
Jun  8 17:49:41 kernel(AppleH13CameraInterface)[0] <Notice>: AppleH13CamIn::setPowerStateGated - 1
Jun  8 17:49:41 kernel(AppleH13CameraInterface)[0] <Notice>: AppleH13CamIn::setPowerStateGated (turn on) - Transitioned fPowerEvent from 1 to onPending
Jun  8 17:49:41 kernel(AppleH13CameraInterface)[0] <Notice>: AppleH13CamIn::power_on_hardware
Jun  8 17:49:41 kernel[0] <Notice>: Couldn't alloc class "AppleKeyStoreTest"
Jun  8 17:49:41 kernel(AppleH13CameraInterface)[0] <Notice>: AppleH13CamIn::MotionDataEnable - Enabling for Endpoint 0
Jun  8 17:49:41 kernel(AppleH13CameraInterface)[0] <Notice>: AppleH13CamIn::MotionDataEnable - MotionStateSet(true)
Jun  8 17:49:41 kernel(AppleH13CameraInterface)[0] <Notice>: AppleH13CamIn::MotionDataEnable - Enabling for Endpoint 1
Jun  8 17:49:41 kernel(AppleH13CameraInterface)[0] <Notice>: AppleH13CamIn::MotionDataEnable - Enabling for Endpoint 2
Jun  8 17:49:41 kernel(AppleH13CameraInterface)[0] <Notice>: AppleH13CamIn::MotionDataEnable - Enabling for Endpoint 3
Jun  8 17:49:41 kernel(AppleH13CameraInterface)[0] <Notice>: AppleH13CamIn::MotionDataEnable - MotionStateSet(true)
Jun  8 17:49:41 backboardd(IOKit)[69] <Notice>: Connection: 28D0CC06-E0C9-4249-8CFA-0725191E7A7E not entitled to match protected service: 4294968950
Jun  8 17:49:41 backboardd(IOKit)[69] <Notice>: Connection: 28D0CC06-E0C9-4249-8CFA-0725191E7A7E not entitled to match protected service: 4294968950
Jun  8 17:49:41 backboardd(IOKit)[69] <Notice>: 0x100000644: set report interval:0 client:28D0CC06-E0C9-4249-8CFA-0725191E7A7E
Jun  8 17:49:41 backboardd(IOKit)[69] <Notice>: 0x100000644: set report interval:0 client:28D0CC06-E0C9-4249-8CFA-0725191E7A7E
Jun  8 17:49:41 biometrickitd(CoreMotion)[115] <Notice>: Starting orientation updates, callback mode -1, enable 0
Jun  8 17:49:41 biometrickitd(CoreMotion)[115] <Notice>: [CLIoHidInterface] Checking matching property Built-In = <private> for service ref <private>
Jun  8 17:49:41 biometrickitd(CoreMotion)[115] <Notice>: [CLIoHidInterface] Service ref with usage pair {32, 138} is <private> with matching properties <private>
Jun  8 17:49:41 biometrickitd(CoreMotion)[115] <Notice>: [CLIoHidInterface] Property for usage pair {32, 138}: {ReportInterval = 0} was set successfully
Jun  8 17:49:41 biometrickitd(CoreMotion)[115] <Notice>: [CLIoHidInterface] Service ref with usage pair {65292, 3} is <private> with matching properties <private>
Jun  8 17:49:41 biometrickitd(CoreMotion)[115] <Notice>: [CLIoHidInterface] Checking matching property Built-In = <private> for service ref <private>
Jun  8 17:49:41 biometrickitd(CoreMotion)[115] <Notice>: [CLIoHidInterface] Service ref with usage pair {32, 138} is <private> with matching properties <private>
Jun  8 17:49:41 biometrickitd(CoreMotion)[115] <Notice>: Opened hid driver interface, registryID <private>, {cfPlugInInterface, hidDriverInterface} was then {<private>,<private>}, is now {<private>,<private>}
Jun  8 17:49:41 kernel(IOHIDFamily)[0] <Notice>: open by AppleSPUHIDDeviceUserClient 0x10004c6b0 (0x0)
Jun  8 17:49:41 backboardd(BiometricKit)[69] <Notice>: BKDevicePearl::statusMessage: 1012
Jun  8 17:49:41 biometrickitd(libBKDM2.dylib)[115] <Notice>: sending status message 1012 to <private>
Jun  8 17:49:41 biometrickitd(BiometricSupport)[115] <Notice>: updateActiveOperationNotificationWithOverride: posted value = 3
Jun  8 17:49:41 biometrickitd(CoreMotion)[115] <Notice>: [CLIoHidInterface] Property for usage pair {32, 138}: {ReportInterval = 1} was set successfully
Jun  8 17:49:41 backboardd(IOKit)[69] <Notice>: 0x100000644: set report interval:1 client:28D0CC06-E0C9-4249-8CFA-0725191E7A7E
Jun  8 17:49:41 backboardd(BiometricKit)[69] <Notice>: BKDevicePearl::statusMessage: -> void
Jun  8 17:49:41 backboardd(BiometricKit)[69] <Notice>: BKDevicePearl::statusMessage: 1012
Jun  8 17:49:41 backboardd(BiometricKit)[69] <Notice>: BKDevicePearl::statusMessage: -> void
Jun  8 17:49:41 backboardd(AttentionAwareness)[69] <Notice>:        PearlAttentionSampler.m:1044:  430396.54896:  Info: <AWPearlAttentionSampler: 0x9d89169c0> (samplingSuppressed: false unitTestSampling: false) pearlStateChanged FaceDetect
Jun  8 17:49:41 backboardd(BiometricKit)[69] <Notice>: BKOperation::changeState 2
Jun  8 17:49:41 backboardd(BiometricKit)[69] <Notice>: BKOperation::changeState -> void
Jun  8 17:49:41 backboardd(BiometricKit)[69] <Notice>: BKOperation::startOperation -> reply(1, (null))
Jun  8 17:49:41 backboardd(AttentionAwareness)[69] <Notice>:        PearlAttentionSampler.m:1065:  430396.54951:  Info: <AWPearlAttentionSampler: 0x9d89169c0> (samplingSuppressed: false unitTestSampling: false) operation 0x9d8a7ef00 stateChanged Running
Jun  8 17:49:41 backboardd(AttentionAwareness)[69] <Notice>:        PearlAttentionSampler.m:392 :  430396.55012:  Info: <AWPearlAttentionSampler: 0x9d89169c0> (samplingSuppressed: false unitTestSampling: false) presence operation 0x9d8a7ef00 successfully started
Jun  8 17:49:41 backboardd(BiometricKit)[69] <Notice>: BKDevicePearl::statusMessage: 1001
Jun  8 17:49:41 biometrickitd(libBKDM2.dylib)[115] <Notice>: sending status message 1001 to <private>
Jun  8 17:49:41 backboardd(BiometricKit)[69] <Notice>: BKDevicePearl::statusMessage: -> void
Jun  8 17:49:41 backboardd(BiometricKit)[69] <Notice>: BKDevicePearl::statusMessage: 1001
Jun  8 17:49:41 backboardd(BiometricKit)[69] <Notice>: BKDevicePearl::statusMessage: -> void
Jun  8 17:49:41 backboardd(AttentionAwareness)[69] <Notice>:        PearlAttentionSampler.m:1021:  430396.55073:  Info: <AWPearlAttentionSampler: 0x9d89169c0> (samplingSuppressed: false unitTestSampling: false) pearlEventOccurred FaceDetectStarted, current operation 0x9d8a7ef00 state Running
Jun  8 17:49:41 appleh13camerad[141] <Error>: New connection: kernel
Jun  8 17:49:41 appleh13camerad[141] <Error>: Total number of connections: 1
Jun  8 17:49:41 lockdownd[27614] <Notice>: main_block_invoke_2: <private>
Jun  8 17:49:41 kernel(AppleH13CameraInterface)[0] <Notice>: AppleH13CamIn::power_on_hardware - ISP-ANE networks, no DART remapping for ISP side during poweron
Jun  8 17:49:41 kernel(AppleH13CameraInterface)[0] <Notice>: AppleH13CamIn::ISP_ResumeFirmware
Jun  8 17:49:41 kernel(AppleH13CameraInterface)[0] <Notice>: AppleH13CamIn::ISP_ResumeFirmware - IPC PowerOn ANE
Jun  8 17:49:41 kernel(AppleH11ANEInterface)[0] <Notice>: ANE0: virtual IOReturn AneIspIPCEndPoints::processIPCServiceMsg_gated(OSString *, void *, void *) :H11ANEIn: ANE_PowerOnByKernelClient_gated is called by ISP
Jun  8 17:49:41 kernel(AppleH11ANEInterface)[0] <Notice>: ANE0 IOReturn H11ANEIn::ANE_PowerOn_gated(void *, const char *, bool)
 ISP
Jun  8 17:49:41 kernel(AppleH11ANEInterface)[0] <Notice>: ANE0: IOReturn H11ANEIn::ANE_PowerOn_gated(void *, const char *, bool) :H11ANEIn::clientname:ISP isPowered: 0
Jun  8 17:49:41 kernel(AppleH11ANEInterface)[0] <Notice>: ANE0: IOReturn H11ANEIn::ANE_PowerOn_gated(void *, const char *, bool) :H11ANEIn::clientname:aned isPowered: 1
Jun  8 17:49:41 kernel(AppleH11ANEInterface)[0] <Notice>: ANE0: IOReturn H11ANEIn::ANE_PowerOn_gated(void *, const char *, bool) :H11ANEIn::clientname:AccessibilityUIS isPowered: 1
Jun  8 17:49:41 kernel(AppleH11ANEInterface)[0] <Notice>: ANE0 IOReturn H11ANEIn::ANE_PowerOn_gated(void *, const char *, bool)
 ISP
Jun  8 17:49:41 kernel(AppleH11ANEInterface)[0] <Notice>: ANE0:IOReturn H11ANEIn::ANE_PowerOn_gated(void *, const char *, bool) :H11ANEIn::power early already: 0
Jun  8 17:49:41 kernel(AppleH13CameraInterface)[0] <Notice>: AppleH13CamIn::ISP_ResumeFirmware - result = 0x00000000, _numFailedISPResumes: 0
Jun  8 17:49:41 kernel(AppleH13CameraInterface)[0] <Notice>: AppleH13CamIn::ISP_Init - ANE powered up successfully - waited = 0 mS retries=0
Jun  8 17:49:41 kernel(AppleH13CameraInterface)[0] <Notice>: IOReturn IspAneIPCEndPoints::peerEPCtrlMsg(IPC_EP_CMD_TYPE) - sending ISP-ANE networks surfaceID: 0x7b and update flag: 0
Jun  8 17:49:41 kernel(AppleH11ANEInterface)[0] <Notice>: ANE0:IOReturn H11ANEIn::ANE_processIspAneNetworkSurfaceRemap(uint32_t, bool) No bForaceUpdate update for FD Networks
Jun  8 17:49:41 kernel(AppleH11ANEInterface)[0] <Notice>: ANE0: virtual IOReturn AneIspIPCEndPoints::enableFWIPCEP_gated(AneIspEndpointIndex, bool) :H11ANEIn::Send CSNE_CMD_LOAD_AFPP FD  networks with phy:0x2004000, size:0x0000000000c548e0
Jun  8 17:49:41 kernel(AppleH11ANEInterface)[0] <Notice>: ANE0 IOReturn H11ANEIn::ANE_PowerOn_gated(void *, const char *, bool)
 ISP
Jun  8 17:49:41 kernel(AppleH11ANEInterface)[0] <Notice>: ANE0: IOReturn H11ANEIn::ANE_PowerOn_gated(void *, const char *, bool) :H11ANEIn::clientname:ISP isPowered: 1
Jun  8 17:49:41 kernel(AppleH11ANEInterface)[0] <Notice>: ANE0: IOReturn H11ANEIn::ANE_PowerOn_gated(void *, const char *, bool) :H11ANEIn::clientname:aned isPowered: 1
Jun  8 17:49:41 kernel(AppleH11ANEInterface)[0] <Notice>: ANE0: IOReturn H11ANEIn::ANE_PowerOn_gated(void *, const char *, bool) :H11ANEIn::clientname:AccessibilityUIS isPowered: 1
Jun  8 17:49:41 kernel(AppleH11ANEInterface)[0] <Notice>: ANE0 IOReturn H11ANEIn::ANE_PowerOn_gated(void *, const char *, bool)
 ISP
Jun  8 17:49:41 kernel(AppleH11ANEInterface)[0] <Notice>: ANE0:IOReturn H11ANEIn::ANE_PowerOn_gated(void *, const char *, bool) :H11ANEIn::power early already: 0
Jun  8 17:49:41 kernel(AppleH11ANEInterface)[0] <Notice>: ANE0: virtual IOReturn AneIspIPCEndPoints::enableFWIPCEP_gated(AneIspEndpointIndex, bool) :H11ANEIn:: send CSNE_CMD_IPC_ENDPOINT_SET2(index:0) to FW!
Jun  8 17:49:41 kernel(AppleH13CameraInterface)[0] <Notice>: AppleH13CamIn::ISP_Init - enable IPC EP
Jun  8 17:49:41 kernel(AppleH13CameraInterface)[0] <Notice>: IspAneIPCEndPoints::enableFWIPCEP_gated - send CISP_CMD_IPC_ENDPOINT_SET2 to FW! readRingBuffer:0x4ab4000, readRingLen: 0x4000, writeRingBuffer:0x4abc000, writeRingLen: 0x4000
Jun  8 17:49:41 kernel(AppleH13CameraInterface)[0] <Notice>: IOReturn AppleH13CamIn::processSharedMallocRequest(uint64_t, uint64_t, uint64_t) IPC EPSM memory allocation with size: 0x10000 from FW
Jun  8 17:49:41 kernel(AppleH13CameraInterface)[0] <Notice>: IOReturn AppleH13CamIn::processSharedMallocRequest(uint64_t, uint64_t, uint64_t) IPC EPSM memory allocation done with size: 0x10000, return back to FW
Jun  8 17:49:41 kernel(AppleH13CameraInterface)[0] <Notice>: AppleH13CamIn::ISP_Init - ISP_init start IPC timer
Jun  8 17:49:41 kernel(AppleH13CameraInterface)[0] <Notice>: AppleH13CamIn::UpdateSensorStateInIORegForChannel - channel: 0, state: 0, priority: 0
Jun  8 17:49:41 kernel(AppleH13CameraInterface)[0] <Notice>: AppleH13CamIn::UpdateSensorStateInIORegForChannel - channel: 1, state: 0, priority: 0
Jun  8 17:49:41 kernel(AppleH13CameraInterface)[0] <Notice>: AppleH13CamIn::UpdateSensorStateInIORegForChannel - channel: 2, state: 0, priority: 0
Jun  8 17:49:41 kernel(AppleH13CameraInterface)[0] <Notice>: AppleH13CamIn::UpdateSensorStateInIORegForChannel - channel: 3, state: 0, priority: 0
Jun  8 17:49:41 kernel(AppleH13CameraInterface)[0] <Notice>: AppleH13CamIn::UpdateSensorStateInIORegForChannel - channel: 4, state: 0, priority: 0
Jun  8 17:49:41 kernel(AppleH13CameraInterface)[0] <Notice>: AppleH13CamIn::UpdateSensorStateInIORegForChannel - channel: 5, state: 0, priority: 0
Jun  8 17:49:41 kernel(AppleH13CameraInterface)[0] <Notice>: AppleH13CamIn::setPowerStateGated (turn on) - change fPowerEvent from 1 to None
Jun  8 17:49:41 kernel(AppleH13CameraInterface)[0] <Notice>: AppleH13PearlCam::SendNotificationMessageToClient - Sending 11 notification to client
Jun  8 17:49:41 kernel(AppleH13CameraInterface)[0] <Notice>: AppleH13PearlCam::PearlCamStateEntryProc_IDLE
Jun  8 17:49:41 kernel(AppleH13CameraInterface)[0] <Notice>: AppleH13PearlCam::PearlCamMessageHandler_Start, sequenceType=2, ECDH=No
Jun  8 17:49:41 kernel(AppleH11ANEInterface)[0] <Notice>: ANE0: IOReturn H11ANEIn::powerStateDidChangeTo_gated(IOPMPowerFlags, unsigned long, IOService *) :H11ANEIn::powerStateDidChangeTo_gated - ISP will power up, self state: 4
Jun  8 17:49:41 kernel(AppleH13CameraInterface)[0] <Notice>: AppleH13CamIn::ISP_ReserveChannel_gated - channel: 3, priority: 0 (process: Kernel)
Jun  8 17:49:41 kernel(AppleH13CameraInterface)[0] <Notice>: AppleH13CamIn::ISP_ReserveChannel_gated - channel: 4, priority: 0 (process: Kernel)
Jun  8 17:49:41 kernel(AppleH13CameraInterface)[0] <Notice>: AppleH13CamIn::ISP_ReserveChannel_gated - channel: 0, priority: 0 (process: Kernel)
Jun  8 17:49:41 kernel(AppleH13CameraInterface)[0] <Notice>: AppleH13CamIn::ISP_ReserveChannel_gated - channel: 2, priority: 0 (process: Kernel)
Jun  8 17:49:41 kernel(AppleH13CameraInterface)[0] <Notice>: AppleH13CamIn::ISP_CreateMultiCameraSession_gated - Creating multicam session: Client=Kernel NumGroups=1
Jun  8 17:49:41 kernel(AppleH13CameraInterface)[0] <Notice>:     Group=0: ChannelMask=0x00000008 SyncType=NoSync
Jun  8 17:49:41 kernel(AppleH13CameraInterface)[0] <Notice>: AppleH13PearlCam::AllocateStreamingBuffers_gated - Not allocating pools (fState=1, fSystemSleepInProgress=0)
Jun  8 17:49:41 kernel(IOSurface)[0] <Notice>: IOSurface::deviceLockSurface() - CPU cache marked invalid
Jun  8 17:49:41 kernel(IOSurface)[0] <Notice>: IOSurface::deviceLockSurface() - CPU cache marked invalid
Jun  8 17:49:41 kernel(AppleH13CameraInterface)[0] <Notice>: AppleH13CamIn::UpdateSensorStateInIORegForChannel - channel: 3, state: 1, priority: 0
Jun  8 17:49:41 bluetoothd[16152] <Notice>: ShouldScan=1 AnyValidScanRequests=1 anyValidScanRequestInPaused=0 fObserverState=Active ClientScanPowerAssertRequired=0 fScanFiltersNeedUpdagint=0
Jun  8 17:49:41 bluetoothd[16152] <Notice>: updateADVBufferConfig current:03 new:03 configChanged:00
Jun  8 17:49:41 bluetoothd[16152] <Notice>: enableObjectDiscoveryADVBuffersIfNeeded objectDiscoveryHwAdvBufferOnly:1 fScreenState:1
Jun  8 17:49:41 bluetoothd[16152] <Notice>: updateAgentScanUseCaseEntry controllerSupportsScanRx:0 session:<private> usecase:FindMyOptedIn previous:<private> entry:<private>
Jun  8 17:49:41 bluetoothd[16152] <Notice>: bomEnabled:1 chipset:22 usecase:FindMyNotOptedIn fScreenState:1
Jun  8 17:49:41 bluetoothd[16152] <Notice>: updateAgentScanUseCaseEntry controllerSupportsScanRx:0 session:<private> usecase:FindMyNotOptedIn previous:<private> entry:<private>
Jun  8 17:49:41 bluetoothd[16152] <Notice>: bomEnabled:1 chipset:22 usecase:FindMyNotOptedInBeepOnMoveWaking fScreenState:1
Jun  8 17:49:41 bluetoothd[16152] <Notice>: updateAgentScanUseCaseEntry controllerSupportsScanRx:0 session:<private> usecase:FindMyNotOptedInBeepOnMoveWaking previous:<private> entry:<private>
Jun  8 17:49:41 bluetoothd[16152] <Notice>: bomEnabled:1 chipset:22 usecase:FindMyNotOptedIn fScreenState:1
Jun  8 17:49:41 bluetoothd[16152] <Notice>: updateAgentScanUseCaseEntry controllerSupportsScanRx:0 session:<private> usecase:FindMyNotOptedIn previous:<private> entry:<private>
Jun  8 17:49:41 bluetoothd[16152] <Notice>: ObjectDiscovery Client (com.apple.locationd-central-26469-1150) HWADVBufferIntervalMs:300.000000 HWADVBufferWindowMs:30.000000 _interval:300 _window:30 _active:0 specifiedParams:1
Jun  8 17:49:41 bluetoothd[16152] <Notice>: ObjectDiscovery Client (com.apple.locationd-central-26469-1091) HWADVBufferIntervalMs:300.000000 HWADVBufferWindowMs:30.000000 _interval:300 _window:30 _active:0 specifiedParams:1
Jun  8 17:49:41 bluetoothd[16152] <Notice>: ObjectDiscovery Client (com.apple.locationd-central-26469-1088) HWADVBufferIntervalMs:300.000000 HWADVBufferWindowMs:30.000000 _interval:300 _window:30 _active:0 specifiedParams:1
Jun  8 17:49:41 bluetoothd[16152] <Notice>: ObjectDiscovery Client (com.apple.locationd-central-26469-1365) HWADVBufferIntervalMs:300.000000 HWADVBufferWindowMs:30.000000 _interval:300 _window:30 _active:0 specifiedParams:1
Jun  8 17:49:41 bluetoothd[16152] <Notice>: ScanParams: numScanAgents 7, combined params AD:1 RD:0 AS:0 PHYS:1 MSL:4 (30/300) PSV:0 Rg:0 Cri:0 pBT:0 pWiFi:0 pCfg:0 type:0
Jun  8 17:49:41 bluetoothd[16152] <Notice>: ScanParams: [com.apple.locationd-central-26469-1150] AP:0 AD:1(0/0) AS:0 RAS:0 DMN:1 FG:0 ADVBF:1(30/300) Rg:0 Cri:0 pBT:0 pwrAsrt:0 CT:0 type:0 level:3|[com.apple.locationd-central-26469-1091] AP:0 AD:1(0/0) AS:0 RAS:0 DMN:1 FG:0 ADVBF:1(30/300) Rg:0 Cri:0 pBT:0 pwrAsrt:0 CT:0 type:0 level:3|[CBDaemon-0x55E80014] AP:0 AD:0(30/300) AS:0 RAS:0 DMN:1 FG:0 ADVBF:0(0/0) Rg:0 Cri:0 pBT:0 pwrAsrt:0 CT:0 type:0 level:1
Jun  8 17:49:41 bluetoothd[16152] <Notice>: ScanParams: [com.apple.bluetoothd-central-16152-37] AP:0 AD:1(30/300) AS:0 RAS:0 DMN:1 FG:0 ADVBF:0(0/0) Rg:0 Cri:0 pBT:0 pwrAsrt:0 CT:0 type:0 level:1|[com.apple.sharingd-central-74-1422] AP:0 AD:0(30/300) AS:0 RAS:0 DMN:1 FG:0 ADVBF:0(0/0) Rg:0 Cri:0 pBT:0 pwrAsrt:0 CT:0 type:0 level:2|[com.apple.locationd-central-26469-1088] AP:0 AD:1(0/0) AS:0 RAS:0 DMN:1 FG:0 ADVBF:1(30/300) Rg:0 Cri:0 pBT:0 pwrAsrt:0 CT:0 type:0 level:3
Jun  8 17:49:41 bluetoothd[16152] <Notice>: ScanParams: [com.apple.locationd-central-26469-1365] AP:0 AD:1(0/0) AS:0 RAS:0 DMN:1 FG:0 ADVBF:1(30/300) Rg:0 Cri:0 pBT:0 pwrAsrt:0 CT:0 type:0 level:3
Jun  8 17:49:41 bluetoothd[16152] <Notice>: Returning scan parameters: Main:30.00ms/300.00ms LP:0.00ms/300.00ms(supported) SC:0.00ms/50.00ms/non-concurrent(supported) Dm:(m:30/300) Cond:0:1:0 Sc:1 (passive) Dupfilter:Disabled minScanLevel:4 HD:Yes MP:No Comp:No(50,1) Pri:0/0
Jun  8 17:49:41 bluetoothd[16152] <Notice>: needToRestart=1
Jun  8 17:49:41 bluetoothd[16152] <Notice>: Starting passive scan (300.00ms/30.00ms) with duplicate filter disabled scNeed=0 stateO=0, retainDups=0 fScanFiltersNeedUpdating=NO
Jun  8 17:49:41 bluetoothd[16152] <Notice>: overrideEnableGlobalDupFilter:1
Jun  8 17:49:41 bluetoothd[16152] <Notice>: <private>
Jun  8 17:49:41 kernel(AppleH13CameraInterface)[0] <Notice>: AppleH13CamIn::ISP_IsPearlCamProjectorSafe_gated - Firmware confirmed safe.
Jun  8 17:49:41 kernel(AppleH13CameraInterface)[0] <Notice>: AppleH13CamInFrameReceiver::ConfigureChannel - enable illuminators
Jun  8 17:49:41 kernel(AppleH13CameraInterface)[0] <Notice>: AppleH13CamInFrameReceiver::StartReceive - sent firmware 12 buffers for pool 111
Jun  8 17:49:41 kernel(AppleH13CameraInterface)[0] <Notice>: AppleH13CamInFrameReceiver::StartReceive - sent firmware 12 buffers for pool 108
Jun  8 17:49:41 kernel(AppleH13CameraInterface)[0] <Notice>: AppleH13CamInFrameReceiver::StartReceive - sent firmware 12 buffers for pool 125
Jun  8 17:49:41 kernel(ApplePPMCPMS)[0] <Notice>: ApplePPMCPMS::admissionCheckOfValue:client 4, timescale 1, level 100
Jun  8 17:49:41 kernel(ApplePPMCPMS)[0] <Notice>: ApplePPMPolicyCPMS::resolveClientBudgets:Budget Trace: clientId 4, Timescale 1, Requested Budget 100, Granted Budget 100, Thermal Budget 4294967295, PowerBudgetUPO 100
Jun  8 17:49:41 kernel(ApplePPMCPMS)[0] <Notice>: ApplePPMCPMS::admissionCheckOfValue:granted client 4, timescale 1, level 100 budget 8
Jun  8 17:49:41 kernel(AppleH13CameraInterface)[0] <Notice>: AppleH13CamIn::ISP_PPMAdmissionCheck_gated - admission check: clientIndex=0, subClientID=1; budgetReq=8; budgetAlloc=8; result=0x00000000
Jun  8 17:49:41 kernel(AppleH13CameraInterface)[0] <Notice>: AppleH13CamIn::ISP_StartCamera_gated - clientID=0, subClientID=1; channel=3; budgetReq=8; budgetAlloc=8; result=0x00000000
Jun  8 17:49:41 bluetoothd[16152] <Notice>: Scanning started successfully
Jun  8 17:49:41 bluetoothd[16152] <Notice>: ShouldScan=1 AnyValidScanRequests=1 anyValidScanRequestInPaused=0 fObserverState=Active ClientScanPowerAssertRequired=0 fScanFiltersNeedUpdagint=0
Jun  8 17:49:41 bluetoothd[16152] <Notice>: updateADVBufferConfig current:03 new:03 configChanged:00
Jun  8 17:49:41 bluetoothd[16152] <Notice>: enableObjectDiscoveryADVBuffersIfNeeded objectDiscoveryHwAdvBufferOnly:1 fScreenState:1
Jun  8 17:49:41 bluetoothd[16152] <Notice>: updateAgentScanUseCaseEntry controllerSupportsScanRx:0 session:<private> usecase:FindMyOptedIn previous:<private> entry:<private>
Jun  8 17:49:41 bluetoothd[16152] <Notice>: bomEnabled:1 chipset:22 usecase:FindMyNotOptedIn fScreenState:1
Jun  8 17:49:41 bluetoothd[16152] <Notice>: updateAgentScanUseCaseEntry controllerSupportsScanRx:0 session:<private> usecase:FindMyNotOptedIn previous:<private> entry:<private>
Jun  8 17:49:41 bluetoothd[16152] <Notice>: bomEnabled:1 chipset:22 usecase:FindMyNotOptedInBeepOnMoveWaking fScreenState:1
Jun  8 17:49:41 bluetoothd[16152] <Notice>: updateAgentScanUseCaseEntry controllerSupportsScanRx:0 session:<private> usecase:FindMyNotOptedInBeepOnMoveWaking previous:<private> entry:<private>
Jun  8 17:49:41 bluetoothd[16152] <Notice>: bomEnabled:1 chipset:22 usecase:FindMyNotOptedIn fScreenState:1
Jun  8 17:49:41 bluetoothd[16152] <Notice>: updateAgentScanUseCaseEntry controllerSupportsScanRx:0 session:<private> usecase:FindMyNotOptedIn previous:<private> entry:<private>
Jun  8 17:49:41 bluetoothd[16152] <Notice>: ObjectDiscovery Client (com.apple.locationd-central-26469-1150) HWADVBufferIntervalMs:300.000000 HWADVBufferWindowMs:30.000000 _interval:300 _window:30 _active:0 specifiedParams:1
Jun  8 17:49:41 bluetoothd[16152] <Notice>: ObjectDiscovery Client (com.apple.locationd-central-26469-1091) HWADVBufferIntervalMs:300.000000 HWADVBufferWindowMs:30.000000 _interval:300 _window:30 _active:0 specifiedParams:1
Jun  8 17:49:41 bluetoothd[16152] <Notice>: ObjectDiscovery Client (com.apple.locationd-central-26469-1088) HWADVBufferIntervalMs:300.000000 HWADVBufferWindowMs:30.000000 _interval:300 _window:30 _active:0 specifiedParams:1
Jun  8 17:49:41 bluetoothd[16152] <Notice>: ObjectDiscovery Client (com.apple.locationd-central-26469-1365) HWADVBufferIntervalMs:300.000000 HWADVBufferWindowMs:30.000000 _interval:300 _window:30 _active:0 specifiedParams:1
Jun  8 17:49:41 bluetoothd[16152] <Notice>: ScanParams: numScanAgents 7, combined params AD:1 RD:0 AS:0 PHYS:1 MSL:4 (30/300) PSV:0 Rg:0 Cri:0 pBT:0 pWiFi:0 pCfg:0 type:0
Jun  8 17:49:41 bluetoothd[16152] <Notice>: ScanParams: [com.apple.locationd-central-26469-1150] AP:0 AD:1(0/0) AS:0 RAS:0 DMN:1 FG:0 ADVBF:1(30/300) Rg:0 Cri:0 pBT:0 pwrAsrt:0 CT:0 type:0 level:3|[com.apple.locationd-central-26469-1091] AP:0 AD:1(0/0) AS:0 RAS:0 DMN:1 FG:0 ADVBF:1(30/300) Rg:0 Cri:0 pBT:0 pwrAsrt:0 CT:0 type:0 level:3|[CBDaemon-0x55E80014] AP:0 AD:0(30/300) AS:0 RAS:0 DMN:1 FG:0 ADVBF:0(0/0) Rg:0 Cri:0 pBT:0 pwrAsrt:0 CT:0 type:0 level:1
Jun  8 17:49:41 bluetoothd[16152] <Notice>: ScanParams: [com.apple.bluetoothd-central-16152-37] AP:0 AD:1(30/300) AS:0 RAS:0 DMN:1 FG:0 ADVBF:0(0/0) Rg:0 Cri:0 pBT:0 pwrAsrt:0 CT:0 type:0 level:1|[com.apple.sharingd-central-74-1422] AP:0 AD:0(30/300) AS:0 RAS:0 DMN:1 FG:0 ADVBF:0(0/0) Rg:0 Cri:0 pBT:0 pwrAsrt:0 CT:0 type:0 level:2|[com.apple.locationd-central-26469-1088] AP:0 AD:1(0/0) AS:0 RAS:0 DMN:1 FG:0 ADVBF:1(30/300) Rg:0 Cri:0 pBT:0 pwrAsrt:0 CT:0 type:0 level:3
Jun  8 17:49:41 bluetoothd[16152] <Notice>: ScanParams: [com.apple.locationd-central-26469-1365] AP:0 AD:1(0/0) AS:0 RAS:0 DMN:1 FG:0 ADVBF:1(30/300) Rg:0 Cri:0 pBT:0 pwrAsrt:0 CT:0 type:0 level:3
Jun  8 17:49:41 bluetoothd[16152] <Notice>: Returning scan parameters: Main:30.00ms/300.00ms LP:0.00ms/300.00ms(supported) SC:0.00ms/50.00ms/non-concurrent(supported) Dm:(m:30/300) Cond:0:1:0 Sc:1 (passive) Dupfilter:Disabled minScanLevel:4 HD:Yes MP:No Comp:No(50,1) Pri:0/0
Jun  8 17:49:41 bluetoothd[16152] <Notice>: needToRestart=0
Jun  8 17:49:41 locationd[26469] <Notice>: {"msg":"onAvengerAdvertisementDetected: got avenger advertisement", "subHarvester":"Avenger"}
Jun  8 17:49:41 locationd[26469] <Notice>: {"msg":"convertToSPAdvertisement", "address":<private>, "data":<private>, "date":<private>, "rssi":<private>, "status":<private>, "reserved":<private>, "subHarvester":"Avenger"}
Jun  8 17:49:41 locationd[26469] <Notice>: {"msg":"derivedPruneHarvest", "cacheSize":1, "beaconPayloadCacheSize":0, "subHarvester":"Avenger"}
Jun  8 17:49:41 locationd[26469] <Notice>: {"msg":"geotagSingleAdvertisement: advertisement within valid time window for location", "timeOffset":"-34.091122", "fCurrentTimeOffsetThreshold":"45.000000", "subHarvester":"Avenger"}
Jun  8 17:49:41 locationd(SPFinder)[26469] <Notice>: saveBeaconPayload: 1
Jun  8 17:49:41 locationd[26469] <Notice>: {"msg":"prepareAdvertisementsForSPFinder", "avengerPublicKey":"c01867815810", "subHarvester":"Avenger"}
Jun  8 17:49:41 locationd(TrackingAvoidance)[26469] <Notice>: <private>
Jun  8 17:49:41 locationd[26469] <Notice>: {"msg":"processAdvertisementCache: completed process", "Remaining fAdvertisementCache.count":0, "fBeaconPayloadCache.count":1, "subHarvester":"Avenger"}
Jun  8 17:49:41 locationd(SPFinder)[26469] <Notice>: saveBeaconPayload: 1
Jun  8 17:49:41 searchpartyd[27484] <Notice>: Publishing 1 advertisements to subscribers.
Jun  8 17:49:41 searchpartyd[27484] <Notice>: Publishing 1 advertisements to subscribers.
Jun  8 17:49:41 searchpartyd[27484] <Notice>: Skipping saving payload for near-owner self-beacon: <mask.hash: 'tblgnyaCVGQfnEjmF6hLdg=='>.
Jun  8 17:49:41 searchpartyd[27484] <Notice>: Skipping saving payload for near-owner self-beacon: <mask.hash: 'tblgnyaCVGQfnEjmF6hLdg=='>.
Jun  8 17:49:41 searchpartyd(libsqlite3.dylib)[27484] <Notice>: automatic index on KeyGenerationBeaconKeys(beaconIdentifier)
Jun  8 17:49:41 searchpartyd(libsqlite3.dylib)[27484] <Notice>: automatic index on KeyGenerationBeaconKeys(beaconIdentifier)
Jun  8 17:49:41 kernel(AppleH13CameraInterface)[0] <Notice>: AppleH13PearlCam::PearlCamStateEntryProc_FACE_DETECT
Jun  8 17:49:41 kernel(AppleH13CameraInterface)[0] <Notice>: PearlCamFrameReceived - frameCount=0x00000000, timeStamp=0x000014F5FB70E42F, currentISPTime=0x000014F5FB7939DD, currentSysTime=0x00000965077DDCA4
Jun  8 17:49:41 kernel(AppleH13CameraInterface)[0] <Notice>: PearlCamFrameReceived - isFaceDetected=0, isBracketedCaptureFrame=0, isUserEngaged=0, hasAttention=0, hasOcclusion=0, hasEyeOcclusion=0, fIDfsmFDStatus=1 , sensorTemp=40, isFIDValidFrame=1, isERDataValid=0
Jun  8 17:49:41 kernel(AppleH13CameraInterface)[0] <Notice>: PearlCamFrameReceived - referenceImageType=271 (RefSurface), projectorMode=3, projectorSubMode=4096, projectorProbeMode=0, fIDPowerProfile=0, bracketingMode=255
Jun  8 17:49:41 kernel(AppleH13CameraInterface)[0] <Notice>: AppleH13PearlCam::SendNotificationMessageToClient - Sending 0 notification to client
Jun  8 17:49:41 biometrickitd(libBKDM2.dylib)[115] <Notice>: sending status message 1002 to <private>
Jun  8 17:49:41 backboardd(BiometricKit)[69] <Notice>: BKDevicePearl::statusMessage: 1002
Jun  8 17:49:41 backboardd(BiometricKit)[69] <Notice>: BKDevicePearl::statusMessage: -> void
Jun  8 17:49:41 backboardd(BiometricKit)[69] <Notice>: BKDevicePearl::statusMessage: 1002
Jun  8 17:49:41 backboardd(BiometricKit)[69] <Notice>: BKDevicePearl::statusMessage: -> void
Jun  8 17:49:41 kernel(ApplePearlSEPDriver)[0] <Notice>: handleCameraMessage_SendBuffers: [1]Cam --> frameId:[4819:0], frameType:1, _commandMode:PresenceDetect (4), _cameraState:FaceDetect (3), delay:0ms, _framesHeld:1)
Jun  8 17:49:41 backboardd(AttentionAwareness)[69] <Notice>:        PearlAttentionSampler.m:1021:  430396.75359:  Info: <AWPearlAttentionSampler: 0x9d89169c0> (samplingSuppressed: false unitTestSampling: false) pearlEventOccurred FaceDetectInitialized, current operation 0x9d8a7ef00 state Running
Jun  8 17:49:41 kernel(ApplePearlSEPDriver)[0] <Notice>: IOPearlCameraFrame::getFaceDetectInfo: FD Distance: 0, ER Distance: 0, ER Status: 0, Frame Number: 0
Jun  8 17:49:41 backboardd(AttentionAwareness)[69] <Notice>:        PearlAttentionSampler.m:538 :  430396.75378:  Info: <AWPearlAttentionSampler: 0x9d89169c0> (samplingSuppressed: false unitTestSampling: false) updateFaceState:withFaceMetadata: FACE NOT FOUND at  430396.75376
Jun  8 17:49:41 kernel(ApplePearlSEPDriver)[0] <Notice>: returnCameraMessage_SendBuffers: (Cam <-- frameId:[4819:0]) -> err:0x0, _framesHeld:1)
Jun  8 17:49:41 backboardd(AttentionAwareness)[69] <Notice>:        PearlAttentionSampler.m:458 :  430396.75418:  Info: <AWPearlAttentionSampler: 0x9d89169c0> (samplingSuppressed: false unitTestSampling: false) finishing presence operation 0x9d8a7ef00 (updateFaceState:withFaceMetadata: FACE NOT FOUND at  430396.75376)
Jun  8 17:49:41 backboardd(AttentionAwareness)[69] <Notice>:        PearlAttentionSampler.m:700 :  430396.75444:  Info: <AWPearlAttentionSampler: 0x9d89169c0> (samplingSuppressed: false unitTestSampling: false) completing AWAttentionSamplerState transition (Initializing -> Initialized)
Jun  8 17:49:41 backboardd(AttentionAwareness)[69] <Notice>:                    Scheduler.m:92  :  430396.75464:  Info: <AWScheduler: 0x9d8915a30> (unitTestScheduler: false) attentionSampler state change (updateFaceState:withFaceMetadata: FACE NOT FOUND at  430396.75376)
Jun  8 17:49:41 backboardd(AttentionAwareness)[69] <Notice>:        PearlAttentionSampler.m:700 :  430396.75492:  Info: <AWPearlAttentionSampler: 0x9d89169c0> (samplingSuppressed: false unitTestSampling: false) completing AWAttentionSamplerState transition (Initialized -> Unknown)
Jun  8 17:49:41 backboardd(AttentionAwareness)[69] <Notice>:                    Scheduler.m:92  :  430396.75509:  Info: <AWScheduler: 0x9d8915a30> (unitTestScheduler: false) attentionSampler state change (updateFaceState:withFaceMetadata: FACE NOT FOUND at  430396.75376)
Jun  8 17:49:41 kernel(AppleH13CameraInterface)[0] <Notice>: PearlCamFrameReceived - frameCount=0x00000001, timeStamp=0x000014F5FB7D18E1, currentISPTime=0x000014F5FB84940B, currentSysTime=0x00000965078936D2
Jun  8 17:49:41 kernel(AppleH13CameraInterface)[0] <Notice>: PearlCamFrameReceived - isFaceDetected=0, isBracketedCaptureFrame=0, isUserEngaged=0, hasAttention=0, hasOcclusion=0, hasEyeOcclusion=0, fIDfsmFDStatus=1 , sensorTemp=40, isFIDValidFrame=1, isERDataValid=0
Jun  8 17:49:41 kernel(AppleH13CameraInterface)[0] <Notice>: PearlCamFrameReceived - referenceImageType=278 (RefSurface), projectorMode=3, projectorSubMode=4096, projectorProbeMode=0, fIDPowerProfile=0, bracketingMode=255
Jun  8 17:49:41 kernel(AppleH13CameraInterface)[0] <Notice>: AppleH13PearlCam::PearlCamStateEntryProc_FACE_NOT_FOUND
Jun  8 17:49:41 kernel(ApplePearlSEPDriver)[0] <Notice>: handleCameraMessage_SendBuffers: [2]Cam --> frameId:[4819:1], frameType:1, _commandMode:PresenceDetect (4), _cameraState:FaceDetect (3), delay:0ms, _framesHeld:1)
Jun  8 17:49:41 kernel(ApplePearlSEPDriver)[0] <Notice>: handleCameraMessage_FaceDetectStatus: _faceDetected:0
Jun  8 17:49:41 kernel(ApplePearlSEPDriver)[0] <Notice>: handleCameraStatisticsPhaseMessage: phase:AttCheck (4), flood:2, sparse:0, dense:0
Jun  8 17:49:41 biometrickitd(CoreMotion)[115] <Notice>: Got cached orientation 5
Jun  8 17:49:41 biometrickitd(libBKDM2.dylib)[115] <Notice>: sending status message 64 to <private>
Jun  8 17:49:41 backboardd(BiometricKit)[69] <Notice>: BKFaceDetectOperation::statusMessage: 64
Jun  8 17:49:41 kernel(ApplePearlSEPDriver)[0] <Notice>: performSpecificCommandGated: command:RequestMessageData (7), value:0, inLength:8, outLength:116
Jun  8 17:49:41 kernel(ApplePearlSEPDriver)[0] <Notice>: performSpecificCommandGated: command:RequestMessageData (7), value:0, inLength:8, outLength:29
Jun  8 17:49:41 biometrickitd(libBKDM2.dylib)[115] <Notice>: sending status message 64 to <private>
Jun  8 17:49:41 kernel(ApplePearlSEPDriver)[0] <Notice>: performSpecificCommandGated: command:Cancel (6), value:0, inLength:0, outLength:0
Jun  8 17:49:41 backboardd(BiometricKit)[69] <Notice>: BKFaceDetectOperation::statusMessage: 0x9d89169c0(<private>) faceDetectStateChanged: 0
Jun  8 17:49:41 kernel(ApplePearlSEPDriver)[0] <Notice>: commandCancel <- _commandMode:PresenceDetect (4)
Jun  8 17:49:41 backboardd(BiometricKit)[69] <Notice>: BKOperation::statusMessage: 64
Jun  8 17:49:41 backboardd(BiometricKit)[69] <Notice>: BKOperation::changeState 2
Jun  8 17:49:41 backboardd(BiometricKit)[69] <Notice>: BKOperation::changeState -> void
Jun  8 17:49:41 kernel(IOBiometricFamily)[0] <Notice>: IOBiometricService::switchCommandMode: PresenceDetect (4) -> Idle (1)
Jun  8 17:49:41 kernel(ApplePearlSEPDriver)[0] <Notice>: handleCommandModeSwitch: PresenceDetect (4) -> Idle (1)
Jun  8 17:49:41 backboardd(BiometricKit)[69] <Notice>: BKOperation::statusMessage: -> void
Jun  8 17:49:41 backboardd(BiometricKit)[69] <Notice>: BKFaceDetectOperation::statusMessage: -> void
Jun  8 17:49:41 backboardd(AttentionAwareness)[69] <Notice>:        PearlAttentionSampler.m:939 :  430396.78691:  Info: <AWPearlAttentionSampler: 0x9d89169c0> (samplingSuppressed: false unitTestSampling: false) operation 0x9d8a7ef00 currentOperation 0x0 faceDetectStateChanged FACE NOT FOUND pitch: 0 yaw: 0 roll: 0 orientation: Unknown
Jun  8 17:49:41 biometrickitd(libBKDM2.dylib)[115] <Notice>: PearlCoreAnalyticsEvent postEvent: com.apple.biometrickit.pearl.faceDetectAttempt result:1
Jun  8 17:49:41 kernel(ApplePearlSEPDriver)[0] <Notice>: cameraStateHandler: _commandMode:Idle (1), _cameraState:FaceDetectDone (4), _faceDetected:0, _failedCommand:0, _newOperationStarted:0
Jun  8 17:49:41 kernel(ApplePearlSEPDriver)[0] <Notice>: stopCamera <-
Jun  8 17:49:41 kernel(AppleH13CameraInterface)[0] <Notice>: AppleH13PearlCam::PearlCamMessageHandler_Stop - state=4, sequence=2
Jun  8 17:49:41 backboardd(AttentionAwareness)[69] <Notice>:        PearlAttentionSampler.m:538 :  430396.78728:  Info: <AWPearlAttentionSampler: 0x9d89169c0> (samplingSuppressed: false unitTestSampling: false) updateFaceState:withFaceMetadata: FACE NOT FOUND at  430396.78726
Jun  8 17:49:41 biometrickitd(BiometricSupport)[115] <Notice>: updateActiveOperationNotificationWithOverride: posted value = 0
Jun  8 17:49:41 biometrickitd(libBKDM2.dylib)[115] <Notice>: sending status message 1051 to <private>
Jun  8 17:49:41 backboardd(AttentionAwareness)[69] <Notice>:        PearlAttentionSampler.m:700 :  430396.79047:  Info: <AWPearlAttentionSampler: 0x9d89169c0> (samplingSuppressed: false unitTestSampling: false) ignoring invalid AWAttentionSamplerState transition (Unknown -> Absent)
Jun  8 17:49:41 backboardd(AttentionAwareness)[69] <Notice>:                    Scheduler.m:92  :  430396.79067:  Info: <AWScheduler: 0x9d8915a30> (unitTestScheduler: false) attentionSampler state change (updateFaceState:withFaceMetadata: FACE NOT FOUND at  430396.78726)
Jun  8 17:49:41 backboardd(AttentionAwareness)[69] <Notice>:                    Scheduler.m:92  :  430396.79085:  Info: <AWScheduler: 0x9d8915a30> (unitTestScheduler: false) attentionSampler state change (updateFaceState:withFaceMetadata: FACE NOT FOUND at  430396.78726)
Jun  8 17:49:41 biometrickitd(libBKDM2.dylib)[115] <Notice>: sending status message 1004 to <private>
Jun  8 17:49:41 biometrickitd(libBKDM2.dylib)[115] <Notice>: sending status message 1011 to <private>
Jun  8 17:49:41 biometrickitd(libBKDM2.dylib)[115] <Notice>: PearlCoreAnalyticsEvent postEvent: com.apple.biometrickit.pearl.attentionCheck result:1
Jun  8 17:49:41 biometrickitd(CoreMotion)[115] <Notice>: Got cached orientation 5
Jun  8 17:49:41 biometrickitd(CoreMotion)[115] <Notice>: Stopping orientation updates, latest 5, last significant 0
Jun  8 17:49:41 kernel(IOHIDFamily)[0] <Notice>: close by AppleSPUHIDDeviceUserClient 0x10004c6b0 (0x0)
Jun  8 17:49:41 biometrickitd(CoreMotion)[115] <Notice>: [CLIoHidInterface] Property for usage pair {32, 138}: {ReportInterval = 0} was set successfully
Jun  8 17:49:41 backboardd(BiometricKit)[69] <Notice>: BKFaceDetectOperation::statusMessage: 1051
Jun  8 17:49:41 backboardd(AttentionAwareness)[69] <Notice>:        PearlAttentionSampler.m:1073:  430396.79112:  Info: <AWPearlAttentionSampler: 0x9d89169c0> (samplingSuppressed: false unitTestSampling: false) operation 0x9d8a7ef00 presenceStateChanged FACE NOT FOUND
Jun  8 17:49:41 backboardd(BiometricKit)[69] <Notice>: BKOperation::operationEndsWithReason: 4 (_cid 505112066)
Jun  8 17:49:41 kernel(ApplePearlSEPDriver)[0] <Notice>: performSpecificCommandGated: command:Cancel (6), value:0, inLength:0, outLength:0
Jun  8 17:49:41 backboardd(BiometricKit)[69] <Notice>: BKOperation::changeState 4
Jun  8 17:49:41 backboardd(AttentionAwareness)[69] <Notice>:        PearlAttentionSampler.m:1065:  430396.79175:  Info: <AWPearlAttentionSampler: 0x9d89169c0> (samplingSuppressed: false unitTestSampling: false) operation 0x9d8a7ef00 stateChanged Finished
Jun  8 17:49:41 backboardd(BiometricKit)[69] <Notice>: BKOperation::changeState -> void
Jun  8 17:49:41 backboardd(IOKit)[69] <Notice>: 0x100000644: set report interval:0 client:28D0CC06-E0C9-4249-8CFA-0725191E7A7E
Jun  8 17:49:41 backboardd(AttentionAwareness)[69] <Notice>:        PearlAttentionSampler.m:980 :  430396.79230:  Info: <AWPearlAttentionSampler: 0x9d89169c0> (samplingSuppressed: false unitTestSampling: false) operation 0x9d8a7ef00 currentOperation 0x0 (timeout       0.00000) finishedWithReason Timeout
Jun  8 17:49:41 kernel(ApplePearlSEPDriver)[0] <Notice>: cameraStateHandler: _commandMode:Idle (1), _cameraState:PoweredOff (1), _faceDetected:0, _failedCommand:0, _newOperationStarted:0
Jun  8 17:49:41 backboardd(IOKit)[69] <Notice>: Connection: 28D0CC06-E0C9-4249-8CFA-0725191E7A7E not entitled to match protected service: 4294968950
Jun  8 17:49:41 backboardd(BiometricKit)[69] <Notice>: BKOperation::operationEndsWithReason: -> void
Jun  8 17:49:41 backboardd(BiometricKit)[69] <Notice>: BKOperation::statusMessage: 1051
Jun  8 17:49:41 backboardd(BiometricKit)[69] <Notice>: BKOperation::statusMessage: -> void
Jun  8 17:49:41 backboardd(BiometricKit)[69] <Notice>: BKFaceDetectOperation::statusMessage: -> void
Jun  8 17:49:41 biometrickitd(CoreMotion)[115] <Notice>: [CLIoHidInterface] Service ref with usage pair {65292, 3} is <private> with matching properties <private>
Jun  8 17:49:41 backboardd(BiometricKit)[69] <Notice>: BKDevicePearl::statusMessage: 1004
Jun  8 17:49:41 backboardd(BiometricKit)[69] <Notice>: BKDevicePearl::statusMessage: -> void
Jun  8 17:49:41 backboardd(BiometricKit)[69] <Notice>: BKDevicePearl::statusMessage: 1004
Jun  8 17:49:41 backboardd(BiometricKit)[69] <Notice>: BKDevicePearl::statusMessage: -> void
Jun  8 17:49:41 backboardd(BiometricKit)[69] <Notice>: BKDevicePearl::statusMessage: 1011
Jun  8 17:49:41 backboardd(BiometricKit)[69] <Notice>: BKDevicePearl::statusMessage: -> void
Jun  8 17:49:41 backboardd(AttentionAwareness)[69] <Notice>:        PearlAttentionSampler.m:1021:  430396.79817:  Info: <AWPearlAttentionSampler: 0x9d89169c0> (samplingSuppressed: false unitTestSampling: false) pearlEventOccurred FaceDetectFailed, current operation 0x0 state unknown BKOperationState 0
Jun  8 17:49:41 backboardd(AttentionAwareness)[69] <Notice>:        PearlAttentionSampler.m:538 :  430396.79838:  Info: <AWPearlAttentionSampler: 0x9d89169c0> (samplingSuppressed: false unitTestSampling: false) updateFaceState:withFaceMetadata: FACE NOT FOUND at  430396.79832
Jun  8 17:49:41 backboardd(AttentionAwareness)[69] <Notice>:        PearlAttentionSampler.m:700 :  430396.79849:  Info: <AWPearlAttentionSampler: 0x9d89169c0> (samplingSuppressed: false unitTestSampling: false) ignoring invalid AWAttentionSamplerState transition (Unknown -> Absent)
Jun  8 17:49:41 backboardd(AttentionAwareness)[69] <Notice>:                    Scheduler.m:92  :  430396.79860:  Info: <AWScheduler: 0x9d8915a30> (unitTestScheduler: false) attentionSampler state change (updateFaceState:withFaceMetadata: FACE NOT FOUND at  430396.79832)
Jun  8 17:49:41 backboardd(AttentionAwareness)[69] <Notice>:                    Scheduler.m:92  :  430396.79879:  Info: <AWScheduler: 0x9d8915a30> (unitTestScheduler: false) attentionSampler state change (updateFaceState:withFaceMetadata: FACE NOT FOUND at  430396.79832)
Jun  8 17:49:41 backboardd(BiometricKit)[69] <Notice>: BKDevicePearl::statusMessage: 1011
Jun  8 17:49:41 backboardd(BiometricKit)[69] <Notice>: BKDevicePearl::statusMessage: -> void
Jun  8 17:49:41 backboardd(AttentionAwareness)[69] <Notice>:        PearlAttentionSampler.m:1044:  430396.79910:  Info: <AWPearlAttentionSampler: 0x9d89169c0> (samplingSuppressed: false unitTestSampling: false) pearlStateChanged Idle
Jun  8 17:49:41 locationd[26469] <Notice>: Toggle stairs escalation, enable : <private>
Jun  8 17:49:41 locationd[26469] <Notice>: os_transaction created: (<private>) <private>
Jun  8 17:49:41 locationd[26469] <Notice>: os_transaction released: (<private>) <private>
Jun  8 17:49:41 kernel(ApplePPMCPMS)[0] <Notice>: ApplePPMCPMS::admissionCheckOfValue:client 4, timescale 1, level 0
Jun  8 17:49:41 kernel(ApplePPMCPMS)[0] <Notice>: ApplePPMPolicyCPMS::resolveClientBudgets:Budget Trace: clientId 4, Timescale 1, Requested Budget 0, Granted Budget 0, Thermal Budget 4294967295, PowerBudgetUPO 0
Jun  8 17:49:41 kernel(ApplePPMCPMS)[0] <Notice>: ApplePPMCPMS::admissionCheckOfValue:granted client 4, timescale 1, level 0 budget 0
Jun  8 17:49:41 kernel(AppleH13CameraInterface)[0] <Notice>: AppleH13CamIn::ISP_PPMAdmissionCheck_gated - admission check: clientIndex=0, subClientID=1; budgetReq=0; budgetAlloc=0; result=0x00000000
Jun  8 17:49:41 kernel(AppleH13CameraInterface)[0] <Notice>: AppleH13CamIn::ISP_StopCamera_gated - subClientID=1; channelMask=0x8; budgetReq=0; budgetAlloc=0; result=0x00000000; numPreviewFrames=3; numStillCaptureFrames=0
Jun  8 17:49:41 kernel(AppleH13CameraInterface)[0] <Notice>: AppleH13CamIn::UpdateSensorStateInIORegForChannel - channel: 3, state: 0, priority: 0
Jun  8 17:49:41 kernel(AppleH13CameraInterface)[0] <Notice>: AppleH13CamIn::ISP_FlushInactiveDARTMappings_gated - result: 0x00000000
Jun  8 17:49:41 kernel(AppleH13CameraInterface)[0] <Notice>: AppleH13CamIn::ISP_ReleasePreMappedClientSurface_gated - surfaceID = 151
Jun  8 17:49:41 kernel(AppleH13CameraInterface)[0] <Notice>: AppleH13CamIn::ISP_ReleasePreMappedClientSurface_gated - surfaceID = 177
Jun  8 17:49:41 kernel(AppleH13CameraInterface)[0] <Notice>: AppleH13CamIn::ISP_ReleasePreMappedClientSurface_gated - surfaceID = 141
Jun  8 17:49:41 kernel(AppleH13CameraInterface)[0] <Notice>: AppleH13CamIn::ISP_ReleasePreMappedClientSurface_gated - surfaceID = 171
Jun  8 17:49:41 kernel(AppleH13CameraInterface)[0] <Notice>: AppleH13CamIn::ISP_ReleasePreMappedClientSurface_gated - surfaceID = 179
Jun  8 17:49:41 kernel(AppleH13CameraInterface)[0] <Notice>: AppleH13CamIn::ISP_ReleasePreMappedClientSurface_gated - surfaceID = 156
Jun  8 17:49:41 kernel(AppleH13CameraInterface)[0] <Notice>: AppleH13CamIn::ISP_ReleasePreMappedClientSurface_gated - surfaceID = 155
Jun  8 17:49:41 kernel(AppleH13CameraInterface)[0] <Notice>: AppleH13CamIn::ISP_ReleasePreMappedClientSurface_gated - surfaceID = 148
Jun  8 17:49:41 kernel(AppleH13CameraInterface)[0] <Notice>: AppleH13CamIn::ISP_ReleasePreMappedClientSurface_gated - surfaceID = 173
Jun  8 17:49:41 kernel(AppleH13CameraInterface)[0] <Notice>: AppleH13CamIn::ISP_ReleasePreMappedClientSurface_gated - surfaceID = 175
Jun  8 17:49:41 kernel(AppleH13CameraInterface)[0] <Notice>: AppleH13CamIn::ISP_ReleasePreMappedClientSurface_gated - surfaceID = 154
Jun  8 17:49:41 kernel(AppleH13CameraInterface)[0] <Notice>: AppleH13CamIn::ISP_ReleasePreMappedClientSurface_gated - surfaceID = 159
Jun  8 17:49:41 kernel(AppleH13CameraInterface)[0] <Notice>: AppleH13CamIn::ISP_ReleasePreMappedClientSurface_gated - surfaceID = 153
Jun  8 17:49:41 kernel(AppleH13CameraInterface)[0] <Notice>: AppleH13CamIn::ISP_ReleasePreMappedClientSurface_gated - surfaceID = 174
Jun  8 17:49:41 kernel(AppleH13CameraInterface)[0] <Notice>: AppleH13CamIn::ISP_ReleasePreMappedClientSurface_gated - surfaceID = 166
Jun  8 17:49:41 kernel(AppleH13CameraInterface)[0] <Notice>: AppleH13CamIn::ISP_ReleasePreMappedClientSurface_gated - surfaceID = 158
Jun  8 17:49:41 kernel(AppleH13CameraInterface)[0] <Notice>: AppleH13CamIn::ISP_ReleasePreMappedClientSurface_gated - surfaceID = 160
Jun  8 17:49:41 kernel(AppleH13CameraInterface)[0] <Notice>: AppleH13CamIn::ISP_ReleasePreMappedClientSurface_gated - surfaceID = 167
Jun  8 17:49:41 kernel(AppleH13CameraInterface)[0] <Notice>: AppleH13CamIn::ISP_ReleasePreMappedClientSurface_gated - surfaceID = 196
Jun  8 17:49:41 kernel(AppleH13CameraInterface)[0] <Notice>: AppleH13CamIn::ISP_ReleasePreMappedClientSurface_gated - surfaceID = 218
Jun  8 17:49:41 kernel(AppleH13CameraInterface)[0] <Notice>: AppleH13CamIn::ISP_ReleasePreMappedClientSurface_gated - surfaceID = 181
Jun  8 17:49:41 kernel(AppleH13CameraInterface)[0] <Notice>: AppleH13CamIn::ISP_ReleasePreMappedClientSurface_gated - surfaceID = 214
Jun  8 17:49:41 kernel(AppleH13CameraInterface)[0] <Notice>: AppleH13CamIn::ISP_ReleasePreMappedClientSurface_gated - surfaceID = 223
Jun  8 17:49:41 kernel(AppleH13CameraInterface)[0] <Notice>: AppleH13CamIn::ISP_ReleasePreMappedClientSurface_gated - surfaceID = 205
Jun  8 17:49:41 kernel(AppleH13CameraInterface)[0] <Notice>: AppleH13CamIn::ISP_ReleasePreMappedClientSurface_gated - surfaceID = 201
Jun  8 17:49:41 kernel(AppleH13CameraInterface)[0] <Notice>: AppleH13CamIn::ISP_ReleasePreMappedClientSurface_gated - surfaceID = 182
Jun  8 17:49:41 kernel(AppleH13CameraInterface)[0] <Notice>: AppleH13CamIn::ISP_ReleasePreMappedClientSurface_gated - surfaceID = 215
Jun  8 17:49:41 kernel(AppleH13CameraInterface)[0] <Notice>: AppleH13CamIn::ISP_ReleasePreMappedClientSurface_gated - surfaceID = 217
Jun  8 17:49:41 kernel(AppleH13CameraInterface)[0] <Notice>: AppleH13CamIn::ISP_ReleasePreMappedClientSurface_gated - surfaceID = 200
Jun  8 17:49:41 kernel(AppleH13CameraInterface)[0] <Notice>: AppleH13CamIn::ISP_ReleasePreMappedClientSurface_gated - surfaceID = 207
Jun  8 17:49:41 kernel(AppleH13CameraInterface)[0] <Notice>: AppleH13CamIn::ISP_ReleasePreMappedClientSurface_gated - surfaceID = 199
Jun  8 17:49:41 kernel(AppleH13CameraInterface)[0] <Notice>: AppleH13CamIn::ISP_ReleasePreMappedClientSurface_gated - surfaceID = 216
Jun  8 17:49:41 kernel(AppleH13CameraInterface)[0] <Notice>: AppleH13CamIn::ISP_ReleasePreMappedClientSurface_gated - surfaceID = 212
Jun  8 17:49:41 kernel(AppleH13CameraInterface)[0] <Notice>: AppleH13CamIn::ISP_ReleasePreMappedClientSurface_gated - surfaceID = 206
Jun  8 17:49:41 kernel(AppleH13CameraInterface)[0] <Notice>: AppleH13CamIn::ISP_ReleasePreMappedClientSurface_gated - surfaceID = 210
Jun  8 17:49:41 kernel(AppleH13CameraInterface)[0] <Notice>: AppleH13CamIn::ISP_ReleasePreMappedClientSurface_gated - surfaceID = 213
Jun  8 17:49:41 kernel(AppleH13CameraInterface)[0] <Notice>: AppleH13CamIn::ISP_DestroyMultiCameraSession_gated - Destroying multicam session: Client=Kernel (numClientsWithSession=0)
Jun  8 17:49:41 kernel(AppleH13CameraInterface)[0] <Notice>: AppleH13CamIn::ISP_ReleaseChannel_gated - channel: 2 (process: Kernel)
Jun  8 17:49:41 kernel(AppleH13CameraInterface)[0] <Notice>: AppleH13CamIn::ISP_ReleaseChannel_gated - channel: 0 (process: Kernel)
Jun  8 17:49:41 kernel(AppleH13CameraInterface)[0] <Notice>: AppleH13CamIn::ISP_ReleaseChannel_gated - channel: 4 (process: Kernel)
Jun  8 17:49:41 kernel(AppleH13CameraInterface)[0] <Notice>: AppleH13CamIn::ISP_ReleaseChannel_gated - channel: 3 (process: Kernel)
Jun  8 17:49:41 kernel(AppleH13CameraInterface)[0] <Notice>: AppleH13PearlCam::SendNotificationMessageToClient - Sending 3 notification to client
Jun  8 17:49:41 kernel(AppleH13CameraInterface)[0] <Notice>: AppleH13PearlCam::PearlCamStateEntryProc_IDLE
Jun  8 17:49:41 kernel(AppleH13CameraInterface)[0] <Notice>: AppleH13PearlCam::checkForWork - dequeued PearlCamPowerOffMessage
Jun  8 17:49:41 kernel(AppleH13CameraInterface)[0] <Notice>: AppleH13PearlCam::PearlCamMessageHandler_PowerOff
Jun  8 17:49:41 kernel(AppleH13CameraInterface)[0] <Notice>: AppleH13PearlCam::PearlCamPowerOffCamera - flow execution time was 337090 usec
Jun  8 17:49:41 kernel(AppleH13CameraInterface)[0] <Notice>: AppleH13CamIn::ISP_PowerOffCamera_gated (fPowerEvent=0, fOutstandingPowerUpRequests=0)
Jun  8 17:49:41 kernel(AppleH13CameraInterface)[0] <Notice>: AppleH13CamIn::ISP_PowerOffCamera_gated - requesting ISP power down
Jun  8 17:49:41 kernel(AppleH13CameraInterface)[0] <Notice>: AppleH13CamIn::ISP_PowerOffCamera_gated - set fPowerEvent from 0 to kH13ISPPowerEventType_PowerOffPending, fOutstandingPowerUpRequests = 0 isPowered: 1
Jun  8 17:49:41 kernel(ApplePPMCPMS)[0] <Notice>: ApplePPMCPMS::admissionCheckOfValue:client 3, timescale 1, level 0
Jun  8 17:49:41 kernel(AppleH11ANEInterface)[0] <Notice>: ANE0: IOReturn H11ANEIn::powerStateWillChangeTo_gated(IOPMPowerFlags, unsigned long, IOService *) :H11ANEIn:: IPC peer ISP will power down
Jun  8 17:49:41 kernel(ApplePPMCPMS)[0] <Notice>: ApplePPMPolicyCPMS::resolveClientBudgets:Budget Trace: clientId 3, Timescale 1, Requested Budget 0, Granted Budget 0, Thermal Budget 4294967295, PowerBudgetUPO 16247
Jun  8 17:49:41 kernel(ApplePPMCPMS)[0] <Notice>: ApplePPMCPMS::admissionCheckOfValue:granted client 3, timescale 1, level 0 budget 0
Jun  8 17:49:41 kernel(AppleH13CameraInterface)[0] <Notice>: AppleH13CamIn::ISP_PPMActivityStopped_gated - activity stopped: clientIndex=0, subClientID=0; budgetAlloc=2; result=0x00000000
Jun  8 17:49:41 kernel(AppleH13CameraInterface)[0] <Notice>: AppleH13PearlCam::PearlCamStateEntryProc_OFF
Jun  8 17:49:41 kernel(AppleH13CameraInterface)[0] <Notice>: AppleH13CamIn::setPowerStateGated - 0
Jun  8 17:49:41 kernel(AppleH13CameraInterface)[0] <Notice>: AppleH13CamIn::setPowerStateGated (turn off) - change fPowerEvent from 2 to PowerOffPending, HasActiveKernelClients=0
Jun  8 17:49:41 kernel(AppleH13CameraInterface)[0] <Notice>: AppleH13CamIn::power_off_hardware
Jun  8 17:49:41 kernel(AppleH13CameraInterface)[0] <Notice>: AppleH13CamIn::ISP_Suspend
Jun  8 17:49:41 kernel[0] <Notice>: Couldn't alloc class "AppleKeyStoreTest"
Jun  8 17:49:41 kernel(AppleH13CameraInterface)[0] <Notice>: AppleH13CamIn::ISP_updatePearlMetrics - ProjUse: D=0, DLP=0, S=0, SLP=0, F=5976, PA=0, PB=0, SB=0, CD100=0, CD250=0, CD400=0, FAE=1992
Jun  8 17:49:41 appleh13camerad[141] <Error>: Removing client: kernel
Jun  8 17:49:41 kernel(AppleH13CameraInterface)[0] <Notice>: AppleH13PearlCam::PearlCam_GetBufferBufferUseStatistics - fInUseBufferHighWaterMark=13
Jun  8 17:49:41 kernel(AppleH13CameraInterface)[0] <Notice>: AppleH13CamIn::ISP_Suspend - disable timer
Jun  8 17:49:41 kernel(AppleH13CameraInterface)[0] <Notice>: AppleH13CamIn::ISP_Suspend - disable self IPC EP
Jun  8 17:49:41 appleh13camerad[141] <Error>: Total number of connections: 0
Jun  8 17:49:41 kernel(AppleH13CameraInterface)[0] <Notice>: IspAneIPCEndPoints::enableFWIPCEP_gated - send CISP_CMD_IPC_ENDPOINT_UNSET2 to FW, self state: 4
Jun  8 17:49:41 lockdownd[27614] <Notice>: main_block_invoke_2: <private>
Jun  8 17:49:41 appleh13camerad[141] <Notice>: Failed to send the com.apple.applecamerad.PearlMemoryUsage event into the diagnostics system 00000000
Jun  8 17:49:41 appleh13camerad[141] <Notice>: Failed to send Pearl Statistics into the diagnostics system 00000000
Jun  8 17:49:41 appleh13camerad[141] <Error>: Failed to report the ISP Pearl statistics to analyticsd: E00002BC
Jun  8 17:49:41 appleh13camerad[141] <Notice>: Failed to send the com.apple.applecamerad.S2RPowerStatus event into the diagnostics system 00000000
Jun  8 17:49:41 appleh13camerad[141] <Error>: Failed to report the ISP Power status to analyticsd: E00002BC
Jun  8 17:49:41 kernel(AppleH13CameraInterface)[0] <Notice>: AppleH13CamIn::ISP_Suspend - CISP_CMD_SUSPEND command completed: res=0x00000000
Jun  8 17:49:41 kernel(AppleH13CameraInterface)[0] <Notice>: AppleH13CamIn::ISP_Suspend - retries=0 ASCWRAP_IDLE_STATUS = 0x2
Jun  8 17:49:41 kernel(AppleH13CameraInterface)[0] <Notice>: AppleH13CamIn::ISP_FlushInactiveDARTMappings_gated - result: 0x00000000
Jun  8 17:49:41 kernel(AppleH13CameraInterface)[0] <Notice>: AppleH13CamIn::ISP_Suspend - 0x00000000
Jun  8 17:49:41 kernel(AppleH13CameraInterface)[0] <Notice>: AppleH13CamIn::drainIOProcessorChannelMessageQueues - Received 1 messages on channel IO after Suspend is completed
Jun  8 17:49:41 kernel(AppleH13CameraInterface)[0] <Notice>: AppleH13CamIn::ISP_Suspend - Succeeded! (didDeInit=No!)
Jun  8 17:49:41 kernel(AppleH13CameraInterface)[0] <Notice>: AppleH13CamIn::ISP_Suspend - Statistics: Starts:4, Resumes:4754, SuspendSuccesses:4756, SuspendFails:2, ResumeFails:0, DeInits:3
Jun  8 17:49:41 kernel(AppleH13CameraInterface)[0] <Notice>: AppleH13CamIn::ISP_Suspend - Statistics: NonPersistentMemory:126615552, PersistentMemory:56837521, DeletionPendingMemory:0, NonPersistentMemoryMax:644726784, PersistentMemoryMax:56837521
Jun  8 17:49:41 kernel(AppleH13CameraInterface)[0] <Notice>: AppleH13CamIn::MotionDataDisable - MotionStateSet(false)
Jun  8 17:49:41 kernel(AppleH13CameraInterface)[0] <Notice>: ISPCPU (Print:3172294:40449:1): MSCSysConfiguratorSpmi00: ConfigAndBaseAddressSet H13 conf 0x000000023c260000 base 0x000000023c280000
Jun  8 17:49:41 kernel(AppleH13CameraInterface)[0] <Notice>: ISPCPU (Print:3172295:40450:2): MSCSysConfiguratorSpmi00: ConfigAndBaseAddressSet H13 SPMI_SOC_ISP_CFG set to 0x0
Jun  8 17:49:41 kernel(AppleH13CameraInterface)[0] <Notice>: ISPCPU (Print:3172296:40451:3): MSCSysConfiguratorSpmi00: ConfigAndBaseAddressSet H13 SPMI_SOC_ISP_CFG done
Jun  8 17:49:41 kernel(AppleH13CameraInterface)[0] <Notice>: ISPCPU (Print:3172297:40452:4): GPIODrvPMU1: Initialize TS: 175.600159 ADAMS to idle
Jun  8 17:49:41 kernel(AppleH13CameraInterface)[0] <Notice>: ISPCPU (Print:3172298:40453:5): MSCSysConfiguratorSpmi00:FaultProcess FAULT! Type 0x1 cmdId 0x38 slaveId 0x09 addr 0x03 err 0x05 qId 5
Jun  8 17:49:41 kernel(AppleH13CameraInterface)[0] <Notice>: ISPCPU (Print:3172299:40454:6): Requested Vnom (533MHz) to PMP
Jun  8 17:49:41 kernel(AppleH13CameraInterface)[0] <Notice>: ISPCPU (Print:3172300:40455:7): Boost clock timer started.
Jun  8 17:49:41 kernel(AppleH13CameraInterface)[0] <Notice>: ISPCPU (Print:3172301:40456:8): GPIODrvPMU1: Initialize ADAMS B0 chip rev code 0x10
Jun  8 17:49:41 kernel(AppleH13CameraInterface)[0] <Notice>: ISPCPU (Print:3172535:40690:242): 881:FD NetProcDone Msg ctx 0 fr 0 aneReqRsvd 1
Jun  8 17:49:41 kernel(AppleH13CameraInterface)[0] <Notice>: ISPCPU (Print:3172536:40691:243): fr 0 I Face 0/0, Q 1, (4096/3), [BK 255, -1:0] Fl 2 Rsv 960279930 Done 960279937 MMS 0
Jun  8 17:49:41 kernel(AppleH13CameraInterface)[0] <Notice>: ISPCPU (Print:3172537:40692:244): fr 0 FD net: 0.719 ms, post: 6.638 ms, total: 7.456 ms, freq: 24000000
Jun  8 17:49:41 kernel(AppleH13CameraInterface)[0] <Notice>: ISPCPU (Print:3172538:40693:245): 1878:AD: fr 0 from pin 12 (12|13)
Jun  8 17:49:41 kernel(AppleH13CameraInterface)[0] <Notice>: ISPCPU (Print:3172539:40694:246): fr 0 fd 0 ad 1 landscape 0 ux 0 z -1.000 od (0 0)
Jun  8 17:49:41 kernel(AppleH13CameraInterface)[0] <Notice>: ISPCPU (Print:3172540:40695:247): 1281:AD: fr 0 released
Jun  8 17:49:41 kernel(AppleH13CameraInterface)[0] <Notice>: ISPCPU (Print:3172541:40696:248): :1408:FD frIn 0 released
Jun  8 17:49:41 kernel(AppleH13CameraInterface)[0] <Notice>: ISPCPU (Print:3172542:40697:249): FLOW: ch=3, frame=0, maxLatency=20914, 8701 us
Jun  8 17:49:41 kernel(AppleH13CameraInterface)[0] <Notice>: ISPCPU (Print:3172543:40698:250): IR:Rsync @175.803589 {R 960279.937500 F 960279.937500}: req 0x12, e/v 2.499/33.330, ag 0x0, strobe 0
Jun  8 17:49:41 kernel(AppleH13CameraInterface)[0] <Notice>: ISPCPU (Print:3172544:40699:251): IR:Fsync @175.814575 {R 960279.937500 F 960279.937500}: req 0x0, e/v 0/0, ag 0x0, strobe 0
Jun  8 17:49:41 kernel(AppleH13CameraInterface)[0] <Notice>: ISPCPU (Print:3172545:40700:252): AEIR-PE:# 0, fps 30.000000 (2, 0) fid <null>, expT 1992 (322704), pat 3(0), prb 0, skip 1
Jun  8 17:49:41 kernel(AppleH13CameraInterface)[0] <Notice>: ISPCPU (Print:3172546:40701:253): 1652:FD frIn 1 Q 0 pin 12 (I/D 12/13)
Jun  8 17:49:41 kernel(AppleH13CameraInterface)[0] <Notice>: ISPCPU (Print:3172547:40702:254): 881:FD NetProcDone Msg ctx 1 fr 1 aneReqRsvd 2
Jun  8 17:49:41 kernel(AppleH13CameraInterface)[0] <Notice>: ISPCPU (Print:3172647:40802:354): CH = 0x3, CMD = 0x0104 [CISP_CMD_CH_BUFFER_RETURN], receive at 960280064.000 ms, delta: 0 ms.
Jun  8 17:49:41 kernel(AppleH13CameraInterface)[0] <Notice>: ISPCPU (Print:3172648:40803:355): Requested Vnom (533MHz) to PMP
Jun  8 17:49:41 kernel(AppleH13CameraInterface)[0] <Notice>: ISPCPU (Print:3172649:40804:356): [ISP: 960280.062500] CH = 0x2 CMD = 0x0101 [CISP_CMD_CH_STOP]
Jun  8 17:49:41 kernel(AppleH13CameraInterface)[0] <Notice>: ISPCPU (Print:3172650:40805:357): [ISP] Channel 2 Stop takes total 0.0135ms
Jun  8 17:49:41 kernel(AppleH13CameraInterface)[0] <Notice>: ISPCPU (Print:3172651:40806:358): Requested Vmin (300MHz) to PMP
Jun  8 17:49:41 kernel(AppleH13CameraInterface)[0] <Notice>: ISPCPU (Print:3172652:40807:359): CH = 0x2, CMD = 0x0101 [CISP_CMD_CH_STOP], receive at 960280064.000 ms, delta: 0 ms.
Jun  8 17:49:41 kernel(AppleH13CameraInterface)[0] <Notice>: ISPCPU (Print:3172653:40808:360): CH = 0x2, CMD = 0x0104 [CISP_CMD_CH_BUFFER_RETURN], receive at 960280064.000 ms, delta: 0 ms.
Jun  8 17:49:41 kernel(AppleH13CameraInterface)[0] <Notice>: ISPCPU (Print:3172654:40809:361): Requested Vnom (533MHz) to PMP
Jun  8 17:49:41 kernel(AppleH13CameraInterface)[0] <Notice>: ISPCPU (Print:3172655:40810:362): [ISP: 960280.062500] CH = 0x1 CMD = 0x0101 [CISP_CMD_CH_STOP]
Jun  8 17:49:41 kernel(AppleH13CameraInterface)[0] <Notice>: ISPCPU (Print:3172656:40811:363): [ISP] Channel 1 Stop takes total 0.0127ms
Jun  8 17:49:41 kernel(AppleH13CameraInterface)[0] <Notice>: ISPCPU (Print:3172657:40812:364): Requested Vmin (300MHz) to PMP
Jun  8 17:49:41 kernel(AppleH13CameraInterface)[0] <Notice>: ISPCPU (Print:3172658:40813:365): CH = 0x1, CMD = 0x0101 [CISP_CMD_CH_STOP], receive at 960280064.000 ms, delta: 0 ms.
Jun  8 17:49:41 kernel(AppleH13CameraInterface)[0] <Notice>: ISPCPU (Print:3172659:40814:366): CH = 0x1, CMD = 0x0104 [CISP_CMD_CH_BUFFER_RETURN], receive at 960280064.000 ms, delta: 0 ms.
Jun  8 17:49:41 kernel(AppleH13CameraInterface)[0] <Notice>: ISPCPU (Print:3172660:40815:367): Requested Vnom (533MHz) to PMP
Jun  8 17:49:41 kernel(AppleH13CameraInterface)[0] <Notice>: ISPCPU (Print:3172661:40816:368): [ISP: 960280.062500] CH = 0x0 CMD = 0x0101 [CISP_CMD_CH_STOP]
Jun  8 17:49:41 kernel(AppleH13CameraInterface)[0] <Notice>: ISPCPU (Print:3172662:40817:369): [ISP] Channel 0 Stop takes total 0.0132ms
Jun  8 17:49:41 kernel(AppleH13CameraInterface)[0] <Notice>: ISPCPU (Print:3172663:40818:370): Requested Vmin (300MHz) to PMP
Jun  8 17:49:41 kernel(AppleH13CameraInterface)[0] <Notice>: ISPCPU (Print:3172664:40819:371): CH = 0x0, CMD = 0x0101 [CISP_CMD_CH_STOP], receive at 960280064.000 ms, delta: 0 ms.
Jun  8 17:49:41 kernel(AppleH13CameraInterface)[0] <Notice>: ISPCPU (Print:3172665:40820:372): CH = 0x0, CMD = 0x0104 [CISP_CMD_CH_BUFFER_RETURN], receive at 960280064.000 ms, delta: 0 ms.
Jun  8 17:49:41 kernel(AppleH13CameraInterface)[0] <Notice>: ISPCPU (Print:3172666:40821:373): [MSC] CH = 0x3 dh 0 dl 0 sh 0 sl 0, fl 5976,pa 0, pb 0, sd 0, Mn 36.70, Av 37.30, AE 1992, cd {0 0 0 0}
Jun  8 17:49:41 kernel(AppleH13CameraInterface)[0] <Notice>: ISPCPU (Print:3172667:40822:374): CH = 0x3, CMD = 0x0625 [CISP_CMD_CH_PROJECTOR_USAGE_GET], receive at 960280064.000 ms, delta: 0 ms.
Jun  8 17:49:41 kernel(AppleH13CameraInterface)[0] <Notice>: ISPCPU (Print:3172668:40823:375): CmdTurnOnDevicePower: ch 3 0x:0 TS: 175.924194
Jun  8 17:49:41 kernel(AppleH13CameraInterface)[0] <Notice>: ISPCPU (Print:3172669:40824:376): Mamabear Capacitance: 0
Jun  8 17:49:41 kernel(AppleH13CameraInterface)[0] <Notice>: ISPCPU (Print:3172670:40825:377): Last MB Status: 0x15
Jun  8 17:49:41 kernel(AppleH13CameraInterface)[0] <Notice>: ISPCPU (Print:3172671:40826:378): CmdTurnOffDevicePower: ch 3 0x:0 TS: 175.924225
Jun  8 17:49:41 kernel(AppleH13CameraInterface)[0] <Notice>: ISPCPU (Print:3172672:40827:379): CH = 0x3, CMD = 0x0622 [CISP_CMD_CH_PROJECTOR_REQUEST], receive at 960280064.000 ms, delta: 0 ms.
Jun  8 17:49:41 kernel(AppleH13CameraInterface)[0] <Notice>: ISPCPU (Print:3172673:40828:380): RIGEL - SN: 000288633f484275661a
Jun  8 17:49:41 kernel(AppleH13CameraInterface)[0] <Notice>: ISPCPU (Print:3172674:40829:381): H8[MSC] CH = 0x3   Projector Spec Get v7 c0 2500 [1825000, 1529000, 1759000, 1754000],
Jun  8 17:49:41 kernel(AppleH13CameraInterface)[0] <Notice>: ISPCPU (Print:3172675:40830:382): CH = 0x3, CMD = 0x061d [CISP_CMD_CH_PROJECTOR_SPEC_GET], receive at 960280064.000 ms, delta: 0 ms.
Jun  8 17:49:41 kernel(AppleH13CameraInterface)[0] <Notice>: ISPCPU (Print:3172676:40831:383): IPC: Endpoint Config Unset **********
Jun  8 17:49:41 kernel(AppleH13CameraInterface)[0] <Notice>: ISPCPU (Print:3172677:40832:384): [ISP] CMD = 0x300d [CISP_CMD_IPC_ENDPOINT_UNSET2]
Jun  8 17:49:41 kernel(AppleH13CameraInterface)[0] <Notice>: ISPCPU (Print:3172678:40833:385): [ISP] CMD = 0x300d readRingBuffer Addr 0x4ab4000 len 0x4000
Jun  8 17:49:41 kernel(AppleH13CameraInterface)[0] <Notice>: ISPCPU (Print:3172679:40834:386): [ISP] CMD = 0x300d writeRingBuffer Addr 0x4abc000 len 0x4000
Jun  8 17:49:41 kernel(AppleH13CameraInterface)[0] <Notice>: ISPCPU (Print:3172680:40835:387): [ISP] CMD = 0x300d mappedWriteNogtifierRegiterAddr 0x26b460000 value 1
Jun  8 17:49:41 kernel(AppleH13CameraInterface)[0] <Notice>: ISPCPU (Print:3172681:40836:388): CH = 0x0, CMD = 0x300d [CISP_CMD_IPC_ENDPOINT_UNSET2], receive at 960280064.000 ms, delta: 0 ms.
Jun  8 17:49:41 kernel(AppleH13CameraInterface)[0] <Notice>: ISPCPU (Print:3172682:40837:389): [ISP] CMD = 0x0021 [CISP_CMD_SUSPEND]
Jun  8 17:49:41 kernel(AppleH13CameraInterface)[0] <Notice>: ISPCPU (Error:3172683:40838:390): WRN: ./h10isp/filters/IC/CImageCaptureH6FSM.cpp, 340: MIPI ErrCnt 4, ch 3
Jun  8 17:49:41 kernel(AppleH13CameraInterface)[0] <Notice>: ISPCPU (Print:3172684:40839:391): CmdTurnOffDevicePower: ch 0 0x:d TS: 175.931564
Jun  8 17:49:41 kernel(AppleH13CameraInterface)[0] <Notice>: ISPCPU (Print:3172685:40840:392): CmdTurnOffDevicePower: ch 1 0x:0 TS: 175.931580
Jun  8 17:49:41 kernel(AppleH13CameraInterface)[0] <Notice>: ISPCPU (Print:3172686:40841:393): CmdTurnOffDevicePower: ch 2 0x:1 TS: 175.931580
Jun  8 17:49:41 kernel(AppleH13CameraInterface)[0] <Notice>: ISPCPU (Print:3172687:40842:394): CmdTurnOffDevicePower: ch 3 0x:1 TS: 175.931580
Jun  8 17:49:41 kernel(AppleH13CameraInterface)[0] <Notice>: ISPCPU (Print:3172688:40843:395): CmdTurnOffDevicePower: ch 4 0x:9 TS: 175.931580
Jun  8 17:49:41 kernel(AppleH13CameraInterface)[0] <Notice>: ISPCPU (Print:3172689:40844:396): CmdTurnOffDevicePower: ch 5 0x:0 TS: 175.931595
Jun  8 17:49:41 kernel(AppleH13CameraInterface)[0] <Notice>: ISPCPU (Print:3172690:40845:397): WRN: ffwTimerStop() called without start from FlowMotionCaptureAOP
Jun  8 17:49:41 kernel(AppleH13CameraInterface)[0] <Notice>: ISPCPU (Print:3172691:40846:398): LensDrv0: ApsInitParameter: Pixel size 1.400000
Jun  8 17:49:41 kernel(AppleH13CameraInterface)[0] <Notice>: ISPCPU (Print:3172692:40847:399): sending grp 4
Jun  8 17:49:41 kernel(AppleH13CameraInterface)[0] <Notice>: ISPCPU (Print:3172693:40848:400): Night mode ABWC HPFs initialized
Jun  8 17:49:41 kernel(AppleH13CameraInterface)[0] <Notice>: ISPCPU (Print:3172694:40849:401): ch 0: Bootstrap FDR not valid(0)/enable(0), ref temperature 34.656250
Jun  8 17:49:41 kernel(AppleH13CameraInterface)[0] <Notice>: ISPCPU (Print:3172695:40850:402): ch 0: restricted scan range (OOB) 15.000000 (15.000000, DAC/um 0.94)
Jun  8 17:49:41 kernel(AppleH13CameraInterface)[0] <Notice>: ISPCPU (Print:3172696:40851:403): ch 0 Rectangle DEFAULT [375 375] <--> [625 625] max 0 min 0 mean 0
Jun  8 17:49:41 kernel(AppleH13CameraInterface)[0] <Notice>: ISPCPU (Print:3172697:40852:404): [ISP] Destroy Session
Jun  8 17:49:41 kernel(AppleH13CameraInterface)[0] <Notice>: ISPCPU (Print:3172698:40853:405): free heap size=10678464
Jun  8 17:49:41 kernel(AppleH13CameraInterface)[0] <Notice>: AppleH13CamIn::UpdateSensorStateInIORegForChannel - channel: 4, state: 0, priority: 0
Jun  8 17:49:41 kernel(AppleH13CameraInterface)[0] <Notice>: AppleH13CamIn::ISP_FlushInactiveDARTMappings_gated - result: 0x00000000
Jun  8 17:49:41 kernel(AppleH13CameraInterface)[0] <Notice>: AppleH13CamIn::ForceISPDPEIdle - DPE control: 0x101
Jun  8 17:49:41 kernel(AppleH13CameraInterface)[0] <Notice>: AppleH13CamIn::ForceISPDPEIdle - DPE control: 0xc01
Jun  8 17:49:41 kernel(AppleH13CameraInterface)[0] <Notice>: AppleH13CamIn::setPowerStateGated (turn off) - change fPowerEvent from 2 to None
Jun  8 17:49:41 kernel(AppleH11ANEInterface)[0] <Notice>: ANE0: IOReturn H11ANEIn::powerStateDidChangeTo_gated(IOPMPowerFlags, unsigned long, IOService *) :H11ANEIn::powerStateDidChangeTo_gated peer down, diable IPC EP
Jun  8 17:49:41 kernel(AppleH11ANEInterface)[0] <Notice>: ANE0: virtual IOReturn AneIspIPCEndPoints::enableFWIPCEP_gated(AneIspEndpointIndex, bool) :H11ANEIn:: send CSNE_CMD_IPC_ENDPOINT_UNSET2(index: 0) to FW!
Jun  8 17:49:41 kernel(AppleH11ANEInterface)[0] <Notice>: ANE0: virtual IOReturn AneIspIPCEndPoints::enableFWIPCEP_gated(AneIspEndpointIndex, bool) :H11ANEIn::Send CSNE_CMD_UNLOAD_AFPP FD  networks with phy:0x2004000, size:0x0000000000c548e0
Jun  8 17:49:41 kernel(AppleH11ANEInterface)[0] <Notice>: ANE0: virtual IOReturn AneIspIPCEndPoints::enableFWIPCEP_gated(AneIspEndpointIndex, bool) :H11ANEIn::fISPEndpoints[1] is not ready
Jun  8 17:49:41 kernel(AppleH11ANEInterface)[0] <Notice>: ANE0 IOReturn H11ANEIn::ANE_PowerOff_gated(void *)
Jun  8 17:49:41 kernel(AppleH11ANEInterface)[0] <Notice>: ANE0: IOReturn H11ANEIn::ANE_PowerOff_gated(void *) :H11ANEIn::clientname:aned isPowered: 1 Programs Open:1
Jun  8 17:49:41 kernel(AppleH11ANEInterface)[0] <Notice>: ANE0: IOReturn H11ANEIn::ANE_PowerOff_gated(void *) :H11ANEIn::clientname:AccessibilityUIS isPowered: 1 Programs Open:1
Jun  8 17:49:41 kernel()[0] <Notice>: wlan0:com.apple.p2p: isInfraRealtimePacketThresholdAllowed allowed:0 option:0 threshold:50 noRegistrations:1 cachedPeerCount:0 fastDiscoveryInactive:1 fastDiscoveryOnSince:430396988
Jun  8 17:49:41 WirelessRadioManagerd[50] <Notice>: <private>
Jun  8 17:49:41 identityservicesd[64] <Notice>: calling continuityDidDiscoverType:Activity withData:<private> fromPeer:<private>
